[0.065s] Invoking command in '/home/xizesse/ros_ws/src/avoa3d/build/avoa3d': CMAKE_PREFIX_PATH=${CMAKE_PREFIX_PATH}:/opt/ros/jazzy DEBUGINFOD_URLS=https://debuginfod.ubuntu.com /usr/bin/cmake --build /home/xizesse/ros_ws/src/avoa3d/build/avoa3d -- -j20 -l20
[0.191s] -- Found ament_cmake: 2.5.3 (/opt/ros/jazzy/share/ament_cmake/cmake)
[0.793s] -- Found Python3: /usr/bin/python3 (found version "3.12.3") found components: Interpreter 
[1.168s] -- Found rclcpp: 28.1.6 (/opt/ros/jazzy/share/rclcpp/cmake)
[1.304s] -- Found rosidl_generator_c: 4.6.5 (/opt/ros/jazzy/share/rosidl_generator_c/cmake)
[1.345s] -- Found rosidl_generator_cpp: 4.6.5 (/opt/ros/jazzy/share/rosidl_generator_cpp/cmake)
[1.388s] -- Using all available rosidl_typesupport_c: rosidl_typesupport_fastrtps_c;rosidl_typesupport_introspection_c
[1.442s] -- Using all available rosidl_typesupport_cpp: rosidl_typesupport_fastrtps_cpp;rosidl_typesupport_introspection_cpp
[1.619s] -- Found rmw_implementation_cmake: 7.3.1 (/opt/ros/jazzy/share/rmw_implementation_cmake/cmake)
[1.629s] -- Found rmw_fastrtps_cpp: 8.4.1 (/opt/ros/jazzy/share/rmw_fastrtps_cpp/cmake)
[1.831s] -- Found OpenSSL: /usr/lib/x86_64-linux-gnu/libcrypto.so (found version "3.0.13")  
[1.880s] -- Found FastRTPS: /opt/ros/jazzy/include (Required is at least version "2.13") 
[1.941s] -- Using RMW implementation 'rmw_fastrtps_cpp' as default
[2.120s] -- Found std_msgs: 5.3.5 (/opt/ros/jazzy/share/std_msgs/cmake)
[2.158s] -- Found visualization_msgs: 5.3.5 (/opt/ros/jazzy/share/visualization_msgs/cmake)
[2.324s] -- Found rosidl_default_generators: 1.6.0 (/opt/ros/jazzy/share/rosidl_default_generators/cmake)
[2.366s] -- Found rosidl_adapter: 4.6.5 (/opt/ros/jazzy/share/rosidl_adapter/cmake)
[2.374s] -- Found nav_msgs: 5.3.5 (/opt/ros/jazzy/share/nav_msgs/cmake)
[2.445s] -- Found tf2_ros: 0.36.8 (/opt/ros/jazzy/share/tf2_ros/cmake)
[2.747s] -- Found tf2_eigen: 0.36.8 (/opt/ros/jazzy/share/tf2_eigen/cmake)
[2.766s] -- Found custom_msgs: 0.0.0 (/home/xizesse/ros_ws/install/custom_msgs/share/custom_msgs/cmake)
[2.819s] -- Found rviz_visual_tools: 4.1.4 (/opt/ros/jazzy/share/rviz_visual_tools/cmake)
[3.014s] -- Setting OGRE_DIR to: '/opt/ros/jazzy/share/rviz_ogre_vendor/cmake/../../../opt/rviz_ogre_vendor/lib/OGRE/cmake'
[3.016s] -- Found OGRE
[3.016s] --   static     : OFF
[3.016s] --   components : MeshLodGenerator;Overlay;Paging;Property;RTShaderSystem;Terrain;Volume
[3.017s] --   plugins    : Plugin_BSPSceneManager;Plugin_OctreeSceneManager;Plugin_PCZSceneManager;Plugin_ParticleFX;RenderSystem_GL;RenderSystem_GL3Plus;Codec_STBI
[3.017s] --   media      : /opt/ros/jazzy/opt/rviz_ogre_vendor/share/OGRE/Media
[3.017s] -- OGRE_LIBRARIES: OgreMeshLodGenerator;OgreOverlay;OgrePaging;OgreProperty;OgreRTShaderSystem;OgreTerrain;OgreVolume;OgreMain
[3.017s] -- OGRE_LIBRARY_DIRS: /opt/ros/jazzy/opt/rviz_ogre_vendor/lib
[3.017s] -- OGRE_PLUGINS: Plugin_BSPSceneManager;Plugin_OctreeSceneManager;Plugin_PCZSceneManager;Plugin_ParticleFX;RenderSystem_GL;RenderSystem_GL3Plus;Codec_STBI
[3.017s] -- OGRE_PLUGIN_DIR: /opt/ros/jazzy/opt/rviz_ogre_vendor/lib/OGRE
[3.017s] -- rviz_ogre_vendor::OgreOverlay for IMPORTED_LOCATION_RELEASE: /opt/ros/jazzy/opt/rviz_ogre_vendor/lib/libOgreOverlay.so
[3.017s] -- rviz_ogre_vendor::OgreOverlay for IMPORTED_LOCATION_DEBUG: /opt/ros/jazzy/opt/rviz_ogre_vendor/lib/libOgreOverlay.so
[3.017s] -- rviz_ogre_vendor::OgreMain for IMPORTED_LOCATION_RELEASE: /opt/ros/jazzy/opt/rviz_ogre_vendor/lib/libOgreMain.so
[3.018s] -- rviz_ogre_vendor::OgreMain for IMPORTED_LOCATION_DEBUG: /opt/ros/jazzy/opt/rviz_ogre_vendor/lib/libOgreMain.so
[3.122s] -- Found ZLIB: /usr/lib/x86_64-linux-gnu/libz.so (found version "1.3")  
[3.166s] -- Found OpenGL: /usr/lib/x86_64-linux-gnu/libOpenGL.so   
[3.730s] -- Found X11: /usr/include   
[3.731s] -- Looking for XOpenDisplay in /usr/lib/x86_64-linux-gnu/libX11.so;/usr/lib/x86_64-linux-gnu/libXext.so
[4.038s] -- Looking for XOpenDisplay in /usr/lib/x86_64-linux-gnu/libX11.so;/usr/lib/x86_64-linux-gnu/libXext.so - found
[4.038s] -- Looking for gethostbyname
[4.274s] -- Looking for gethostbyname - found
[4.274s] -- Looking for connect
[4.471s] -- Looking for connect - found
[4.471s] -- Looking for remove
[4.678s] -- Looking for remove - found
[4.678s] -- Looking for shmat
[4.892s] -- Looking for shmat - found
[4.892s] -- Looking for IceConnectionNumber in ICE
[5.119s] -- Looking for IceConnectionNumber in ICE - found
[5.205s] -- Setting yaml-cpp_DIR to: '/opt/ros/jazzy/share/yaml_cpp_vendor/cmake/../../../opt/yaml_cpp_vendor/share/cmake/yaml-cpp'
[5.439s] -- Found Eigen3: TRUE (found version "3.4.0") 
[5.439s] -- Ensuring Eigen3 include directory is part of orocos-kdl CMake target
[7.303s] -- Found ament_cmake_ros: 0.12.0 (/opt/ros/jazzy/share/ament_cmake_ros/cmake)
[9.654s] -- Using all available rosidl_typesupport_c: rosidl_typesupport_fastrtps_c;rosidl_typesupport_introspection_c
[10.231s] -- Using all available rosidl_typesupport_cpp: rosidl_typesupport_fastrtps_cpp;rosidl_typesupport_introspection_cpp
[10.238s] -- Found python_cmake_module: 0.11.1 (/opt/ros/jazzy/share/python_cmake_module/cmake)
[10.456s] -- Found PythonExtra: /usr/bin/python3  
[11.144s] -- Found Python3: /usr/bin/python3 (found version "3.12.3") found components: Interpreter Development NumPy Development.Module Development.Embed 
[11.261s] -- Found ament_lint_auto: 0.17.1 (/opt/ros/jazzy/share/ament_lint_auto/cmake)
[11.270s] -- Configuring done (11.1s)
[11.378s] -- Generating done (0.1s)
[11.412s] -- Build files have been written to: /home/xizesse/ros_ws/src/avoa3d/build/avoa3d
[11.532s] [  1%] Built target avoa3d__rosidl_generator_type_description
[11.556s] [  1%] Built target ament_cmake_python_copy_avoa3d
[11.590s] [  3%] Built target avoa3d__cpp
[11.602s] [ 18%] Built target avoa3d__rosidl_generator_c
[11.679s] [ 26%] Built target avoa3d__rosidl_typesupport_introspection_c
[11.681s] [ 33%] Built target avoa3d__rosidl_typesupport_cpp
[11.683s] [ 49%] Built target avoa3d__rosidl_typesupport_c
[11.684s] [ 56%] Built target avoa3d__rosidl_typesupport_fastrtps_c
[11.684s] [ 56%] Built target avoa3d__rosidl_typesupport_fastrtps_cpp
[11.690s] [ 64%] Built target avoa3d__rosidl_typesupport_introspection_cpp
[11.752s] [ 64%] Built target avoa3d
[11.783s] [ 66%] [32mBuilding CXX object CMakeFiles/rviz_marker.dir/src/rviz_marker.cpp.o[0m
[11.784s] [ 69%] Built target test_w_goal
[11.784s] [ 71%] [32mBuilding CXX object CMakeFiles/avoa3dnode.dir/src/avoa3dnode.cpp.o[0m
[11.792s] [ 73%] [32mBuilding CXX object CMakeFiles/avoa3dnode.dir/src/sample_evaluator.cpp.o[0m
[11.793s] [ 75%] [32mBuilding CXX object CMakeFiles/obstacle_publisher.dir/src/obstacle_publisher.cpp.o[0m
[11.816s] [ 77%] Built target avoa3d__py
[11.918s] [ 83%] Built target avoa3d__rosidl_generator_py
[11.987s] [ 90%] Built target avoa3d_s__rosidl_typesupport_introspection_c
[11.987s] [ 90%] Built target avoa3d_s__rosidl_typesupport_fastrtps_c
[11.995s] [ 94%] Built target avoa3d_s__rosidl_typesupport_c
[12.356s] running egg_info
[12.446s] writing avoa3d.egg-info/PKG-INFO
[12.447s] writing dependency_links to avoa3d.egg-info/dependency_links.txt
[12.448s] writing top-level names to avoa3d.egg-info/top_level.txt
[12.695s] reading manifest file 'avoa3d.egg-info/SOURCES.txt'
[12.698s] writing manifest file 'avoa3d.egg-info/SOURCES.txt'
[12.804s] [ 94%] Built target ament_cmake_python_build_avoa3d_egg
[28.899s] [ 96%] [32m[1mLinking CXX executable obstacle_publisher[0m
[29.746s] [ 96%] Built target obstacle_publisher
[38.284s] [ 98%] [32m[1mLinking CXX executable rviz_marker[0m
[38.797s] [100%] [32m[1mLinking CXX executable avoa3dnode[0m
[39.812s] [100%] Built target rviz_marker
[40.167s] [100%] Built target avoa3dnode
[40.193s] Invoked command in '/home/xizesse/ros_ws/src/avoa3d/build/avoa3d' returned '0': CMAKE_PREFIX_PATH=${CMAKE_PREFIX_PATH}:/opt/ros/jazzy DEBUGINFOD_URLS=https://debuginfod.ubuntu.com /usr/bin/cmake --build /home/xizesse/ros_ws/src/avoa3d/build/avoa3d -- -j20 -l20
[40.223s] Invoking command in '/home/xizesse/ros_ws/src/avoa3d/build/avoa3d': CMAKE_PREFIX_PATH=${CMAKE_PREFIX_PATH}:/opt/ros/jazzy DEBUGINFOD_URLS=https://debuginfod.ubuntu.com /usr/bin/cmake --install /home/xizesse/ros_ws/src/avoa3d/build/avoa3d
[40.253s] -- Install configuration: ""
[40.255s] -- Installing: /home/xizesse/ros_ws/src/avoa3d/install/avoa3d/share/ament_index/resource_index/rosidl_interfaces/avoa3d
[40.256s] -- Installing: /home/xizesse/ros_ws/src/avoa3d/install/avoa3d/share/avoa3d/msg/ElementCharacteristicsStamped.json
[40.257s] -- Installing: /home/xizesse/ros_ws/src/avoa3d/install/avoa3d/share/avoa3d/msg/ElementCharacteristicsArray.json
[40.258s] -- Installing: /home/xizesse/ros_ws/src/avoa3d/install/avoa3d/include/avoa3d/avoa3d
[40.258s] -- Installing: /home/xizesse/ros_ws/src/avoa3d/install/avoa3d/include/avoa3d/avoa3d/msg
[40.258s] -- Installing: /home/xizesse/ros_ws/src/avoa3d/install/avoa3d/include/avoa3d/avoa3d/msg/rosidl_generator_c__visibility_control.h
[40.259s] -- Installing: /home/xizesse/ros_ws/src/avoa3d/install/avoa3d/include/avoa3d/avoa3d/msg/element_characteristics_stamped.h
[40.260s] -- Installing: /home/xizesse/ros_ws/src/avoa3d/install/avoa3d/include/avoa3d/avoa3d/msg/detail
[40.260s] -- Installing: /home/xizesse/ros_ws/src/avoa3d/install/avoa3d/include/avoa3d/avoa3d/msg/detail/element_characteristics_array__description.c
[40.261s] -- Installing: /home/xizesse/ros_ws/src/avoa3d/install/avoa3d/include/avoa3d/avoa3d/msg/detail/element_characteristics_stamped__type_support.c
[40.261s] -- Installing: /home/xizesse/ros_ws/src/avoa3d/install/avoa3d/include/avoa3d/avoa3d/msg/detail/element_characteristics_array__functions.c
[40.261s] -- Installing: /home/xizesse/ros_ws/src/avoa3d/install/avoa3d/include/avoa3d/avoa3d/msg/detail/element_characteristics_array__type_support.c
[40.261s] -- Installing: /home/xizesse/ros_ws/src/avoa3d/install/avoa3d/include/avoa3d/avoa3d/msg/detail/element_characteristics_stamped__functions.h
[40.262s] -- Installing: /home/xizesse/ros_ws/src/avoa3d/install/avoa3d/include/avoa3d/avoa3d/msg/detail/element_characteristics_stamped__type_support.h
[40.262s] -- Installing: /home/xizesse/ros_ws/src/avoa3d/install/avoa3d/include/avoa3d/avoa3d/msg/detail/element_characteristics_stamped__description.c
[40.262s] -- Installing: /home/xizesse/ros_ws/src/avoa3d/install/avoa3d/include/avoa3d/avoa3d/msg/detail/element_characteristics_array__struct.h
[40.263s] -- Installing: /home/xizesse/ros_ws/src/avoa3d/install/avoa3d/include/avoa3d/avoa3d/msg/detail/element_characteristics_stamped__struct.h
[40.263s] -- Installing: /home/xizesse/ros_ws/src/avoa3d/install/avoa3d/include/avoa3d/avoa3d/msg/detail/element_characteristics_array__functions.h
[40.263s] -- Installing: /home/xizesse/ros_ws/src/avoa3d/install/avoa3d/include/avoa3d/avoa3d/msg/detail/element_characteristics_stamped__functions.c
[40.263s] -- Installing: /home/xizesse/ros_ws/src/avoa3d/install/avoa3d/include/avoa3d/avoa3d/msg/detail/element_characteristics_array__type_support.h
[40.263s] -- Installing: /home/xizesse/ros_ws/src/avoa3d/install/avoa3d/include/avoa3d/avoa3d/msg/element_characteristics_array.h
[40.263s] -- Installing: /home/xizesse/ros_ws/src/avoa3d/install/avoa3d/share/avoa3d/environment/library_path.sh
[40.264s] -- Installing: /home/xizesse/ros_ws/src/avoa3d/install/avoa3d/share/avoa3d/environment/library_path.dsv
[40.264s] -- Installing: /home/xizesse/ros_ws/src/avoa3d/install/avoa3d/lib/libavoa3d__rosidl_generator_c.so
[40.264s] -- Set non-toolchain portion of runtime path of "/home/xizesse/ros_ws/src/avoa3d/install/avoa3d/lib/libavoa3d__rosidl_generator_c.so" to ""
[40.264s] -- Up-to-date: /home/xizesse/ros_ws/src/avoa3d/install/avoa3d/include/avoa3d/avoa3d
[40.264s] -- Up-to-date: /home/xizesse/ros_ws/src/avoa3d/install/avoa3d/include/avoa3d/avoa3d/msg
[40.264s] -- Installing: /home/xizesse/ros_ws/src/avoa3d/install/avoa3d/include/avoa3d/avoa3d/msg/rosidl_typesupport_fastrtps_c__visibility_control.h
[40.265s] -- Up-to-date: /home/xizesse/ros_ws/src/avoa3d/install/avoa3d/include/avoa3d/avoa3d/msg/detail
[40.265s] -- Installing: /home/xizesse/ros_ws/src/avoa3d/install/avoa3d/include/avoa3d/avoa3d/msg/detail/element_characteristics_array__rosidl_typesupport_fastrtps_c.h
[40.265s] -- Installing: /home/xizesse/ros_ws/src/avoa3d/install/avoa3d/include/avoa3d/avoa3d/msg/detail/element_characteristics_stamped__rosidl_typesupport_fastrtps_c.h
[40.265s] -- Installing: /home/xizesse/ros_ws/src/avoa3d/install/avoa3d/lib/libavoa3d__rosidl_typesupport_fastrtps_c.so
[40.265s] -- Set non-toolchain portion of runtime path of "/home/xizesse/ros_ws/src/avoa3d/install/avoa3d/lib/libavoa3d__rosidl_typesupport_fastrtps_c.so" to ""
[40.266s] -- Up-to-date: /home/xizesse/ros_ws/src/avoa3d/install/avoa3d/include/avoa3d/avoa3d
[40.266s] -- Up-to-date: /home/xizesse/ros_ws/src/avoa3d/install/avoa3d/include/avoa3d/avoa3d/msg
[40.266s] -- Installing: /home/xizesse/ros_ws/src/avoa3d/install/avoa3d/include/avoa3d/avoa3d/msg/element_characteristics_stamped.hpp
[40.266s] -- Installing: /home/xizesse/ros_ws/src/avoa3d/install/avoa3d/include/avoa3d/avoa3d/msg/element_characteristics_array.hpp
[40.266s] -- Installing: /home/xizesse/ros_ws/src/avoa3d/install/avoa3d/include/avoa3d/avoa3d/msg/rosidl_generator_cpp__visibility_control.hpp
[40.266s] -- Up-to-date: /home/xizesse/ros_ws/src/avoa3d/install/avoa3d/include/avoa3d/avoa3d/msg/detail
[40.266s] -- Installing: /home/xizesse/ros_ws/src/avoa3d/install/avoa3d/include/avoa3d/avoa3d/msg/detail/element_characteristics_stamped__struct.hpp
[40.267s] -- Installing: /home/xizesse/ros_ws/src/avoa3d/install/avoa3d/include/avoa3d/avoa3d/msg/detail/element_characteristics_stamped__traits.hpp
[40.267s] -- Installing: /home/xizesse/ros_ws/src/avoa3d/install/avoa3d/include/avoa3d/avoa3d/msg/detail/element_characteristics_array__type_support.hpp
[40.267s] -- Installing: /home/xizesse/ros_ws/src/avoa3d/install/avoa3d/include/avoa3d/avoa3d/msg/detail/element_characteristics_stamped__builder.hpp
[40.267s] -- Installing: /home/xizesse/ros_ws/src/avoa3d/install/avoa3d/include/avoa3d/avoa3d/msg/detail/element_characteristics_array__builder.hpp
[40.267s] -- Installing: /home/xizesse/ros_ws/src/avoa3d/install/avoa3d/include/avoa3d/avoa3d/msg/detail/element_characteristics_array__traits.hpp
[40.268s] -- Installing: /home/xizesse/ros_ws/src/avoa3d/install/avoa3d/include/avoa3d/avoa3d/msg/detail/element_characteristics_stamped__type_support.hpp
[40.268s] -- Installing: /home/xizesse/ros_ws/src/avoa3d/install/avoa3d/include/avoa3d/avoa3d/msg/detail/element_characteristics_array__struct.hpp
[40.268s] -- Up-to-date: /home/xizesse/ros_ws/src/avoa3d/install/avoa3d/include/avoa3d/avoa3d
[40.268s] -- Up-to-date: /home/xizesse/ros_ws/src/avoa3d/install/avoa3d/include/avoa3d/avoa3d/msg
[40.268s] -- Installing: /home/xizesse/ros_ws/src/avoa3d/install/avoa3d/include/avoa3d/avoa3d/msg/rosidl_typesupport_fastrtps_cpp__visibility_control.h
[40.269s] -- Up-to-date: /home/xizesse/ros_ws/src/avoa3d/install/avoa3d/include/avoa3d/avoa3d/msg/detail
[40.269s] -- Installing: /home/xizesse/ros_ws/src/avoa3d/install/avoa3d/include/avoa3d/avoa3d/msg/detail/element_characteristics_stamped__rosidl_typesupport_fastrtps_cpp.hpp
[40.269s] -- Installing: /home/xizesse/ros_ws/src/avoa3d/install/avoa3d/include/avoa3d/avoa3d/msg/detail/dds_fastrtps
[40.269s] -- Installing: /home/xizesse/ros_ws/src/avoa3d/install/avoa3d/include/avoa3d/avoa3d/msg/detail/element_characteristics_array__rosidl_typesupport_fastrtps_cpp.hpp
[40.269s] -- Installing: /home/xizesse/ros_ws/src/avoa3d/install/avoa3d/lib/libavoa3d__rosidl_typesupport_fastrtps_cpp.so
[40.269s] -- Set non-toolchain portion of runtime path of "/home/xizesse/ros_ws/src/avoa3d/install/avoa3d/lib/libavoa3d__rosidl_typesupport_fastrtps_cpp.so" to ""
[40.269s] -- Up-to-date: /home/xizesse/ros_ws/src/avoa3d/install/avoa3d/include/avoa3d/avoa3d
[40.269s] -- Up-to-date: /home/xizesse/ros_ws/src/avoa3d/install/avoa3d/include/avoa3d/avoa3d/msg
[40.270s] -- Installing: /home/xizesse/ros_ws/src/avoa3d/install/avoa3d/include/avoa3d/avoa3d/msg/rosidl_typesupport_introspection_c__visibility_control.h
[40.270s] -- Up-to-date: /home/xizesse/ros_ws/src/avoa3d/install/avoa3d/include/avoa3d/avoa3d/msg/detail
[40.270s] -- Installing: /home/xizesse/ros_ws/src/avoa3d/install/avoa3d/include/avoa3d/avoa3d/msg/detail/element_characteristics_array__rosidl_typesupport_introspection_c.h
[40.270s] -- Installing: /home/xizesse/ros_ws/src/avoa3d/install/avoa3d/include/avoa3d/avoa3d/msg/detail/element_characteristics_stamped__type_support.c
[40.270s] -- Installing: /home/xizesse/ros_ws/src/avoa3d/install/avoa3d/include/avoa3d/avoa3d/msg/detail/element_characteristics_array__type_support.c
[40.270s] -- Installing: /home/xizesse/ros_ws/src/avoa3d/install/avoa3d/include/avoa3d/avoa3d/msg/detail/element_characteristics_stamped__rosidl_typesupport_introspection_c.h
[40.271s] -- Installing: /home/xizesse/ros_ws/src/avoa3d/install/avoa3d/lib/libavoa3d__rosidl_typesupport_introspection_c.so
[40.271s] -- Set non-toolchain portion of runtime path of "/home/xizesse/ros_ws/src/avoa3d/install/avoa3d/lib/libavoa3d__rosidl_typesupport_introspection_c.so" to ""
[40.271s] -- Installing: /home/xizesse/ros_ws/src/avoa3d/install/avoa3d/lib/libavoa3d__rosidl_typesupport_c.so
[40.271s] -- Set non-toolchain portion of runtime path of "/home/xizesse/ros_ws/src/avoa3d/install/avoa3d/lib/libavoa3d__rosidl_typesupport_c.so" to ""
[40.271s] -- Up-to-date: /home/xizesse/ros_ws/src/avoa3d/install/avoa3d/include/avoa3d/avoa3d
[40.271s] -- Up-to-date: /home/xizesse/ros_ws/src/avoa3d/install/avoa3d/include/avoa3d/avoa3d/msg
[40.271s] -- Up-to-date: /home/xizesse/ros_ws/src/avoa3d/install/avoa3d/include/avoa3d/avoa3d/msg/detail
[40.271s] -- Installing: /home/xizesse/ros_ws/src/avoa3d/install/avoa3d/include/avoa3d/avoa3d/msg/detail/element_characteristics_stamped__rosidl_typesupport_introspection_cpp.hpp
[40.272s] -- Installing: /home/xizesse/ros_ws/src/avoa3d/install/avoa3d/include/avoa3d/avoa3d/msg/detail/element_characteristics_array__rosidl_typesupport_introspection_cpp.hpp
[40.272s] -- Installing: /home/xizesse/ros_ws/src/avoa3d/install/avoa3d/include/avoa3d/avoa3d/msg/detail/element_characteristics_array__type_support.cpp
[40.272s] -- Installing: /home/xizesse/ros_ws/src/avoa3d/install/avoa3d/include/avoa3d/avoa3d/msg/detail/element_characteristics_stamped__type_support.cpp
[40.272s] -- Installing: /home/xizesse/ros_ws/src/avoa3d/install/avoa3d/lib/libavoa3d__rosidl_typesupport_introspection_cpp.so
[40.272s] -- Set non-toolchain portion of runtime path of "/home/xizesse/ros_ws/src/avoa3d/install/avoa3d/lib/libavoa3d__rosidl_typesupport_introspection_cpp.so" to ""
[40.273s] -- Installing: /home/xizesse/ros_ws/src/avoa3d/install/avoa3d/lib/libavoa3d__rosidl_typesupport_cpp.so
[40.273s] -- Set non-toolchain portion of runtime path of "/home/xizesse/ros_ws/src/avoa3d/install/avoa3d/lib/libavoa3d__rosidl_typesupport_cpp.so" to ""
[40.273s] -- Installing: /home/xizesse/ros_ws/src/avoa3d/install/avoa3d/share/avoa3d/environment/pythonpath.sh
[40.273s] -- Installing: /home/xizesse/ros_ws/src/avoa3d/install/avoa3d/share/avoa3d/environment/pythonpath.dsv
[40.273s] -- Installing: /home/xizesse/ros_ws/src/avoa3d/install/avoa3d/lib/python3.12/site-packages/avoa3d-0.1.0-py3.12.egg-info
[40.273s] -- Installing: /home/xizesse/ros_ws/src/avoa3d/install/avoa3d/lib/python3.12/site-packages/avoa3d-0.1.0-py3.12.egg-info/PKG-INFO
[40.273s] -- Installing: /home/xizesse/ros_ws/src/avoa3d/install/avoa3d/lib/python3.12/site-packages/avoa3d-0.1.0-py3.12.egg-info/top_level.txt
[40.274s] -- Installing: /home/xizesse/ros_ws/src/avoa3d/install/avoa3d/lib/python3.12/site-packages/avoa3d-0.1.0-py3.12.egg-info/SOURCES.txt
[40.274s] -- Installing: /home/xizesse/ros_ws/src/avoa3d/install/avoa3d/lib/python3.12/site-packages/avoa3d-0.1.0-py3.12.egg-info/dependency_links.txt
[40.274s] -- Installing: /home/xizesse/ros_ws/src/avoa3d/install/avoa3d/lib/python3.12/site-packages/avoa3d
[40.274s] -- Installing: /home/xizesse/ros_ws/src/avoa3d/install/avoa3d/lib/python3.12/site-packages/avoa3d/_avoa3d_s.ep.rosidl_typesupport_fastrtps_c.c
[40.274s] -- Installing: /home/xizesse/ros_ws/src/avoa3d/install/avoa3d/lib/python3.12/site-packages/avoa3d/__init__.py
[40.275s] -- Installing: /home/xizesse/ros_ws/src/avoa3d/install/avoa3d/lib/python3.12/site-packages/avoa3d/avoa3d_s__rosidl_typesupport_c.so
[40.275s] -- Installing: /home/xizesse/ros_ws/src/avoa3d/install/avoa3d/lib/python3.12/site-packages/avoa3d/_avoa3d_s.ep.rosidl_typesupport_c.c
[40.275s] -- Installing: /home/xizesse/ros_ws/src/avoa3d/install/avoa3d/lib/python3.12/site-packages/avoa3d/avoa3d_s__rosidl_typesupport_fastrtps_c.so
[40.275s] -- Installing: /home/xizesse/ros_ws/src/avoa3d/install/avoa3d/lib/python3.12/site-packages/avoa3d/_avoa3d_s.ep.rosidl_typesupport_introspection_c.c
[40.275s] -- Installing: /home/xizesse/ros_ws/src/avoa3d/install/avoa3d/lib/python3.12/site-packages/avoa3d/avoa3d_s__rosidl_typesupport_introspection_c.so
[40.276s] -- Installing: /home/xizesse/ros_ws/src/avoa3d/install/avoa3d/lib/python3.12/site-packages/avoa3d/msg
[40.276s] -- Installing: /home/xizesse/ros_ws/src/avoa3d/install/avoa3d/lib/python3.12/site-packages/avoa3d/msg/__init__.py
[40.276s] -- Installing: /home/xizesse/ros_ws/src/avoa3d/install/avoa3d/lib/python3.12/site-packages/avoa3d/msg/_element_characteristics_array_s.c
[40.276s] -- Installing: /home/xizesse/ros_ws/src/avoa3d/install/avoa3d/lib/python3.12/site-packages/avoa3d/msg/_element_characteristics_stamped_s.c
[40.276s] -- Installing: /home/xizesse/ros_ws/src/avoa3d/install/avoa3d/lib/python3.12/site-packages/avoa3d/msg/_element_characteristics_array.py
[40.276s] -- Installing: /home/xizesse/ros_ws/src/avoa3d/install/avoa3d/lib/python3.12/site-packages/avoa3d/msg/_element_characteristics_stamped.py
[40.372s] Listing '/home/xizesse/ros_ws/src/avoa3d/install/avoa3d/lib/python3.12/site-packages/avoa3d'...
[40.372s] Compiling '/home/xizesse/ros_ws/src/avoa3d/install/avoa3d/lib/python3.12/site-packages/avoa3d/__init__.py'...
[40.373s] Listing '/home/xizesse/ros_ws/src/avoa3d/install/avoa3d/lib/python3.12/site-packages/avoa3d/msg'...
[40.373s] Compiling '/home/xizesse/ros_ws/src/avoa3d/install/avoa3d/lib/python3.12/site-packages/avoa3d/msg/__init__.py'...
[40.373s] Compiling '/home/xizesse/ros_ws/src/avoa3d/install/avoa3d/lib/python3.12/site-packages/avoa3d/msg/_element_characteristics_array.py'...
[40.373s] Compiling '/home/xizesse/ros_ws/src/avoa3d/install/avoa3d/lib/python3.12/site-packages/avoa3d/msg/_element_characteristics_stamped.py'...
[40.383s] -- Installing: /home/xizesse/ros_ws/src/avoa3d/install/avoa3d/lib/python3.12/site-packages/avoa3d/avoa3d_s__rosidl_typesupport_fastrtps_c.so
[40.384s] -- Set non-toolchain portion of runtime path of "/home/xizesse/ros_ws/src/avoa3d/install/avoa3d/lib/python3.12/site-packages/avoa3d/avoa3d_s__rosidl_typesupport_fastrtps_c.so" to ""
[40.384s] -- Installing: /home/xizesse/ros_ws/src/avoa3d/install/avoa3d/lib/python3.12/site-packages/avoa3d/avoa3d_s__rosidl_typesupport_introspection_c.so
[40.385s] -- Set non-toolchain portion of runtime path of "/home/xizesse/ros_ws/src/avoa3d/install/avoa3d/lib/python3.12/site-packages/avoa3d/avoa3d_s__rosidl_typesupport_introspection_c.so" to ""
[40.385s] -- Installing: /home/xizesse/ros_ws/src/avoa3d/install/avoa3d/lib/python3.12/site-packages/avoa3d/avoa3d_s__rosidl_typesupport_c.so
[40.385s] -- Set non-toolchain portion of runtime path of "/home/xizesse/ros_ws/src/avoa3d/install/avoa3d/lib/python3.12/site-packages/avoa3d/avoa3d_s__rosidl_typesupport_c.so" to ""
[40.386s] -- Installing: /home/xizesse/ros_ws/src/avoa3d/install/avoa3d/lib/libavoa3d__rosidl_generator_py.so
[40.386s] -- Set non-toolchain portion of runtime path of "/home/xizesse/ros_ws/src/avoa3d/install/avoa3d/lib/libavoa3d__rosidl_generator_py.so" to ""
[40.386s] -- Installing: /home/xizesse/ros_ws/src/avoa3d/install/avoa3d/share/avoa3d/msg/ElementCharacteristicsStamped.idl
[40.387s] -- Installing: /home/xizesse/ros_ws/src/avoa3d/install/avoa3d/share/avoa3d/msg/ElementCharacteristicsArray.idl
[40.387s] -- Installing: /home/xizesse/ros_ws/src/avoa3d/install/avoa3d/share/avoa3d/msg/ElementCharacteristicsStamped.msg
[40.387s] -- Installing: /home/xizesse/ros_ws/src/avoa3d/install/avoa3d/share/avoa3d/msg/ElementCharacteristicsArray.msg
[40.387s] -- Installing: /home/xizesse/ros_ws/src/avoa3d/install/avoa3d/lib/avoa3d/rviz_marker
[40.401s] -- Set non-toolchain portion of runtime path of "/home/xizesse/ros_ws/src/avoa3d/install/avoa3d/lib/avoa3d/rviz_marker" to ""
[40.401s] -- Installing: /home/xizesse/ros_ws/src/avoa3d/install/avoa3d/lib/avoa3d/test_w_goal
[40.411s] -- Set non-toolchain portion of runtime path of "/home/xizesse/ros_ws/src/avoa3d/install/avoa3d/lib/avoa3d/test_w_goal" to ""
[40.411s] -- Installing: /home/xizesse/ros_ws/src/avoa3d/install/avoa3d/lib/avoa3d/obstacle_publisher
[40.425s] -- Set non-toolchain portion of runtime path of "/home/xizesse/ros_ws/src/avoa3d/install/avoa3d/lib/avoa3d/obstacle_publisher" to ""
[40.425s] -- Installing: /home/xizesse/ros_ws/src/avoa3d/install/avoa3d/lib/avoa3d/avoa3dnode
[40.447s] -- Set non-toolchain portion of runtime path of "/home/xizesse/ros_ws/src/avoa3d/install/avoa3d/lib/avoa3d/avoa3dnode" to ""
[40.447s] -- Installing: /home/xizesse/ros_ws/src/avoa3d/install/avoa3d/share/avoa3d//launch
[40.448s] -- Installing: /home/xizesse/ros_ws/src/avoa3d/install/avoa3d/share/avoa3d//launch/single_dynamic1.xml
[40.448s] -- Installing: /home/xizesse/ros_ws/src/avoa3d/install/avoa3d/share/avoa3d//launch/single_static.xml
[40.448s] -- Installing: /home/xizesse/ros_ws/src/avoa3d/install/avoa3d/share/avoa3d//launch/bridge_launch.xml
[40.448s] -- Installing: /home/xizesse/ros_ws/src/avoa3d/install/avoa3d/share/avoa3d//config
[40.449s] -- Installing: /home/xizesse/ros_ws/src/avoa3d/install/avoa3d/share/avoa3d//config/motion_params.yaml
[40.449s] -- Installing: /home/xizesse/ros_ws/src/avoa3d/install/avoa3d/share/avoa3d//config/bridge_config.yaml
[40.449s] -- Installing: /home/xizesse/ros_ws/src/avoa3d/install/avoa3d/share/ament_index/resource_index/package_run_dependencies/avoa3d
[40.450s] -- Installing: /home/xizesse/ros_ws/src/avoa3d/install/avoa3d/share/ament_index/resource_index/parent_prefix_path/avoa3d
[40.450s] -- Installing: /home/xizesse/ros_ws/src/avoa3d/install/avoa3d/share/avoa3d/environment/ament_prefix_path.sh
[40.450s] -- Installing: /home/xizesse/ros_ws/src/avoa3d/install/avoa3d/share/avoa3d/environment/ament_prefix_path.dsv
[40.450s] -- Installing: /home/xizesse/ros_ws/src/avoa3d/install/avoa3d/share/avoa3d/environment/path.sh
[40.450s] -- Installing: /home/xizesse/ros_ws/src/avoa3d/install/avoa3d/share/avoa3d/environment/path.dsv
[40.451s] -- Installing: /home/xizesse/ros_ws/src/avoa3d/install/avoa3d/share/avoa3d/local_setup.bash
[40.451s] -- Installing: /home/xizesse/ros_ws/src/avoa3d/install/avoa3d/share/avoa3d/local_setup.sh
[40.451s] -- Installing: /home/xizesse/ros_ws/src/avoa3d/install/avoa3d/share/avoa3d/local_setup.zsh
[40.451s] -- Installing: /home/xizesse/ros_ws/src/avoa3d/install/avoa3d/share/avoa3d/local_setup.dsv
[40.451s] -- Installing: /home/xizesse/ros_ws/src/avoa3d/install/avoa3d/share/avoa3d/package.dsv
[40.451s] -- Installing: /home/xizesse/ros_ws/src/avoa3d/install/avoa3d/share/ament_index/resource_index/packages/avoa3d
[40.452s] -- Installing: /home/xizesse/ros_ws/src/avoa3d/install/avoa3d/share/avoa3d/cmake/export_avoa3d__rosidl_generator_cExport.cmake
[40.452s] -- Installing: /home/xizesse/ros_ws/src/avoa3d/install/avoa3d/share/avoa3d/cmake/export_avoa3d__rosidl_generator_cExport-noconfig.cmake
[40.452s] -- Installing: /home/xizesse/ros_ws/src/avoa3d/install/avoa3d/share/avoa3d/cmake/export_avoa3d__rosidl_typesupport_fastrtps_cExport.cmake
[40.453s] -- Installing: /home/xizesse/ros_ws/src/avoa3d/install/avoa3d/share/avoa3d/cmake/export_avoa3d__rosidl_typesupport_fastrtps_cExport-noconfig.cmake
[40.453s] -- Installing: /home/xizesse/ros_ws/src/avoa3d/install/avoa3d/share/avoa3d/cmake/export_avoa3d__rosidl_generator_cppExport.cmake
[40.453s] -- Installing: /home/xizesse/ros_ws/src/avoa3d/install/avoa3d/share/avoa3d/cmake/export_avoa3d__rosidl_typesupport_fastrtps_cppExport.cmake
[40.453s] -- Installing: /home/xizesse/ros_ws/src/avoa3d/install/avoa3d/share/avoa3d/cmake/export_avoa3d__rosidl_typesupport_fastrtps_cppExport-noconfig.cmake
[40.453s] -- Installing: /home/xizesse/ros_ws/src/avoa3d/install/avoa3d/share/avoa3d/cmake/avoa3d__rosidl_typesupport_introspection_cExport.cmake
[40.453s] -- Installing: /home/xizesse/ros_ws/src/avoa3d/install/avoa3d/share/avoa3d/cmake/avoa3d__rosidl_typesupport_introspection_cExport-noconfig.cmake
[40.454s] -- Installing: /home/xizesse/ros_ws/src/avoa3d/install/avoa3d/share/avoa3d/cmake/avoa3d__rosidl_typesupport_cExport.cmake
[40.454s] -- Installing: /home/xizesse/ros_ws/src/avoa3d/install/avoa3d/share/avoa3d/cmake/avoa3d__rosidl_typesupport_cExport-noconfig.cmake
[40.454s] -- Installing: /home/xizesse/ros_ws/src/avoa3d/install/avoa3d/share/avoa3d/cmake/avoa3d__rosidl_typesupport_introspection_cppExport.cmake
[40.454s] -- Installing: /home/xizesse/ros_ws/src/avoa3d/install/avoa3d/share/avoa3d/cmake/avoa3d__rosidl_typesupport_introspection_cppExport-noconfig.cmake
[40.454s] -- Installing: /home/xizesse/ros_ws/src/avoa3d/install/avoa3d/share/avoa3d/cmake/avoa3d__rosidl_typesupport_cppExport.cmake
[40.455s] -- Installing: /home/xizesse/ros_ws/src/avoa3d/install/avoa3d/share/avoa3d/cmake/avoa3d__rosidl_typesupport_cppExport-noconfig.cmake
[40.456s] -- Installing: /home/xizesse/ros_ws/src/avoa3d/install/avoa3d/share/avoa3d/cmake/export_avoa3d__rosidl_generator_pyExport.cmake
[40.456s] -- Installing: /home/xizesse/ros_ws/src/avoa3d/install/avoa3d/share/avoa3d/cmake/export_avoa3d__rosidl_generator_pyExport-noconfig.cmake
[40.456s] -- Installing: /home/xizesse/ros_ws/src/avoa3d/install/avoa3d/share/avoa3d/cmake/rosidl_cmake-extras.cmake
[40.456s] -- Installing: /home/xizesse/ros_ws/src/avoa3d/install/avoa3d/share/avoa3d/cmake/ament_cmake_export_dependencies-extras.cmake
[40.456s] -- Installing: /home/xizesse/ros_ws/src/avoa3d/install/avoa3d/share/avoa3d/cmake/ament_cmake_export_include_directories-extras.cmake
[40.457s] -- Installing: /home/xizesse/ros_ws/src/avoa3d/install/avoa3d/share/avoa3d/cmake/ament_cmake_export_libraries-extras.cmake
[40.457s] -- Installing: /home/xizesse/ros_ws/src/avoa3d/install/avoa3d/share/avoa3d/cmake/ament_cmake_export_targets-extras.cmake
[40.457s] -- Installing: /home/xizesse/ros_ws/src/avoa3d/install/avoa3d/share/avoa3d/cmake/rosidl_cmake_export_typesupport_targets-extras.cmake
[40.457s] -- Installing: /home/xizesse/ros_ws/src/avoa3d/install/avoa3d/share/avoa3d/cmake/rosidl_cmake_export_typesupport_libraries-extras.cmake
[40.457s] -- Installing: /home/xizesse/ros_ws/src/avoa3d/install/avoa3d/share/avoa3d/cmake/avoa3dConfig.cmake
[40.458s] -- Installing: /home/xizesse/ros_ws/src/avoa3d/install/avoa3d/share/avoa3d/cmake/avoa3dConfig-version.cmake
[40.458s] -- Installing: /home/xizesse/ros_ws/src/avoa3d/install/avoa3d/share/avoa3d/package.xml
[40.460s] Invoked command in '/home/xizesse/ros_ws/src/avoa3d/build/avoa3d' returned '0': CMAKE_PREFIX_PATH=${CMAKE_PREFIX_PATH}:/opt/ros/jazzy DEBUGINFOD_URLS=https://debuginfod.ubuntu.com /usr/bin/cmake --install /home/xizesse/ros_ws/src/avoa3d/build/avoa3d
