[0.078s] DEBUG:colcon:Command line arguments: ['/usr/bin/colcon', 'build']
[0.078s] DEBUG:colcon:Parsed command line arguments: Namespace(log_base=None, log_level=None, verb_name='build', build_base='build', install_base='install', merge_install=False, symlink_install=False, test_result_base=None, continue_on_error=False, executor='parallel', parallel_workers=20, event_handlers=None, ignore_user_meta=False, metas=['./colcon.meta'], base_paths=['.'], packages_ignore=None, packages_ignore_regex=None, paths=None, packages_up_to=None, packages_up_to_regex=None, packages_above=None, packages_above_and_dependencies=None, packages_above_depth=None, packages_select_by_dep=None, packages_skip_by_dep=None, packages_skip_up_to=None, packages_select_build_failed=False, packages_skip_build_finished=False, packages_select_test_failures=False, packages_skip_test_passed=False, packages_select=None, packages_skip=None, packages_select_regex=None, packages_skip_regex=None, packages_start=None, packages_end=None, allow_overriding=[], cmake_args=None, cmake_target=None, cmake_target_skip_unavailable=False, cmake_clean_cache=False, cmake_clean_first=False, cmake_force_configure=False, ament_cmake_args=None, catkin_cmake_args=None, catkin_skip_building_tests=False, verb_parser=<colcon_defaults.argument_parser.defaults.DefaultArgumentsDecorator object at 0x71c117645e10>, verb_extension=<colcon_core.verb.build.BuildVerb object at 0x71c1177bb430>, main=<bound method BuildVerb.main of <colcon_core.verb.build.BuildVerb object at 0x71c1177bb430>>)
[0.187s] Level 1:colcon.colcon_core.package_discovery:discover_packages(colcon_meta) check parameters
[0.188s] Level 1:colcon.colcon_core.package_discovery:discover_packages(recursive) check parameters
[0.188s] Level 1:colcon.colcon_core.package_discovery:discover_packages(ignore) check parameters
[0.188s] Level 1:colcon.colcon_core.package_discovery:discover_packages(path) check parameters
[0.188s] Level 1:colcon.colcon_core.package_discovery:discover_packages(colcon_meta) discover
[0.188s] Level 1:colcon.colcon_core.package_discovery:discover_packages(recursive) discover
[0.188s] INFO:colcon.colcon_core.package_discovery:Crawling recursively for packages in '/home/xizesse/ros2_ws/src/avoa'
[0.188s] Level 1:colcon.colcon_core.package_identification:_identify(.) by extensions ['ignore', 'ignore_ament_install']
[0.188s] Level 1:colcon.colcon_core.package_identification:_identify(.) by extension 'ignore'
[0.188s] Level 1:colcon.colcon_core.package_identification:_identify(.) by extension 'ignore_ament_install'
[0.188s] Level 1:colcon.colcon_core.package_identification:_identify(.) by extensions ['colcon_pkg']
[0.188s] Level 1:colcon.colcon_core.package_identification:_identify(.) by extension 'colcon_pkg'
[0.188s] Level 1:colcon.colcon_core.package_identification:_identify(.) by extensions ['colcon_meta']
[0.188s] Level 1:colcon.colcon_core.package_identification:_identify(.) by extension 'colcon_meta'
[0.188s] Level 1:colcon.colcon_core.package_identification:_identify(.) by extensions ['ros']
[0.188s] Level 1:colcon.colcon_core.package_identification:_identify(.) by extension 'ros'
[0.198s] DEBUG:colcon.colcon_core.package_identification:Package '.' with type 'ros.ament_cmake' and name 'avoa'
[0.198s] Level 1:colcon.colcon_core.package_discovery:discover_packages(recursive) using defaults
[0.198s] Level 1:colcon.colcon_core.package_discovery:discover_packages(ignore) discover
[0.198s] Level 1:colcon.colcon_core.package_discovery:discover_packages(ignore) using defaults
[0.198s] Level 1:colcon.colcon_core.package_discovery:discover_packages(path) discover
[0.199s] Level 1:colcon.colcon_core.package_discovery:discover_packages(path) using defaults
[0.223s] Level 1:colcon.colcon_core.package_discovery:discover_packages(prefix_path) check parameters
[0.224s] Level 1:colcon.colcon_core.package_discovery:discover_packages(prefix_path) discover
[0.224s] DEBUG:colcon.colcon_installed_package_information.package_discovery:Found 1 installed packages in /home/xizesse/ros2_ws/install
[0.225s] DEBUG:colcon.colcon_installed_package_information.package_discovery:Found 287 installed packages in /opt/ros/humble
[0.226s] Level 1:colcon.colcon_core.package_discovery:discover_packages(prefix_path) using defaults
[0.249s] Level 5:colcon.colcon_core.verb:set package 'avoa' build argument 'cmake_args' from command line to 'None'
[0.249s] Level 5:colcon.colcon_core.verb:set package 'avoa' build argument 'cmake_target' from command line to 'None'
[0.249s] Level 5:colcon.colcon_core.verb:set package 'avoa' build argument 'cmake_target_skip_unavailable' from command line to 'False'
[0.249s] Level 5:colcon.colcon_core.verb:set package 'avoa' build argument 'cmake_clean_cache' from command line to 'False'
[0.249s] Level 5:colcon.colcon_core.verb:set package 'avoa' build argument 'cmake_clean_first' from command line to 'False'
[0.249s] Level 5:colcon.colcon_core.verb:set package 'avoa' build argument 'cmake_force_configure' from command line to 'False'
[0.249s] Level 5:colcon.colcon_core.verb:set package 'avoa' build argument 'ament_cmake_args' from command line to 'None'
[0.249s] Level 5:colcon.colcon_core.verb:set package 'avoa' build argument 'catkin_cmake_args' from command line to 'None'
[0.249s] Level 5:colcon.colcon_core.verb:set package 'avoa' build argument 'catkin_skip_building_tests' from command line to 'False'
[0.249s] DEBUG:colcon.colcon_core.verb:Building package 'avoa' with the following arguments: {'ament_cmake_args': None, 'build_base': '/home/xizesse/ros2_ws/src/avoa/build/avoa', 'catkin_cmake_args': None, 'catkin_skip_building_tests': False, 'cmake_args': None, 'cmake_clean_cache': False, 'cmake_clean_first': False, 'cmake_force_configure': False, 'cmake_target': None, 'cmake_target_skip_unavailable': False, 'install_base': '/home/xizesse/ros2_ws/src/avoa/install/avoa', 'merge_install': False, 'path': '/home/xizesse/ros2_ws/src/avoa', 'symlink_install': False, 'test_result_base': None}
[0.249s] INFO:colcon.colcon_core.executor:Executing jobs using 'parallel' executor
[0.250s] DEBUG:colcon.colcon_parallel_executor.executor.parallel:run_until_complete
[0.250s] INFO:colcon.colcon_ros.task.ament_cmake.build:Building ROS package in '/home/xizesse/ros2_ws/src/avoa' with build type 'ament_cmake'
[0.250s] INFO:colcon.colcon_cmake.task.cmake.build:Building CMake package in '/home/xizesse/ros2_ws/src/avoa'
[0.251s] INFO:colcon.colcon_core.plugin_system:Skipping extension 'colcon_core.shell.bat': Not used on non-Windows systems
[0.252s] INFO:colcon.colcon_core.shell:Skip shell extension 'powershell' for command environment: Not usable outside of PowerShell
[0.252s] DEBUG:colcon.colcon_core.shell:Skip shell extension 'dsv' for command environment
[0.259s] DEBUG:colcon.colcon_core.event_handler.log_command:Invoking command in '/home/xizesse/ros2_ws/src/avoa/build/avoa': CMAKE_PREFIX_PATH=${CMAKE_PREFIX_PATH}:/opt/ros/humble /usr/bin/cmake --build /home/xizesse/ros2_ws/src/avoa/build/avoa -- -j20 -l20
[7.258s] DEBUG:colcon.colcon_core.event_handler.log_command:Invoked command in '/home/xizesse/ros2_ws/src/avoa/build/avoa' returned '2': CMAKE_PREFIX_PATH=${CMAKE_PREFIX_PATH}:/opt/ros/humble /usr/bin/cmake --build /home/xizesse/ros2_ws/src/avoa/build/avoa -- -j20 -l20
[7.303s] Level 1:colcon.colcon_core.environment:create_environment_scripts_only(avoa)
[7.305s] Level 1:colcon.colcon_core.environment:checking '/home/xizesse/ros2_ws/src/avoa/install/avoa' for CMake module files
[7.306s] Level 1:colcon.colcon_core.environment:checking '/home/xizesse/ros2_ws/src/avoa/install/avoa' for CMake config files
[7.306s] Level 1:colcon.colcon_core.environment:checking '/home/xizesse/ros2_ws/src/avoa/install/avoa/bin'
[7.306s] Level 1:colcon.colcon_core.environment:checking '/home/xizesse/ros2_ws/src/avoa/install/avoa/lib/pkgconfig/avoa.pc'
[7.306s] Level 1:colcon.colcon_core.environment:checking '/home/xizesse/ros2_ws/src/avoa/install/avoa/lib/python3.10/site-packages'
[7.306s] Level 1:colcon.colcon_core.environment:checking '/home/xizesse/ros2_ws/src/avoa/install/avoa/bin'
[7.307s] INFO:colcon.colcon_core.shell:Creating package script '/home/xizesse/ros2_ws/src/avoa/install/avoa/share/avoa/package.ps1'
[7.307s] INFO:colcon.colcon_core.shell:Creating package descriptor '/home/xizesse/ros2_ws/src/avoa/install/avoa/share/avoa/package.dsv'
[7.307s] INFO:colcon.colcon_core.shell:Creating package script '/home/xizesse/ros2_ws/src/avoa/install/avoa/share/avoa/package.sh'
[7.308s] INFO:colcon.colcon_core.shell:Creating package script '/home/xizesse/ros2_ws/src/avoa/install/avoa/share/avoa/package.bash'
[7.308s] INFO:colcon.colcon_core.shell:Creating package script '/home/xizesse/ros2_ws/src/avoa/install/avoa/share/avoa/package.zsh'
[7.308s] Level 1:colcon.colcon_core.environment:create_file_with_runtime_dependencies(/home/xizesse/ros2_ws/src/avoa/install/avoa/share/colcon-core/packages/avoa)
[7.319s] DEBUG:colcon.colcon_parallel_executor.executor.parallel:closing loop
[7.319s] DEBUG:colcon.colcon_parallel_executor.executor.parallel:loop closed
[7.319s] DEBUG:colcon.colcon_parallel_executor.executor.parallel:run_until_complete finished with '2'
[7.319s] DEBUG:colcon.colcon_core.event_reactor:joining thread
[7.323s] INFO:colcon.colcon_core.plugin_system:Skipping extension 'colcon_notification.desktop_notification.terminal_notifier': Not used on non-Darwin systems
[7.323s] INFO:colcon.colcon_core.plugin_system:Skipping extension 'colcon_notification.desktop_notification.win32': Not used on non-Windows systems
[7.323s] INFO:colcon.colcon_notification.desktop_notification:Sending desktop notification using 'notify2'
[7.336s] DEBUG:colcon.colcon_core.event_reactor:joined thread
[7.336s] INFO:colcon.colcon_core.shell:Creating prefix script '/home/xizesse/ros2_ws/src/avoa/install/local_setup.ps1'
[7.337s] INFO:colcon.colcon_core.shell:Creating prefix util module '/home/xizesse/ros2_ws/src/avoa/install/_local_setup_util_ps1.py'
[7.338s] INFO:colcon.colcon_core.shell:Creating prefix chain script '/home/xizesse/ros2_ws/src/avoa/install/setup.ps1'
[7.339s] INFO:colcon.colcon_core.shell:Creating prefix script '/home/xizesse/ros2_ws/src/avoa/install/local_setup.sh'
[7.340s] INFO:colcon.colcon_core.shell:Creating prefix util module '/home/xizesse/ros2_ws/src/avoa/install/_local_setup_util_sh.py'
[7.340s] INFO:colcon.colcon_core.shell:Creating prefix chain script '/home/xizesse/ros2_ws/src/avoa/install/setup.sh'
[7.341s] INFO:colcon.colcon_core.shell:Creating prefix script '/home/xizesse/ros2_ws/src/avoa/install/local_setup.bash'
[7.341s] INFO:colcon.colcon_core.shell:Creating prefix chain script '/home/xizesse/ros2_ws/src/avoa/install/setup.bash'
[7.342s] INFO:colcon.colcon_core.shell:Creating prefix script '/home/xizesse/ros2_ws/src/avoa/install/local_setup.zsh'
[7.342s] INFO:colcon.colcon_core.shell:Creating prefix chain script '/home/xizesse/ros2_ws/src/avoa/install/setup.zsh'
