[0.218s] DEBUG:colcon:Command line arguments: ['/usr/bin/colcon', 'build', '--packages-select', 'avoa3d']
[0.218s] DEBUG:colcon:Parsed command line arguments: Namespace(log_base=None, log_level=None, verb_name='build', build_base='build', install_base='install', merge_install=False, symlink_install=False, test_result_base=None, continue_on_error=False, executor='parallel', parallel_workers=20, event_handlers=None, ignore_user_meta=False, metas=['./colcon.meta'], base_paths=['.'], packages_ignore=None, packages_ignore_regex=None, paths=None, packages_up_to=None, packages_up_to_regex=None, packages_above=None, packages_above_and_dependencies=None, packages_above_depth=None, packages_select_by_dep=None, packages_skip_by_dep=None, packages_skip_up_to=None, packages_select_build_failed=False, packages_skip_build_finished=False, packages_select_test_failures=False, packages_skip_test_passed=False, packages_select=['avoa3d'], packages_skip=None, packages_select_regex=None, packages_skip_regex=None, packages_start=None, packages_end=None, allow_overriding=[], cmake_args=None, cmake_target=None, cmake_target_skip_unavailable=False, cmake_clean_cache=False, cmake_clean_first=False, cmake_force_configure=False, ament_cmake_args=None, catkin_cmake_args=None, catkin_skip_building_tests=False, mixin_files=None, mixin=None, verb_parser=<colcon_mixin.mixin.mixin_argument.MixinArgumentDecorator object at 0x7f842e2a4260>, verb_extension=<colcon_core.verb.build.BuildVerb object at 0x7f842e3afe30>, main=<bound method BuildVerb.main of <colcon_core.verb.build.BuildVerb object at 0x7f842e3afe30>>, mixin_verb=('build',))
[0.298s] Level 1:colcon.colcon_core.package_discovery:discover_packages(colcon_meta) check parameters
[0.298s] Level 1:colcon.colcon_core.package_discovery:discover_packages(recursive) check parameters
[0.298s] Level 1:colcon.colcon_core.package_discovery:discover_packages(ignore) check parameters
[0.298s] Level 1:colcon.colcon_core.package_discovery:discover_packages(path) check parameters
[0.298s] Level 1:colcon.colcon_core.package_discovery:discover_packages(colcon_meta) discover
[0.299s] Level 1:colcon.colcon_core.package_discovery:discover_packages(recursive) discover
[0.299s] INFO:colcon.colcon_core.package_discovery:Crawling recursively for packages in '/home/xizesse/ros_ws/src/avoa3d'
[0.299s] Level 1:colcon.colcon_core.package_identification:_identify(.) by extensions ['ignore', 'ignore_ament_install']
[0.299s] Level 1:colcon.colcon_core.package_identification:_identify(.) by extension 'ignore'
[0.299s] Level 1:colcon.colcon_core.package_identification:_identify(.) by extension 'ignore_ament_install'
[0.299s] Level 1:colcon.colcon_core.package_identification:_identify(.) by extensions ['colcon_pkg']
[0.299s] Level 1:colcon.colcon_core.package_identification:_identify(.) by extension 'colcon_pkg'
[0.299s] Level 1:colcon.colcon_core.package_identification:_identify(.) by extensions ['colcon_meta']
[0.300s] Level 1:colcon.colcon_core.package_identification:_identify(.) by extension 'colcon_meta'
[0.300s] Level 1:colcon.colcon_core.package_identification:_identify(.) by extensions ['ros']
[0.300s] Level 1:colcon.colcon_core.package_identification:_identify(.) by extension 'ros'
[0.371s] DEBUG:colcon.colcon_core.package_identification:Package '.' with type 'ros.ament_cmake' and name 'avoa3d'
[0.371s] Level 1:colcon.colcon_core.package_discovery:discover_packages(recursive) using defaults
[0.372s] Level 1:colcon.colcon_core.package_discovery:discover_packages(ignore) discover
[0.372s] Level 1:colcon.colcon_core.package_discovery:discover_packages(ignore) using defaults
[0.372s] Level 1:colcon.colcon_core.package_discovery:discover_packages(path) discover
[0.372s] Level 1:colcon.colcon_core.package_discovery:discover_packages(path) using defaults
[0.454s] Level 1:colcon.colcon_core.package_discovery:discover_packages(prefix_path) check parameters
[0.455s] Level 1:colcon.colcon_core.package_discovery:discover_packages(prefix_path) discover
[0.463s] DEBUG:colcon.colcon_installed_package_information.package_discovery:Found 10 installed packages in /home/xizesse/ros_ws/install
[0.469s] DEBUG:colcon.colcon_installed_package_information.package_discovery:Found 313 installed packages in /opt/ros/jazzy
[0.473s] Level 1:colcon.colcon_core.package_discovery:discover_packages(prefix_path) using defaults
[0.599s] Level 5:colcon.colcon_core.verb:set package 'avoa3d' build argument 'cmake_args' from command line to 'None'
[0.599s] Level 5:colcon.colcon_core.verb:set package 'avoa3d' build argument 'cmake_target' from command line to 'None'
[0.599s] Level 5:colcon.colcon_core.verb:set package 'avoa3d' build argument 'cmake_target_skip_unavailable' from command line to 'False'
[0.599s] Level 5:colcon.colcon_core.verb:set package 'avoa3d' build argument 'cmake_clean_cache' from command line to 'False'
[0.599s] Level 5:colcon.colcon_core.verb:set package 'avoa3d' build argument 'cmake_clean_first' from command line to 'False'
[0.599s] Level 5:colcon.colcon_core.verb:set package 'avoa3d' build argument 'cmake_force_configure' from command line to 'False'
[0.599s] Level 5:colcon.colcon_core.verb:set package 'avoa3d' build argument 'ament_cmake_args' from command line to 'None'
[0.599s] Level 5:colcon.colcon_core.verb:set package 'avoa3d' build argument 'catkin_cmake_args' from command line to 'None'
[0.599s] Level 5:colcon.colcon_core.verb:set package 'avoa3d' build argument 'catkin_skip_building_tests' from command line to 'False'
[0.600s] DEBUG:colcon.colcon_core.verb:Building package 'avoa3d' with the following arguments: {'ament_cmake_args': None, 'build_base': '/home/xizesse/ros_ws/src/avoa3d/build/avoa3d', 'catkin_cmake_args': None, 'catkin_skip_building_tests': False, 'cmake_args': None, 'cmake_clean_cache': False, 'cmake_clean_first': False, 'cmake_force_configure': False, 'cmake_target': None, 'cmake_target_skip_unavailable': False, 'install_base': '/home/xizesse/ros_ws/src/avoa3d/install/avoa3d', 'merge_install': False, 'path': '/home/xizesse/ros_ws/src/avoa3d', 'symlink_install': False, 'test_result_base': None}
[0.600s] INFO:colcon.colcon_core.executor:Executing jobs using 'parallel' executor
[0.602s] DEBUG:colcon.colcon_parallel_executor.executor.parallel:run_until_complete
[0.603s] INFO:colcon.colcon_ros.task.ament_cmake.build:Building ROS package in '/home/xizesse/ros_ws/src/avoa3d' with build type 'ament_cmake'
[0.604s] INFO:colcon.colcon_cmake.task.cmake.build:Building CMake package in '/home/xizesse/ros_ws/src/avoa3d'
[0.612s] INFO:colcon.colcon_core.plugin_system:Skipping extension 'colcon_core.shell.bat': Not used on non-Windows systems
[0.613s] INFO:colcon.colcon_core.shell:Skip shell extension 'powershell' for command environment: Not usable outside of PowerShell
[0.613s] DEBUG:colcon.colcon_core.shell:Skip shell extension 'dsv' for command environment
[0.654s] DEBUG:colcon.colcon_core.event_handler.log_command:Invoking command in '/home/xizesse/ros_ws/src/avoa3d/build/avoa3d': CMAKE_PREFIX_PATH=${CMAKE_PREFIX_PATH}:/opt/ros/jazzy DEBUGINFOD_URLS=https://debuginfod.ubuntu.com /usr/bin/cmake --build /home/xizesse/ros_ws/src/avoa3d/build/avoa3d -- -j20 -l20
[1.839s] DEBUG:colcon.colcon_parallel_executor.executor.parallel:run_until_complete was interrupted
[1.840s] DEBUG:colcon.colcon_parallel_executor.executor.parallel:run_until_complete again
[1.919s] DEBUG:colcon.colcon_core.event_handler.log_command:Invoked command in '/home/xizesse/ros_ws/src/avoa3d/build/avoa3d' returned '-2': CMAKE_PREFIX_PATH=${CMAKE_PREFIX_PATH}:/opt/ros/jazzy DEBUGINFOD_URLS=https://debuginfod.ubuntu.com /usr/bin/cmake --build /home/xizesse/ros_ws/src/avoa3d/build/avoa3d -- -j20 -l20
[1.921s] Level 1:colcon.colcon_core.environment:create_environment_scripts_only(avoa3d)
[1.931s] Level 1:colcon.colcon_core.environment:checking '/home/xizesse/ros_ws/src/avoa3d/install/avoa3d' for CMake module files
[1.934s] Level 1:colcon.colcon_core.environment:checking '/home/xizesse/ros_ws/src/avoa3d/install/avoa3d' for CMake config files
[1.937s] Level 1:colcon.colcon_core.shell:create_environment_hook('avoa3d', 'cmake_prefix_path')
[1.938s] INFO:colcon.colcon_core.shell:Creating environment hook '/home/xizesse/ros_ws/src/avoa3d/install/avoa3d/share/avoa3d/hook/cmake_prefix_path.ps1'
[1.941s] INFO:colcon.colcon_core.shell:Creating environment descriptor '/home/xizesse/ros_ws/src/avoa3d/install/avoa3d/share/avoa3d/hook/cmake_prefix_path.dsv'
[1.942s] INFO:colcon.colcon_core.shell:Creating environment hook '/home/xizesse/ros_ws/src/avoa3d/install/avoa3d/share/avoa3d/hook/cmake_prefix_path.sh'
[1.946s] Level 1:colcon.colcon_core.environment:checking '/home/xizesse/ros_ws/src/avoa3d/install/avoa3d/lib'
[1.947s] Level 1:colcon.colcon_core.shell:create_environment_hook('avoa3d', 'ld_library_path_lib')
[1.947s] INFO:colcon.colcon_core.shell:Creating environment hook '/home/xizesse/ros_ws/src/avoa3d/install/avoa3d/share/avoa3d/hook/ld_library_path_lib.ps1'
[1.949s] INFO:colcon.colcon_core.shell:Creating environment descriptor '/home/xizesse/ros_ws/src/avoa3d/install/avoa3d/share/avoa3d/hook/ld_library_path_lib.dsv'
[1.950s] INFO:colcon.colcon_core.shell:Creating environment hook '/home/xizesse/ros_ws/src/avoa3d/install/avoa3d/share/avoa3d/hook/ld_library_path_lib.sh'
[1.952s] Level 1:colcon.colcon_core.environment:checking '/home/xizesse/ros_ws/src/avoa3d/install/avoa3d/bin'
[1.953s] Level 1:colcon.colcon_core.environment:checking '/home/xizesse/ros_ws/src/avoa3d/install/avoa3d/lib/pkgconfig/avoa3d.pc'
[1.954s] Level 1:colcon.colcon_core.environment:checking '/home/xizesse/ros_ws/src/avoa3d/install/avoa3d/lib/python3.12/site-packages'
[1.954s] Level 1:colcon.colcon_core.shell:create_environment_hook('avoa3d', 'pythonpath')
[1.955s] INFO:colcon.colcon_core.shell:Creating environment hook '/home/xizesse/ros_ws/src/avoa3d/install/avoa3d/share/avoa3d/hook/pythonpath.ps1'
[1.957s] INFO:colcon.colcon_core.shell:Creating environment descriptor '/home/xizesse/ros_ws/src/avoa3d/install/avoa3d/share/avoa3d/hook/pythonpath.dsv'
[1.959s] INFO:colcon.colcon_core.shell:Creating environment hook '/home/xizesse/ros_ws/src/avoa3d/install/avoa3d/share/avoa3d/hook/pythonpath.sh'
[1.962s] Level 1:colcon.colcon_core.environment:checking '/home/xizesse/ros_ws/src/avoa3d/install/avoa3d/bin'
[1.963s] INFO:colcon.colcon_core.shell:Creating package script '/home/xizesse/ros_ws/src/avoa3d/install/avoa3d/share/avoa3d/package.ps1'
[1.968s] INFO:colcon.colcon_core.shell:Creating package descriptor '/home/xizesse/ros_ws/src/avoa3d/install/avoa3d/share/avoa3d/package.dsv'
[1.971s] INFO:colcon.colcon_core.shell:Creating package script '/home/xizesse/ros_ws/src/avoa3d/install/avoa3d/share/avoa3d/package.sh'
[1.974s] INFO:colcon.colcon_core.shell:Creating package script '/home/xizesse/ros_ws/src/avoa3d/install/avoa3d/share/avoa3d/package.bash'
[1.977s] INFO:colcon.colcon_core.shell:Creating package script '/home/xizesse/ros_ws/src/avoa3d/install/avoa3d/share/avoa3d/package.zsh'
[1.980s] Level 1:colcon.colcon_core.environment:create_file_with_runtime_dependencies(/home/xizesse/ros_ws/src/avoa3d/install/avoa3d/share/colcon-core/packages/avoa3d)
[1.991s] DEBUG:colcon.colcon_parallel_executor.executor.parallel:run_until_complete finished
[1.992s] DEBUG:colcon.colcon_parallel_executor.executor.parallel:closing loop
[1.993s] DEBUG:colcon.colcon_parallel_executor.executor.parallel:loop closed
[1.993s] DEBUG:colcon.colcon_core.event_reactor:joining thread
[2.019s] INFO:colcon.colcon_core.plugin_system:Skipping extension 'colcon_notification.desktop_notification.terminal_notifier': Not used on non-Darwin systems
[2.020s] INFO:colcon.colcon_core.plugin_system:Skipping extension 'colcon_notification.desktop_notification.win32': Not used on non-Windows systems
[2.020s] INFO:colcon.colcon_notification.desktop_notification:Sending desktop notification using 'notify2'
[2.075s] DEBUG:colcon.colcon_core.event_reactor:joined thread
[2.075s] INFO:colcon.colcon_core.shell:Creating prefix script '/home/xizesse/ros_ws/src/avoa3d/install/local_setup.ps1'
[2.078s] INFO:colcon.colcon_core.shell:Creating prefix util module '/home/xizesse/ros_ws/src/avoa3d/install/_local_setup_util_ps1.py'
[2.081s] INFO:colcon.colcon_core.shell:Creating prefix chain script '/home/xizesse/ros_ws/src/avoa3d/install/setup.ps1'
[2.085s] INFO:colcon.colcon_core.shell:Creating prefix script '/home/xizesse/ros_ws/src/avoa3d/install/local_setup.sh'
[2.086s] INFO:colcon.colcon_core.shell:Creating prefix util module '/home/xizesse/ros_ws/src/avoa3d/install/_local_setup_util_sh.py'
[2.087s] INFO:colcon.colcon_core.shell:Creating prefix chain script '/home/xizesse/ros_ws/src/avoa3d/install/setup.sh'
[2.091s] INFO:colcon.colcon_core.shell:Creating prefix script '/home/xizesse/ros_ws/src/avoa3d/install/local_setup.bash'
[2.093s] INFO:colcon.colcon_core.shell:Creating prefix chain script '/home/xizesse/ros_ws/src/avoa3d/install/setup.bash'
[2.096s] INFO:colcon.colcon_core.shell:Creating prefix script '/home/xizesse/ros_ws/src/avoa3d/install/local_setup.zsh'
[2.097s] INFO:colcon.colcon_core.shell:Creating prefix chain script '/home/xizesse/ros_ws/src/avoa3d/install/setup.zsh'
