[0.057s] DEBUG:colcon:Command line arguments: ['/usr/bin/colcon', 'build', '--packages-select', 'avoa3d']
[0.057s] DEBUG:colcon:Parsed command line arguments: Namespace(log_base=None, log_level=None, verb_name='build', build_base='build', install_base='install', merge_install=False, symlink_install=False, test_result_base=None, continue_on_error=False, executor='parallel', parallel_workers=20, event_handlers=None, ignore_user_meta=False, metas=['./colcon.meta'], base_paths=['.'], packages_ignore=None, packages_ignore_regex=None, paths=None, packages_up_to=None, packages_up_to_regex=None, packages_above=None, packages_above_and_dependencies=None, packages_above_depth=None, packages_select_by_dep=None, packages_skip_by_dep=None, packages_skip_up_to=None, packages_select_build_failed=False, packages_skip_build_finished=False, packages_select_test_failures=False, packages_skip_test_passed=False, packages_select=['avoa3d'], packages_skip=None, packages_select_regex=None, packages_skip_regex=None, packages_start=None, packages_end=None, allow_overriding=[], cmake_args=None, cmake_target=None, cmake_target_skip_unavailable=False, cmake_clean_cache=False, cmake_clean_first=False, cmake_force_configure=False, ament_cmake_args=None, catkin_cmake_args=None, catkin_skip_building_tests=False, mixin_files=None, mixin=None, verb_parser=<colcon_mixin.mixin.mixin_argument.MixinArgumentDecorator object at 0x726fe22b01d0>, verb_extension=<colcon_core.verb.build.BuildVerb object at 0x726fe23bbf20>, main=<bound method BuildVerb.main of <colcon_core.verb.build.BuildVerb object at 0x726fe23bbf20>>, mixin_verb=('build',))
[0.084s] Level 1:colcon.colcon_core.package_discovery:discover_packages(colcon_meta) check parameters
[0.084s] Level 1:colcon.colcon_core.package_discovery:discover_packages(recursive) check parameters
[0.084s] Level 1:colcon.colcon_core.package_discovery:discover_packages(ignore) check parameters
[0.084s] Level 1:colcon.colcon_core.package_discovery:discover_packages(path) check parameters
[0.084s] Level 1:colcon.colcon_core.package_discovery:discover_packages(colcon_meta) discover
[0.084s] Level 1:colcon.colcon_core.package_discovery:discover_packages(recursive) discover
[0.084s] INFO:colcon.colcon_core.package_discovery:Crawling recursively for packages in '/home/xizesse/ros_ws/src/avoa3d'
[0.084s] Level 1:colcon.colcon_core.package_identification:_identify(.) by extensions ['ignore', 'ignore_ament_install']
[0.084s] Level 1:colcon.colcon_core.package_identification:_identify(.) by extension 'ignore'
[0.084s] Level 1:colcon.colcon_core.package_identification:_identify(.) by extension 'ignore_ament_install'
[0.085s] Level 1:colcon.colcon_core.package_identification:_identify(.) by extensions ['colcon_pkg']
[0.085s] Level 1:colcon.colcon_core.package_identification:_identify(.) by extension 'colcon_pkg'
[0.085s] Level 1:colcon.colcon_core.package_identification:_identify(.) by extensions ['colcon_meta']
[0.085s] Level 1:colcon.colcon_core.package_identification:_identify(.) by extension 'colcon_meta'
[0.085s] Level 1:colcon.colcon_core.package_identification:_identify(.) by extensions ['ros']
[0.085s] Level 1:colcon.colcon_core.package_identification:_identify(.) by extension 'ros'
[0.102s] DEBUG:colcon.colcon_core.package_identification:Package '.' with type 'ros.ament_cmake' and name 'avoa3d'
[0.102s] Level 1:colcon.colcon_core.package_discovery:discover_packages(recursive) using defaults
[0.102s] Level 1:colcon.colcon_core.package_discovery:discover_packages(ignore) discover
[0.102s] Level 1:colcon.colcon_core.package_discovery:discover_packages(ignore) using defaults
[0.102s] Level 1:colcon.colcon_core.package_discovery:discover_packages(path) discover
[0.102s] Level 1:colcon.colcon_core.package_discovery:discover_packages(path) using defaults
[0.112s] Level 1:colcon.colcon_core.package_discovery:discover_packages(prefix_path) check parameters
[0.112s] Level 1:colcon.colcon_core.package_discovery:discover_packages(prefix_path) discover
[0.113s] DEBUG:colcon.colcon_installed_package_information.package_discovery:Found 10 installed packages in /home/xizesse/ros_ws/install
[0.114s] DEBUG:colcon.colcon_installed_package_information.package_discovery:Found 313 installed packages in /opt/ros/jazzy
[0.115s] Level 1:colcon.colcon_core.package_discovery:discover_packages(prefix_path) using defaults
[0.136s] Level 5:colcon.colcon_core.verb:set package 'avoa3d' build argument 'cmake_args' from command line to 'None'
[0.136s] Level 5:colcon.colcon_core.verb:set package 'avoa3d' build argument 'cmake_target' from command line to 'None'
[0.136s] Level 5:colcon.colcon_core.verb:set package 'avoa3d' build argument 'cmake_target_skip_unavailable' from command line to 'False'
[0.136s] Level 5:colcon.colcon_core.verb:set package 'avoa3d' build argument 'cmake_clean_cache' from command line to 'False'
[0.136s] Level 5:colcon.colcon_core.verb:set package 'avoa3d' build argument 'cmake_clean_first' from command line to 'False'
[0.136s] Level 5:colcon.colcon_core.verb:set package 'avoa3d' build argument 'cmake_force_configure' from command line to 'False'
[0.136s] Level 5:colcon.colcon_core.verb:set package 'avoa3d' build argument 'ament_cmake_args' from command line to 'None'
[0.136s] Level 5:colcon.colcon_core.verb:set package 'avoa3d' build argument 'catkin_cmake_args' from command line to 'None'
[0.136s] Level 5:colcon.colcon_core.verb:set package 'avoa3d' build argument 'catkin_skip_building_tests' from command line to 'False'
[0.136s] DEBUG:colcon.colcon_core.verb:Building package 'avoa3d' with the following arguments: {'ament_cmake_args': None, 'build_base': '/home/xizesse/ros_ws/src/avoa3d/build/avoa3d', 'catkin_cmake_args': None, 'catkin_skip_building_tests': False, 'cmake_args': None, 'cmake_clean_cache': False, 'cmake_clean_first': False, 'cmake_force_configure': False, 'cmake_target': None, 'cmake_target_skip_unavailable': False, 'install_base': '/home/xizesse/ros_ws/src/avoa3d/install/avoa3d', 'merge_install': False, 'path': '/home/xizesse/ros_ws/src/avoa3d', 'symlink_install': False, 'test_result_base': None}
[0.136s] INFO:colcon.colcon_core.executor:Executing jobs using 'parallel' executor
[0.137s] DEBUG:colcon.colcon_parallel_executor.executor.parallel:run_until_complete
[0.137s] INFO:colcon.colcon_ros.task.ament_cmake.build:Building ROS package in '/home/xizesse/ros_ws/src/avoa3d' with build type 'ament_cmake'
[0.137s] INFO:colcon.colcon_cmake.task.cmake.build:Building CMake package in '/home/xizesse/ros_ws/src/avoa3d'
[0.138s] INFO:colcon.colcon_core.plugin_system:Skipping extension 'colcon_core.shell.bat': Not used on non-Windows systems
[0.138s] INFO:colcon.colcon_core.shell:Skip shell extension 'powershell' for command environment: Not usable outside of PowerShell
[0.138s] DEBUG:colcon.colcon_core.shell:Skip shell extension 'dsv' for command environment
[0.150s] DEBUG:colcon.colcon_core.event_handler.log_command:Invoking command in '/home/xizesse/ros_ws/src/avoa3d/build/avoa3d': CMAKE_PREFIX_PATH=${CMAKE_PREFIX_PATH}:/opt/ros/jazzy DEBUGINFOD_URLS=https://debuginfod.ubuntu.com /usr/bin/cmake --build /home/xizesse/ros_ws/src/avoa3d/build/avoa3d -- -j20 -l20
[10.192s] DEBUG:colcon.colcon_core.event_handler.log_command:Invoked command in '/home/xizesse/ros_ws/src/avoa3d/build/avoa3d' returned '0': CMAKE_PREFIX_PATH=${CMAKE_PREFIX_PATH}:/opt/ros/jazzy DEBUGINFOD_URLS=https://debuginfod.ubuntu.com /usr/bin/cmake --build /home/xizesse/ros_ws/src/avoa3d/build/avoa3d -- -j20 -l20
[10.201s] DEBUG:colcon.colcon_core.event_handler.log_command:Invoking command in '/home/xizesse/ros_ws/src/avoa3d/build/avoa3d': CMAKE_PREFIX_PATH=${CMAKE_PREFIX_PATH}:/opt/ros/jazzy DEBUGINFOD_URLS=https://debuginfod.ubuntu.com /usr/bin/cmake --install /home/xizesse/ros_ws/src/avoa3d/build/avoa3d
[10.261s] Level 1:colcon.colcon_core.environment:create_environment_scripts_only(avoa3d)
[10.261s] DEBUG:colcon.colcon_core.event_handler.log_command:Invoked command in '/home/xizesse/ros_ws/src/avoa3d/build/avoa3d' returned '0': CMAKE_PREFIX_PATH=${CMAKE_PREFIX_PATH}:/opt/ros/jazzy DEBUGINFOD_URLS=https://debuginfod.ubuntu.com /usr/bin/cmake --install /home/xizesse/ros_ws/src/avoa3d/build/avoa3d
[10.263s] Level 1:colcon.colcon_core.environment:checking '/home/xizesse/ros_ws/src/avoa3d/install/avoa3d' for CMake module files
[10.263s] Level 1:colcon.colcon_core.environment:checking '/home/xizesse/ros_ws/src/avoa3d/install/avoa3d' for CMake config files
[10.263s] Level 1:colcon.colcon_core.shell:create_environment_hook('avoa3d', 'cmake_prefix_path')
[10.263s] INFO:colcon.colcon_core.shell:Creating environment hook '/home/xizesse/ros_ws/src/avoa3d/install/avoa3d/share/avoa3d/hook/cmake_prefix_path.ps1'
[10.264s] INFO:colcon.colcon_core.shell:Creating environment descriptor '/home/xizesse/ros_ws/src/avoa3d/install/avoa3d/share/avoa3d/hook/cmake_prefix_path.dsv'
[10.264s] INFO:colcon.colcon_core.shell:Creating environment hook '/home/xizesse/ros_ws/src/avoa3d/install/avoa3d/share/avoa3d/hook/cmake_prefix_path.sh'
[10.264s] Level 1:colcon.colcon_core.environment:checking '/home/xizesse/ros_ws/src/avoa3d/install/avoa3d/lib'
[10.265s] Level 1:colcon.colcon_core.shell:create_environment_hook('avoa3d', 'ld_library_path_lib')
[10.265s] INFO:colcon.colcon_core.shell:Creating environment hook '/home/xizesse/ros_ws/src/avoa3d/install/avoa3d/share/avoa3d/hook/ld_library_path_lib.ps1'
[10.265s] INFO:colcon.colcon_core.shell:Creating environment descriptor '/home/xizesse/ros_ws/src/avoa3d/install/avoa3d/share/avoa3d/hook/ld_library_path_lib.dsv'
[10.265s] INFO:colcon.colcon_core.shell:Creating environment hook '/home/xizesse/ros_ws/src/avoa3d/install/avoa3d/share/avoa3d/hook/ld_library_path_lib.sh'
[10.265s] Level 1:colcon.colcon_core.environment:checking '/home/xizesse/ros_ws/src/avoa3d/install/avoa3d/bin'
[10.265s] Level 1:colcon.colcon_core.environment:checking '/home/xizesse/ros_ws/src/avoa3d/install/avoa3d/lib/pkgconfig/avoa3d.pc'
[10.265s] Level 1:colcon.colcon_core.environment:checking '/home/xizesse/ros_ws/src/avoa3d/install/avoa3d/lib/python3.12/site-packages'
[10.265s] Level 1:colcon.colcon_core.shell:create_environment_hook('avoa3d', 'pythonpath')
[10.266s] INFO:colcon.colcon_core.shell:Creating environment hook '/home/xizesse/ros_ws/src/avoa3d/install/avoa3d/share/avoa3d/hook/pythonpath.ps1'
[10.266s] INFO:colcon.colcon_core.shell:Creating environment descriptor '/home/xizesse/ros_ws/src/avoa3d/install/avoa3d/share/avoa3d/hook/pythonpath.dsv'
[10.266s] INFO:colcon.colcon_core.shell:Creating environment hook '/home/xizesse/ros_ws/src/avoa3d/install/avoa3d/share/avoa3d/hook/pythonpath.sh'
[10.266s] Level 1:colcon.colcon_core.environment:checking '/home/xizesse/ros_ws/src/avoa3d/install/avoa3d/bin'
[10.266s] INFO:colcon.colcon_core.shell:Creating package script '/home/xizesse/ros_ws/src/avoa3d/install/avoa3d/share/avoa3d/package.ps1'
[10.267s] INFO:colcon.colcon_core.shell:Creating package descriptor '/home/xizesse/ros_ws/src/avoa3d/install/avoa3d/share/avoa3d/package.dsv'
[10.267s] INFO:colcon.colcon_core.shell:Creating package script '/home/xizesse/ros_ws/src/avoa3d/install/avoa3d/share/avoa3d/package.sh'
[10.267s] INFO:colcon.colcon_core.shell:Creating package script '/home/xizesse/ros_ws/src/avoa3d/install/avoa3d/share/avoa3d/package.bash'
[10.268s] INFO:colcon.colcon_core.shell:Creating package script '/home/xizesse/ros_ws/src/avoa3d/install/avoa3d/share/avoa3d/package.zsh'
[10.268s] Level 1:colcon.colcon_core.environment:create_file_with_runtime_dependencies(/home/xizesse/ros_ws/src/avoa3d/install/avoa3d/share/colcon-core/packages/avoa3d)
[10.268s] Level 1:colcon.colcon_core.environment:create_environment_scripts_only(avoa3d)
[10.268s] Level 1:colcon.colcon_core.environment:checking '/home/xizesse/ros_ws/src/avoa3d/install/avoa3d' for CMake module files
[10.269s] Level 1:colcon.colcon_core.environment:checking '/home/xizesse/ros_ws/src/avoa3d/install/avoa3d' for CMake config files
[10.269s] Level 1:colcon.colcon_core.shell:create_environment_hook('avoa3d', 'cmake_prefix_path')
[10.269s] INFO:colcon.colcon_core.shell:Creating environment hook '/home/xizesse/ros_ws/src/avoa3d/install/avoa3d/share/avoa3d/hook/cmake_prefix_path.ps1'
[10.270s] INFO:colcon.colcon_core.shell:Creating environment descriptor '/home/xizesse/ros_ws/src/avoa3d/install/avoa3d/share/avoa3d/hook/cmake_prefix_path.dsv'
[10.270s] INFO:colcon.colcon_core.shell:Creating environment hook '/home/xizesse/ros_ws/src/avoa3d/install/avoa3d/share/avoa3d/hook/cmake_prefix_path.sh'
[10.270s] Level 1:colcon.colcon_core.environment:checking '/home/xizesse/ros_ws/src/avoa3d/install/avoa3d/lib'
[10.270s] Level 1:colcon.colcon_core.shell:create_environment_hook('avoa3d', 'ld_library_path_lib')
[10.270s] INFO:colcon.colcon_core.shell:Creating environment hook '/home/xizesse/ros_ws/src/avoa3d/install/avoa3d/share/avoa3d/hook/ld_library_path_lib.ps1'
[10.271s] INFO:colcon.colcon_core.shell:Creating environment descriptor '/home/xizesse/ros_ws/src/avoa3d/install/avoa3d/share/avoa3d/hook/ld_library_path_lib.dsv'
[10.271s] INFO:colcon.colcon_core.shell:Creating environment hook '/home/xizesse/ros_ws/src/avoa3d/install/avoa3d/share/avoa3d/hook/ld_library_path_lib.sh'
[10.271s] Level 1:colcon.colcon_core.environment:checking '/home/xizesse/ros_ws/src/avoa3d/install/avoa3d/bin'
[10.271s] Level 1:colcon.colcon_core.environment:checking '/home/xizesse/ros_ws/src/avoa3d/install/avoa3d/lib/pkgconfig/avoa3d.pc'
[10.271s] Level 1:colcon.colcon_core.environment:checking '/home/xizesse/ros_ws/src/avoa3d/install/avoa3d/lib/python3.12/site-packages'
[10.271s] Level 1:colcon.colcon_core.shell:create_environment_hook('avoa3d', 'pythonpath')
[10.271s] INFO:colcon.colcon_core.shell:Creating environment hook '/home/xizesse/ros_ws/src/avoa3d/install/avoa3d/share/avoa3d/hook/pythonpath.ps1'
[10.271s] INFO:colcon.colcon_core.shell:Creating environment descriptor '/home/xizesse/ros_ws/src/avoa3d/install/avoa3d/share/avoa3d/hook/pythonpath.dsv'
[10.272s] INFO:colcon.colcon_core.shell:Creating environment hook '/home/xizesse/ros_ws/src/avoa3d/install/avoa3d/share/avoa3d/hook/pythonpath.sh'
[10.272s] Level 1:colcon.colcon_core.environment:checking '/home/xizesse/ros_ws/src/avoa3d/install/avoa3d/bin'
[10.272s] INFO:colcon.colcon_core.shell:Creating package script '/home/xizesse/ros_ws/src/avoa3d/install/avoa3d/share/avoa3d/package.ps1'
[10.272s] INFO:colcon.colcon_core.shell:Creating package descriptor '/home/xizesse/ros_ws/src/avoa3d/install/avoa3d/share/avoa3d/package.dsv'
[10.273s] INFO:colcon.colcon_core.shell:Creating package script '/home/xizesse/ros_ws/src/avoa3d/install/avoa3d/share/avoa3d/package.sh'
[10.273s] INFO:colcon.colcon_core.shell:Creating package script '/home/xizesse/ros_ws/src/avoa3d/install/avoa3d/share/avoa3d/package.bash'
[10.273s] INFO:colcon.colcon_core.shell:Creating package script '/home/xizesse/ros_ws/src/avoa3d/install/avoa3d/share/avoa3d/package.zsh'
[10.273s] Level 1:colcon.colcon_core.environment:create_file_with_runtime_dependencies(/home/xizesse/ros_ws/src/avoa3d/install/avoa3d/share/colcon-core/packages/avoa3d)
[10.274s] DEBUG:colcon.colcon_parallel_executor.executor.parallel:closing loop
[10.275s] DEBUG:colcon.colcon_parallel_executor.executor.parallel:loop closed
[10.275s] DEBUG:colcon.colcon_parallel_executor.executor.parallel:run_until_complete finished with '0'
[10.275s] DEBUG:colcon.colcon_core.event_reactor:joining thread
[10.279s] INFO:colcon.colcon_core.plugin_system:Skipping extension 'colcon_notification.desktop_notification.terminal_notifier': Not used on non-Darwin systems
[10.279s] INFO:colcon.colcon_core.plugin_system:Skipping extension 'colcon_notification.desktop_notification.win32': Not used on non-Windows systems
[10.279s] INFO:colcon.colcon_notification.desktop_notification:Sending desktop notification using 'notify2'
[10.289s] DEBUG:colcon.colcon_core.event_reactor:joined thread
[10.289s] INFO:colcon.colcon_core.shell:Creating prefix script '/home/xizesse/ros_ws/src/avoa3d/install/local_setup.ps1'
[10.290s] INFO:colcon.colcon_core.shell:Creating prefix util module '/home/xizesse/ros_ws/src/avoa3d/install/_local_setup_util_ps1.py'
[10.291s] INFO:colcon.colcon_core.shell:Creating prefix chain script '/home/xizesse/ros_ws/src/avoa3d/install/setup.ps1'
[10.292s] INFO:colcon.colcon_core.shell:Creating prefix script '/home/xizesse/ros_ws/src/avoa3d/install/local_setup.sh'
[10.293s] INFO:colcon.colcon_core.shell:Creating prefix util module '/home/xizesse/ros_ws/src/avoa3d/install/_local_setup_util_sh.py'
[10.293s] INFO:colcon.colcon_core.shell:Creating prefix chain script '/home/xizesse/ros_ws/src/avoa3d/install/setup.sh'
[10.294s] INFO:colcon.colcon_core.shell:Creating prefix script '/home/xizesse/ros_ws/src/avoa3d/install/local_setup.bash'
[10.294s] INFO:colcon.colcon_core.shell:Creating prefix chain script '/home/xizesse/ros_ws/src/avoa3d/install/setup.bash'
[10.295s] INFO:colcon.colcon_core.shell:Creating prefix script '/home/xizesse/ros_ws/src/avoa3d/install/local_setup.zsh'
[10.295s] INFO:colcon.colcon_core.shell:Creating prefix chain script '/home/xizesse/ros_ws/src/avoa3d/install/setup.zsh'
