-- Found ament_cmake: 2.5.3 (/opt/ros/jazzy/share/ament_cmake/cmake)
-- Found Python3: /usr/bin/python3 (found version "3.12.3") found components: Interpreter 
-- Found rclcpp: 28.1.6 (/opt/ros/jazzy/share/rclcpp/cmake)
-- Found rosidl_generator_c: 4.6.5 (/opt/ros/jazzy/share/rosidl_generator_c/cmake)
-- Found rosidl_generator_cpp: 4.6.5 (/opt/ros/jazzy/share/rosidl_generator_cpp/cmake)
-- Using all available rosidl_typesupport_c: rosidl_typesupport_fastrtps_c;rosidl_typesupport_introspection_c
-- Using all available rosidl_typesupport_cpp: rosidl_typesupport_fastrtps_cpp;rosidl_typesupport_introspection_cpp
-- Found rmw_implementation_cmake: 7.3.1 (/opt/ros/jazzy/share/rmw_implementation_cmake/cmake)
-- Found rmw_fastrtps_cpp: 8.4.1 (/opt/ros/jazzy/share/rmw_fastrtps_cpp/cmake)
-- Using RMW implementation 'rmw_fastrtps_cpp' as default
-- Found std_msgs: 5.3.5 (/opt/ros/jazzy/share/std_msgs/cmake)
-- Found visualization_msgs: 5.3.5 (/opt/ros/jazzy/share/visualization_msgs/cmake)
-- Found rosidl_default_generators: 1.6.0 (/opt/ros/jazzy/share/rosidl_default_generators/cmake)
-- Found rosidl_adapter: 4.6.5 (/opt/ros/jazzy/share/rosidl_adapter/cmake)
-- Found nav_msgs: 5.3.5 (/opt/ros/jazzy/share/nav_msgs/cmake)
-- Found tf2_ros: 0.36.8 (/opt/ros/jazzy/share/tf2_ros/cmake)
-- Found tf2_eigen: 0.36.8 (/opt/ros/jazzy/share/tf2_eigen/cmake)
-- Found tf2_geometry_msgs: 0.36.8 (/opt/ros/jazzy/share/tf2_geometry_msgs/cmake)
-- Found eigen3_cmake_module: 0.3.0 (/opt/ros/jazzy/share/eigen3_cmake_module/cmake)
-- Ensuring Eigen3 include directory is part of orocos-kdl CMake target
-- Found custom_msgs: 0.0.0 (/home/xizesse/ros_ws/install/custom_msgs/share/custom_msgs/cmake)
-- Found rviz_visual_tools: 4.1.4 (/opt/ros/jazzy/share/rviz_visual_tools/cmake)
-- Setting OGRE_DIR to: '/opt/ros/jazzy/share/rviz_ogre_vendor/cmake/../../../opt/rviz_ogre_vendor/lib/OGRE/cmake'
-- Found OGRE
--   static     : OFF
--   components : MeshLodGenerator;Overlay;Paging;Property;RTShaderSystem;Terrain;Volume
--   plugins    : Plugin_BSPSceneManager;Plugin_OctreeSceneManager;Plugin_PCZSceneManager;Plugin_ParticleFX;RenderSystem_GL;RenderSystem_GL3Plus;Codec_STBI
--   media      : /opt/ros/jazzy/opt/rviz_ogre_vendor/share/OGRE/Media
-- OGRE_LIBRARIES: OgreMeshLodGenerator;OgreOverlay;OgrePaging;OgreProperty;OgreRTShaderSystem;OgreTerrain;OgreVolume;OgreMain
-- OGRE_LIBRARY_DIRS: /opt/ros/jazzy/opt/rviz_ogre_vendor/lib
-- OGRE_PLUGINS: Plugin_BSPSceneManager;Plugin_OctreeSceneManager;Plugin_PCZSceneManager;Plugin_ParticleFX;RenderSystem_GL;RenderSystem_GL3Plus;Codec_STBI
-- OGRE_PLUGIN_DIR: /opt/ros/jazzy/opt/rviz_ogre_vendor/lib/OGRE
-- rviz_ogre_vendor::OgreOverlay for IMPORTED_LOCATION_RELEASE: /opt/ros/jazzy/opt/rviz_ogre_vendor/lib/libOgreOverlay.so
-- rviz_ogre_vendor::OgreOverlay for IMPORTED_LOCATION_DEBUG: /opt/ros/jazzy/opt/rviz_ogre_vendor/lib/libOgreOverlay.so
-- rviz_ogre_vendor::OgreMain for IMPORTED_LOCATION_RELEASE: /opt/ros/jazzy/opt/rviz_ogre_vendor/lib/libOgreMain.so
-- rviz_ogre_vendor::OgreMain for IMPORTED_LOCATION_DEBUG: /opt/ros/jazzy/opt/rviz_ogre_vendor/lib/libOgreMain.so
-- Setting yaml-cpp_DIR to: '/opt/ros/jazzy/share/yaml_cpp_vendor/cmake/../../../opt/yaml_cpp_vendor/share/cmake/yaml-cpp'
-- Found ament_cmake_ros: 0.12.0 (/opt/ros/jazzy/share/ament_cmake_ros/cmake)
-- Using all available rosidl_typesupport_c: rosidl_typesupport_fastrtps_c;rosidl_typesupport_introspection_c
-- Using all available rosidl_typesupport_cpp: rosidl_typesupport_fastrtps_cpp;rosidl_typesupport_introspection_cpp
-- Found python_cmake_module: 0.11.1 (/opt/ros/jazzy/share/python_cmake_module/cmake)
-- Found Python3: /usr/bin/python3 (found version "3.12.3") found components: Interpreter Development NumPy Development.Module Development.Embed 
-- Found ament_lint_auto: 0.17.1 (/opt/ros/jazzy/share/ament_lint_auto/cmake)
-- Configuring done (1.6s)
-- Generating done (0.1s)
-- Build files have been written to: /home/xizesse/ros_ws/src/avoa3d/build/avoa3d
[  1%] Built target avoa3d__rosidl_generator_type_description
[  1%] Built target ament_cmake_python_copy_avoa3d
[  3%] Built target avoa3d__cpp
[ 18%] Built target avoa3d__rosidl_generator_c
[ 25%] Built target avoa3d__rosidl_typesupport_c
[ 38%] Built target avoa3d__rosidl_typesupport_introspection_c
[ 40%] Built target avoa3d__rosidl_typesupport_fastrtps_cpp
[ 48%] Built target avoa3d__rosidl_typesupport_introspection_cpp
[ 55%] Built target avoa3d__rosidl_typesupport_fastrtps_c
[ 62%] Built target avoa3d__rosidl_typesupport_cpp
[ 62%] Built target avoa3d
[ 66%] Built target test_w_goal
[ 70%] Built target obstacle_publisher
[ 72%] [32mBuilding CXX object CMakeFiles/avoa3dnode.dir/src/avoa3dnode.cpp.o[0m
[ 75%] Built target rviz_marker
[ 77%] [32mBuilding CXX object CMakeFiles/avoa3dnode.dir/src/sample_evaluator.cpp.o[0m
[ 79%] Built target avoa3d__py
[ 85%] Built target avoa3d__rosidl_generator_py
[ 88%] Built target avoa3d_s__rosidl_typesupport_c
[ 92%] Built target avoa3d_s__rosidl_typesupport_fastrtps_c
[ 96%] Built target avoa3d_s__rosidl_typesupport_introspection_c
running egg_info
writing avoa3d.egg-info/PKG-INFO
writing dependency_links to avoa3d.egg-info/dependency_links.txt
writing top-level names to avoa3d.egg-info/top_level.txt
reading manifest file 'avoa3d.egg-info/SOURCES.txt'
writing manifest file 'avoa3d.egg-info/SOURCES.txt'
[ 96%] Built target ament_cmake_python_build_avoa3d_egg
[ 98%] [32m[1mLinking CXX executable avoa3dnode[0m
[100%] Built target avoa3dnode
-- Install configuration: ""
-- Up-to-date: /home/xizesse/ros_ws/src/avoa3d/install/avoa3d/share/ament_index/resource_index/rosidl_interfaces/avoa3d
-- Up-to-date: /home/xizesse/ros_ws/src/avoa3d/install/avoa3d/share/avoa3d/msg/ElementCharacteristicsStamped.json
-- Up-to-date: /home/xizesse/ros_ws/src/avoa3d/install/avoa3d/share/avoa3d/msg/ElementCharacteristicsArray.json
-- Up-to-date: /home/xizesse/ros_ws/src/avoa3d/install/avoa3d/include/avoa3d/avoa3d
-- Up-to-date: /home/xizesse/ros_ws/src/avoa3d/install/avoa3d/include/avoa3d/avoa3d/msg
-- Up-to-date: /home/xizesse/ros_ws/src/avoa3d/install/avoa3d/include/avoa3d/avoa3d/msg/rosidl_generator_c__visibility_control.h
-- Up-to-date: /home/xizesse/ros_ws/src/avoa3d/install/avoa3d/include/avoa3d/avoa3d/msg/element_characteristics_stamped.h
-- Up-to-date: /home/xizesse/ros_ws/src/avoa3d/install/avoa3d/include/avoa3d/avoa3d/msg/detail
-- Up-to-date: /home/xizesse/ros_ws/src/avoa3d/install/avoa3d/include/avoa3d/avoa3d/msg/detail/element_characteristics_array__description.c
-- Up-to-date: /home/xizesse/ros_ws/src/avoa3d/install/avoa3d/include/avoa3d/avoa3d/msg/detail/element_characteristics_stamped__type_support.c
-- Up-to-date: /home/xizesse/ros_ws/src/avoa3d/install/avoa3d/include/avoa3d/avoa3d/msg/detail/element_characteristics_array__functions.c
-- Up-to-date: /home/xizesse/ros_ws/src/avoa3d/install/avoa3d/include/avoa3d/avoa3d/msg/detail/element_characteristics_array__type_support.c
-- Up-to-date: /home/xizesse/ros_ws/src/avoa3d/install/avoa3d/include/avoa3d/avoa3d/msg/detail/element_characteristics_stamped__functions.h
-- Up-to-date: /home/xizesse/ros_ws/src/avoa3d/install/avoa3d/include/avoa3d/avoa3d/msg/detail/element_characteristics_stamped__type_support.h
-- Up-to-date: /home/xizesse/ros_ws/src/avoa3d/install/avoa3d/include/avoa3d/avoa3d/msg/detail/element_characteristics_stamped__description.c
-- Up-to-date: /home/xizesse/ros_ws/src/avoa3d/install/avoa3d/include/avoa3d/avoa3d/msg/detail/element_characteristics_array__struct.h
-- Up-to-date: /home/xizesse/ros_ws/src/avoa3d/install/avoa3d/include/avoa3d/avoa3d/msg/detail/element_characteristics_stamped__struct.h
-- Up-to-date: /home/xizesse/ros_ws/src/avoa3d/install/avoa3d/include/avoa3d/avoa3d/msg/detail/element_characteristics_array__functions.h
-- Up-to-date: /home/xizesse/ros_ws/src/avoa3d/install/avoa3d/include/avoa3d/avoa3d/msg/detail/element_characteristics_stamped__functions.c
-- Up-to-date: /home/xizesse/ros_ws/src/avoa3d/install/avoa3d/include/avoa3d/avoa3d/msg/detail/element_characteristics_array__type_support.h
-- Up-to-date: /home/xizesse/ros_ws/src/avoa3d/install/avoa3d/include/avoa3d/avoa3d/msg/element_characteristics_array.h
-- Up-to-date: /home/xizesse/ros_ws/src/avoa3d/install/avoa3d/share/avoa3d/environment/library_path.sh
-- Up-to-date: /home/xizesse/ros_ws/src/avoa3d/install/avoa3d/share/avoa3d/environment/library_path.dsv
-- Up-to-date: /home/xizesse/ros_ws/src/avoa3d/install/avoa3d/lib/libavoa3d__rosidl_generator_c.so
-- Up-to-date: /home/xizesse/ros_ws/src/avoa3d/install/avoa3d/include/avoa3d/avoa3d
-- Up-to-date: /home/xizesse/ros_ws/src/avoa3d/install/avoa3d/include/avoa3d/avoa3d/msg
-- Up-to-date: /home/xizesse/ros_ws/src/avoa3d/install/avoa3d/include/avoa3d/avoa3d/msg/rosidl_typesupport_fastrtps_c__visibility_control.h
-- Up-to-date: /home/xizesse/ros_ws/src/avoa3d/install/avoa3d/include/avoa3d/avoa3d/msg/detail
-- Up-to-date: /home/xizesse/ros_ws/src/avoa3d/install/avoa3d/include/avoa3d/avoa3d/msg/detail/element_characteristics_array__rosidl_typesupport_fastrtps_c.h
-- Up-to-date: /home/xizesse/ros_ws/src/avoa3d/install/avoa3d/include/avoa3d/avoa3d/msg/detail/element_characteristics_stamped__rosidl_typesupport_fastrtps_c.h
-- Up-to-date: /home/xizesse/ros_ws/src/avoa3d/install/avoa3d/lib/libavoa3d__rosidl_typesupport_fastrtps_c.so
-- Up-to-date: /home/xizesse/ros_ws/src/avoa3d/install/avoa3d/include/avoa3d/avoa3d
-- Up-to-date: /home/xizesse/ros_ws/src/avoa3d/install/avoa3d/include/avoa3d/avoa3d/msg
-- Up-to-date: /home/xizesse/ros_ws/src/avoa3d/install/avoa3d/include/avoa3d/avoa3d/msg/element_characteristics_stamped.hpp
-- Up-to-date: /home/xizesse/ros_ws/src/avoa3d/install/avoa3d/include/avoa3d/avoa3d/msg/element_characteristics_array.hpp
-- Up-to-date: /home/xizesse/ros_ws/src/avoa3d/install/avoa3d/include/avoa3d/avoa3d/msg/rosidl_generator_cpp__visibility_control.hpp
-- Up-to-date: /home/xizesse/ros_ws/src/avoa3d/install/avoa3d/include/avoa3d/avoa3d/msg/detail
-- Up-to-date: /home/xizesse/ros_ws/src/avoa3d/install/avoa3d/include/avoa3d/avoa3d/msg/detail/element_characteristics_stamped__struct.hpp
-- Up-to-date: /home/xizesse/ros_ws/src/avoa3d/install/avoa3d/include/avoa3d/avoa3d/msg/detail/element_characteristics_stamped__traits.hpp
-- Up-to-date: /home/xizesse/ros_ws/src/avoa3d/install/avoa3d/include/avoa3d/avoa3d/msg/detail/element_characteristics_array__type_support.hpp
-- Up-to-date: /home/xizesse/ros_ws/src/avoa3d/install/avoa3d/include/avoa3d/avoa3d/msg/detail/element_characteristics_stamped__builder.hpp
-- Up-to-date: /home/xizesse/ros_ws/src/avoa3d/install/avoa3d/include/avoa3d/avoa3d/msg/detail/element_characteristics_array__builder.hpp
-- Up-to-date: /home/xizesse/ros_ws/src/avoa3d/install/avoa3d/include/avoa3d/avoa3d/msg/detail/element_characteristics_array__traits.hpp
-- Up-to-date: /home/xizesse/ros_ws/src/avoa3d/install/avoa3d/include/avoa3d/avoa3d/msg/detail/element_characteristics_stamped__type_support.hpp
-- Up-to-date: /home/xizesse/ros_ws/src/avoa3d/install/avoa3d/include/avoa3d/avoa3d/msg/detail/element_characteristics_array__struct.hpp
-- Up-to-date: /home/xizesse/ros_ws/src/avoa3d/install/avoa3d/include/avoa3d/avoa3d
-- Up-to-date: /home/xizesse/ros_ws/src/avoa3d/install/avoa3d/include/avoa3d/avoa3d/msg
-- Up-to-date: /home/xizesse/ros_ws/src/avoa3d/install/avoa3d/include/avoa3d/avoa3d/msg/rosidl_typesupport_fastrtps_cpp__visibility_control.h
-- Up-to-date: /home/xizesse/ros_ws/src/avoa3d/install/avoa3d/include/avoa3d/avoa3d/msg/detail
-- Up-to-date: /home/xizesse/ros_ws/src/avoa3d/install/avoa3d/include/avoa3d/avoa3d/msg/detail/element_characteristics_stamped__rosidl_typesupport_fastrtps_cpp.hpp
-- Up-to-date: /home/xizesse/ros_ws/src/avoa3d/install/avoa3d/include/avoa3d/avoa3d/msg/detail/dds_fastrtps
-- Up-to-date: /home/xizesse/ros_ws/src/avoa3d/install/avoa3d/include/avoa3d/avoa3d/msg/detail/element_characteristics_array__rosidl_typesupport_fastrtps_cpp.hpp
-- Up-to-date: /home/xizesse/ros_ws/src/avoa3d/install/avoa3d/lib/libavoa3d__rosidl_typesupport_fastrtps_cpp.so
-- Up-to-date: /home/xizesse/ros_ws/src/avoa3d/install/avoa3d/include/avoa3d/avoa3d
-- Up-to-date: /home/xizesse/ros_ws/src/avoa3d/install/avoa3d/include/avoa3d/avoa3d/msg
-- Up-to-date: /home/xizesse/ros_ws/src/avoa3d/install/avoa3d/include/avoa3d/avoa3d/msg/rosidl_typesupport_introspection_c__visibility_control.h
-- Up-to-date: /home/xizesse/ros_ws/src/avoa3d/install/avoa3d/include/avoa3d/avoa3d/msg/detail
-- Up-to-date: /home/xizesse/ros_ws/src/avoa3d/install/avoa3d/include/avoa3d/avoa3d/msg/detail/element_characteristics_array__rosidl_typesupport_introspection_c.h
-- Up-to-date: /home/xizesse/ros_ws/src/avoa3d/install/avoa3d/include/avoa3d/avoa3d/msg/detail/element_characteristics_stamped__type_support.c
-- Up-to-date: /home/xizesse/ros_ws/src/avoa3d/install/avoa3d/include/avoa3d/avoa3d/msg/detail/element_characteristics_array__type_support.c
-- Up-to-date: /home/xizesse/ros_ws/src/avoa3d/install/avoa3d/include/avoa3d/avoa3d/msg/detail/element_characteristics_stamped__rosidl_typesupport_introspection_c.h
-- Up-to-date: /home/xizesse/ros_ws/src/avoa3d/install/avoa3d/lib/libavoa3d__rosidl_typesupport_introspection_c.so
-- Up-to-date: /home/xizesse/ros_ws/src/avoa3d/install/avoa3d/lib/libavoa3d__rosidl_typesupport_c.so
-- Up-to-date: /home/xizesse/ros_ws/src/avoa3d/install/avoa3d/include/avoa3d/avoa3d
-- Up-to-date: /home/xizesse/ros_ws/src/avoa3d/install/avoa3d/include/avoa3d/avoa3d/msg
-- Up-to-date: /home/xizesse/ros_ws/src/avoa3d/install/avoa3d/include/avoa3d/avoa3d/msg/detail
-- Up-to-date: /home/xizesse/ros_ws/src/avoa3d/install/avoa3d/include/avoa3d/avoa3d/msg/detail/element_characteristics_stamped__rosidl_typesupport_introspection_cpp.hpp
-- Up-to-date: /home/xizesse/ros_ws/src/avoa3d/install/avoa3d/include/avoa3d/avoa3d/msg/detail/element_characteristics_array__rosidl_typesupport_introspection_cpp.hpp
-- Up-to-date: /home/xizesse/ros_ws/src/avoa3d/install/avoa3d/include/avoa3d/avoa3d/msg/detail/element_characteristics_array__type_support.cpp
-- Up-to-date: /home/xizesse/ros_ws/src/avoa3d/install/avoa3d/include/avoa3d/avoa3d/msg/detail/element_characteristics_stamped__type_support.cpp
-- Up-to-date: /home/xizesse/ros_ws/src/avoa3d/install/avoa3d/lib/libavoa3d__rosidl_typesupport_introspection_cpp.so
-- Up-to-date: /home/xizesse/ros_ws/src/avoa3d/install/avoa3d/lib/libavoa3d__rosidl_typesupport_cpp.so
-- Up-to-date: /home/xizesse/ros_ws/src/avoa3d/install/avoa3d/share/avoa3d/environment/pythonpath.sh
-- Up-to-date: /home/xizesse/ros_ws/src/avoa3d/install/avoa3d/share/avoa3d/environment/pythonpath.dsv
-- Up-to-date: /home/xizesse/ros_ws/src/avoa3d/install/avoa3d/lib/python3.12/site-packages/avoa3d-0.1.0-py3.12.egg-info
-- Installing: /home/xizesse/ros_ws/src/avoa3d/install/avoa3d/lib/python3.12/site-packages/avoa3d-0.1.0-py3.12.egg-info/PKG-INFO
-- Installing: /home/xizesse/ros_ws/src/avoa3d/install/avoa3d/lib/python3.12/site-packages/avoa3d-0.1.0-py3.12.egg-info/top_level.txt
-- Installing: /home/xizesse/ros_ws/src/avoa3d/install/avoa3d/lib/python3.12/site-packages/avoa3d-0.1.0-py3.12.egg-info/SOURCES.txt
-- Installing: /home/xizesse/ros_ws/src/avoa3d/install/avoa3d/lib/python3.12/site-packages/avoa3d-0.1.0-py3.12.egg-info/dependency_links.txt
-- Up-to-date: /home/xizesse/ros_ws/src/avoa3d/install/avoa3d/lib/python3.12/site-packages/avoa3d
-- Up-to-date: /home/xizesse/ros_ws/src/avoa3d/install/avoa3d/lib/python3.12/site-packages/avoa3d/_avoa3d_s.ep.rosidl_typesupport_fastrtps_c.c
-- Installing: /home/xizesse/ros_ws/src/avoa3d/install/avoa3d/lib/python3.12/site-packages/avoa3d/__init__.py
-- Up-to-date: /home/xizesse/ros_ws/src/avoa3d/install/avoa3d/lib/python3.12/site-packages/avoa3d/avoa3d_s__rosidl_typesupport_c.so
-- Up-to-date: /home/xizesse/ros_ws/src/avoa3d/install/avoa3d/lib/python3.12/site-packages/avoa3d/_avoa3d_s.ep.rosidl_typesupport_c.c
-- Up-to-date: /home/xizesse/ros_ws/src/avoa3d/install/avoa3d/lib/python3.12/site-packages/avoa3d/avoa3d_s__rosidl_typesupport_fastrtps_c.so
-- Up-to-date: /home/xizesse/ros_ws/src/avoa3d/install/avoa3d/lib/python3.12/site-packages/avoa3d/_avoa3d_s.ep.rosidl_typesupport_introspection_c.c
-- Up-to-date: /home/xizesse/ros_ws/src/avoa3d/install/avoa3d/lib/python3.12/site-packages/avoa3d/avoa3d_s__rosidl_typesupport_introspection_c.so
-- Up-to-date: /home/xizesse/ros_ws/src/avoa3d/install/avoa3d/lib/python3.12/site-packages/avoa3d/msg
-- Up-to-date: /home/xizesse/ros_ws/src/avoa3d/install/avoa3d/lib/python3.12/site-packages/avoa3d/msg/__init__.py
-- Up-to-date: /home/xizesse/ros_ws/src/avoa3d/install/avoa3d/lib/python3.12/site-packages/avoa3d/msg/_element_characteristics_array_s.c
-- Up-to-date: /home/xizesse/ros_ws/src/avoa3d/install/avoa3d/lib/python3.12/site-packages/avoa3d/msg/_element_characteristics_stamped_s.c
-- Up-to-date: /home/xizesse/ros_ws/src/avoa3d/install/avoa3d/lib/python3.12/site-packages/avoa3d/msg/_element_characteristics_array.py
-- Up-to-date: /home/xizesse/ros_ws/src/avoa3d/install/avoa3d/lib/python3.12/site-packages/avoa3d/msg/_element_characteristics_stamped.py
Listing '/home/xizesse/ros_ws/src/avoa3d/install/avoa3d/lib/python3.12/site-packages/avoa3d'...
Compiling '/home/xizesse/ros_ws/src/avoa3d/install/avoa3d/lib/python3.12/site-packages/avoa3d/__init__.py'...
Listing '/home/xizesse/ros_ws/src/avoa3d/install/avoa3d/lib/python3.12/site-packages/avoa3d/msg'...
-- Up-to-date: /home/xizesse/ros_ws/src/avoa3d/install/avoa3d/lib/python3.12/site-packages/avoa3d/avoa3d_s__rosidl_typesupport_fastrtps_c.so
-- Up-to-date: /home/xizesse/ros_ws/src/avoa3d/install/avoa3d/lib/python3.12/site-packages/avoa3d/avoa3d_s__rosidl_typesupport_introspection_c.so
-- Up-to-date: /home/xizesse/ros_ws/src/avoa3d/install/avoa3d/lib/python3.12/site-packages/avoa3d/avoa3d_s__rosidl_typesupport_c.so
-- Up-to-date: /home/xizesse/ros_ws/src/avoa3d/install/avoa3d/lib/libavoa3d__rosidl_generator_py.so
-- Up-to-date: /home/xizesse/ros_ws/src/avoa3d/install/avoa3d/share/avoa3d/msg/ElementCharacteristicsStamped.idl
-- Up-to-date: /home/xizesse/ros_ws/src/avoa3d/install/avoa3d/share/avoa3d/msg/ElementCharacteristicsArray.idl
-- Up-to-date: /home/xizesse/ros_ws/src/avoa3d/install/avoa3d/share/avoa3d/msg/ElementCharacteristicsStamped.msg
-- Up-to-date: /home/xizesse/ros_ws/src/avoa3d/install/avoa3d/share/avoa3d/msg/ElementCharacteristicsArray.msg
-- Up-to-date: /home/xizesse/ros_ws/src/avoa3d/install/avoa3d/lib/avoa3d/rviz_marker
-- Up-to-date: /home/xizesse/ros_ws/src/avoa3d/install/avoa3d/lib/avoa3d/test_w_goal
-- Up-to-date: /home/xizesse/ros_ws/src/avoa3d/install/avoa3d/lib/avoa3d/obstacle_publisher
-- Installing: /home/xizesse/ros_ws/src/avoa3d/install/avoa3d/lib/avoa3d/avoa3dnode
-- Set non-toolchain portion of runtime path of "/home/xizesse/ros_ws/src/avoa3d/install/avoa3d/lib/avoa3d/avoa3dnode" to ""
-- Up-to-date: /home/xizesse/ros_ws/src/avoa3d/install/avoa3d/share/avoa3d//launch
-- Up-to-date: /home/xizesse/ros_ws/src/avoa3d/install/avoa3d/share/avoa3d//launch/single_static.xml
-- Installing: /home/xizesse/ros_ws/src/avoa3d/install/avoa3d/share/avoa3d//launch/PurePursuit.xml
-- Up-to-date: /home/xizesse/ros_ws/src/avoa3d/install/avoa3d/share/avoa3d//launch/dynamic.xml
-- Up-to-date: /home/xizesse/ros_ws/src/avoa3d/install/avoa3d/share/avoa3d//launch/bridge_launch.xml
-- Up-to-date: /home/xizesse/ros_ws/src/avoa3d/install/avoa3d/share/avoa3d//config
-- Up-to-date: /home/xizesse/ros_ws/src/avoa3d/install/avoa3d/share/avoa3d//config/motion_params.yaml
-- Up-to-date: /home/xizesse/ros_ws/src/avoa3d/install/avoa3d/share/avoa3d//config/bridge_config.yaml
-- Up-to-date: /home/xizesse/ros_ws/src/avoa3d/install/avoa3d/share/ament_index/resource_index/package_run_dependencies/avoa3d
-- Up-to-date: /home/xizesse/ros_ws/src/avoa3d/install/avoa3d/share/ament_index/resource_index/parent_prefix_path/avoa3d
-- Up-to-date: /home/xizesse/ros_ws/src/avoa3d/install/avoa3d/share/avoa3d/environment/ament_prefix_path.sh
-- Up-to-date: /home/xizesse/ros_ws/src/avoa3d/install/avoa3d/share/avoa3d/environment/ament_prefix_path.dsv
-- Up-to-date: /home/xizesse/ros_ws/src/avoa3d/install/avoa3d/share/avoa3d/environment/path.sh
-- Up-to-date: /home/xizesse/ros_ws/src/avoa3d/install/avoa3d/share/avoa3d/environment/path.dsv
-- Up-to-date: /home/xizesse/ros_ws/src/avoa3d/install/avoa3d/share/avoa3d/local_setup.bash
-- Up-to-date: /home/xizesse/ros_ws/src/avoa3d/install/avoa3d/share/avoa3d/local_setup.sh
-- Up-to-date: /home/xizesse/ros_ws/src/avoa3d/install/avoa3d/share/avoa3d/local_setup.zsh
-- Up-to-date: /home/xizesse/ros_ws/src/avoa3d/install/avoa3d/share/avoa3d/local_setup.dsv
-- Installing: /home/xizesse/ros_ws/src/avoa3d/install/avoa3d/share/avoa3d/package.dsv
-- Up-to-date: /home/xizesse/ros_ws/src/avoa3d/install/avoa3d/share/ament_index/resource_index/packages/avoa3d
-- Up-to-date: /home/xizesse/ros_ws/src/avoa3d/install/avoa3d/share/avoa3d/cmake/export_avoa3d__rosidl_generator_cExport.cmake
-- Up-to-date: /home/xizesse/ros_ws/src/avoa3d/install/avoa3d/share/avoa3d/cmake/export_avoa3d__rosidl_generator_cExport-noconfig.cmake
-- Up-to-date: /home/xizesse/ros_ws/src/avoa3d/install/avoa3d/share/avoa3d/cmake/export_avoa3d__rosidl_typesupport_fastrtps_cExport.cmake
-- Up-to-date: /home/xizesse/ros_ws/src/avoa3d/install/avoa3d/share/avoa3d/cmake/export_avoa3d__rosidl_typesupport_fastrtps_cExport-noconfig.cmake
-- Up-to-date: /home/xizesse/ros_ws/src/avoa3d/install/avoa3d/share/avoa3d/cmake/export_avoa3d__rosidl_generator_cppExport.cmake
-- Up-to-date: /home/xizesse/ros_ws/src/avoa3d/install/avoa3d/share/avoa3d/cmake/export_avoa3d__rosidl_typesupport_fastrtps_cppExport.cmake
-- Up-to-date: /home/xizesse/ros_ws/src/avoa3d/install/avoa3d/share/avoa3d/cmake/export_avoa3d__rosidl_typesupport_fastrtps_cppExport-noconfig.cmake
-- Up-to-date: /home/xizesse/ros_ws/src/avoa3d/install/avoa3d/share/avoa3d/cmake/avoa3d__rosidl_typesupport_introspection_cExport.cmake
-- Up-to-date: /home/xizesse/ros_ws/src/avoa3d/install/avoa3d/share/avoa3d/cmake/avoa3d__rosidl_typesupport_introspection_cExport-noconfig.cmake
-- Up-to-date: /home/xizesse/ros_ws/src/avoa3d/install/avoa3d/share/avoa3d/cmake/avoa3d__rosidl_typesupport_cExport.cmake
-- Up-to-date: /home/xizesse/ros_ws/src/avoa3d/install/avoa3d/share/avoa3d/cmake/avoa3d__rosidl_typesupport_cExport-noconfig.cmake
-- Up-to-date: /home/xizesse/ros_ws/src/avoa3d/install/avoa3d/share/avoa3d/cmake/avoa3d__rosidl_typesupport_introspection_cppExport.cmake
-- Up-to-date: /home/xizesse/ros_ws/src/avoa3d/install/avoa3d/share/avoa3d/cmake/avoa3d__rosidl_typesupport_introspection_cppExport-noconfig.cmake
-- Up-to-date: /home/xizesse/ros_ws/src/avoa3d/install/avoa3d/share/avoa3d/cmake/avoa3d__rosidl_typesupport_cppExport.cmake
-- Up-to-date: /home/xizesse/ros_ws/src/avoa3d/install/avoa3d/share/avoa3d/cmake/avoa3d__rosidl_typesupport_cppExport-noconfig.cmake
-- Up-to-date: /home/xizesse/ros_ws/src/avoa3d/install/avoa3d/share/avoa3d/cmake/export_avoa3d__rosidl_generator_pyExport.cmake
-- Up-to-date: /home/xizesse/ros_ws/src/avoa3d/install/avoa3d/share/avoa3d/cmake/export_avoa3d__rosidl_generator_pyExport-noconfig.cmake
-- Up-to-date: /home/xizesse/ros_ws/src/avoa3d/install/avoa3d/share/avoa3d/cmake/rosidl_cmake-extras.cmake
-- Up-to-date: /home/xizesse/ros_ws/src/avoa3d/install/avoa3d/share/avoa3d/cmake/ament_cmake_export_dependencies-extras.cmake
-- Up-to-date: /home/xizesse/ros_ws/src/avoa3d/install/avoa3d/share/avoa3d/cmake/ament_cmake_export_include_directories-extras.cmake
-- Up-to-date: /home/xizesse/ros_ws/src/avoa3d/install/avoa3d/share/avoa3d/cmake/ament_cmake_export_libraries-extras.cmake
-- Up-to-date: /home/xizesse/ros_ws/src/avoa3d/install/avoa3d/share/avoa3d/cmake/ament_cmake_export_targets-extras.cmake
-- Up-to-date: /home/xizesse/ros_ws/src/avoa3d/install/avoa3d/share/avoa3d/cmake/rosidl_cmake_export_typesupport_targets-extras.cmake
-- Up-to-date: /home/xizesse/ros_ws/src/avoa3d/install/avoa3d/share/avoa3d/cmake/rosidl_cmake_export_typesupport_libraries-extras.cmake
-- Up-to-date: /home/xizesse/ros_ws/src/avoa3d/install/avoa3d/share/avoa3d/cmake/avoa3dConfig.cmake
-- Up-to-date: /home/xizesse/ros_ws/src/avoa3d/install/avoa3d/share/avoa3d/cmake/avoa3dConfig-version.cmake
-- Up-to-date: /home/xizesse/ros_ws/src/avoa3d/install/avoa3d/share/avoa3d/package.xml
