[0.049s] Invoking command in '/home/xizesse/ros_ws/src/avoa3d/build/avoa3d': CMAKE_PREFIX_PATH=${CMAKE_PREFIX_PATH}:/opt/ros/jazzy DEBUGINFOD_URLS=https://debuginfod.ubuntu.com /usr/bin/cmake /home/xizesse/ros_ws/src/avoa3d -DCMAKE_INSTALL_PREFIX=/home/xizesse/ros_ws/src/avoa3d/install/avoa3d
[0.268s] -- The C compiler identification is GNU 13.3.0
[0.467s] -- The CXX compiler identification is GNU 13.3.0
[0.525s] -- Detecting C compiler ABI info
[0.812s] -- Detecting C compiler ABI info - done
[0.841s] -- Check for working C compiler: /usr/bin/cc - skipped
[0.844s] -- Detecting C compile features
[0.846s] -- Detecting C compile features - done
[0.981s] -- Detecting CXX compiler ABI info
[1.295s] -- Detecting CXX compiler ABI info - done
[1.322s] -- Check for working CXX compiler: /usr/bin/c++ - skipped
[1.323s] -- Detecting CXX compile features
[1.324s] -- Detecting CXX compile features - done
[1.336s] -- Found ament_cmake: 2.5.3 (/opt/ros/jazzy/share/ament_cmake/cmake)
[1.794s] -- Found Python3: /usr/bin/python3 (found version "3.12.3") found components: Interpreter 
[2.163s] -- Found rclcpp: 28.1.6 (/opt/ros/jazzy/share/rclcpp/cmake)
[2.338s] -- Found rosidl_generator_c: 4.6.5 (/opt/ros/jazzy/share/rosidl_generator_c/cmake)
[2.392s] -- Found rosidl_generator_cpp: 4.6.5 (/opt/ros/jazzy/share/rosidl_generator_cpp/cmake)
[2.456s] -- Using all available rosidl_typesupport_c: rosidl_typesupport_fastrtps_c;rosidl_typesupport_introspection_c
[2.506s] -- Using all available rosidl_typesupport_cpp: rosidl_typesupport_fastrtps_cpp;rosidl_typesupport_introspection_cpp
[2.704s] -- Found rmw_implementation_cmake: 7.3.1 (/opt/ros/jazzy/share/rmw_implementation_cmake/cmake)
[2.713s] -- Found rmw_fastrtps_cpp: 8.4.1 (/opt/ros/jazzy/share/rmw_fastrtps_cpp/cmake)
[2.892s] -- Found OpenSSL: /usr/lib/x86_64-linux-gnu/libcrypto.so (found version "3.0.13")  
[2.932s] -- Found FastRTPS: /opt/ros/jazzy/include (Required is at least version "2.13") 
[2.983s] -- Using RMW implementation 'rmw_fastrtps_cpp' as default
[3.144s] -- Found std_msgs: 5.3.5 (/opt/ros/jazzy/share/std_msgs/cmake)
[3.174s] -- Found visualization_msgs: 5.3.5 (/opt/ros/jazzy/share/visualization_msgs/cmake)
[3.367s] -- Found rosidl_default_generators: 1.6.0 (/opt/ros/jazzy/share/rosidl_default_generators/cmake)
[3.418s] -- Found rosidl_adapter: 4.6.5 (/opt/ros/jazzy/share/rosidl_adapter/cmake)
[3.430s] -- Found nav_msgs: 5.3.5 (/opt/ros/jazzy/share/nav_msgs/cmake)
[3.491s] -- Found tf2_ros: 0.36.8 (/opt/ros/jazzy/share/tf2_ros/cmake)
[3.774s] -- Found tf2_eigen: 0.36.8 (/opt/ros/jazzy/share/tf2_eigen/cmake)
[3.797s] -- Found tf2_geometry_msgs: 0.36.8 (/opt/ros/jazzy/share/tf2_geometry_msgs/cmake)
[3.821s] -- Found eigen3_cmake_module: 0.3.0 (/opt/ros/jazzy/share/eigen3_cmake_module/cmake)
[3.824s] -- Found Eigen3: TRUE (found version "3.4.0") 
[3.824s] -- Ensuring Eigen3 include directory is part of orocos-kdl CMake target
[3.830s] -- Found custom_msgs: 0.0.0 (/home/xizesse/ros_ws/install/custom_msgs/share/custom_msgs/cmake)
[3.883s] -- Found rviz_visual_tools: 4.1.4 (/opt/ros/jazzy/share/rviz_visual_tools/cmake)
[4.061s] -- Setting OGRE_DIR to: '/opt/ros/jazzy/share/rviz_ogre_vendor/cmake/../../../opt/rviz_ogre_vendor/lib/OGRE/cmake'
[4.064s] -- Found OGRE
[4.064s] --   static     : OFF
[4.064s] --   components : MeshLodGenerator;Overlay;Paging;Property;RTShaderSystem;Terrain;Volume
[4.064s] --   plugins    : Plugin_BSPSceneManager;Plugin_OctreeSceneManager;Plugin_PCZSceneManager;Plugin_ParticleFX;RenderSystem_GL;RenderSystem_GL3Plus;Codec_STBI
[4.064s] --   media      : /opt/ros/jazzy/opt/rviz_ogre_vendor/share/OGRE/Media
[4.064s] -- OGRE_LIBRARIES: OgreMeshLodGenerator;OgreOverlay;OgrePaging;OgreProperty;OgreRTShaderSystem;OgreTerrain;OgreVolume;OgreMain
[4.065s] -- OGRE_LIBRARY_DIRS: /opt/ros/jazzy/opt/rviz_ogre_vendor/lib
[4.065s] -- OGRE_PLUGINS: Plugin_BSPSceneManager;Plugin_OctreeSceneManager;Plugin_PCZSceneManager;Plugin_ParticleFX;RenderSystem_GL;RenderSystem_GL3Plus;Codec_STBI
[4.065s] -- OGRE_PLUGIN_DIR: /opt/ros/jazzy/opt/rviz_ogre_vendor/lib/OGRE
[4.065s] -- rviz_ogre_vendor::OgreOverlay for IMPORTED_LOCATION_RELEASE: /opt/ros/jazzy/opt/rviz_ogre_vendor/lib/libOgreOverlay.so
[4.065s] -- rviz_ogre_vendor::OgreOverlay for IMPORTED_LOCATION_DEBUG: /opt/ros/jazzy/opt/rviz_ogre_vendor/lib/libOgreOverlay.so
[4.066s] -- rviz_ogre_vendor::OgreMain for IMPORTED_LOCATION_RELEASE: /opt/ros/jazzy/opt/rviz_ogre_vendor/lib/libOgreMain.so
[4.066s] -- rviz_ogre_vendor::OgreMain for IMPORTED_LOCATION_DEBUG: /opt/ros/jazzy/opt/rviz_ogre_vendor/lib/libOgreMain.so
[4.145s] -- Found ZLIB: /usr/lib/x86_64-linux-gnu/libz.so (found version "1.3")  
[4.176s] -- Found OpenGL: /usr/lib/x86_64-linux-gnu/libOpenGL.so   
[4.544s] -- Found X11: /usr/include   
[4.544s] -- Looking for XOpenDisplay in /usr/lib/x86_64-linux-gnu/libX11.so;/usr/lib/x86_64-linux-gnu/libXext.so
[4.732s] -- Looking for XOpenDisplay in /usr/lib/x86_64-linux-gnu/libX11.so;/usr/lib/x86_64-linux-gnu/libXext.so - found
[4.732s] -- Looking for gethostbyname
[4.913s] -- Looking for gethostbyname - found
[4.913s] -- Looking for connect
[5.181s] -- Looking for connect - found
[5.181s] -- Looking for remove
[5.429s] -- Looking for remove - found
[5.430s] -- Looking for shmat
[5.685s] -- Looking for shmat - found
[5.685s] -- Looking for IceConnectionNumber in ICE
[5.894s] -- Looking for IceConnectionNumber in ICE - found
[5.972s] -- Setting yaml-cpp_DIR to: '/opt/ros/jazzy/share/yaml_cpp_vendor/cmake/../../../opt/yaml_cpp_vendor/share/cmake/yaml-cpp'
[8.051s] -- Found ament_cmake_ros: 0.12.0 (/opt/ros/jazzy/share/ament_cmake_ros/cmake)
[10.098s] -- Using all available rosidl_typesupport_c: rosidl_typesupport_fastrtps_c;rosidl_typesupport_introspection_c
[10.735s] -- Using all available rosidl_typesupport_cpp: rosidl_typesupport_fastrtps_cpp;rosidl_typesupport_introspection_cpp
[10.742s] -- Found python_cmake_module: 0.11.1 (/opt/ros/jazzy/share/python_cmake_module/cmake)
[11.027s] -- Found PythonExtra: /usr/bin/python3  
[11.890s] -- Found Python3: /usr/bin/python3 (found version "3.12.3") found components: Interpreter Development NumPy Development.Module Development.Embed 
[12.027s] -- Found ament_lint_auto: 0.17.1 (/opt/ros/jazzy/share/ament_lint_auto/cmake)
[12.035s] -- Configuring done (12.0s)
[12.147s] -- Generating done (0.1s)
[12.185s] -- Build files have been written to: /home/xizesse/ros_ws/src/avoa3d/build/avoa3d
[12.210s] Invoked command in '/home/xizesse/ros_ws/src/avoa3d/build/avoa3d' returned '0': CMAKE_PREFIX_PATH=${CMAKE_PREFIX_PATH}:/opt/ros/jazzy DEBUGINFOD_URLS=https://debuginfod.ubuntu.com /usr/bin/cmake /home/xizesse/ros_ws/src/avoa3d -DCMAKE_INSTALL_PREFIX=/home/xizesse/ros_ws/src/avoa3d/install/avoa3d
[12.213s] Invoking command in '/home/xizesse/ros_ws/src/avoa3d/build/avoa3d': CMAKE_PREFIX_PATH=${CMAKE_PREFIX_PATH}:/opt/ros/jazzy DEBUGINFOD_URLS=https://debuginfod.ubuntu.com /usr/bin/cmake --build /home/xizesse/ros_ws/src/avoa3d/build/avoa3d -- -j20 -l20
[12.315s] [  1%] [34m[1mGenerating type hashes for ROS interfaces[0m
[12.330s] [  1%] Built target ament_cmake_python_copy_avoa3d
[12.698s] running egg_info
[12.700s] creating avoa3d.egg-info
[12.724s] writing avoa3d.egg-info/PKG-INFO
[12.725s] writing dependency_links to avoa3d.egg-info/dependency_links.txt
[12.725s] writing top-level names to avoa3d.egg-info/top_level.txt
[12.725s] writing manifest file 'avoa3d.egg-info/SOURCES.txt'
[12.788s] [  1%] Built target avoa3d__rosidl_generator_type_description
[12.807s] [  3%] [34m[1mGenerating C code for ROS interfaces[0m
[12.811s] reading manifest file 'avoa3d.egg-info/SOURCES.txt'
[12.811s] writing manifest file 'avoa3d.egg-info/SOURCES.txt'
[12.826s] [  5%] [34m[1mGenerating C++ code for ROS interfaces[0m
[12.861s] [  5%] Built target ament_cmake_python_build_avoa3d_egg
[13.388s] [  5%] Built target avoa3d__cpp
[13.458s] [  7%] [32mBuilding C object CMakeFiles/avoa3d__rosidl_generator_c.dir/rosidl_generator_c/avoa3d/msg/detail/element_characteristics_stamped__type_support.c.o[0m
[13.459s] [ 11%] [32mBuilding C object CMakeFiles/avoa3d__rosidl_generator_c.dir/rosidl_generator_c/avoa3d/msg/detail/element_characteristics_array__functions.c.o[0m
[13.459s] [ 11%] [32mBuilding C object CMakeFiles/avoa3d__rosidl_generator_c.dir/rosidl_generator_c/avoa3d/msg/detail/element_characteristics_array__description.c.o[0m
[13.461s] [ 12%] [32mBuilding C object CMakeFiles/avoa3d__rosidl_generator_c.dir/rosidl_generator_c/avoa3d/msg/detail/element_characteristics_stamped__functions.c.o[0m
[13.462s] [ 14%] [32mBuilding C object CMakeFiles/avoa3d__rosidl_generator_c.dir/rosidl_generator_c/avoa3d/msg/detail/element_characteristics_stamped__description.c.o[0m
[13.463s] [ 16%] [32mBuilding C object CMakeFiles/avoa3d__rosidl_generator_c.dir/rosidl_generator_c/avoa3d/msg/detail/element_characteristics_array__type_support.c.o[0m
[13.566s] [ 18%] [32m[1mLinking C shared library libavoa3d__rosidl_generator_c.so[0m
[13.633s] [ 18%] Built target avoa3d__rosidl_generator_c
[13.651s] [ 20%] [34m[1mGenerating C++ type support dispatch for ROS interfaces[0m
[13.651s] [ 22%] [34m[1mGenerating C type support dispatch for ROS interfaces[0m
[13.651s] [ 24%] [34m[1mGenerating C introspection for ROS interfaces[0m
[13.654s] [ 25%] [34m[1mGenerating C++ introspection for ROS interfaces[0m
[13.655s] [ 27%] [34m[1mGenerating C type support for eProsima Fast-RTPS[0m
[13.655s] [ 29%] [34m[1mGenerating C++ type support for eProsima Fast-RTPS[0m
[14.326s] [ 33%] [32mBuilding CXX object CMakeFiles/avoa3d__rosidl_typesupport_c.dir/rosidl_typesupport_c/avoa3d/msg/element_characteristics_array__type_support.cpp.o[0m
[14.327s] [ 33%] [32mBuilding CXX object CMakeFiles/avoa3d__rosidl_typesupport_c.dir/rosidl_typesupport_c/avoa3d/msg/element_characteristics_stamped__type_support.cpp.o[0m
[14.388s] [ 35%] [32mBuilding CXX object CMakeFiles/avoa3d__rosidl_typesupport_introspection_cpp.dir/rosidl_typesupport_introspection_cpp/avoa3d/msg/detail/element_characteristics_array__type_support.cpp.o[0m
[14.389s] [ 37%] [32mBuilding CXX object CMakeFiles/avoa3d__rosidl_typesupport_introspection_cpp.dir/rosidl_typesupport_introspection_cpp/avoa3d/msg/detail/element_characteristics_stamped__type_support.cpp.o[0m
[14.402s] [ 38%] [32mBuilding C object CMakeFiles/avoa3d__rosidl_typesupport_introspection_c.dir/rosidl_typesupport_introspection_c/avoa3d/msg/detail/element_characteristics_stamped__type_support.c.o[0m
[14.402s] [ 40%] [32mBuilding C object CMakeFiles/avoa3d__rosidl_typesupport_introspection_c.dir/rosidl_typesupport_introspection_c/avoa3d/msg/detail/element_characteristics_array__type_support.c.o[0m
[14.442s] [ 42%] [32mBuilding CXX object CMakeFiles/avoa3d__rosidl_typesupport_cpp.dir/rosidl_typesupport_cpp/avoa3d/msg/element_characteristics_array__type_support.cpp.o[0m
[14.447s] [ 44%] [32mBuilding CXX object CMakeFiles/avoa3d__rosidl_typesupport_cpp.dir/rosidl_typesupport_cpp/avoa3d/msg/element_characteristics_stamped__type_support.cpp.o[0m
[14.457s] [ 46%] [32m[1mLinking CXX shared library libavoa3d__rosidl_typesupport_c.so[0m
[14.509s] [ 48%] [32mBuilding CXX object CMakeFiles/avoa3d__rosidl_typesupport_fastrtps_c.dir/rosidl_typesupport_fastrtps_c/avoa3d/msg/detail/element_characteristics_stamped__type_support_c.cpp.o[0m
[14.512s] [ 50%] [32mBuilding CXX object CMakeFiles/avoa3d__rosidl_typesupport_fastrtps_c.dir/rosidl_typesupport_fastrtps_c/avoa3d/msg/detail/element_characteristics_array__type_support_c.cpp.o[0m
[14.523s] [ 51%] [32m[1mLinking C shared library libavoa3d__rosidl_typesupport_introspection_c.so[0m
[14.576s] [ 51%] Built target avoa3d__rosidl_typesupport_c
[14.607s] [ 51%] Built target avoa3d__rosidl_typesupport_introspection_c
[14.622s] [ 55%] [32mBuilding CXX object CMakeFiles/avoa3d__rosidl_typesupport_fastrtps_cpp.dir/rosidl_typesupport_fastrtps_cpp/avoa3d/msg/detail/dds_fastrtps/element_characteristics_stamped__type_support.cpp.o[0m
[14.622s] [ 55%] [32mBuilding CXX object CMakeFiles/avoa3d__rosidl_typesupport_fastrtps_cpp.dir/rosidl_typesupport_fastrtps_cpp/avoa3d/msg/detail/dds_fastrtps/element_characteristics_array__type_support.cpp.o[0m
[15.039s] [ 57%] [32m[1mLinking CXX shared library libavoa3d__rosidl_typesupport_cpp.so[0m
[15.131s] [ 57%] Built target avoa3d__rosidl_typesupport_cpp
[15.182s] [ 61%] [32mBuilding CXX object CMakeFiles/rviz_marker.dir/src/rviz_marker.cpp.o[0m
[15.183s] [ 61%] [32mBuilding CXX object CMakeFiles/avoa3dnode.dir/src/avoa3dnode.cpp.o[0m
[15.184s] [ 64%] [32mBuilding CXX object CMakeFiles/obstacle_publisher.dir/src/obstacle_publisher.cpp.o[0m
[15.184s] [ 64%] [32mBuilding CXX object CMakeFiles/test_w_goal.dir/src/test_w_goal.cpp.o[0m
[15.186s] [ 66%] [32mBuilding CXX object CMakeFiles/avoa3dnode.dir/src/sample_visualizer.cpp.o[0m
[15.187s] [ 68%] [32mBuilding CXX object CMakeFiles/avoa3dnode.dir/src/sample_evaluator.cpp.o[0m
[15.424s] [ 70%] [32m[1mLinking CXX shared library libavoa3d__rosidl_typesupport_introspection_cpp.so[0m
[15.614s] [ 72%] [32m[1mLinking CXX shared library libavoa3d__rosidl_typesupport_fastrtps_cpp.so[0m
[15.619s] [ 74%] [32m[1mLinking CXX shared library libavoa3d__rosidl_typesupport_fastrtps_c.so[0m
[15.627s] [ 74%] Built target avoa3d__rosidl_typesupport_introspection_cpp
[15.748s] [ 74%] Built target avoa3d__rosidl_typesupport_fastrtps_c
[15.781s] [ 74%] Built target avoa3d__rosidl_typesupport_fastrtps_cpp
[15.835s] [ 74%] Built target avoa3d
[15.886s] [ 75%] [34m[1mGenerating Python code for ROS interfaces[0m
[17.152s] [ 75%] Built target avoa3d__py
[17.213s] [ 77%] [32mBuilding C object CMakeFiles/avoa3d__rosidl_generator_py.dir/rosidl_generator_py/avoa3d/msg/_element_characteristics_array_s.c.o[0m
[17.221s] [ 79%] [32mBuilding C object CMakeFiles/avoa3d__rosidl_generator_py.dir/rosidl_generator_py/avoa3d/msg/_element_characteristics_stamped_s.c.o[0m
[17.713s] [ 81%] [32m[1mLinking C shared library libavoa3d__rosidl_generator_py.so[0m
[17.853s] [ 81%] Built target avoa3d__rosidl_generator_py
[17.919s] [ 85%] [32mBuilding C object CMakeFiles/avoa3d_s__rosidl_typesupport_c.dir/rosidl_generator_py/avoa3d/_avoa3d_s.ep.rosidl_typesupport_c.c.o[0m
[17.919s] [ 85%] [32mBuilding C object CMakeFiles/avoa3d_s__rosidl_typesupport_introspection_c.dir/rosidl_generator_py/avoa3d/_avoa3d_s.ep.rosidl_typesupport_introspection_c.c.o[0m
[17.920s] [ 87%] [32mBuilding C object CMakeFiles/avoa3d_s__rosidl_typesupport_fastrtps_c.dir/rosidl_generator_py/avoa3d/_avoa3d_s.ep.rosidl_typesupport_fastrtps_c.c.o[0m
[18.261s] [ 88%] [32m[1mLinking C shared module rosidl_generator_py/avoa3d/avoa3d_s__rosidl_typesupport_fastrtps_c.so[0m
[18.261s] [ 90%] [32m[1mLinking C shared module rosidl_generator_py/avoa3d/avoa3d_s__rosidl_typesupport_introspection_c.so[0m
[18.270s] [ 92%] [32m[1mLinking C shared module rosidl_generator_py/avoa3d/avoa3d_s__rosidl_typesupport_c.so[0m
[18.343s] [ 92%] Built target avoa3d_s__rosidl_typesupport_introspection_c
[18.357s] [ 92%] Built target avoa3d_s__rosidl_typesupport_fastrtps_c
[18.370s] [ 92%] Built target avoa3d_s__rosidl_typesupport_c
[21.245s] [01m[K/home/xizesse/ros_ws/src/avoa3d/src/obstacle_publisher.cpp:[m[K In member function ‘[01m[Kvoid ObstaclePublisher::[01;32m[Ktimer_callback[m[K()[m[K’:
[21.245s] [01m[K/home/xizesse/ros_ws/src/avoa3d/src/obstacle_publisher.cpp:108:31:[m[K [01;31m[Kerror: [m[K‘[01m[Kobstacle_agent_x[m[K’ was not declared in this scope
[21.245s]   108 |     element.pose.position.x = [01;31m[Kobstacle_agent_x[m[K;
[21.246s]       |                               [01;31m[K^~~~~~~~~~~~~~~~[m[K
[21.268s] [01m[K/home/xizesse/ros_ws/src/avoa3d/src/obstacle_publisher.cpp:109:31:[m[K [01;31m[Kerror: [m[K‘[01m[Kobstacle_agent_y[m[K’ was not declared in this scope
[21.268s]   109 |     element.pose.position.y = [01;31m[Kobstacle_agent_y[m[K;
[21.269s]       |                               [01;31m[K^~~~~~~~~~~~~~~~[m[K
[26.782s] gmake[2]: *** [CMakeFiles/obstacle_publisher.dir/build.make:76: CMakeFiles/obstacle_publisher.dir/src/obstacle_publisher.cpp.o] Error 1
[26.782s] gmake[1]: *** [CMakeFiles/Makefile2:687: CMakeFiles/obstacle_publisher.dir/all] Error 2
[26.782s] gmake[1]: *** Waiting for unfinished jobs....
[32.599s] [ 94%] [32m[1mLinking CXX executable test_w_goal[0m
[33.205s] [ 94%] Built target test_w_goal
[41.096s] [ 96%] [32m[1mLinking CXX executable avoa3dnode[0m
[41.123s] [ 98%] [32m[1mLinking CXX executable rviz_marker[0m
[42.050s] [ 98%] Built target avoa3dnode
[42.172s] [ 98%] Built target rviz_marker
[42.174s] gmake: *** [Makefile:146: all] Error 2
[42.179s] Invoked command in '/home/xizesse/ros_ws/src/avoa3d/build/avoa3d' returned '2': CMAKE_PREFIX_PATH=${CMAKE_PREFIX_PATH}:/opt/ros/jazzy DEBUGINFOD_URLS=https://debuginfod.ubuntu.com /usr/bin/cmake --build /home/xizesse/ros_ws/src/avoa3d/build/avoa3d -- -j20 -l20
