[ 10%] Built target avoa__cpp
[ 10%] Built target avoa__rosidl_generator_c
[ 10%] Built target ament_cmake_python_copy_avoa
[ 56%] Built target avoa__rosidl_typesupport_cpp
[ 56%] Built target avoa__rosidl_typesupport_fastrtps_cpp
[ 56%] Built target avoa__rosidl_typesupport_introspection_cpp
[ 56%] Built target avoa__rosidl_typesupport_introspection_c
[ 56%] Built target avoa__rosidl_typesupport_fastrtps_c
[ 56%] Built target avoa__rosidl_typesupport_c
[35m[1mConsolidate compiler generated dependencies of target velocity_publisher[0m
[ 56%] Built target avoa
[ 66%] Built target obstacle_publisher
[ 66%] Built target rviz_marker
[ 71%] Built target point_cloud_publisher
[ 74%] [32mBuilding CXX object CMakeFiles/velocity_publisher.dir/src/velocity_publisher.cpp.o[0m
[ 76%] Built target avoa__py
[35m[1mConsolidate compiler generated dependencies of target avoa__rosidl_generator_py[0m
[ 82%] Built target avoa__rosidl_generator_py
[35m[1mConsolidate compiler generated dependencies of target avoa__rosidl_typesupport_introspection_c__pyext[0m
[35m[1mConsolidate compiler generated dependencies of target avoa__rosidl_typesupport_fastrtps_c__pyext[0m
[35m[1mConsolidate compiler generated dependencies of target avoa__rosidl_typesupport_c__pyext[0m
[ 97%] Built target avoa__rosidl_typesupport_c__pyext
[ 97%] Built target avoa__rosidl_typesupport_fastrtps_c__pyext
[ 97%] Built target avoa__rosidl_typesupport_introspection_c__pyext
running egg_info
writing avoa.egg-info/PKG-INFO
writing dependency_links to avoa.egg-info/dependency_links.txt
writing top-level names to avoa.egg-info/top_level.txt
reading manifest file 'avoa.egg-info/SOURCES.txt'
writing manifest file 'avoa.egg-info/SOURCES.txt'
[ 97%] Built target ament_cmake_python_build_avoa_egg
[01m[K/home/xizesse/ros2_ws/src/avoa/src/velocity_publisher.cpp:64:3:[m[K [01;31m[Kerror: [m[K‘[01m[Kgoal_position_[m[K’ does not name a type
   64 |   [01;31m[Kgoal_position_[m[K.x = 10.0;
      |   [01;31m[K^~~~~~~~~~~~~~[m[K
[01m[K/home/xizesse/ros2_ws/src/avoa/src/velocity_publisher.cpp:65:3:[m[K [01;31m[Kerror: [m[K‘[01m[Kgoal_position_[m[K’ does not name a type
   65 |   [01;31m[Kgoal_position_[m[K.y = 10.0;
      |   [01;31m[K^~~~~~~~~~~~~~[m[K
[01m[K/home/xizesse/ros2_ws/src/avoa/src/velocity_publisher.cpp:66:3:[m[K [01;31m[Kerror: [m[K‘[01m[Kgoal_position_[m[K’ does not name a type
   66 |   [01;31m[Kgoal_position_[m[K.z = 10.0;
      |   [01;31m[K^~~~~~~~~~~~~~[m[K
[01m[K/home/xizesse/ros2_ws/src/avoa/src/velocity_publisher.cpp:[m[K In constructor ‘[01m[KVelocityPublisher::VelocityPublisher()[m[K’:
[01m[K/home/xizesse/ros2_ws/src/avoa/src/velocity_publisher.cpp:23:33:[m[K [01;31m[Kerror: [m[Kclass ‘[01m[KVelocityPublisher[m[K’ does not have any field named ‘[01m[Kstart_time_[m[K’
   23 |   : Node("velocity_publisher"), [01;31m[Kstart_time_[m[K(this->get_clock()->now())
      |                                 [01;31m[K^~~~~~~~~~~[m[K
gmake[2]: *** [CMakeFiles/velocity_publisher.dir/build.make:76: CMakeFiles/velocity_publisher.dir/src/velocity_publisher.cpp.o] Error 1
gmake[1]: *** [CMakeFiles/Makefile2:653: CMakeFiles/velocity_publisher.dir/all] Error 2
gmake: *** [Makefile:146: all] Error 2
