[0.010s] Invoking command in '/home/xizesse/ros2_ws/src/avoa/build/avoa': CMAKE_PREFIX_PATH=${CMAKE_PREFIX_PATH}:/opt/ros/humble /usr/bin/cmake --build /home/xizesse/ros2_ws/src/avoa/build/avoa -- -j20 -l20
[0.059s] [ 10%] Built target avoa__cpp
[0.059s] [ 10%] Built target avoa__rosidl_generator_c
[0.069s] [ 10%] Built target ament_cmake_python_copy_avoa
[0.080s] [ 56%] Built target avoa__rosidl_typesupport_cpp
[0.080s] [ 56%] Built target avoa__rosidl_typesupport_fastrtps_cpp
[0.080s] [ 56%] Built target avoa__rosidl_typesupport_introspection_cpp
[0.080s] [ 56%] Built target avoa__rosidl_typesupport_introspection_c
[0.080s] [ 56%] Built target avoa__rosidl_typesupport_fastrtps_c
[0.080s] [ 56%] Built target avoa__rosidl_typesupport_c
[0.092s] [35m[1mConsolidate compiler generated dependencies of target velocity_publisher[0m
[0.103s] [ 56%] Built target avoa
[0.106s] [ 66%] Built target obstacle_publisher
[0.106s] [ 66%] Built target rviz_marker
[0.106s] [ 71%] Built target point_cloud_publisher
[0.110s] [ 74%] [32mBuilding CXX object CMakeFiles/velocity_publisher.dir/src/velocity_publisher.cpp.o[0m
[0.127s] [ 76%] Built target avoa__py
[0.142s] [35m[1mConsolidate compiler generated dependencies of target avoa__rosidl_generator_py[0m
[0.156s] [ 82%] Built target avoa__rosidl_generator_py
[0.169s] [35m[1mConsolidate compiler generated dependencies of target avoa__rosidl_typesupport_introspection_c__pyext[0m
[0.170s] [35m[1mConsolidate compiler generated dependencies of target avoa__rosidl_typesupport_fastrtps_c__pyext[0m
[0.170s] [35m[1mConsolidate compiler generated dependencies of target avoa__rosidl_typesupport_c__pyext[0m
[0.183s] [ 97%] Built target avoa__rosidl_typesupport_c__pyext
[0.183s] [ 97%] Built target avoa__rosidl_typesupport_fastrtps_c__pyext
[0.183s] [ 97%] Built target avoa__rosidl_typesupport_introspection_c__pyext
[0.286s] running egg_info
[0.286s] writing avoa.egg-info/PKG-INFO
[0.287s] writing dependency_links to avoa.egg-info/dependency_links.txt
[0.287s] writing top-level names to avoa.egg-info/top_level.txt
[0.289s] reading manifest file 'avoa.egg-info/SOURCES.txt'
[0.289s] writing manifest file 'avoa.egg-info/SOURCES.txt'
[0.331s] [ 97%] Built target ament_cmake_python_build_avoa_egg
[2.134s] [01m[K/home/xizesse/ros2_ws/src/avoa/src/velocity_publisher.cpp:64:3:[m[K [01;31m[Kerror: [m[K‘[01m[Kgoal_position_[m[K’ does not name a type
[2.134s]    64 |   [01;31m[Kgoal_position_[m[K.x = 10.0;
[2.134s]       |   [01;31m[K^~~~~~~~~~~~~~[m[K
[2.135s] [01m[K/home/xizesse/ros2_ws/src/avoa/src/velocity_publisher.cpp:65:3:[m[K [01;31m[Kerror: [m[K‘[01m[Kgoal_position_[m[K’ does not name a type
[2.136s]    65 |   [01;31m[Kgoal_position_[m[K.y = 10.0;
[2.136s]       |   [01;31m[K^~~~~~~~~~~~~~[m[K
[2.138s] [01m[K/home/xizesse/ros2_ws/src/avoa/src/velocity_publisher.cpp:66:3:[m[K [01;31m[Kerror: [m[K‘[01m[Kgoal_position_[m[K’ does not name a type
[2.138s]    66 |   [01;31m[Kgoal_position_[m[K.z = 10.0;
[2.138s]       |   [01;31m[K^~~~~~~~~~~~~~[m[K
[2.139s] [01m[K/home/xizesse/ros2_ws/src/avoa/src/velocity_publisher.cpp:[m[K In constructor ‘[01m[KVelocityPublisher::VelocityPublisher()[m[K’:
[2.139s] [01m[K/home/xizesse/ros2_ws/src/avoa/src/velocity_publisher.cpp:23:33:[m[K [01;31m[Kerror: [m[Kclass ‘[01m[KVelocityPublisher[m[K’ does not have any field named ‘[01m[Kstart_time_[m[K’
[2.139s]    23 |   : Node("velocity_publisher"), [01;31m[Kstart_time_[m[K(this->get_clock()->now())
[2.139s]       |                                 [01;31m[K^~~~~~~~~~~[m[K
[4.587s] gmake[2]: *** [CMakeFiles/velocity_publisher.dir/build.make:76: CMakeFiles/velocity_publisher.dir/src/velocity_publisher.cpp.o] Error 1
[4.587s] gmake[1]: *** [CMakeFiles/Makefile2:653: CMakeFiles/velocity_publisher.dir/all] Error 2
[4.587s] gmake: *** [Makefile:146: all] Error 2
[4.591s] Invoked command in '/home/xizesse/ros2_ws/src/avoa/build/avoa' returned '2': CMAKE_PREFIX_PATH=${CMAKE_PREFIX_PATH}:/opt/ros/humble /usr/bin/cmake --build /home/xizesse/ros2_ws/src/avoa/build/avoa -- -j20 -l20
