[  1%] Built target avoa3d__rosidl_generator_type_description
[  1%] Built target ament_cmake_python_copy_avoa3d
[  3%] Built target avoa3d__cpp
[ 18%] Built target avoa3d__rosidl_generator_c
[ 25%] Built target avoa3d__rosidl_typesupport_fastrtps_c
[ 40%] Built target avoa3d__rosidl_typesupport_fastrtps_cpp
[ 40%] Built target avoa3d__rosidl_typesupport_introspection_cpp
[ 47%] Built target avoa3d__rosidl_typesupport_cpp
[ 54%] Built target avoa3d__rosidl_typesupport_c
[ 61%] Built target avoa3d__rosidl_typesupport_introspection_c
[ 61%] Built target avoa3d
[ 65%] Built target test_w_goal
[ 69%] Built target rviz_marker
[ 72%] Built target obstacle_publisher
[ 81%] Built target avoa3dnode
[ 83%] Built target avoa3d__py
[ 89%] Built target avoa3d__rosidl_generator_py
[ 92%] Built target avoa3d_s__rosidl_typesupport_c
[ 96%] Built target avoa3d_s__rosidl_typesupport_fastrtps_c
[100%] Built target avoa3d_s__rosidl_typesupport_introspection_c
running egg_info
writing avoa3d.egg-info/PKG-INFO
writing dependency_links to avoa3d.egg-info/dependency_links.txt
writing top-level names to avoa3d.egg-info/top_level.txt
