[0.007s] Invoking command in '/home/xizesse/ros2_ws/src/avoa3d/build/avoa3d': DEBUGINFOD_URLS=https://debuginfod.ubuntu.com /usr/bin/cmake /home/xizesse/ros2_ws/src/avoa3d -DCMAKE_INSTALL_PREFIX=/home/xizesse/ros2_ws/src/avoa3d/install/avoa3d
[0.081s] [31mCMake Error at CMakeLists.txt:6 (find_package):
[0.081s]   By not providing "Findament_cmake.cmake" in CMAKE_MODULE_PATH this project
[0.081s]   has asked CMake to find a package configuration file provided by
[0.081s]   "ament_cmake", but CMake did not find one.
[0.081s] 
[0.081s]   Could not find a package configuration file provided by "ament_cmake" with
[0.081s]   any of the following names:
[0.081s] 
[0.082s]     ament_cmakeConfig.cmake
[0.082s]     ament_cmake-config.cmake
[0.082s] 
[0.082s]   Add the installation prefix of "ament_cmake" to CMAKE_PREFIX_PATH or set
[0.082s]   "ament_cmake_DIR" to a directory containing one of the above files.  If
[0.082s]   "ament_cmake" provides a separate development package or SDK, be sure it
[0.082s]   has been installed.
[0.082s] 
[0.082s] [0m
[0.082s] -- Configuring incomplete, errors occurred!
[0.086s] Invoked command in '/home/xizesse/ros2_ws/src/avoa3d/build/avoa3d' returned '1': DEBUGINFOD_URLS=https://debuginfod.ubuntu.com /usr/bin/cmake /home/xizesse/ros2_ws/src/avoa3d -DCMAKE_INSTALL_PREFIX=/home/xizesse/ros2_ws/src/avoa3d/install/avoa3d
