[0.007s] Invoking command in '/home/motusxico/ros2_ws/src/avoa3d/build/avoa3d': DEBUGINFOD_URLS=https://debuginfod.ubuntu.com VIRTUAL_ENV_PROMPT=(venv-ardupilot) /usr/bin/cmake /home/motusxico/ros2_ws/src/avoa3d -DAMENT_CMAKE_SYMLINK_INSTALL=1 -DCMAKE_INSTALL_PREFIX=/home/motusxico/ros2_ws/src/avoa3d/install/avoa3d
[0.148s] -- The C compiler identification is GNU 13.3.0
[0.262s] -- The CXX compiler identification is GNU 13.3.0
[0.287s] -- Detecting C compiler ABI info
[0.436s] -- Detecting C compiler ABI info - done
[0.446s] -- Check for working C compiler: /usr/bin/cc - skipped
[0.447s] -- Detecting C compile features
[0.448s] -- Detecting C compile features - done
[0.463s] -- Detecting CXX compiler ABI info
[0.682s] -- Detecting CXX compiler ABI info - done
[0.698s] -- Check for working CXX compiler: /usr/bin/c++ - skipped
[0.699s] -- Detecting CXX compile features
[0.700s] -- Detecting CXX compile features - done
[0.739s] CMake Error at CMakeLists.txt:6 (find_package):
[0.739s]   By not providing "Findament_cmake.cmake" in CMAKE_MODULE_PATH this project
[0.739s]   has asked CMake to find a package configuration file provided by
[0.739s]   "ament_cmake", but CMake did not find one.
[0.740s] 
[0.740s]   Could not find a package configuration file provided by "ament_cmake" with
[0.742s] -- Configuring incomplete, errors occurred!
[0.742s]   any of the following names:
[0.742s] 
[0.742s]     ament_cmakeConfig.cmake
[0.742s]     ament_cmake-config.cmake
[0.742s] 
[0.742s]   Add the installation prefix of "ament_cmake" to CMAKE_PREFIX_PATH or set
[0.742s]   "ament_cmake_DIR" to a directory containing one of the above files.  If
[0.742s]   "ament_cmake" provides a separate development package or SDK, be sure it
[0.742s]   has been installed.
[0.742s] 
[0.742s] 
[0.753s] Invoked command in '/home/motusxico/ros2_ws/src/avoa3d/build/avoa3d' returned '1': DEBUGINFOD_URLS=https://debuginfod.ubuntu.com VIRTUAL_ENV_PROMPT=(venv-ardupilot) /usr/bin/cmake /home/motusxico/ros2_ws/src/avoa3d -DAMENT_CMAKE_SYMLINK_INSTALL=1 -DCMAKE_INSTALL_PREFIX=/home/motusxico/ros2_ws/src/avoa3d/install/avoa3d
