-- The C compiler identification is GNU 13.3.0
-- The CXX compiler identification is GNU 13.3.0
-- Detecting C compiler ABI info
-- Detecting C compiler ABI info - done
-- Check for working C compiler: /usr/bin/cc - skipped
-- Detecting C compile features
-- Detecting C compile features - done
-- Detecting CXX compiler ABI info
-- Detecting CXX compiler ABI info - done
-- Check for working CXX compiler: /usr/bin/c++ - skipped
-- Detecting CXX compile features
-- Detecting CXX compile features - done
-- Found ament_cmake: 2.5.5 (/opt/ros/jazzy/share/ament_cmake/cmake)
-- Found Python3: /usr/bin/python3 (found version "3.12.3") found components: Interpreter 
-- Found rclcpp: 28.1.16 (/opt/ros/jazzy/share/rclcpp/cmake)
-- Found rosidl_generator_c: 4.6.7 (/opt/ros/jazzy/share/rosidl_generator_c/cmake)
-- Found rosidl_generator_cpp: 4.6.7 (/opt/ros/jazzy/share/rosidl_generator_cpp/cmake)
-- Using all available rosidl_typesupport_c: rosidl_typesupport_fastrtps_c;rosidl_typesupport_introspection_c
-- Using all available rosidl_typesupport_cpp: rosidl_typesupport_fastrtps_cpp;rosidl_typesupport_introspection_cpp
-- Found rmw_implementation_cmake: 7.3.3 (/opt/ros/jazzy/share/rmw_implementation_cmake/cmake)
-- Found rmw_fastrtps_cpp: 8.4.3 (/opt/ros/jazzy/share/rmw_fastrtps_cpp/cmake)
-- Found OpenSSL: /usr/lib/x86_64-linux-gnu/libcrypto.so (found version "3.0.13")  
-- Found FastRTPS: /opt/ros/jazzy/include (Required is at least version "2.13") 
-- Using RMW implementation 'rmw_fastrtps_cpp' as default
-- Found geometry_msgs: 5.3.6 (/opt/ros/jazzy/share/geometry_msgs/cmake)
-- Found nav_msgs: 5.3.6 (/opt/ros/jazzy/share/nav_msgs/cmake)
-- Found rosidl_default_generators: 1.6.0 (/opt/ros/jazzy/share/rosidl_default_generators/cmake)
-- Found rosidl_adapter: 4.6.7 (/opt/ros/jazzy/share/rosidl_adapter/cmake)
-- Found ament_cmake_ros: 0.12.0 (/opt/ros/jazzy/share/ament_cmake_ros/cmake)
-- Using all available rosidl_typesupport_c: rosidl_typesupport_fastrtps_c;rosidl_typesupport_introspection_c
-- Using all available rosidl_typesupport_cpp: rosidl_typesupport_fastrtps_cpp;rosidl_typesupport_introspection_cpp
-- Found python_cmake_module: 0.11.1 (/opt/ros/jazzy/share/python_cmake_module/cmake)
-- Found PythonExtra: /usr/bin/python3  
-- Found Python3: /usr/bin/python3 (found version "3.12.3") found components: Interpreter Development NumPy Development.Module Development.Embed 
-- Configuring done (3.0s)
-- Generating done (0.0s)
-- Build files have been written to: /home/xizesse/ros2_ws/src/avoa3d/build/rvo2_ros2
[  1%] [32mBuilding CXX object CMakeFiles/rvo2_core.dir/src/rvo2/KdTree.cpp.o[0m
[  3%] [32mBuilding CXX object CMakeFiles/rvo2_core.dir/src/rvo2/Agent.cpp.o[0m
[  5%] [34m[1mGenerating type hashes for ROS interfaces[0m
[  7%] [32mBuilding CXX object CMakeFiles/rvo2_core.dir/src/rvo2/RVOSimulator.cpp.o[0m
[  7%] Built target ament_cmake_python_copy_rvo2_ros2
running egg_info
creating rvo2_ros2.egg-info
writing rvo2_ros2.egg-info/PKG-INFO
writing dependency_links to rvo2_ros2.egg-info/dependency_links.txt
writing top-level names to rvo2_ros2.egg-info/top_level.txt
writing manifest file 'rvo2_ros2.egg-info/SOURCES.txt'
reading manifest file 'rvo2_ros2.egg-info/SOURCES.txt'
writing manifest file 'rvo2_ros2.egg-info/SOURCES.txt'
[  7%] Built target ament_cmake_python_build_rvo2_ros2_egg
[  7%] Built target rvo2_ros2__rosidl_generator_type_description
[  9%] [34m[1mGenerating C code for ROS interfaces[0m
[ 11%] [34m[1mGenerating C++ code for ROS interfaces[0m
[ 12%] [32m[1mLinking CXX shared library librvo2_core.so[0m
[ 12%] Built target rvo2_core
[ 12%] Built target rvo2_ros2__cpp
[ 24%] [32mBuilding C object CMakeFiles/rvo2_ros2__rosidl_generator_c.dir/rosidl_generator_c/rvo2_ros2/msg/detail/element_characteristics_stamped__description.c.o[0m
[ 24%] [32mBuilding C object CMakeFiles/rvo2_ros2__rosidl_generator_c.dir/rosidl_generator_c/rvo2_ros2/msg/detail/element_characteristics_array__type_support.c.o[0m
[ 24%] [32mBuilding C object CMakeFiles/rvo2_ros2__rosidl_generator_c.dir/rosidl_generator_c/rvo2_ros2/msg/detail/element_characteristics_stamped__type_support.c.o[0m
[ 24%] [32mBuilding C object CMakeFiles/rvo2_ros2__rosidl_generator_c.dir/rosidl_generator_c/rvo2_ros2/msg/detail/element_characteristics_array__functions.c.o[0m
[ 24%] [32mBuilding C object CMakeFiles/rvo2_ros2__rosidl_generator_c.dir/rosidl_generator_c/rvo2_ros2/msg/detail/element_characteristics_stamped__functions.c.o[0m
[ 24%] [32mBuilding C object CMakeFiles/rvo2_ros2__rosidl_generator_c.dir/rosidl_generator_c/rvo2_ros2/msg/detail/element_characteristics_array__description.c.o[0m
[ 25%] [32m[1mLinking C shared library librvo2_ros2__rosidl_generator_c.so[0m
[ 25%] Built target rvo2_ros2__rosidl_generator_c
[ 31%] [34m[1mGenerating C++ type support dispatch for ROS interfaces[0m
[ 31%] [34m[1mGenerating C type support for eProsima Fast-RTPS[0m
[ 31%] [34m[1mGenerating C type support dispatch for ROS interfaces[0m
[ 33%] [34m[1mGenerating C++ introspection for ROS interfaces[0m
[ 35%] [34m[1mGenerating C introspection for ROS interfaces[0m
[ 37%] [34m[1mGenerating C++ type support for eProsima Fast-RTPS[0m
[ 40%] [32mBuilding CXX object CMakeFiles/rvo2_ros2__rosidl_typesupport_cpp.dir/rosidl_typesupport_cpp/rvo2_ros2/msg/element_characteristics_array__type_support.cpp.o[0m
[ 40%] [32mBuilding CXX object CMakeFiles/rvo2_ros2__rosidl_typesupport_cpp.dir/rosidl_typesupport_cpp/rvo2_ros2/msg/element_characteristics_stamped__type_support.cpp.o[0m
[ 44%] [32mBuilding CXX object CMakeFiles/rvo2_ros2__rosidl_typesupport_introspection_cpp.dir/rosidl_typesupport_introspection_cpp/rvo2_ros2/msg/detail/element_characteristics_array__type_support.cpp.o[0m
[ 44%] [32mBuilding CXX object CMakeFiles/rvo2_ros2__rosidl_typesupport_introspection_cpp.dir/rosidl_typesupport_introspection_cpp/rvo2_ros2/msg/detail/element_characteristics_stamped__type_support.cpp.o[0m
[ 48%] [32mBuilding CXX object CMakeFiles/rvo2_ros2__rosidl_typesupport_c.dir/rosidl_typesupport_c/rvo2_ros2/msg/element_characteristics_array__type_support.cpp.o[0m
[ 48%] [32mBuilding CXX object CMakeFiles/rvo2_ros2__rosidl_typesupport_c.dir/rosidl_typesupport_c/rvo2_ros2/msg/element_characteristics_stamped__type_support.cpp.o[0m
[ 51%] [32mBuilding C object CMakeFiles/rvo2_ros2__rosidl_typesupport_introspection_c.dir/rosidl_typesupport_introspection_c/rvo2_ros2/msg/detail/element_characteristics_array__type_support.c.o[0m
[ 51%] [32mBuilding C object CMakeFiles/rvo2_ros2__rosidl_typesupport_introspection_c.dir/rosidl_typesupport_introspection_c/rvo2_ros2/msg/detail/element_characteristics_stamped__type_support.c.o[0m
[ 55%] [32mBuilding CXX object CMakeFiles/rvo2_ros2__rosidl_typesupport_fastrtps_c.dir/rosidl_typesupport_fastrtps_c/rvo2_ros2/msg/detail/element_characteristics_array__type_support_c.cpp.o[0m
[ 55%] [32mBuilding CXX object CMakeFiles/rvo2_ros2__rosidl_typesupport_fastrtps_c.dir/rosidl_typesupport_fastrtps_c/rvo2_ros2/msg/detail/element_characteristics_stamped__type_support_c.cpp.o[0m
[ 59%] [32mBuilding CXX object CMakeFiles/rvo2_ros2__rosidl_typesupport_fastrtps_cpp.dir/rosidl_typesupport_fastrtps_cpp/rvo2_ros2/msg/detail/dds_fastrtps/element_characteristics_stamped__type_support.cpp.o[0m
[ 59%] [32mBuilding CXX object CMakeFiles/rvo2_ros2__rosidl_typesupport_fastrtps_cpp.dir/rosidl_typesupport_fastrtps_cpp/rvo2_ros2/msg/detail/dds_fastrtps/element_characteristics_array__type_support.cpp.o[0m
[ 61%] [32m[1mLinking CXX shared library librvo2_ros2__rosidl_typesupport_c.so[0m
[ 62%] [32m[1mLinking C shared library librvo2_ros2__rosidl_typesupport_introspection_c.so[0m
[ 62%] Built target rvo2_ros2__rosidl_typesupport_introspection_c
[ 62%] Built target rvo2_ros2__rosidl_typesupport_c
[ 64%] [32m[1mLinking CXX shared library librvo2_ros2__rosidl_typesupport_cpp.so[0m
[ 64%] Built target rvo2_ros2__rosidl_typesupport_cpp
[ 66%] [32mBuilding CXX object CMakeFiles/velocity_filter_node.dir/src/velocity_filter_node.cpp.o[0m
[ 68%] [32mBuilding CXX object CMakeFiles/rvo2_node.dir/src/rvo2_node.cpp.o[0m
[ 70%] [32mBuilding CXX object CMakeFiles/obstacle_publisher.dir/src/obstacle_publisher.cpp.o[0m
[ 72%] [32m[1mLinking CXX shared library librvo2_ros2__rosidl_typesupport_introspection_cpp.so[0m
[ 74%] [32m[1mLinking CXX shared library librvo2_ros2__rosidl_typesupport_fastrtps_cpp.so[0m
[ 74%] Built target rvo2_ros2__rosidl_typesupport_introspection_cpp
[ 74%] Built target rvo2_ros2__rosidl_typesupport_fastrtps_cpp
[ 75%] [32m[1mLinking CXX shared library librvo2_ros2__rosidl_typesupport_fastrtps_c.so[0m
[ 75%] Built target rvo2_ros2__rosidl_typesupport_fastrtps_c
[ 75%] Built target rvo2_ros2
[ 77%] [34m[1mGenerating Python code for ROS interfaces[0m
[ 77%] Built target rvo2_ros2__py
[ 81%] [32mBuilding C object CMakeFiles/rvo2_ros2__rosidl_generator_py.dir/rosidl_generator_py/rvo2_ros2/msg/_element_characteristics_array_s.c.o[0m
[ 81%] [32mBuilding C object CMakeFiles/rvo2_ros2__rosidl_generator_py.dir/rosidl_generator_py/rvo2_ros2/msg/_element_characteristics_stamped_s.c.o[0m
[ 83%] [32m[1mLinking C shared library librvo2_ros2__rosidl_generator_py.so[0m
[ 83%] Built target rvo2_ros2__rosidl_generator_py
[ 87%] [32mBuilding C object CMakeFiles/rvo2_ros2_s__rosidl_typesupport_fastrtps_c.dir/rosidl_generator_py/rvo2_ros2/_rvo2_ros2_s.ep.rosidl_typesupport_fastrtps_c.c.o[0m
[ 87%] [32mBuilding C object CMakeFiles/rvo2_ros2_s__rosidl_typesupport_c.dir/rosidl_generator_py/rvo2_ros2/_rvo2_ros2_s.ep.rosidl_typesupport_c.c.o[0m
[ 88%] [32mBuilding C object CMakeFiles/rvo2_ros2_s__rosidl_typesupport_introspection_c.dir/rosidl_generator_py/rvo2_ros2/_rvo2_ros2_s.ep.rosidl_typesupport_introspection_c.c.o[0m
[ 90%] [32m[1mLinking C shared module rosidl_generator_py/rvo2_ros2/rvo2_ros2_s__rosidl_typesupport_introspection_c.so[0m
[ 92%] [32m[1mLinking C shared module rosidl_generator_py/rvo2_ros2/rvo2_ros2_s__rosidl_typesupport_c.so[0m
[ 94%] [32m[1mLinking C shared module rosidl_generator_py/rvo2_ros2/rvo2_ros2_s__rosidl_typesupport_fastrtps_c.so[0m
[ 94%] Built target rvo2_ros2_s__rosidl_typesupport_introspection_c
[ 94%] Built target rvo2_ros2_s__rosidl_typesupport_c
[ 94%] Built target rvo2_ros2_s__rosidl_typesupport_fastrtps_c
[ 96%] [32m[1mLinking CXX executable velocity_filter_node[0m
[ 98%] [32m[1mLinking CXX executable obstacle_publisher[0m
[ 98%] Built target velocity_filter_node
[ 98%] Built target obstacle_publisher
[100%] [32m[1mLinking CXX executable rvo2_node[0m
[100%] Built target rvo2_node
-- Install configuration: ""
-- Installing: /home/xizesse/ros2_ws/src/avoa3d/install/rvo2_ros2/share/ament_index/resource_index/rosidl_interfaces/rvo2_ros2
-- Installing: /home/xizesse/ros2_ws/src/avoa3d/install/rvo2_ros2/share/rvo2_ros2/msg/ElementCharacteristicsStamped.json
-- Installing: /home/xizesse/ros2_ws/src/avoa3d/install/rvo2_ros2/share/rvo2_ros2/msg/ElementCharacteristicsArray.json
-- Installing: /home/xizesse/ros2_ws/src/avoa3d/install/rvo2_ros2/include/rvo2_ros2/rvo2_ros2
-- Installing: /home/xizesse/ros2_ws/src/avoa3d/install/rvo2_ros2/include/rvo2_ros2/rvo2_ros2/msg
-- Installing: /home/xizesse/ros2_ws/src/avoa3d/install/rvo2_ros2/include/rvo2_ros2/rvo2_ros2/msg/rosidl_generator_c__visibility_control.h
-- Installing: /home/xizesse/ros2_ws/src/avoa3d/install/rvo2_ros2/include/rvo2_ros2/rvo2_ros2/msg/detail
-- Installing: /home/xizesse/ros2_ws/src/avoa3d/install/rvo2_ros2/include/rvo2_ros2/rvo2_ros2/msg/detail/element_characteristics_stamped__type_support.c
-- Installing: /home/xizesse/ros2_ws/src/avoa3d/install/rvo2_ros2/include/rvo2_ros2/rvo2_ros2/msg/detail/element_characteristics_array__type_support.c
-- Installing: /home/xizesse/ros2_ws/src/avoa3d/install/rvo2_ros2/include/rvo2_ros2/rvo2_ros2/msg/detail/element_characteristics_stamped__struct.h
-- Installing: /home/xizesse/ros2_ws/src/avoa3d/install/rvo2_ros2/include/rvo2_ros2/rvo2_ros2/msg/detail/element_characteristics_stamped__functions.c
-- Installing: /home/xizesse/ros2_ws/src/avoa3d/install/rvo2_ros2/include/rvo2_ros2/rvo2_ros2/msg/detail/element_characteristics_array__description.c
-- Installing: /home/xizesse/ros2_ws/src/avoa3d/install/rvo2_ros2/include/rvo2_ros2/rvo2_ros2/msg/detail/element_characteristics_array__functions.c
-- Installing: /home/xizesse/ros2_ws/src/avoa3d/install/rvo2_ros2/include/rvo2_ros2/rvo2_ros2/msg/detail/element_characteristics_stamped__functions.h
-- Installing: /home/xizesse/ros2_ws/src/avoa3d/install/rvo2_ros2/include/rvo2_ros2/rvo2_ros2/msg/detail/element_characteristics_stamped__type_support.h
-- Installing: /home/xizesse/ros2_ws/src/avoa3d/install/rvo2_ros2/include/rvo2_ros2/rvo2_ros2/msg/detail/element_characteristics_stamped__description.c
-- Installing: /home/xizesse/ros2_ws/src/avoa3d/install/rvo2_ros2/include/rvo2_ros2/rvo2_ros2/msg/detail/element_characteristics_array__functions.h
-- Installing: /home/xizesse/ros2_ws/src/avoa3d/install/rvo2_ros2/include/rvo2_ros2/rvo2_ros2/msg/detail/element_characteristics_array__struct.h
-- Installing: /home/xizesse/ros2_ws/src/avoa3d/install/rvo2_ros2/include/rvo2_ros2/rvo2_ros2/msg/detail/element_characteristics_array__type_support.h
-- Installing: /home/xizesse/ros2_ws/src/avoa3d/install/rvo2_ros2/include/rvo2_ros2/rvo2_ros2/msg/element_characteristics_array.h
-- Installing: /home/xizesse/ros2_ws/src/avoa3d/install/rvo2_ros2/include/rvo2_ros2/rvo2_ros2/msg/element_characteristics_stamped.h
-- Installing: /home/xizesse/ros2_ws/src/avoa3d/install/rvo2_ros2/share/rvo2_ros2/environment/library_path.sh
-- Installing: /home/xizesse/ros2_ws/src/avoa3d/install/rvo2_ros2/share/rvo2_ros2/environment/library_path.dsv
-- Installing: /home/xizesse/ros2_ws/src/avoa3d/install/rvo2_ros2/lib/librvo2_ros2__rosidl_generator_c.so
-- Set non-toolchain portion of runtime path of "/home/xizesse/ros2_ws/src/avoa3d/install/rvo2_ros2/lib/librvo2_ros2__rosidl_generator_c.so" to ""
-- Up-to-date: /home/xizesse/ros2_ws/src/avoa3d/install/rvo2_ros2/include/rvo2_ros2/rvo2_ros2
-- Up-to-date: /home/xizesse/ros2_ws/src/avoa3d/install/rvo2_ros2/include/rvo2_ros2/rvo2_ros2/msg
-- Up-to-date: /home/xizesse/ros2_ws/src/avoa3d/install/rvo2_ros2/include/rvo2_ros2/rvo2_ros2/msg/detail
-- Installing: /home/xizesse/ros2_ws/src/avoa3d/install/rvo2_ros2/include/rvo2_ros2/rvo2_ros2/msg/detail/element_characteristics_array__rosidl_typesupport_fastrtps_c.h
-- Installing: /home/xizesse/ros2_ws/src/avoa3d/install/rvo2_ros2/include/rvo2_ros2/rvo2_ros2/msg/detail/element_characteristics_stamped__rosidl_typesupport_fastrtps_c.h
-- Installing: /home/xizesse/ros2_ws/src/avoa3d/install/rvo2_ros2/include/rvo2_ros2/rvo2_ros2/msg/rosidl_typesupport_fastrtps_c__visibility_control.h
-- Installing: /home/xizesse/ros2_ws/src/avoa3d/install/rvo2_ros2/lib/librvo2_ros2__rosidl_typesupport_fastrtps_c.so
-- Set non-toolchain portion of runtime path of "/home/xizesse/ros2_ws/src/avoa3d/install/rvo2_ros2/lib/librvo2_ros2__rosidl_typesupport_fastrtps_c.so" to ""
-- Up-to-date: /home/xizesse/ros2_ws/src/avoa3d/install/rvo2_ros2/include/rvo2_ros2/rvo2_ros2
-- Up-to-date: /home/xizesse/ros2_ws/src/avoa3d/install/rvo2_ros2/include/rvo2_ros2/rvo2_ros2/msg
-- Installing: /home/xizesse/ros2_ws/src/avoa3d/install/rvo2_ros2/include/rvo2_ros2/rvo2_ros2/msg/element_characteristics_array.hpp
-- Up-to-date: /home/xizesse/ros2_ws/src/avoa3d/install/rvo2_ros2/include/rvo2_ros2/rvo2_ros2/msg/detail
-- Installing: /home/xizesse/ros2_ws/src/avoa3d/install/rvo2_ros2/include/rvo2_ros2/rvo2_ros2/msg/detail/element_characteristics_stamped__struct.hpp
-- Installing: /home/xizesse/ros2_ws/src/avoa3d/install/rvo2_ros2/include/rvo2_ros2/rvo2_ros2/msg/detail/element_characteristics_stamped__type_support.hpp
-- Installing: /home/xizesse/ros2_ws/src/avoa3d/install/rvo2_ros2/include/rvo2_ros2/rvo2_ros2/msg/detail/element_characteristics_stamped__traits.hpp
-- Installing: /home/xizesse/ros2_ws/src/avoa3d/install/rvo2_ros2/include/rvo2_ros2/rvo2_ros2/msg/detail/element_characteristics_array__traits.hpp
-- Installing: /home/xizesse/ros2_ws/src/avoa3d/install/rvo2_ros2/include/rvo2_ros2/rvo2_ros2/msg/detail/element_characteristics_array__builder.hpp
-- Installing: /home/xizesse/ros2_ws/src/avoa3d/install/rvo2_ros2/include/rvo2_ros2/rvo2_ros2/msg/detail/element_characteristics_stamped__builder.hpp
-- Installing: /home/xizesse/ros2_ws/src/avoa3d/install/rvo2_ros2/include/rvo2_ros2/rvo2_ros2/msg/detail/element_characteristics_array__struct.hpp
-- Installing: /home/xizesse/ros2_ws/src/avoa3d/install/rvo2_ros2/include/rvo2_ros2/rvo2_ros2/msg/detail/element_characteristics_array__type_support.hpp
-- Installing: /home/xizesse/ros2_ws/src/avoa3d/install/rvo2_ros2/include/rvo2_ros2/rvo2_ros2/msg/rosidl_generator_cpp__visibility_control.hpp
-- Installing: /home/xizesse/ros2_ws/src/avoa3d/install/rvo2_ros2/include/rvo2_ros2/rvo2_ros2/msg/element_characteristics_stamped.hpp
-- Up-to-date: /home/xizesse/ros2_ws/src/avoa3d/install/rvo2_ros2/include/rvo2_ros2/rvo2_ros2
-- Up-to-date: /home/xizesse/ros2_ws/src/avoa3d/install/rvo2_ros2/include/rvo2_ros2/rvo2_ros2/msg
-- Up-to-date: /home/xizesse/ros2_ws/src/avoa3d/install/rvo2_ros2/include/rvo2_ros2/rvo2_ros2/msg/detail
-- Installing: /home/xizesse/ros2_ws/src/avoa3d/install/rvo2_ros2/include/rvo2_ros2/rvo2_ros2/msg/detail/element_characteristics_array__rosidl_typesupport_fastrtps_cpp.hpp
-- Installing: /home/xizesse/ros2_ws/src/avoa3d/install/rvo2_ros2/include/rvo2_ros2/rvo2_ros2/msg/detail/element_characteristics_stamped__rosidl_typesupport_fastrtps_cpp.hpp
-- Installing: /home/xizesse/ros2_ws/src/avoa3d/install/rvo2_ros2/include/rvo2_ros2/rvo2_ros2/msg/detail/dds_fastrtps
-- Installing: /home/xizesse/ros2_ws/src/avoa3d/install/rvo2_ros2/include/rvo2_ros2/rvo2_ros2/msg/rosidl_typesupport_fastrtps_cpp__visibility_control.h
-- Installing: /home/xizesse/ros2_ws/src/avoa3d/install/rvo2_ros2/lib/librvo2_ros2__rosidl_typesupport_fastrtps_cpp.so
-- Set non-toolchain portion of runtime path of "/home/xizesse/ros2_ws/src/avoa3d/install/rvo2_ros2/lib/librvo2_ros2__rosidl_typesupport_fastrtps_cpp.so" to ""
-- Up-to-date: /home/xizesse/ros2_ws/src/avoa3d/install/rvo2_ros2/include/rvo2_ros2/rvo2_ros2
-- Up-to-date: /home/xizesse/ros2_ws/src/avoa3d/install/rvo2_ros2/include/rvo2_ros2/rvo2_ros2/msg
-- Installing: /home/xizesse/ros2_ws/src/avoa3d/install/rvo2_ros2/include/rvo2_ros2/rvo2_ros2/msg/rosidl_typesupport_introspection_c__visibility_control.h
-- Up-to-date: /home/xizesse/ros2_ws/src/avoa3d/install/rvo2_ros2/include/rvo2_ros2/rvo2_ros2/msg/detail
-- Up-to-date: /home/xizesse/ros2_ws/src/avoa3d/install/rvo2_ros2/include/rvo2_ros2/rvo2_ros2/msg/detail/element_characteristics_stamped__type_support.c
-- Up-to-date: /home/xizesse/ros2_ws/src/avoa3d/install/rvo2_ros2/include/rvo2_ros2/rvo2_ros2/msg/detail/element_characteristics_array__type_support.c
-- Installing: /home/xizesse/ros2_ws/src/avoa3d/install/rvo2_ros2/include/rvo2_ros2/rvo2_ros2/msg/detail/element_characteristics_stamped__rosidl_typesupport_introspection_c.h
-- Installing: /home/xizesse/ros2_ws/src/avoa3d/install/rvo2_ros2/include/rvo2_ros2/rvo2_ros2/msg/detail/element_characteristics_array__rosidl_typesupport_introspection_c.h
-- Installing: /home/xizesse/ros2_ws/src/avoa3d/install/rvo2_ros2/lib/librvo2_ros2__rosidl_typesupport_introspection_c.so
-- Set non-toolchain portion of runtime path of "/home/xizesse/ros2_ws/src/avoa3d/install/rvo2_ros2/lib/librvo2_ros2__rosidl_typesupport_introspection_c.so" to ""
-- Installing: /home/xizesse/ros2_ws/src/avoa3d/install/rvo2_ros2/lib/librvo2_ros2__rosidl_typesupport_c.so
-- Set non-toolchain portion of runtime path of "/home/xizesse/ros2_ws/src/avoa3d/install/rvo2_ros2/lib/librvo2_ros2__rosidl_typesupport_c.so" to ""
-- Up-to-date: /home/xizesse/ros2_ws/src/avoa3d/install/rvo2_ros2/include/rvo2_ros2/rvo2_ros2
-- Up-to-date: /home/xizesse/ros2_ws/src/avoa3d/install/rvo2_ros2/include/rvo2_ros2/rvo2_ros2/msg
-- Up-to-date: /home/xizesse/ros2_ws/src/avoa3d/install/rvo2_ros2/include/rvo2_ros2/rvo2_ros2/msg/detail
-- Installing: /home/xizesse/ros2_ws/src/avoa3d/install/rvo2_ros2/include/rvo2_ros2/rvo2_ros2/msg/detail/element_characteristics_array__rosidl_typesupport_introspection_cpp.hpp
-- Installing: /home/xizesse/ros2_ws/src/avoa3d/install/rvo2_ros2/include/rvo2_ros2/rvo2_ros2/msg/detail/element_characteristics_stamped__type_support.cpp
-- Installing: /home/xizesse/ros2_ws/src/avoa3d/install/rvo2_ros2/include/rvo2_ros2/rvo2_ros2/msg/detail/element_characteristics_array__type_support.cpp
-- Installing: /home/xizesse/ros2_ws/src/avoa3d/install/rvo2_ros2/include/rvo2_ros2/rvo2_ros2/msg/detail/element_characteristics_stamped__rosidl_typesupport_introspection_cpp.hpp
-- Installing: /home/xizesse/ros2_ws/src/avoa3d/install/rvo2_ros2/lib/librvo2_ros2__rosidl_typesupport_introspection_cpp.so
-- Set non-toolchain portion of runtime path of "/home/xizesse/ros2_ws/src/avoa3d/install/rvo2_ros2/lib/librvo2_ros2__rosidl_typesupport_introspection_cpp.so" to ""
-- Installing: /home/xizesse/ros2_ws/src/avoa3d/install/rvo2_ros2/lib/librvo2_ros2__rosidl_typesupport_cpp.so
-- Set non-toolchain portion of runtime path of "/home/xizesse/ros2_ws/src/avoa3d/install/rvo2_ros2/lib/librvo2_ros2__rosidl_typesupport_cpp.so" to ""
-- Installing: /home/xizesse/ros2_ws/src/avoa3d/install/rvo2_ros2/share/rvo2_ros2/environment/pythonpath.sh
-- Installing: /home/xizesse/ros2_ws/src/avoa3d/install/rvo2_ros2/share/rvo2_ros2/environment/pythonpath.dsv
-- Installing: /home/xizesse/ros2_ws/src/avoa3d/install/rvo2_ros2/lib/python3.12/site-packages/rvo2_ros2-0.0.1-py3.12.egg-info
-- Installing: /home/xizesse/ros2_ws/src/avoa3d/install/rvo2_ros2/lib/python3.12/site-packages/rvo2_ros2-0.0.1-py3.12.egg-info/dependency_links.txt
-- Installing: /home/xizesse/ros2_ws/src/avoa3d/install/rvo2_ros2/lib/python3.12/site-packages/rvo2_ros2-0.0.1-py3.12.egg-info/PKG-INFO
-- Installing: /home/xizesse/ros2_ws/src/avoa3d/install/rvo2_ros2/lib/python3.12/site-packages/rvo2_ros2-0.0.1-py3.12.egg-info/top_level.txt
-- Installing: /home/xizesse/ros2_ws/src/avoa3d/install/rvo2_ros2/lib/python3.12/site-packages/rvo2_ros2-0.0.1-py3.12.egg-info/SOURCES.txt
-- Installing: /home/xizesse/ros2_ws/src/avoa3d/install/rvo2_ros2/lib/python3.12/site-packages/rvo2_ros2
-- Installing: /home/xizesse/ros2_ws/src/avoa3d/install/rvo2_ros2/lib/python3.12/site-packages/rvo2_ros2/msg
-- Installing: /home/xizesse/ros2_ws/src/avoa3d/install/rvo2_ros2/lib/python3.12/site-packages/rvo2_ros2/msg/_element_characteristics_array_s.c
-- Installing: /home/xizesse/ros2_ws/src/avoa3d/install/rvo2_ros2/lib/python3.12/site-packages/rvo2_ros2/msg/_element_characteristics_array.py
-- Installing: /home/xizesse/ros2_ws/src/avoa3d/install/rvo2_ros2/lib/python3.12/site-packages/rvo2_ros2/msg/__init__.py
-- Installing: /home/xizesse/ros2_ws/src/avoa3d/install/rvo2_ros2/lib/python3.12/site-packages/rvo2_ros2/msg/_element_characteristics_stamped.py
-- Installing: /home/xizesse/ros2_ws/src/avoa3d/install/rvo2_ros2/lib/python3.12/site-packages/rvo2_ros2/msg/_element_characteristics_stamped_s.c
-- Installing: /home/xizesse/ros2_ws/src/avoa3d/install/rvo2_ros2/lib/python3.12/site-packages/rvo2_ros2/rvo2_ros2_s__rosidl_typesupport_c.so
-- Installing: /home/xizesse/ros2_ws/src/avoa3d/install/rvo2_ros2/lib/python3.12/site-packages/rvo2_ros2/_rvo2_ros2_s.ep.rosidl_typesupport_c.c
-- Installing: /home/xizesse/ros2_ws/src/avoa3d/install/rvo2_ros2/lib/python3.12/site-packages/rvo2_ros2/_rvo2_ros2_s.ep.rosidl_typesupport_fastrtps_c.c
-- Installing: /home/xizesse/ros2_ws/src/avoa3d/install/rvo2_ros2/lib/python3.12/site-packages/rvo2_ros2/rvo2_ros2_s__rosidl_typesupport_fastrtps_c.so
-- Installing: /home/xizesse/ros2_ws/src/avoa3d/install/rvo2_ros2/lib/python3.12/site-packages/rvo2_ros2/__init__.py
-- Installing: /home/xizesse/ros2_ws/src/avoa3d/install/rvo2_ros2/lib/python3.12/site-packages/rvo2_ros2/_rvo2_ros2_s.ep.rosidl_typesupport_introspection_c.c
-- Installing: /home/xizesse/ros2_ws/src/avoa3d/install/rvo2_ros2/lib/python3.12/site-packages/rvo2_ros2/rvo2_ros2_s__rosidl_typesupport_introspection_c.so
Listing '/home/xizesse/ros2_ws/src/avoa3d/install/rvo2_ros2/lib/python3.12/site-packages/rvo2_ros2'...
Compiling '/home/xizesse/ros2_ws/src/avoa3d/install/rvo2_ros2/lib/python3.12/site-packages/rvo2_ros2/__init__.py'...
Listing '/home/xizesse/ros2_ws/src/avoa3d/install/rvo2_ros2/lib/python3.12/site-packages/rvo2_ros2/msg'...
Compiling '/home/xizesse/ros2_ws/src/avoa3d/install/rvo2_ros2/lib/python3.12/site-packages/rvo2_ros2/msg/__init__.py'...
Compiling '/home/xizesse/ros2_ws/src/avoa3d/install/rvo2_ros2/lib/python3.12/site-packages/rvo2_ros2/msg/_element_characteristics_array.py'...
Compiling '/home/xizesse/ros2_ws/src/avoa3d/install/rvo2_ros2/lib/python3.12/site-packages/rvo2_ros2/msg/_element_characteristics_stamped.py'...
-- Installing: /home/xizesse/ros2_ws/src/avoa3d/install/rvo2_ros2/lib/python3.12/site-packages/rvo2_ros2/rvo2_ros2_s__rosidl_typesupport_fastrtps_c.so
-- Set non-toolchain portion of runtime path of "/home/xizesse/ros2_ws/src/avoa3d/install/rvo2_ros2/lib/python3.12/site-packages/rvo2_ros2/rvo2_ros2_s__rosidl_typesupport_fastrtps_c.so" to ""
-- Installing: /home/xizesse/ros2_ws/src/avoa3d/install/rvo2_ros2/lib/python3.12/site-packages/rvo2_ros2/rvo2_ros2_s__rosidl_typesupport_introspection_c.so
-- Set non-toolchain portion of runtime path of "/home/xizesse/ros2_ws/src/avoa3d/install/rvo2_ros2/lib/python3.12/site-packages/rvo2_ros2/rvo2_ros2_s__rosidl_typesupport_introspection_c.so" to ""
-- Installing: /home/xizesse/ros2_ws/src/avoa3d/install/rvo2_ros2/lib/python3.12/site-packages/rvo2_ros2/rvo2_ros2_s__rosidl_typesupport_c.so
-- Set non-toolchain portion of runtime path of "/home/xizesse/ros2_ws/src/avoa3d/install/rvo2_ros2/lib/python3.12/site-packages/rvo2_ros2/rvo2_ros2_s__rosidl_typesupport_c.so" to ""
-- Installing: /home/xizesse/ros2_ws/src/avoa3d/install/rvo2_ros2/lib/librvo2_ros2__rosidl_generator_py.so
-- Set non-toolchain portion of runtime path of "/home/xizesse/ros2_ws/src/avoa3d/install/rvo2_ros2/lib/librvo2_ros2__rosidl_generator_py.so" to ""
-- Installing: /home/xizesse/ros2_ws/src/avoa3d/install/rvo2_ros2/share/rvo2_ros2/msg/ElementCharacteristicsStamped.idl
-- Installing: /home/xizesse/ros2_ws/src/avoa3d/install/rvo2_ros2/share/rvo2_ros2/msg/ElementCharacteristicsArray.idl
-- Installing: /home/xizesse/ros2_ws/src/avoa3d/install/rvo2_ros2/share/rvo2_ros2/msg/ElementCharacteristicsStamped.msg
-- Installing: /home/xizesse/ros2_ws/src/avoa3d/install/rvo2_ros2/share/rvo2_ros2/msg/ElementCharacteristicsArray.msg
-- Installing: /home/xizesse/ros2_ws/src/avoa3d/install/rvo2_ros2/lib/librvo2_core.so
-- Installing: /home/xizesse/ros2_ws/src/avoa3d/install/rvo2_ros2/lib/rvo2_ros2/rvo2_node
-- Set non-toolchain portion of runtime path of "/home/xizesse/ros2_ws/src/avoa3d/install/rvo2_ros2/lib/rvo2_ros2/rvo2_node" to ""
-- Installing: /home/xizesse/ros2_ws/src/avoa3d/install/rvo2_ros2/lib/rvo2_ros2/obstacle_publisher
-- Set non-toolchain portion of runtime path of "/home/xizesse/ros2_ws/src/avoa3d/install/rvo2_ros2/lib/rvo2_ros2/obstacle_publisher" to ""
-- Installing: /home/xizesse/ros2_ws/src/avoa3d/install/rvo2_ros2/lib/rvo2_ros2/velocity_filter_node
-- Set non-toolchain portion of runtime path of "/home/xizesse/ros2_ws/src/avoa3d/install/rvo2_ros2/lib/rvo2_ros2/velocity_filter_node" to ""
-- Up-to-date: /home/xizesse/ros2_ws/src/avoa3d/install/rvo2_ros2/include
-- Installing: /home/xizesse/ros2_ws/src/avoa3d/install/rvo2_ros2/include/rvo2
-- Installing: /home/xizesse/ros2_ws/src/avoa3d/install/rvo2_ros2/include/rvo2/API.h
-- Installing: /home/xizesse/ros2_ws/src/avoa3d/install/rvo2_ros2/include/rvo2/Vector3.h
-- Installing: /home/xizesse/ros2_ws/src/avoa3d/install/rvo2_ros2/include/rvo2/Agent.h
-- Installing: /home/xizesse/ros2_ws/src/avoa3d/install/rvo2_ros2/include/rvo2/KdTree.h
-- Installing: /home/xizesse/ros2_ws/src/avoa3d/install/rvo2_ros2/include/rvo2/Definitions.h
-- Installing: /home/xizesse/ros2_ws/src/avoa3d/install/rvo2_ros2/include/rvo2/RVOSimulator.h
-- Installing: /home/xizesse/ros2_ws/src/avoa3d/install/rvo2_ros2/include/rvo2/RVO.h
-- Installing: /home/xizesse/ros2_ws/src/avoa3d/install/rvo2_ros2/share/rvo2_ros2/launch
-- Installing: /home/xizesse/ros2_ws/src/avoa3d/install/rvo2_ros2/share/rvo2_ros2/launch/rvo_demo.launch.py
-- Installing: /home/xizesse/ros2_ws/src/avoa3d/install/rvo2_ros2/share/rvo2_ros2/config
-- Installing: /home/xizesse/ros2_ws/src/avoa3d/install/rvo2_ros2/share/rvo2_ros2/config/bridge_config.yaml
-- Installing: /home/xizesse/ros2_ws/src/avoa3d/install/rvo2_ros2/share/rvo2_ros2/config/obstacle_bridge.yaml
-- Installing: /home/xizesse/ros2_ws/src/avoa3d/install/rvo2_ros2/share/rvo2_ros2/sdf
-- Installing: /home/xizesse/ros2_ws/src/avoa3d/install/rvo2_ros2/share/rvo2_ros2/sdf/complex7.sdf
-- Installing: /home/xizesse/ros2_ws/src/avoa3d/install/rvo2_ros2/share/rvo2_ros2/sdf/complex6.sdf
-- Installing: /home/xizesse/ros2_ws/src/avoa3d/install/rvo2_ros2/share/rvo2_ros2/sdf/complex5.sdf
-- Installing: /home/xizesse/ros2_ws/src/avoa3d/install/rvo2_ros2/share/rvo2_ros2/sdf/single_static1.sdf
-- Installing: /home/xizesse/ros2_ws/src/avoa3d/install/rvo2_ros2/share/rvo2_ros2/sdf/complex1.sdf
-- Installing: /home/xizesse/ros2_ws/src/avoa3d/install/rvo2_ros2/share/rvo2_ros2/sdf/viana0.sdf
-- Installing: /home/xizesse/ros2_ws/src/avoa3d/install/rvo2_ros2/share/rvo2_ros2/sdf/complex8.sdf
-- Installing: /home/xizesse/ros2_ws/src/avoa3d/install/rvo2_ros2/share/rvo2_ros2/sdf/single_dynamic1.sdf
-- Installing: /home/xizesse/ros2_ws/src/avoa3d/install/rvo2_ros2/share/rvo2_ros2/sdf/complex9.sdf
-- Installing: /home/xizesse/ros2_ws/src/avoa3d/install/rvo2_ros2/share/rvo2_ros2/sdf/complex0.sdf
-- Installing: /home/xizesse/ros2_ws/src/avoa3d/install/rvo2_ros2/share/rvo2_ros2/sdf/complex3.sdf
-- Installing: /home/xizesse/ros2_ws/src/avoa3d/install/rvo2_ros2/share/rvo2_ros2/sdf/single_dynamic0.sdf
-- Installing: /home/xizesse/ros2_ws/src/avoa3d/install/rvo2_ros2/share/rvo2_ros2/sdf/complex4.sdf
-- Installing: /home/xizesse/ros2_ws/src/avoa3d/install/rvo2_ros2/share/rvo2_ros2/sdf/single_dynamic2.sdf
-- Installing: /home/xizesse/ros2_ws/src/avoa3d/install/rvo2_ros2/share/rvo2_ros2/sdf/complex2.sdf
-- Installing: /home/xizesse/ros2_ws/src/avoa3d/install/rvo2_ros2/share/rvo2_ros2/sdf/complex10.sdf
-- Installing: /home/xizesse/ros2_ws/src/avoa3d/install/rvo2_ros2/share/rvo2_ros2/sdf/single_dynamic3.sdf
-- Installing: /home/xizesse/ros2_ws/src/avoa3d/install/rvo2_ros2/share/ament_index/resource_index/package_run_dependencies/rvo2_ros2
-- Installing: /home/xizesse/ros2_ws/src/avoa3d/install/rvo2_ros2/share/ament_index/resource_index/parent_prefix_path/rvo2_ros2
-- Installing: /home/xizesse/ros2_ws/src/avoa3d/install/rvo2_ros2/share/rvo2_ros2/environment/ament_prefix_path.sh
-- Installing: /home/xizesse/ros2_ws/src/avoa3d/install/rvo2_ros2/share/rvo2_ros2/environment/ament_prefix_path.dsv
-- Installing: /home/xizesse/ros2_ws/src/avoa3d/install/rvo2_ros2/share/rvo2_ros2/environment/path.sh
-- Installing: /home/xizesse/ros2_ws/src/avoa3d/install/rvo2_ros2/share/rvo2_ros2/environment/path.dsv
-- Installing: /home/xizesse/ros2_ws/src/avoa3d/install/rvo2_ros2/share/rvo2_ros2/local_setup.bash
-- Installing: /home/xizesse/ros2_ws/src/avoa3d/install/rvo2_ros2/share/rvo2_ros2/local_setup.sh
-- Installing: /home/xizesse/ros2_ws/src/avoa3d/install/rvo2_ros2/share/rvo2_ros2/local_setup.zsh
-- Installing: /home/xizesse/ros2_ws/src/avoa3d/install/rvo2_ros2/share/rvo2_ros2/local_setup.dsv
-- Installing: /home/xizesse/ros2_ws/src/avoa3d/install/rvo2_ros2/share/rvo2_ros2/package.dsv
-- Installing: /home/xizesse/ros2_ws/src/avoa3d/install/rvo2_ros2/share/ament_index/resource_index/packages/rvo2_ros2
-- Installing: /home/xizesse/ros2_ws/src/avoa3d/install/rvo2_ros2/share/rvo2_ros2/cmake/export_rvo2_ros2__rosidl_generator_cExport.cmake
-- Installing: /home/xizesse/ros2_ws/src/avoa3d/install/rvo2_ros2/share/rvo2_ros2/cmake/export_rvo2_ros2__rosidl_generator_cExport-noconfig.cmake
-- Installing: /home/xizesse/ros2_ws/src/avoa3d/install/rvo2_ros2/share/rvo2_ros2/cmake/export_rvo2_ros2__rosidl_typesupport_fastrtps_cExport.cmake
-- Installing: /home/xizesse/ros2_ws/src/avoa3d/install/rvo2_ros2/share/rvo2_ros2/cmake/export_rvo2_ros2__rosidl_typesupport_fastrtps_cExport-noconfig.cmake
-- Installing: /home/xizesse/ros2_ws/src/avoa3d/install/rvo2_ros2/share/rvo2_ros2/cmake/export_rvo2_ros2__rosidl_generator_cppExport.cmake
-- Installing: /home/xizesse/ros2_ws/src/avoa3d/install/rvo2_ros2/share/rvo2_ros2/cmake/export_rvo2_ros2__rosidl_typesupport_fastrtps_cppExport.cmake
-- Installing: /home/xizesse/ros2_ws/src/avoa3d/install/rvo2_ros2/share/rvo2_ros2/cmake/export_rvo2_ros2__rosidl_typesupport_fastrtps_cppExport-noconfig.cmake
-- Installing: /home/xizesse/ros2_ws/src/avoa3d/install/rvo2_ros2/share/rvo2_ros2/cmake/rvo2_ros2__rosidl_typesupport_introspection_cExport.cmake
-- Installing: /home/xizesse/ros2_ws/src/avoa3d/install/rvo2_ros2/share/rvo2_ros2/cmake/rvo2_ros2__rosidl_typesupport_introspection_cExport-noconfig.cmake
-- Installing: /home/xizesse/ros2_ws/src/avoa3d/install/rvo2_ros2/share/rvo2_ros2/cmake/rvo2_ros2__rosidl_typesupport_cExport.cmake
-- Installing: /home/xizesse/ros2_ws/src/avoa3d/install/rvo2_ros2/share/rvo2_ros2/cmake/rvo2_ros2__rosidl_typesupport_cExport-noconfig.cmake
-- Installing: /home/xizesse/ros2_ws/src/avoa3d/install/rvo2_ros2/share/rvo2_ros2/cmake/rvo2_ros2__rosidl_typesupport_introspection_cppExport.cmake
-- Installing: /home/xizesse/ros2_ws/src/avoa3d/install/rvo2_ros2/share/rvo2_ros2/cmake/rvo2_ros2__rosidl_typesupport_introspection_cppExport-noconfig.cmake
-- Installing: /home/xizesse/ros2_ws/src/avoa3d/install/rvo2_ros2/share/rvo2_ros2/cmake/rvo2_ros2__rosidl_typesupport_cppExport.cmake
-- Installing: /home/xizesse/ros2_ws/src/avoa3d/install/rvo2_ros2/share/rvo2_ros2/cmake/rvo2_ros2__rosidl_typesupport_cppExport-noconfig.cmake
-- Installing: /home/xizesse/ros2_ws/src/avoa3d/install/rvo2_ros2/share/rvo2_ros2/cmake/export_rvo2_ros2__rosidl_generator_pyExport.cmake
-- Installing: /home/xizesse/ros2_ws/src/avoa3d/install/rvo2_ros2/share/rvo2_ros2/cmake/export_rvo2_ros2__rosidl_generator_pyExport-noconfig.cmake
-- Installing: /home/xizesse/ros2_ws/src/avoa3d/install/rvo2_ros2/share/rvo2_ros2/cmake/rosidl_cmake-extras.cmake
-- Installing: /home/xizesse/ros2_ws/src/avoa3d/install/rvo2_ros2/share/rvo2_ros2/cmake/ament_cmake_export_dependencies-extras.cmake
-- Installing: /home/xizesse/ros2_ws/src/avoa3d/install/rvo2_ros2/share/rvo2_ros2/cmake/ament_cmake_export_include_directories-extras.cmake
-- Installing: /home/xizesse/ros2_ws/src/avoa3d/install/rvo2_ros2/share/rvo2_ros2/cmake/ament_cmake_export_libraries-extras.cmake
-- Installing: /home/xizesse/ros2_ws/src/avoa3d/install/rvo2_ros2/share/rvo2_ros2/cmake/ament_cmake_export_targets-extras.cmake
-- Installing: /home/xizesse/ros2_ws/src/avoa3d/install/rvo2_ros2/share/rvo2_ros2/cmake/rosidl_cmake_export_typesupport_targets-extras.cmake
-- Installing: /home/xizesse/ros2_ws/src/avoa3d/install/rvo2_ros2/share/rvo2_ros2/cmake/rosidl_cmake_export_typesupport_libraries-extras.cmake
-- Installing: /home/xizesse/ros2_ws/src/avoa3d/install/rvo2_ros2/share/rvo2_ros2/cmake/rvo2_ros2Config.cmake
-- Installing: /home/xizesse/ros2_ws/src/avoa3d/install/rvo2_ros2/share/rvo2_ros2/cmake/rvo2_ros2Config-version.cmake
-- Installing: /home/xizesse/ros2_ws/src/avoa3d/install/rvo2_ros2/share/rvo2_ros2/package.xml
