[0.160s] DEBUG:colcon:Command line arguments: ['/usr/bin/colcon', 'build', '--packages-select', 'avoa3d']
[0.160s] DEBUG:colcon:Parsed command line arguments: Namespace(log_base=None, log_level=None, verb_name='build', build_base='build', install_base='install', merge_install=False, symlink_install=False, test_result_base=None, continue_on_error=False, executor='parallel', parallel_workers=20, event_handlers=None, ignore_user_meta=False, metas=['./colcon.meta'], base_paths=['.'], packages_ignore=None, packages_ignore_regex=None, paths=None, packages_up_to=None, packages_up_to_regex=None, packages_above=None, packages_above_and_dependencies=None, packages_above_depth=None, packages_select_by_dep=None, packages_skip_by_dep=None, packages_skip_up_to=None, packages_select_build_failed=False, packages_skip_build_finished=False, packages_select_test_failures=False, packages_skip_test_passed=False, packages_select=['avoa3d'], packages_skip=None, packages_select_regex=None, packages_skip_regex=None, packages_start=None, packages_end=None, allow_overriding=[], cmake_args=None, cmake_target=None, cmake_target_skip_unavailable=False, cmake_clean_cache=False, cmake_clean_first=False, cmake_force_configure=False, ament_cmake_args=None, catkin_cmake_args=None, catkin_skip_building_tests=False, mixin_files=None, mixin=None, verb_parser=<colcon_mixin.mixin.mixin_argument.MixinArgumentDecorator object at 0x73521a12c440>, verb_extension=<colcon_core.verb.build.BuildVerb object at 0x73521a2b4a70>, main=<bound method BuildVerb.main of <colcon_core.verb.build.BuildVerb object at 0x73521a2b4a70>>, mixin_verb=('build',))
[0.219s] Level 1:colcon.colcon_core.package_discovery:discover_packages(colcon_meta) check parameters
[0.219s] Level 1:colcon.colcon_core.package_discovery:discover_packages(recursive) check parameters
[0.219s] Level 1:colcon.colcon_core.package_discovery:discover_packages(ignore) check parameters
[0.219s] Level 1:colcon.colcon_core.package_discovery:discover_packages(path) check parameters
[0.219s] Level 1:colcon.colcon_core.package_discovery:discover_packages(colcon_meta) discover
[0.219s] Level 1:colcon.colcon_core.package_discovery:discover_packages(recursive) discover
[0.219s] INFO:colcon.colcon_core.package_discovery:Crawling recursively for packages in '/home/xizesse/ros_ws/src/avoa3d'
[0.219s] Level 1:colcon.colcon_core.package_identification:_identify(.) by extensions ['ignore', 'ignore_ament_install']
[0.220s] Level 1:colcon.colcon_core.package_identification:_identify(.) by extension 'ignore'
[0.220s] Level 1:colcon.colcon_core.package_identification:_identify(.) by extension 'ignore_ament_install'
[0.220s] Level 1:colcon.colcon_core.package_identification:_identify(.) by extensions ['colcon_pkg']
[0.220s] Level 1:colcon.colcon_core.package_identification:_identify(.) by extension 'colcon_pkg'
[0.220s] Level 1:colcon.colcon_core.package_identification:_identify(.) by extensions ['colcon_meta']
[0.220s] Level 1:colcon.colcon_core.package_identification:_identify(.) by extension 'colcon_meta'
[0.220s] Level 1:colcon.colcon_core.package_identification:_identify(.) by extensions ['ros']
[0.220s] Level 1:colcon.colcon_core.package_identification:_identify(.) by extension 'ros'
[0.270s] DEBUG:colcon.colcon_core.package_identification:Package '.' with type 'ros.ament_cmake' and name 'avoa3d'
[0.270s] Level 1:colcon.colcon_core.package_discovery:discover_packages(recursive) using defaults
[0.271s] Level 1:colcon.colcon_core.package_discovery:discover_packages(ignore) discover
[0.271s] Level 1:colcon.colcon_core.package_discovery:discover_packages(ignore) using defaults
[0.271s] Level 1:colcon.colcon_core.package_discovery:discover_packages(path) discover
[0.271s] Level 1:colcon.colcon_core.package_discovery:discover_packages(path) using defaults
[0.300s] Level 1:colcon.colcon_core.package_discovery:discover_packages(prefix_path) check parameters
[0.300s] Level 1:colcon.colcon_core.package_discovery:discover_packages(prefix_path) discover
[0.303s] DEBUG:colcon.colcon_installed_package_information.package_discovery:Found 10 installed packages in /home/xizesse/ros_ws/install
[0.305s] DEBUG:colcon.colcon_installed_package_information.package_discovery:Found 313 installed packages in /opt/ros/jazzy
[0.307s] Level 1:colcon.colcon_core.package_discovery:discover_packages(prefix_path) using defaults
[0.372s] Level 5:colcon.colcon_core.verb:set package 'avoa3d' build argument 'cmake_args' from command line to 'None'
[0.372s] Level 5:colcon.colcon_core.verb:set package 'avoa3d' build argument 'cmake_target' from command line to 'None'
[0.372s] Level 5:colcon.colcon_core.verb:set package 'avoa3d' build argument 'cmake_target_skip_unavailable' from command line to 'False'
[0.372s] Level 5:colcon.colcon_core.verb:set package 'avoa3d' build argument 'cmake_clean_cache' from command line to 'False'
[0.372s] Level 5:colcon.colcon_core.verb:set package 'avoa3d' build argument 'cmake_clean_first' from command line to 'False'
[0.373s] Level 5:colcon.colcon_core.verb:set package 'avoa3d' build argument 'cmake_force_configure' from command line to 'False'
[0.373s] Level 5:colcon.colcon_core.verb:set package 'avoa3d' build argument 'ament_cmake_args' from command line to 'None'
[0.373s] Level 5:colcon.colcon_core.verb:set package 'avoa3d' build argument 'catkin_cmake_args' from command line to 'None'
[0.373s] Level 5:colcon.colcon_core.verb:set package 'avoa3d' build argument 'catkin_skip_building_tests' from command line to 'False'
[0.373s] DEBUG:colcon.colcon_core.verb:Building package 'avoa3d' with the following arguments: {'ament_cmake_args': None, 'build_base': '/home/xizesse/ros_ws/src/avoa3d/build/avoa3d', 'catkin_cmake_args': None, 'catkin_skip_building_tests': False, 'cmake_args': None, 'cmake_clean_cache': False, 'cmake_clean_first': False, 'cmake_force_configure': False, 'cmake_target': None, 'cmake_target_skip_unavailable': False, 'install_base': '/home/xizesse/ros_ws/src/avoa3d/install/avoa3d', 'merge_install': False, 'path': '/home/xizesse/ros_ws/src/avoa3d', 'symlink_install': False, 'test_result_base': None}
[0.373s] INFO:colcon.colcon_core.executor:Executing jobs using 'parallel' executor
[0.374s] DEBUG:colcon.colcon_parallel_executor.executor.parallel:run_until_complete
[0.375s] INFO:colcon.colcon_ros.task.ament_cmake.build:Building ROS package in '/home/xizesse/ros_ws/src/avoa3d' with build type 'ament_cmake'
[0.375s] INFO:colcon.colcon_cmake.task.cmake.build:Building CMake package in '/home/xizesse/ros_ws/src/avoa3d'
[0.379s] INFO:colcon.colcon_core.plugin_system:Skipping extension 'colcon_core.shell.bat': Not used on non-Windows systems
[0.379s] INFO:colcon.colcon_core.shell:Skip shell extension 'powershell' for command environment: Not usable outside of PowerShell
[0.379s] DEBUG:colcon.colcon_core.shell:Skip shell extension 'dsv' for command environment
[0.409s] DEBUG:colcon.colcon_core.event_handler.log_command:Invoking command in '/home/xizesse/ros_ws/src/avoa3d/build/avoa3d': CMAKE_PREFIX_PATH=${CMAKE_PREFIX_PATH}:/opt/ros/jazzy DEBUGINFOD_URLS=https://debuginfod.ubuntu.com /usr/bin/cmake --build /home/xizesse/ros_ws/src/avoa3d/build/avoa3d -- -j20 -l20
[1.237s] DEBUG:colcon.colcon_core.event_handler.log_command:Invoked command in '/home/xizesse/ros_ws/src/avoa3d/build/avoa3d' returned '0': CMAKE_PREFIX_PATH=${CMAKE_PREFIX_PATH}:/opt/ros/jazzy DEBUGINFOD_URLS=https://debuginfod.ubuntu.com /usr/bin/cmake --build /home/xizesse/ros_ws/src/avoa3d/build/avoa3d -- -j20 -l20
[1.256s] DEBUG:colcon.colcon_core.event_handler.log_command:Invoking command in '/home/xizesse/ros_ws/src/avoa3d/build/avoa3d': CMAKE_PREFIX_PATH=${CMAKE_PREFIX_PATH}:/opt/ros/jazzy DEBUGINFOD_URLS=https://debuginfod.ubuntu.com /usr/bin/cmake --install /home/xizesse/ros_ws/src/avoa3d/build/avoa3d
[1.373s] Level 1:colcon.colcon_core.environment:create_environment_scripts_only(avoa3d)
[1.374s] DEBUG:colcon.colcon_core.event_handler.log_command:Invoked command in '/home/xizesse/ros_ws/src/avoa3d/build/avoa3d' returned '0': CMAKE_PREFIX_PATH=${CMAKE_PREFIX_PATH}:/opt/ros/jazzy DEBUGINFOD_URLS=https://debuginfod.ubuntu.com /usr/bin/cmake --install /home/xizesse/ros_ws/src/avoa3d/build/avoa3d
[1.378s] Level 1:colcon.colcon_core.environment:checking '/home/xizesse/ros_ws/src/avoa3d/install/avoa3d' for CMake module files
[1.381s] Level 1:colcon.colcon_core.environment:checking '/home/xizesse/ros_ws/src/avoa3d/install/avoa3d' for CMake config files
[1.382s] Level 1:colcon.colcon_core.shell:create_environment_hook('avoa3d', 'cmake_prefix_path')
[1.383s] INFO:colcon.colcon_core.shell:Creating environment hook '/home/xizesse/ros_ws/src/avoa3d/install/avoa3d/share/avoa3d/hook/cmake_prefix_path.ps1'
[1.385s] INFO:colcon.colcon_core.shell:Creating environment descriptor '/home/xizesse/ros_ws/src/avoa3d/install/avoa3d/share/avoa3d/hook/cmake_prefix_path.dsv'
[1.386s] INFO:colcon.colcon_core.shell:Creating environment hook '/home/xizesse/ros_ws/src/avoa3d/install/avoa3d/share/avoa3d/hook/cmake_prefix_path.sh'
[1.389s] Level 1:colcon.colcon_core.environment:checking '/home/xizesse/ros_ws/src/avoa3d/install/avoa3d/lib'
[1.390s] Level 1:colcon.colcon_core.shell:create_environment_hook('avoa3d', 'ld_library_path_lib')
[1.390s] INFO:colcon.colcon_core.shell:Creating environment hook '/home/xizesse/ros_ws/src/avoa3d/install/avoa3d/share/avoa3d/hook/ld_library_path_lib.ps1'
[1.391s] INFO:colcon.colcon_core.shell:Creating environment descriptor '/home/xizesse/ros_ws/src/avoa3d/install/avoa3d/share/avoa3d/hook/ld_library_path_lib.dsv'
[1.392s] INFO:colcon.colcon_core.shell:Creating environment hook '/home/xizesse/ros_ws/src/avoa3d/install/avoa3d/share/avoa3d/hook/ld_library_path_lib.sh'
[1.393s] Level 1:colcon.colcon_core.environment:checking '/home/xizesse/ros_ws/src/avoa3d/install/avoa3d/bin'
[1.394s] Level 1:colcon.colcon_core.environment:checking '/home/xizesse/ros_ws/src/avoa3d/install/avoa3d/lib/pkgconfig/avoa3d.pc'
[1.394s] Level 1:colcon.colcon_core.environment:checking '/home/xizesse/ros_ws/src/avoa3d/install/avoa3d/lib/python3.12/site-packages'
[1.394s] Level 1:colcon.colcon_core.shell:create_environment_hook('avoa3d', 'pythonpath')
[1.395s] INFO:colcon.colcon_core.shell:Creating environment hook '/home/xizesse/ros_ws/src/avoa3d/install/avoa3d/share/avoa3d/hook/pythonpath.ps1'
[1.396s] INFO:colcon.colcon_core.shell:Creating environment descriptor '/home/xizesse/ros_ws/src/avoa3d/install/avoa3d/share/avoa3d/hook/pythonpath.dsv'
[1.397s] INFO:colcon.colcon_core.shell:Creating environment hook '/home/xizesse/ros_ws/src/avoa3d/install/avoa3d/share/avoa3d/hook/pythonpath.sh'
[1.398s] Level 1:colcon.colcon_core.environment:checking '/home/xizesse/ros_ws/src/avoa3d/install/avoa3d/bin'
[1.398s] INFO:colcon.colcon_core.shell:Creating package script '/home/xizesse/ros_ws/src/avoa3d/install/avoa3d/share/avoa3d/package.ps1'
[1.400s] INFO:colcon.colcon_core.shell:Creating package descriptor '/home/xizesse/ros_ws/src/avoa3d/install/avoa3d/share/avoa3d/package.dsv'
[1.401s] INFO:colcon.colcon_core.shell:Creating package script '/home/xizesse/ros_ws/src/avoa3d/install/avoa3d/share/avoa3d/package.sh'
[1.402s] INFO:colcon.colcon_core.shell:Creating package script '/home/xizesse/ros_ws/src/avoa3d/install/avoa3d/share/avoa3d/package.bash'
[1.403s] INFO:colcon.colcon_core.shell:Creating package script '/home/xizesse/ros_ws/src/avoa3d/install/avoa3d/share/avoa3d/package.zsh'
[1.404s] Level 1:colcon.colcon_core.environment:create_file_with_runtime_dependencies(/home/xizesse/ros_ws/src/avoa3d/install/avoa3d/share/colcon-core/packages/avoa3d)
[1.405s] Level 1:colcon.colcon_core.environment:create_environment_scripts_only(avoa3d)
[1.405s] Level 1:colcon.colcon_core.environment:checking '/home/xizesse/ros_ws/src/avoa3d/install/avoa3d' for CMake module files
[1.406s] Level 1:colcon.colcon_core.environment:checking '/home/xizesse/ros_ws/src/avoa3d/install/avoa3d' for CMake config files
[1.407s] Level 1:colcon.colcon_core.shell:create_environment_hook('avoa3d', 'cmake_prefix_path')
[1.407s] INFO:colcon.colcon_core.shell:Creating environment hook '/home/xizesse/ros_ws/src/avoa3d/install/avoa3d/share/avoa3d/hook/cmake_prefix_path.ps1'
[1.408s] INFO:colcon.colcon_core.shell:Creating environment descriptor '/home/xizesse/ros_ws/src/avoa3d/install/avoa3d/share/avoa3d/hook/cmake_prefix_path.dsv'
[1.409s] INFO:colcon.colcon_core.shell:Creating environment hook '/home/xizesse/ros_ws/src/avoa3d/install/avoa3d/share/avoa3d/hook/cmake_prefix_path.sh'
[1.410s] Level 1:colcon.colcon_core.environment:checking '/home/xizesse/ros_ws/src/avoa3d/install/avoa3d/lib'
[1.410s] Level 1:colcon.colcon_core.shell:create_environment_hook('avoa3d', 'ld_library_path_lib')
[1.411s] INFO:colcon.colcon_core.shell:Creating environment hook '/home/xizesse/ros_ws/src/avoa3d/install/avoa3d/share/avoa3d/hook/ld_library_path_lib.ps1'
[1.411s] INFO:colcon.colcon_core.shell:Creating environment descriptor '/home/xizesse/ros_ws/src/avoa3d/install/avoa3d/share/avoa3d/hook/ld_library_path_lib.dsv'
[1.412s] INFO:colcon.colcon_core.shell:Creating environment hook '/home/xizesse/ros_ws/src/avoa3d/install/avoa3d/share/avoa3d/hook/ld_library_path_lib.sh'
[1.413s] Level 1:colcon.colcon_core.environment:checking '/home/xizesse/ros_ws/src/avoa3d/install/avoa3d/bin'
[1.413s] Level 1:colcon.colcon_core.environment:checking '/home/xizesse/ros_ws/src/avoa3d/install/avoa3d/lib/pkgconfig/avoa3d.pc'
[1.413s] Level 1:colcon.colcon_core.environment:checking '/home/xizesse/ros_ws/src/avoa3d/install/avoa3d/lib/python3.12/site-packages'
[1.413s] Level 1:colcon.colcon_core.shell:create_environment_hook('avoa3d', 'pythonpath')
[1.414s] INFO:colcon.colcon_core.shell:Creating environment hook '/home/xizesse/ros_ws/src/avoa3d/install/avoa3d/share/avoa3d/hook/pythonpath.ps1'
[1.414s] INFO:colcon.colcon_core.shell:Creating environment descriptor '/home/xizesse/ros_ws/src/avoa3d/install/avoa3d/share/avoa3d/hook/pythonpath.dsv'
[1.415s] INFO:colcon.colcon_core.shell:Creating environment hook '/home/xizesse/ros_ws/src/avoa3d/install/avoa3d/share/avoa3d/hook/pythonpath.sh'
[1.416s] Level 1:colcon.colcon_core.environment:checking '/home/xizesse/ros_ws/src/avoa3d/install/avoa3d/bin'
[1.416s] INFO:colcon.colcon_core.shell:Creating package script '/home/xizesse/ros_ws/src/avoa3d/install/avoa3d/share/avoa3d/package.ps1'
[1.418s] INFO:colcon.colcon_core.shell:Creating package descriptor '/home/xizesse/ros_ws/src/avoa3d/install/avoa3d/share/avoa3d/package.dsv'
[1.419s] INFO:colcon.colcon_core.shell:Creating package script '/home/xizesse/ros_ws/src/avoa3d/install/avoa3d/share/avoa3d/package.sh'
[1.420s] INFO:colcon.colcon_core.shell:Creating package script '/home/xizesse/ros_ws/src/avoa3d/install/avoa3d/share/avoa3d/package.bash'
[1.420s] INFO:colcon.colcon_core.shell:Creating package script '/home/xizesse/ros_ws/src/avoa3d/install/avoa3d/share/avoa3d/package.zsh'
[1.421s] Level 1:colcon.colcon_core.environment:create_file_with_runtime_dependencies(/home/xizesse/ros_ws/src/avoa3d/install/avoa3d/share/colcon-core/packages/avoa3d)
[1.421s] DEBUG:colcon.colcon_parallel_executor.executor.parallel:closing loop
[1.422s] DEBUG:colcon.colcon_parallel_executor.executor.parallel:loop closed
[1.422s] DEBUG:colcon.colcon_parallel_executor.executor.parallel:run_until_complete finished with '0'
[1.422s] DEBUG:colcon.colcon_core.event_reactor:joining thread
[1.439s] INFO:colcon.colcon_core.plugin_system:Skipping extension 'colcon_notification.desktop_notification.terminal_notifier': Not used on non-Darwin systems
[1.439s] INFO:colcon.colcon_core.plugin_system:Skipping extension 'colcon_notification.desktop_notification.win32': Not used on non-Windows systems
[1.439s] INFO:colcon.colcon_notification.desktop_notification:Sending desktop notification using 'notify2'
[1.472s] DEBUG:colcon.colcon_core.event_reactor:joined thread
[1.473s] INFO:colcon.colcon_core.shell:Creating prefix script '/home/xizesse/ros_ws/src/avoa3d/install/local_setup.ps1'
[1.474s] INFO:colcon.colcon_core.shell:Creating prefix util module '/home/xizesse/ros_ws/src/avoa3d/install/_local_setup_util_ps1.py'
[1.476s] INFO:colcon.colcon_core.shell:Creating prefix chain script '/home/xizesse/ros_ws/src/avoa3d/install/setup.ps1'
[1.478s] INFO:colcon.colcon_core.shell:Creating prefix script '/home/xizesse/ros_ws/src/avoa3d/install/local_setup.sh'
[1.479s] INFO:colcon.colcon_core.shell:Creating prefix util module '/home/xizesse/ros_ws/src/avoa3d/install/_local_setup_util_sh.py'
[1.481s] INFO:colcon.colcon_core.shell:Creating prefix chain script '/home/xizesse/ros_ws/src/avoa3d/install/setup.sh'
[1.484s] INFO:colcon.colcon_core.shell:Creating prefix script '/home/xizesse/ros_ws/src/avoa3d/install/local_setup.bash'
[1.485s] INFO:colcon.colcon_core.shell:Creating prefix chain script '/home/xizesse/ros_ws/src/avoa3d/install/setup.bash'
[1.488s] INFO:colcon.colcon_core.shell:Creating prefix script '/home/xizesse/ros_ws/src/avoa3d/install/local_setup.zsh'
[1.489s] INFO:colcon.colcon_core.shell:Creating prefix chain script '/home/xizesse/ros_ws/src/avoa3d/install/setup.zsh'
