[0.086s] DEBUG:colcon:Command line arguments: ['/usr/bin/colcon', 'build', '--packages-select', 'avoa3d']
[0.086s] DEBUG:colcon:Parsed command line arguments: Namespace(log_base=None, log_level=None, verb_name='build', build_base='build', install_base='install', merge_install=False, symlink_install=False, test_result_base=None, continue_on_error=False, executor='parallel', parallel_workers=20, event_handlers=None, ignore_user_meta=False, metas=['./colcon.meta'], base_paths=['.'], packages_ignore=None, packages_ignore_regex=None, paths=None, packages_up_to=None, packages_up_to_regex=None, packages_above=None, packages_above_and_dependencies=None, packages_above_depth=None, packages_select_by_dep=None, packages_skip_by_dep=None, packages_skip_up_to=None, packages_select_build_failed=False, packages_skip_build_finished=False, packages_select_test_failures=False, packages_skip_test_passed=False, packages_select=['avoa3d'], packages_skip=None, packages_select_regex=None, packages_skip_regex=None, packages_start=None, packages_end=None, allow_overriding=[], cmake_args=None, cmake_target=None, cmake_target_skip_unavailable=False, cmake_clean_cache=False, cmake_clean_first=False, cmake_force_configure=False, ament_cmake_args=None, catkin_cmake_args=None, catkin_skip_building_tests=False, verb_parser=<colcon_defaults.argument_parser.defaults.DefaultArgumentsDecorator object at 0x7261365549e0>, verb_extension=<colcon_core.verb.build.BuildVerb object at 0x726136554440>, main=<bound method BuildVerb.main of <colcon_core.verb.build.BuildVerb object at 0x726136554440>>)
[0.134s] Level 1:colcon.colcon_core.package_discovery:discover_packages(colcon_meta) check parameters
[0.134s] Level 1:colcon.colcon_core.package_discovery:discover_packages(recursive) check parameters
[0.134s] Level 1:colcon.colcon_core.package_discovery:discover_packages(ignore) check parameters
[0.134s] Level 1:colcon.colcon_core.package_discovery:discover_packages(path) check parameters
[0.135s] Level 1:colcon.colcon_core.package_discovery:discover_packages(colcon_meta) discover
[0.135s] Level 1:colcon.colcon_core.package_discovery:discover_packages(recursive) discover
[0.135s] INFO:colcon.colcon_core.package_discovery:Crawling recursively for packages in '/home/xizesse/ros2_ws/src/avoa3d'
[0.135s] Level 1:colcon.colcon_core.package_identification:_identify(.) by extensions ['ignore', 'ignore_ament_install']
[0.135s] Level 1:colcon.colcon_core.package_identification:_identify(.) by extension 'ignore'
[0.136s] Level 1:colcon.colcon_core.package_identification:_identify(.) by extension 'ignore_ament_install'
[0.136s] Level 1:colcon.colcon_core.package_identification:_identify(.) by extensions ['colcon_pkg']
[0.136s] Level 1:colcon.colcon_core.package_identification:_identify(.) by extension 'colcon_pkg'
[0.136s] Level 1:colcon.colcon_core.package_identification:_identify(.) by extensions ['colcon_meta']
[0.136s] Level 1:colcon.colcon_core.package_identification:_identify(.) by extension 'colcon_meta'
[0.136s] Level 1:colcon.colcon_core.package_identification:_identify(.) by extensions ['ros']
[0.136s] Level 1:colcon.colcon_core.package_identification:_identify(.) by extension 'ros'
[0.166s] DEBUG:colcon.colcon_core.package_identification:Package '.' with type 'ros.ament_cmake' and name 'avoa3d'
[0.166s] Level 1:colcon.colcon_core.package_discovery:discover_packages(recursive) using defaults
[0.166s] Level 1:colcon.colcon_core.package_discovery:discover_packages(ignore) discover
[0.166s] Level 1:colcon.colcon_core.package_discovery:discover_packages(ignore) using defaults
[0.166s] Level 1:colcon.colcon_core.package_discovery:discover_packages(path) discover
[0.166s] Level 1:colcon.colcon_core.package_discovery:discover_packages(path) using defaults
[0.185s] Level 1:colcon.colcon_core.package_discovery:discover_packages(prefix_path) check parameters
[0.186s] Level 1:colcon.colcon_core.package_discovery:discover_packages(prefix_path) discover
[0.186s] Level 1:colcon.colcon_core.package_discovery:discover_packages(prefix_path) using defaults
[0.188s] Level 5:colcon.colcon_core.verb:set package 'avoa3d' build argument 'cmake_args' from command line to 'None'
[0.188s] Level 5:colcon.colcon_core.verb:set package 'avoa3d' build argument 'cmake_target' from command line to 'None'
[0.188s] Level 5:colcon.colcon_core.verb:set package 'avoa3d' build argument 'cmake_target_skip_unavailable' from command line to 'False'
[0.188s] Level 5:colcon.colcon_core.verb:set package 'avoa3d' build argument 'cmake_clean_cache' from command line to 'False'
[0.188s] Level 5:colcon.colcon_core.verb:set package 'avoa3d' build argument 'cmake_clean_first' from command line to 'False'
[0.188s] Level 5:colcon.colcon_core.verb:set package 'avoa3d' build argument 'cmake_force_configure' from command line to 'False'
[0.188s] Level 5:colcon.colcon_core.verb:set package 'avoa3d' build argument 'ament_cmake_args' from command line to 'None'
[0.188s] Level 5:colcon.colcon_core.verb:set package 'avoa3d' build argument 'catkin_cmake_args' from command line to 'None'
[0.188s] Level 5:colcon.colcon_core.verb:set package 'avoa3d' build argument 'catkin_skip_building_tests' from command line to 'False'
[0.188s] DEBUG:colcon.colcon_core.verb:Building package 'avoa3d' with the following arguments: {'ament_cmake_args': None, 'build_base': '/home/xizesse/ros2_ws/src/avoa3d/build/avoa3d', 'catkin_cmake_args': None, 'catkin_skip_building_tests': False, 'cmake_args': None, 'cmake_clean_cache': False, 'cmake_clean_first': False, 'cmake_force_configure': False, 'cmake_target': None, 'cmake_target_skip_unavailable': False, 'install_base': '/home/xizesse/ros2_ws/src/avoa3d/install/avoa3d', 'merge_install': False, 'path': '/home/xizesse/ros2_ws/src/avoa3d', 'symlink_install': False, 'test_result_base': None}
[0.188s] INFO:colcon.colcon_core.executor:Executing jobs using 'parallel' executor
[0.191s] DEBUG:colcon.colcon_parallel_executor.executor.parallel:run_until_complete
[0.191s] INFO:colcon.colcon_ros.task.ament_cmake.build:Building ROS package in '/home/xizesse/ros2_ws/src/avoa3d' with build type 'ament_cmake'
[0.191s] INFO:colcon.colcon_cmake.task.cmake.build:Building CMake package in '/home/xizesse/ros2_ws/src/avoa3d'
[0.193s] INFO:colcon.colcon_core.plugin_system:Skipping extension 'colcon_core.shell.bat': Not used on non-Windows systems
[0.193s] INFO:colcon.colcon_core.shell:Skip shell extension 'powershell' for command environment: Not usable outside of PowerShell
[0.193s] DEBUG:colcon.colcon_core.shell:Skip shell extension 'dsv' for command environment
[0.201s] DEBUG:colcon.colcon_core.event_handler.log_command:Invoking command in '/home/xizesse/ros2_ws/src/avoa3d/build/avoa3d': DEBUGINFOD_URLS=https://debuginfod.ubuntu.com /usr/bin/cmake /home/xizesse/ros2_ws/src/avoa3d -DCMAKE_INSTALL_PREFIX=/home/xizesse/ros2_ws/src/avoa3d/install/avoa3d
[0.661s] DEBUG:colcon.colcon_core.event_handler.log_command:Invoked command in '/home/xizesse/ros2_ws/src/avoa3d/build/avoa3d' returned '1': DEBUGINFOD_URLS=https://debuginfod.ubuntu.com /usr/bin/cmake /home/xizesse/ros2_ws/src/avoa3d -DCMAKE_INSTALL_PREFIX=/home/xizesse/ros2_ws/src/avoa3d/install/avoa3d
[0.672s] Level 1:colcon.colcon_core.environment:create_environment_scripts_only(avoa3d)
[0.676s] Level 1:colcon.colcon_core.environment:checking '/home/xizesse/ros2_ws/src/avoa3d/install/avoa3d' for CMake module files
[0.677s] Level 1:colcon.colcon_core.environment:checking '/home/xizesse/ros2_ws/src/avoa3d/install/avoa3d' for CMake config files
[0.677s] Level 1:colcon.colcon_core.environment:checking '/home/xizesse/ros2_ws/src/avoa3d/install/avoa3d/bin'
[0.677s] Level 1:colcon.colcon_core.environment:checking '/home/xizesse/ros2_ws/src/avoa3d/install/avoa3d/lib/pkgconfig/avoa3d.pc'
[0.680s] Level 1:colcon.colcon_core.environment:checking '/home/xizesse/ros2_ws/src/avoa3d/install/avoa3d/lib/python3.12/site-packages'
[0.680s] Level 1:colcon.colcon_core.environment:checking '/home/xizesse/ros2_ws/src/avoa3d/install/avoa3d/bin'
[0.681s] INFO:colcon.colcon_core.shell:Creating package script '/home/xizesse/ros2_ws/src/avoa3d/install/avoa3d/share/avoa3d/package.ps1'
[0.681s] INFO:colcon.colcon_core.shell:Creating package descriptor '/home/xizesse/ros2_ws/src/avoa3d/install/avoa3d/share/avoa3d/package.dsv'
[0.681s] INFO:colcon.colcon_core.shell:Creating package script '/home/xizesse/ros2_ws/src/avoa3d/install/avoa3d/share/avoa3d/package.sh'
[0.682s] INFO:colcon.colcon_core.shell:Creating package script '/home/xizesse/ros2_ws/src/avoa3d/install/avoa3d/share/avoa3d/package.bash'
[0.682s] INFO:colcon.colcon_core.shell:Creating package script '/home/xizesse/ros2_ws/src/avoa3d/install/avoa3d/share/avoa3d/package.zsh'
[0.682s] Level 1:colcon.colcon_core.environment:create_file_with_runtime_dependencies(/home/xizesse/ros2_ws/src/avoa3d/install/avoa3d/share/colcon-core/packages/avoa3d)
[0.693s] DEBUG:colcon.colcon_parallel_executor.executor.parallel:closing loop
[0.694s] DEBUG:colcon.colcon_parallel_executor.executor.parallel:loop closed
[0.694s] DEBUG:colcon.colcon_parallel_executor.executor.parallel:run_until_complete finished with '1'
[0.694s] DEBUG:colcon.colcon_core.event_reactor:joining thread
[0.697s] INFO:colcon.colcon_core.plugin_system:Skipping extension 'colcon_notification.desktop_notification.terminal_notifier': Not used on non-Darwin systems
[0.697s] INFO:colcon.colcon_core.plugin_system:Skipping extension 'colcon_notification.desktop_notification.win32': Not used on non-Windows systems
[0.697s] INFO:colcon.colcon_notification.desktop_notification:Sending desktop notification using 'notify2'
[0.726s] DEBUG:colcon.colcon_core.event_reactor:joined thread
[0.728s] INFO:colcon.colcon_core.shell:Creating prefix script '/home/xizesse/ros2_ws/src/avoa3d/install/local_setup.ps1'
[0.729s] INFO:colcon.colcon_core.shell:Creating prefix util module '/home/xizesse/ros2_ws/src/avoa3d/install/_local_setup_util_ps1.py'
[0.729s] INFO:colcon.colcon_core.shell:Creating prefix chain script '/home/xizesse/ros2_ws/src/avoa3d/install/setup.ps1'
[0.730s] INFO:colcon.colcon_core.shell:Creating prefix script '/home/xizesse/ros2_ws/src/avoa3d/install/local_setup.sh'
[0.730s] INFO:colcon.colcon_core.shell:Creating prefix util module '/home/xizesse/ros2_ws/src/avoa3d/install/_local_setup_util_sh.py'
[0.731s] INFO:colcon.colcon_core.shell:Creating prefix chain script '/home/xizesse/ros2_ws/src/avoa3d/install/setup.sh'
[0.731s] INFO:colcon.colcon_core.shell:Creating prefix script '/home/xizesse/ros2_ws/src/avoa3d/install/local_setup.bash'
[0.731s] INFO:colcon.colcon_core.shell:Creating prefix chain script '/home/xizesse/ros2_ws/src/avoa3d/install/setup.bash'
[0.731s] INFO:colcon.colcon_core.shell:Creating prefix script '/home/xizesse/ros2_ws/src/avoa3d/install/local_setup.zsh'
[0.732s] INFO:colcon.colcon_core.shell:Creating prefix chain script '/home/xizesse/ros2_ws/src/avoa3d/install/setup.zsh'
