-- Found ament_cmake: 2.5.5 (/opt/ros/jazzy/share/ament_cmake/cmake)
-- Found Python3: /home/motusxico/venv-ardupilot/bin/python3 (found version "3.12.3") found components: Interpreter 
-- Override CMake install command with custom implementation using symlinks instead of copying resources
-- Found rclcpp: 28.1.16 (/opt/ros/jazzy/share/rclcpp/cmake)
-- Found rosidl_generator_c: 4.6.7 (/opt/ros/jazzy/share/rosidl_generator_c/cmake)
-- Found rosidl_generator_cpp: 4.6.7 (/opt/ros/jazzy/share/rosidl_generator_cpp/cmake)
-- Using all available rosidl_typesupport_c: rosidl_typesupport_fastrtps_c;rosidl_typesupport_introspection_c
-- Using all available rosidl_typesupport_cpp: rosidl_typesupport_fastrtps_cpp;rosidl_typesupport_introspection_cpp
-- Found rmw_implementation_cmake: 7.3.3 (/opt/ros/jazzy/share/rmw_implementation_cmake/cmake)
-- Found rmw_cyclonedds_cpp: 2.2.3 (/opt/ros/jazzy/share/rmw_cyclonedds_cpp/cmake)
-- Using RMW implementation 'rmw_cyclonedds_cpp' as default
-- Found std_msgs: 5.3.6 (/opt/ros/jazzy/share/std_msgs/cmake)
-- Found visualization_msgs: 5.3.6 (/opt/ros/jazzy/share/visualization_msgs/cmake)
-- Found rosidl_default_generators: 1.6.0 (/opt/ros/jazzy/share/rosidl_default_generators/cmake)
-- Found rosidl_adapter: 4.6.7 (/opt/ros/jazzy/share/rosidl_adapter/cmake)
-- Found nav_msgs: 5.3.6 (/opt/ros/jazzy/share/nav_msgs/cmake)
-- Found tf2_ros: 0.36.19 (/opt/ros/jazzy/share/tf2_ros/cmake)
-- Found tf2_eigen: 0.36.19 (/opt/ros/jazzy/share/tf2_eigen/cmake)
-- Found tf2_geometry_msgs: 0.36.19 (/opt/ros/jazzy/share/tf2_geometry_msgs/cmake)
-- Found eigen3_cmake_module: 0.3.0 (/opt/ros/jazzy/share/eigen3_cmake_module/cmake)
-- Found Eigen3: TRUE (found version "3.4.0") 
-- Ensuring Eigen3 include directory is part of orocos-kdl CMake target
-- Found rviz_visual_tools: 4.1.4 (/opt/ros/jazzy/share/rviz_visual_tools/cmake)
-- Found TinyXML2 via Config file: /usr/lib/x86_64-linux-gnu/cmake/tinyxml2
-- Setting OGRE_DIR to: '/opt/ros/jazzy/share/rviz_ogre_vendor/cmake/../../../opt/rviz_ogre_vendor/lib/OGRE/cmake'
-- Found OGRE
--   static     : OFF
--   components : MeshLodGenerator;Overlay;Paging;Property;RTShaderSystem;Terrain;Volume
--   plugins    : Plugin_BSPSceneManager;Plugin_OctreeSceneManager;Plugin_PCZSceneManager;Plugin_ParticleFX;RenderSystem_GL;RenderSystem_GL3Plus;Codec_STBI
--   media      : /opt/ros/jazzy/opt/rviz_ogre_vendor/share/OGRE/Media
-- OGRE_LIBRARIES: OgreMeshLodGenerator;OgreOverlay;OgrePaging;OgreProperty;OgreRTShaderSystem;OgreTerrain;OgreVolume;OgreMain
-- OGRE_LIBRARY_DIRS: /opt/ros/jazzy/opt/rviz_ogre_vendor/lib
-- OGRE_PLUGINS: Plugin_BSPSceneManager;Plugin_OctreeSceneManager;Plugin_PCZSceneManager;Plugin_ParticleFX;RenderSystem_GL;RenderSystem_GL3Plus;Codec_STBI
-- OGRE_PLUGIN_DIR: /opt/ros/jazzy/opt/rviz_ogre_vendor/lib/OGRE
-- rviz_ogre_vendor::OgreOverlay for IMPORTED_LOCATION_RELEASE: /opt/ros/jazzy/opt/rviz_ogre_vendor/lib/libOgreOverlay.so
-- rviz_ogre_vendor::OgreOverlay for IMPORTED_LOCATION_DEBUG: /opt/ros/jazzy/opt/rviz_ogre_vendor/lib/libOgreOverlay.so
-- rviz_ogre_vendor::OgreMain for IMPORTED_LOCATION_RELEASE: /opt/ros/jazzy/opt/rviz_ogre_vendor/lib/libOgreMain.so
-- rviz_ogre_vendor::OgreMain for IMPORTED_LOCATION_DEBUG: /opt/ros/jazzy/opt/rviz_ogre_vendor/lib/libOgreMain.so
-- Found ZLIB: /usr/lib/x86_64-linux-gnu/libz.so (found version "1.3")  
-- Found OpenGL: /usr/lib/x86_64-linux-gnu/libOpenGL.so   
-- Found X11: /usr/include   
-- Looking for XOpenDisplay in /usr/lib/x86_64-linux-gnu/libX11.so;/usr/lib/x86_64-linux-gnu/libXext.so
-- Looking for XOpenDisplay in /usr/lib/x86_64-linux-gnu/libX11.so;/usr/lib/x86_64-linux-gnu/libXext.so - found
-- Looking for gethostbyname
-- Looking for gethostbyname - found
-- Looking for connect
-- Looking for connect - found
-- Looking for remove
-- Looking for remove - found
-- Looking for shmat
-- Looking for shmat - found
-- Looking for IceConnectionNumber in ICE
-- Looking for IceConnectionNumber in ICE - found
-- Setting yaml-cpp_DIR to: '/opt/ros/jazzy/share/yaml_cpp_vendor/cmake/../../../opt/yaml_cpp_vendor/share/cmake/yaml-cpp'
-- Found geographic_msgs: 1.0.6 (/opt/ros/jazzy/share/geographic_msgs/cmake)
-- Found ament_cmake_ros: 0.12.0 (/opt/ros/jazzy/share/ament_cmake_ros/cmake)
-- Using all available rosidl_typesupport_c: rosidl_typesupport_fastrtps_c;rosidl_typesupport_introspection_c
-- Using all available rosidl_typesupport_cpp: rosidl_typesupport_fastrtps_cpp;rosidl_typesupport_introspection_cpp
-- Found python_cmake_module: 0.11.1 (/opt/ros/jazzy/share/python_cmake_module/cmake)
-- Found PythonExtra: /home/motusxico/venv-ardupilot/bin/python3  
-- Found Python3: /home/motusxico/venv-ardupilot/bin/python3 (found version "3.12.3") found components: Interpreter Development NumPy Development.Module Development.Embed 
-- Found ament_lint_auto: 0.17.4 (/opt/ros/jazzy/share/ament_lint_auto/cmake)
-- Configuring done (5.6s)
-- Generating done (0.1s)
-- Build files have been written to: /home/motusxico/ros2_ws/src/avoa3d/build/avoa3d
[  1%] [34m[1mGenerating type hashes for ROS interfaces[0m
[  1%] Built target ament_cmake_python_symlink_avoa3d
[  1%] Built target avoa3d__rosidl_generator_type_description
[  3%] [34m[1mGenerating C code for ROS interfaces[0m
running egg_info
[  4%] [34m[1mGenerating C++ code for ROS interfaces[0m
creating avoa3d.egg-info
writing avoa3d.egg-info/PKG-INFO
writing dependency_links to avoa3d.egg-info/dependency_links.txt
writing top-level names to avoa3d.egg-info/top_level.txt
writing manifest file 'avoa3d.egg-info/SOURCES.txt'
reading manifest file 'avoa3d.egg-info/SOURCES.txt'
writing manifest file 'avoa3d.egg-info/SOURCES.txt'
[  4%] Built target ament_cmake_python_build_avoa3d_egg
[  4%] Built target avoa3d__cpp
[  8%] [32mBuilding C object CMakeFiles/avoa3d__rosidl_generator_c.dir/rosidl_generator_c/avoa3d/msg/detail/element_characteristics_stamped__description.c.o[0m
[  8%] [32mBuilding C object CMakeFiles/avoa3d__rosidl_generator_c.dir/rosidl_generator_c/avoa3d/msg/detail/element_characteristics_array__functions.c.o[0m
[  9%] [32mBuilding C object CMakeFiles/avoa3d__rosidl_generator_c.dir/rosidl_generator_c/avoa3d/msg/detail/element_characteristics_stamped__type_support.c.o[0m
[ 11%] [32mBuilding C object CMakeFiles/avoa3d__rosidl_generator_c.dir/rosidl_generator_c/avoa3d/msg/detail/element_characteristics_stamped__functions.c.o[0m
[ 13%] [32mBuilding C object CMakeFiles/avoa3d__rosidl_generator_c.dir/rosidl_generator_c/avoa3d/msg/detail/element_characteristics_array__type_support.c.o[0m
[ 14%] [32mBuilding C object CMakeFiles/avoa3d__rosidl_generator_c.dir/rosidl_generator_c/avoa3d/msg/detail/element_characteristics_array__description.c.o[0m
[ 16%] [32m[1mLinking C shared library libavoa3d__rosidl_generator_c.so[0m
[ 16%] Built target avoa3d__rosidl_generator_c
[ 18%] [34m[1mGenerating C type support for eProsima Fast-RTPS[0m
[ 19%] [34m[1mGenerating C++ type support dispatch for ROS interfaces[0m
[ 21%] [34m[1mGenerating C++ type support for eProsima Fast-RTPS[0m
[ 22%] [34m[1mGenerating C++ introspection for ROS interfaces[0m
[ 24%] [34m[1mGenerating C introspection for ROS interfaces[0m
[ 26%] [34m[1mGenerating C type support dispatch for ROS interfaces[0m
[ 27%] [32mBuilding CXX object CMakeFiles/avoa3d__rosidl_typesupport_c.dir/rosidl_typesupport_c/avoa3d/msg/element_characteristics_stamped__type_support.cpp.o[0m
[ 29%] [32mBuilding CXX object CMakeFiles/avoa3d__rosidl_typesupport_c.dir/rosidl_typesupport_c/avoa3d/msg/element_characteristics_array__type_support.cpp.o[0m
[ 31%] [32mBuilding C object CMakeFiles/avoa3d__rosidl_typesupport_introspection_c.dir/rosidl_typesupport_introspection_c/avoa3d/msg/detail/element_characteristics_stamped__type_support.c.o[0m
[ 32%] [32m[1mLinking CXX shared library libavoa3d__rosidl_typesupport_c.so[0m
[ 34%] [32mBuilding CXX object CMakeFiles/avoa3d__rosidl_typesupport_introspection_cpp.dir/rosidl_typesupport_introspection_cpp/avoa3d/msg/detail/element_characteristics_stamped__type_support.cpp.o[0m
[ 34%] Built target avoa3d__rosidl_typesupport_c
[ 36%] [32mBuilding C object CMakeFiles/avoa3d__rosidl_typesupport_introspection_c.dir/rosidl_typesupport_introspection_c/avoa3d/msg/detail/element_characteristics_array__type_support.c.o[0m
[ 37%] [32mBuilding CXX object CMakeFiles/avoa3d__rosidl_typesupport_introspection_cpp.dir/rosidl_typesupport_introspection_cpp/avoa3d/msg/detail/element_characteristics_array__type_support.cpp.o[0m
[ 39%] [32mBuilding CXX object CMakeFiles/avoa3d__rosidl_typesupport_fastrtps_c.dir/rosidl_typesupport_fastrtps_c/avoa3d/msg/detail/element_characteristics_stamped__type_support_c.cpp.o[0m
[ 40%] [32m[1mLinking C shared library libavoa3d__rosidl_typesupport_introspection_c.so[0m
[ 40%] Built target avoa3d__rosidl_typesupport_introspection_c
[ 42%] [32mBuilding CXX object CMakeFiles/avoa3d__rosidl_typesupport_fastrtps_cpp.dir/rosidl_typesupport_fastrtps_cpp/avoa3d/msg/detail/dds_fastrtps/element_characteristics_stamped__type_support.cpp.o[0m
[ 44%] [32mBuilding CXX object CMakeFiles/avoa3d__rosidl_typesupport_fastrtps_cpp.dir/rosidl_typesupport_fastrtps_cpp/avoa3d/msg/detail/dds_fastrtps/element_characteristics_array__type_support.cpp.o[0m
[ 45%] [32mBuilding CXX object CMakeFiles/avoa3d__rosidl_typesupport_cpp.dir/rosidl_typesupport_cpp/avoa3d/msg/element_characteristics_stamped__type_support.cpp.o[0m
[ 47%] [32mBuilding CXX object CMakeFiles/avoa3d__rosidl_typesupport_cpp.dir/rosidl_typesupport_cpp/avoa3d/msg/element_characteristics_array__type_support.cpp.o[0m
[ 49%] [32mBuilding CXX object CMakeFiles/avoa3d__rosidl_typesupport_fastrtps_c.dir/rosidl_typesupport_fastrtps_c/avoa3d/msg/detail/element_characteristics_array__type_support_c.cpp.o[0m
[ 50%] [32m[1mLinking CXX shared library libavoa3d__rosidl_typesupport_introspection_cpp.so[0m
[ 50%] Built target avoa3d__rosidl_typesupport_introspection_cpp
[ 52%] [32m[1mLinking CXX shared library libavoa3d__rosidl_typesupport_fastrtps_cpp.so[0m
[ 52%] Built target avoa3d__rosidl_typesupport_fastrtps_cpp
[ 54%] [32m[1mLinking CXX shared library libavoa3d__rosidl_typesupport_cpp.so[0m
[ 54%] Built target avoa3d__rosidl_typesupport_cpp
[ 55%] [32mBuilding CXX object CMakeFiles/rviz_marker.dir/src/rviz_marker.cpp.o[0m
[ 57%] [32mBuilding CXX object CMakeFiles/avoa3dnode.dir/src/avoa3dnode.cpp.o[0m
[ 59%] [32mBuilding CXX object CMakeFiles/element_markers.dir/src/element_markers.cpp.o[0m
[ 60%] [32mBuilding CXX object CMakeFiles/test_w_goal.dir/src/test_w_goal.cpp.o[0m
[ 62%] [32mBuilding CXX object CMakeFiles/tf_publisher.dir/src/tf_publisher.cpp.o[0m
[ 63%] [32m[1mLinking CXX shared library libavoa3d__rosidl_typesupport_fastrtps_c.so[0m
[ 63%] Built target avoa3d__rosidl_typesupport_fastrtps_c
[ 65%] [32mBuilding CXX object CMakeFiles/avoa3dnode.dir/src/sample_evaluator.cpp.o[0m
[ 67%] [32mBuilding CXX object CMakeFiles/dummy_obstacle_publisher.dir/src/dummy_obstacle_publisher.cpp.o[0m
[ 68%] [32m[1mLinking CXX executable tf_publisher[0m
[ 70%] [32m[1mLinking CXX executable element_markers[0m
[ 70%] Built target tf_publisher
[ 72%] [32mBuilding CXX object CMakeFiles/avoa3dnode.dir/src/sample_visualizer.cpp.o[0m
[ 72%] Built target element_markers
[ 72%] Built target avoa3d
[ 73%] [32mBuilding CXX object CMakeFiles/avoa3dnode.dir/src/sample_generator.cpp.o[0m
[ 75%] [32mBuilding CXX object CMakeFiles/avoa3dnode.dir/src/holonomic_sample_generator.cpp.o[0m
[ 77%] [32m[1mLinking CXX executable test_w_goal[0m
[ 77%] Built target test_w_goal
[ 78%] [34m[1mGenerating Python code for ROS interfaces[0m
[ 80%] [32mBuilding CXX object CMakeFiles/avoa3dnode.dir/src/diff_drive_sample_generator.cpp.o[0m
[ 80%] Built target avoa3d__py
[ 81%] [32mBuilding C object CMakeFiles/avoa3d__rosidl_generator_py.dir/rosidl_generator_py/avoa3d/msg/_element_characteristics_stamped_s.c.o[0m
[ 83%] [32mBuilding C object CMakeFiles/avoa3d__rosidl_generator_py.dir/rosidl_generator_py/avoa3d/msg/_element_characteristics_array_s.c.o[0m
[ 85%] [32m[1mLinking C shared library libavoa3d__rosidl_generator_py.so[0m
[ 85%] Built target avoa3d__rosidl_generator_py
[ 86%] [32mBuilding C object CMakeFiles/avoa3d_s__rosidl_typesupport_fastrtps_c.dir/rosidl_generator_py/avoa3d/_avoa3d_s.ep.rosidl_typesupport_fastrtps_c.c.o[0m
[ 88%] [32mBuilding C object CMakeFiles/avoa3d_s__rosidl_typesupport_introspection_c.dir/rosidl_generator_py/avoa3d/_avoa3d_s.ep.rosidl_typesupport_introspection_c.c.o[0m
[ 90%] [32m[1mLinking C shared module rosidl_generator_py/avoa3d/avoa3d_s__rosidl_typesupport_fastrtps_c.so[0m
[ 91%] [32m[1mLinking C shared module rosidl_generator_py/avoa3d/avoa3d_s__rosidl_typesupport_introspection_c.so[0m
[ 91%] Built target avoa3d_s__rosidl_typesupport_fastrtps_c
[ 91%] Built target avoa3d_s__rosidl_typesupport_introspection_c
[ 93%] [32mBuilding C object CMakeFiles/avoa3d_s__rosidl_typesupport_c.dir/rosidl_generator_py/avoa3d/_avoa3d_s.ep.rosidl_typesupport_c.c.o[0m
[ 95%] [32m[1mLinking C shared module rosidl_generator_py/avoa3d/avoa3d_s__rosidl_typesupport_c.so[0m
[ 95%] Built target avoa3d_s__rosidl_typesupport_c
[ 96%] [32m[1mLinking CXX executable rviz_marker[0m
[ 98%] [32m[1mLinking CXX executable dummy_obstacle_publisher[0m
[ 98%] Built target dummy_obstacle_publisher
[100%] [32m[1mLinking CXX executable avoa3dnode[0m
[100%] Built target rviz_marker
[100%] Built target avoa3dnode
-- Install configuration: ""
-- Execute custom install script
-- Symlinking: /home/motusxico/ros2_ws/src/avoa3d/install/avoa3d/share/ament_index/resource_index/rosidl_interfaces/avoa3d
-- Symlinking: /home/motusxico/ros2_ws/src/avoa3d/install/avoa3d/share/avoa3d/msg/ElementCharacteristicsStamped.json
-- Symlinking: /home/motusxico/ros2_ws/src/avoa3d/install/avoa3d/share/avoa3d/msg/ElementCharacteristicsArray.json
-- Symlinking: /home/motusxico/ros2_ws/src/avoa3d/install/avoa3d/include/avoa3d/avoa3d/msg/detail/element_characteristics_array__functions.h
-- Symlinking: /home/motusxico/ros2_ws/src/avoa3d/install/avoa3d/include/avoa3d/avoa3d/msg/detail/element_characteristics_array__struct.h
-- Symlinking: /home/motusxico/ros2_ws/src/avoa3d/install/avoa3d/include/avoa3d/avoa3d/msg/detail/element_characteristics_array__type_support.h
-- Symlinking: /home/motusxico/ros2_ws/src/avoa3d/install/avoa3d/include/avoa3d/avoa3d/msg/detail/element_characteristics_stamped__functions.h
-- Symlinking: /home/motusxico/ros2_ws/src/avoa3d/install/avoa3d/include/avoa3d/avoa3d/msg/detail/element_characteristics_stamped__struct.h
-- Symlinking: /home/motusxico/ros2_ws/src/avoa3d/install/avoa3d/include/avoa3d/avoa3d/msg/detail/element_characteristics_stamped__type_support.h
-- Symlinking: /home/motusxico/ros2_ws/src/avoa3d/install/avoa3d/include/avoa3d/avoa3d/msg/element_characteristics_array.h
-- Symlinking: /home/motusxico/ros2_ws/src/avoa3d/install/avoa3d/include/avoa3d/avoa3d/msg/element_characteristics_stamped.h
-- Symlinking: /home/motusxico/ros2_ws/src/avoa3d/install/avoa3d/include/avoa3d/avoa3d/msg/rosidl_generator_c__visibility_control.h
-- Symlinking: /home/motusxico/ros2_ws/src/avoa3d/install/avoa3d/share/avoa3d/environment/library_path.sh
-- Symlinking: /home/motusxico/ros2_ws/src/avoa3d/install/avoa3d/share/avoa3d/environment/library_path.dsv
-- Symlinking: /home/motusxico/ros2_ws/src/avoa3d/install/avoa3d/include/avoa3d/avoa3d/msg/detail/element_characteristics_array__rosidl_typesupport_fastrtps_c.h
-- Symlinking: /home/motusxico/ros2_ws/src/avoa3d/install/avoa3d/include/avoa3d/avoa3d/msg/detail/element_characteristics_stamped__rosidl_typesupport_fastrtps_c.h
-- Symlinking: /home/motusxico/ros2_ws/src/avoa3d/install/avoa3d/include/avoa3d/avoa3d/msg/rosidl_typesupport_fastrtps_c__visibility_control.h
-- Symlinking: /home/motusxico/ros2_ws/src/avoa3d/install/avoa3d/include/avoa3d/avoa3d/msg/detail/element_characteristics_array__builder.hpp
-- Symlinking: /home/motusxico/ros2_ws/src/avoa3d/install/avoa3d/include/avoa3d/avoa3d/msg/detail/element_characteristics_array__struct.hpp
-- Symlinking: /home/motusxico/ros2_ws/src/avoa3d/install/avoa3d/include/avoa3d/avoa3d/msg/detail/element_characteristics_array__traits.hpp
-- Symlinking: /home/motusxico/ros2_ws/src/avoa3d/install/avoa3d/include/avoa3d/avoa3d/msg/detail/element_characteristics_array__type_support.hpp
-- Symlinking: /home/motusxico/ros2_ws/src/avoa3d/install/avoa3d/include/avoa3d/avoa3d/msg/detail/element_characteristics_stamped__builder.hpp
-- Symlinking: /home/motusxico/ros2_ws/src/avoa3d/install/avoa3d/include/avoa3d/avoa3d/msg/detail/element_characteristics_stamped__struct.hpp
-- Symlinking: /home/motusxico/ros2_ws/src/avoa3d/install/avoa3d/include/avoa3d/avoa3d/msg/detail/element_characteristics_stamped__traits.hpp
-- Symlinking: /home/motusxico/ros2_ws/src/avoa3d/install/avoa3d/include/avoa3d/avoa3d/msg/detail/element_characteristics_stamped__type_support.hpp
-- Symlinking: /home/motusxico/ros2_ws/src/avoa3d/install/avoa3d/include/avoa3d/avoa3d/msg/element_characteristics_array.hpp
-- Symlinking: /home/motusxico/ros2_ws/src/avoa3d/install/avoa3d/include/avoa3d/avoa3d/msg/element_characteristics_stamped.hpp
-- Symlinking: /home/motusxico/ros2_ws/src/avoa3d/install/avoa3d/include/avoa3d/avoa3d/msg/rosidl_generator_cpp__visibility_control.hpp
-- Symlinking: /home/motusxico/ros2_ws/src/avoa3d/install/avoa3d/include/avoa3d/avoa3d/msg/detail/element_characteristics_array__rosidl_typesupport_fastrtps_cpp.hpp
-- Symlinking: /home/motusxico/ros2_ws/src/avoa3d/install/avoa3d/include/avoa3d/avoa3d/msg/detail/element_characteristics_stamped__rosidl_typesupport_fastrtps_cpp.hpp
-- Symlinking: /home/motusxico/ros2_ws/src/avoa3d/install/avoa3d/include/avoa3d/avoa3d/msg/rosidl_typesupport_fastrtps_cpp__visibility_control.h
-- Symlinking: /home/motusxico/ros2_ws/src/avoa3d/install/avoa3d/include/avoa3d/avoa3d/msg/detail/element_characteristics_array__rosidl_typesupport_introspection_c.h
-- Symlinking: /home/motusxico/ros2_ws/src/avoa3d/install/avoa3d/include/avoa3d/avoa3d/msg/detail/element_characteristics_stamped__rosidl_typesupport_introspection_c.h
-- Symlinking: /home/motusxico/ros2_ws/src/avoa3d/install/avoa3d/include/avoa3d/avoa3d/msg/rosidl_typesupport_introspection_c__visibility_control.h
-- Symlinking: /home/motusxico/ros2_ws/src/avoa3d/install/avoa3d/include/avoa3d/avoa3d/msg/detail/element_characteristics_array__rosidl_typesupport_introspection_cpp.hpp
-- Symlinking: /home/motusxico/ros2_ws/src/avoa3d/install/avoa3d/include/avoa3d/avoa3d/msg/detail/element_characteristics_stamped__rosidl_typesupport_introspection_cpp.hpp
-- Symlinking: /home/motusxico/ros2_ws/src/avoa3d/install/avoa3d/share/avoa3d/environment/pythonpath.sh
-- Symlinking: /home/motusxico/ros2_ws/src/avoa3d/install/avoa3d/share/avoa3d/environment/pythonpath.dsv
-- Symlinking: /home/motusxico/ros2_ws/src/avoa3d/install/avoa3d/lib/python3.12/site-packages/avoa3d-0.1.0-py3.12.egg-info/PKG-INFO
-- Symlinking: /home/motusxico/ros2_ws/src/avoa3d/install/avoa3d/lib/python3.12/site-packages/avoa3d-0.1.0-py3.12.egg-info/SOURCES.txt
-- Symlinking: /home/motusxico/ros2_ws/src/avoa3d/install/avoa3d/lib/python3.12/site-packages/avoa3d-0.1.0-py3.12.egg-info/dependency_links.txt
-- Symlinking: /home/motusxico/ros2_ws/src/avoa3d/install/avoa3d/lib/python3.12/site-packages/avoa3d-0.1.0-py3.12.egg-info/top_level.txt
-- Symlinking: /home/motusxico/ros2_ws/src/avoa3d/install/avoa3d/lib/python3.12/site-packages/avoa3d/__init__.py
-- Symlinking: /home/motusxico/ros2_ws/src/avoa3d/install/avoa3d/lib/python3.12/site-packages/avoa3d/_avoa3d_s.ep.rosidl_typesupport_c.c
-- Symlinking: /home/motusxico/ros2_ws/src/avoa3d/install/avoa3d/lib/python3.12/site-packages/avoa3d/_avoa3d_s.ep.rosidl_typesupport_fastrtps_c.c
-- Symlinking: /home/motusxico/ros2_ws/src/avoa3d/install/avoa3d/lib/python3.12/site-packages/avoa3d/_avoa3d_s.ep.rosidl_typesupport_introspection_c.c
-- Symlinking: /home/motusxico/ros2_ws/src/avoa3d/install/avoa3d/lib/python3.12/site-packages/avoa3d/avoa3d_s__rosidl_typesupport_c.so
-- Symlinking: /home/motusxico/ros2_ws/src/avoa3d/install/avoa3d/lib/python3.12/site-packages/avoa3d/avoa3d_s__rosidl_typesupport_fastrtps_c.so
-- Symlinking: /home/motusxico/ros2_ws/src/avoa3d/install/avoa3d/lib/python3.12/site-packages/avoa3d/avoa3d_s__rosidl_typesupport_introspection_c.so
-- Symlinking: /home/motusxico/ros2_ws/src/avoa3d/install/avoa3d/lib/python3.12/site-packages/avoa3d/msg/__init__.py
-- Symlinking: /home/motusxico/ros2_ws/src/avoa3d/install/avoa3d/lib/python3.12/site-packages/avoa3d/msg/_element_characteristics_array.py
-- Symlinking: /home/motusxico/ros2_ws/src/avoa3d/install/avoa3d/lib/python3.12/site-packages/avoa3d/msg/_element_characteristics_array_s.c
-- Symlinking: /home/motusxico/ros2_ws/src/avoa3d/install/avoa3d/lib/python3.12/site-packages/avoa3d/msg/_element_characteristics_stamped.py
-- Symlinking: /home/motusxico/ros2_ws/src/avoa3d/install/avoa3d/lib/python3.12/site-packages/avoa3d/msg/_element_characteristics_stamped_s.c
-- Up-to-date symlink: /home/motusxico/ros2_ws/src/avoa3d/install/avoa3d/lib/python3.12/site-packages/avoa3d/avoa3d_s__rosidl_typesupport_fastrtps_c.so
-- Up-to-date symlink: /home/motusxico/ros2_ws/src/avoa3d/install/avoa3d/lib/python3.12/site-packages/avoa3d/avoa3d_s__rosidl_typesupport_introspection_c.so
-- Up-to-date symlink: /home/motusxico/ros2_ws/src/avoa3d/install/avoa3d/lib/python3.12/site-packages/avoa3d/avoa3d_s__rosidl_typesupport_c.so
-- Symlinking: /home/motusxico/ros2_ws/src/avoa3d/install/avoa3d/share/avoa3d/msg/ElementCharacteristicsStamped.idl
-- Symlinking: /home/motusxico/ros2_ws/src/avoa3d/install/avoa3d/share/avoa3d/msg/ElementCharacteristicsArray.idl
-- Symlinking: /home/motusxico/ros2_ws/src/avoa3d/install/avoa3d/share/avoa3d/msg/ElementCharacteristicsStamped.msg
-- Symlinking: /home/motusxico/ros2_ws/src/avoa3d/install/avoa3d/share/avoa3d/msg/ElementCharacteristicsArray.msg
-- Symlinking: /home/motusxico/ros2_ws/src/avoa3d/install/avoa3d/lib/avoa3d/rviz_marker
-- Symlinking: /home/motusxico/ros2_ws/src/avoa3d/install/avoa3d/lib/avoa3d/test_w_goal
-- Symlinking: /home/motusxico/ros2_ws/src/avoa3d/install/avoa3d/lib/avoa3d/avoa3dnode
-- Symlinking: /home/motusxico/ros2_ws/src/avoa3d/install/avoa3d/lib/avoa3d/tf_publisher
-- Symlinking: /home/motusxico/ros2_ws/src/avoa3d/install/avoa3d/lib/avoa3d/dummy_obstacle_publisher
-- Symlinking: /home/motusxico/ros2_ws/src/avoa3d/install/avoa3d/lib/avoa3d/element_markers
-- Symlinking: /home/motusxico/ros2_ws/src/avoa3d/install/avoa3d/share/avoa3d//launch/avoa.launch.py
-- Symlinking: /home/motusxico/ros2_ws/src/avoa3d/install/avoa3d/share/avoa3d//launch/bridge_launch.xml
-- Symlinking: /home/motusxico/ros2_ws/src/avoa3d/install/avoa3d/share/avoa3d//launch/diff_drive.launch.py
-- Symlinking: /home/motusxico/ros2_ws/src/avoa3d/install/avoa3d/share/avoa3d//launch/ground_truth_obstacles.launch.py
-- Symlinking: /home/motusxico/ros2_ws/src/avoa3d/install/avoa3d/share/avoa3d//launch/holonomic.ablated.py
-- Symlinking: /home/motusxico/ros2_ws/src/avoa3d/install/avoa3d/share/avoa3d//launch/holonomic.launch.py
-- Symlinking: /home/motusxico/ros2_ws/src/avoa3d/install/avoa3d/share/avoa3d//launch/lidar_obstacles.launch.py
-- Symlinking: /home/motusxico/ros2_ws/src/avoa3d/install/avoa3d/share/avoa3d//launch/rvo.launch.py
-- Symlinking: /home/motusxico/ros2_ws/src/avoa3d/install/avoa3d/share/avoa3d//launch/s3vo.launch.py
-- Symlinking: /home/motusxico/ros2_ws/src/avoa3d/install/avoa3d/share/avoa3d//launch/true_obstacle_publisher.launch.py
-- Symlinking: /home/motusxico/ros2_ws/src/avoa3d/install/avoa3d/share/avoa3d//launch/viana_static_obstacles.launch.py
-- Symlinking: /home/motusxico/ros2_ws/src/avoa3d/install/avoa3d/share/avoa3d//config/PlotJugglerLayout.xml
-- Symlinking: /home/motusxico/ros2_ws/src/avoa3d/install/avoa3d/share/avoa3d//config/bridge_config.yaml
-- Symlinking: /home/motusxico/ros2_ws/src/avoa3d/install/avoa3d/share/avoa3d//config/bridge_obstacles_config.yaml
-- Symlinking: /home/motusxico/ros2_ws/src/avoa3d/install/avoa3d/share/avoa3d//config/diff_drive_params.yaml
-- Symlinking: /home/motusxico/ros2_ws/src/avoa3d/install/avoa3d/share/avoa3d//config/gz_window_layout.config
-- Symlinking: /home/motusxico/ros2_ws/src/avoa3d/install/avoa3d/share/avoa3d//config/holonomic_params.yaml
-- Symlinking: /home/motusxico/ros2_ws/src/avoa3d/install/avoa3d/share/avoa3d//config/holonomic_params2.yaml
-- Symlinking: /home/motusxico/ros2_ws/src/avoa3d/install/avoa3d/share/avoa3d//config/nest_bridge_config.yaml
-- Symlinking: /home/motusxico/ros2_ws/src/avoa3d/install/avoa3d/share/avoa3d//config/nest_params.yaml
-- Symlinking: /home/motusxico/ros2_ws/src/avoa3d/install/avoa3d/share/avoa3d//config/rviz_config.rviz
-- Symlinking: /home/motusxico/ros2_ws/src/avoa3d/install/avoa3d/share/avoa3d//config/static_obstacles.yaml
-- Symlinking: /home/motusxico/ros2_ws/src/avoa3d/install/avoa3d/lib/avoa3d/laser_frame_transformer.py
-- Symlinking: /home/motusxico/ros2_ws/src/avoa3d/install/avoa3d/lib/avoa3d/lidar_frame_transformer.py
-- Symlinking: /home/motusxico/ros2_ws/src/avoa3d/install/avoa3d/lib/avoa3d/gazebo_obstacle_publisher.py
-- Symlinking: /home/motusxico/ros2_ws/src/avoa3d/install/avoa3d/lib/avoa3d/durius_gps_obstacle_publisher.py
-- Symlinking: /home/motusxico/ros2_ws/src/avoa3d/install/avoa3d/lib/avoa3d/nautilus_obstacle_publisher.py
-- Up-to-date symlink: /home/motusxico/ros2_ws/src/avoa3d/install/avoa3d/share/avoa3d/launch/avoa.launch.py
-- Up-to-date symlink: /home/motusxico/ros2_ws/src/avoa3d/install/avoa3d/share/avoa3d/launch/bridge_launch.xml
-- Up-to-date symlink: /home/motusxico/ros2_ws/src/avoa3d/install/avoa3d/share/avoa3d/launch/diff_drive.launch.py
-- Up-to-date symlink: /home/motusxico/ros2_ws/src/avoa3d/install/avoa3d/share/avoa3d/launch/ground_truth_obstacles.launch.py
-- Up-to-date symlink: /home/motusxico/ros2_ws/src/avoa3d/install/avoa3d/share/avoa3d/launch/holonomic.ablated.py
-- Up-to-date symlink: /home/motusxico/ros2_ws/src/avoa3d/install/avoa3d/share/avoa3d/launch/holonomic.launch.py
-- Up-to-date symlink: /home/motusxico/ros2_ws/src/avoa3d/install/avoa3d/share/avoa3d/launch/lidar_obstacles.launch.py
-- Up-to-date symlink: /home/motusxico/ros2_ws/src/avoa3d/install/avoa3d/share/avoa3d/launch/rvo.launch.py
-- Up-to-date symlink: /home/motusxico/ros2_ws/src/avoa3d/install/avoa3d/share/avoa3d/launch/s3vo.launch.py
-- Up-to-date symlink: /home/motusxico/ros2_ws/src/avoa3d/install/avoa3d/share/avoa3d/launch/true_obstacle_publisher.launch.py
-- Up-to-date symlink: /home/motusxico/ros2_ws/src/avoa3d/install/avoa3d/share/avoa3d/launch/viana_static_obstacles.launch.py
-- Symlinking: /home/motusxico/ros2_ws/src/avoa3d/install/avoa3d/share/ament_index/resource_index/package_run_dependencies/avoa3d
-- Symlinking: /home/motusxico/ros2_ws/src/avoa3d/install/avoa3d/share/ament_index/resource_index/parent_prefix_path/avoa3d
-- Symlinking: /home/motusxico/ros2_ws/src/avoa3d/install/avoa3d/share/avoa3d/environment/ament_prefix_path.sh
-- Symlinking: /home/motusxico/ros2_ws/src/avoa3d/install/avoa3d/share/avoa3d/environment/ament_prefix_path.dsv
-- Symlinking: /home/motusxico/ros2_ws/src/avoa3d/install/avoa3d/share/avoa3d/environment/path.sh
-- Symlinking: /home/motusxico/ros2_ws/src/avoa3d/install/avoa3d/share/avoa3d/environment/path.dsv
-- Symlinking: /home/motusxico/ros2_ws/src/avoa3d/install/avoa3d/share/avoa3d/local_setup.bash
-- Symlinking: /home/motusxico/ros2_ws/src/avoa3d/install/avoa3d/share/avoa3d/local_setup.sh
-- Symlinking: /home/motusxico/ros2_ws/src/avoa3d/install/avoa3d/share/avoa3d/local_setup.zsh
-- Symlinking: /home/motusxico/ros2_ws/src/avoa3d/install/avoa3d/share/avoa3d/local_setup.dsv
-- Symlinking: /home/motusxico/ros2_ws/src/avoa3d/install/avoa3d/share/avoa3d/package.dsv
-- Symlinking: /home/motusxico/ros2_ws/src/avoa3d/install/avoa3d/share/ament_index/resource_index/packages/avoa3d
-- Symlinking: /home/motusxico/ros2_ws/src/avoa3d/install/avoa3d/share/avoa3d/cmake/rosidl_cmake-extras.cmake
-- Symlinking: /home/motusxico/ros2_ws/src/avoa3d/install/avoa3d/share/avoa3d/cmake/ament_cmake_export_dependencies-extras.cmake
-- Symlinking: /home/motusxico/ros2_ws/src/avoa3d/install/avoa3d/share/avoa3d/cmake/ament_cmake_export_include_directories-extras.cmake
-- Symlinking: /home/motusxico/ros2_ws/src/avoa3d/install/avoa3d/share/avoa3d/cmake/ament_cmake_export_libraries-extras.cmake
-- Symlinking: /home/motusxico/ros2_ws/src/avoa3d/install/avoa3d/share/avoa3d/cmake/ament_cmake_export_targets-extras.cmake
-- Symlinking: /home/motusxico/ros2_ws/src/avoa3d/install/avoa3d/share/avoa3d/cmake/rosidl_cmake_export_typesupport_targets-extras.cmake
-- Symlinking: /home/motusxico/ros2_ws/src/avoa3d/install/avoa3d/share/avoa3d/cmake/rosidl_cmake_export_typesupport_libraries-extras.cmake
-- Symlinking: /home/motusxico/ros2_ws/src/avoa3d/install/avoa3d/share/avoa3d/cmake/avoa3dConfig.cmake
-- Symlinking: /home/motusxico/ros2_ws/src/avoa3d/install/avoa3d/share/avoa3d/cmake/avoa3dConfig-version.cmake
-- Symlinking: /home/motusxico/ros2_ws/src/avoa3d/install/avoa3d/share/avoa3d/package.xml
-- Installing: /home/motusxico/ros2_ws/src/avoa3d/install/avoa3d/lib/libavoa3d__rosidl_generator_c.so
-- Set non-toolchain portion of runtime path of "/home/motusxico/ros2_ws/src/avoa3d/install/avoa3d/lib/libavoa3d__rosidl_generator_c.so" to ""
-- Installing: /home/motusxico/ros2_ws/src/avoa3d/install/avoa3d/lib/libavoa3d__rosidl_typesupport_fastrtps_c.so
-- Set non-toolchain portion of runtime path of "/home/motusxico/ros2_ws/src/avoa3d/install/avoa3d/lib/libavoa3d__rosidl_typesupport_fastrtps_c.so" to ""
-- Installing: /home/motusxico/ros2_ws/src/avoa3d/install/avoa3d/lib/libavoa3d__rosidl_typesupport_fastrtps_cpp.so
-- Set non-toolchain portion of runtime path of "/home/motusxico/ros2_ws/src/avoa3d/install/avoa3d/lib/libavoa3d__rosidl_typesupport_fastrtps_cpp.so" to ""
-- Installing: /home/motusxico/ros2_ws/src/avoa3d/install/avoa3d/lib/libavoa3d__rosidl_typesupport_introspection_c.so
-- Set non-toolchain portion of runtime path of "/home/motusxico/ros2_ws/src/avoa3d/install/avoa3d/lib/libavoa3d__rosidl_typesupport_introspection_c.so" to ""
-- Installing: /home/motusxico/ros2_ws/src/avoa3d/install/avoa3d/lib/libavoa3d__rosidl_typesupport_c.so
-- Set non-toolchain portion of runtime path of "/home/motusxico/ros2_ws/src/avoa3d/install/avoa3d/lib/libavoa3d__rosidl_typesupport_c.so" to ""
-- Installing: /home/motusxico/ros2_ws/src/avoa3d/install/avoa3d/lib/libavoa3d__rosidl_typesupport_introspection_cpp.so
-- Set non-toolchain portion of runtime path of "/home/motusxico/ros2_ws/src/avoa3d/install/avoa3d/lib/libavoa3d__rosidl_typesupport_introspection_cpp.so" to ""
-- Installing: /home/motusxico/ros2_ws/src/avoa3d/install/avoa3d/lib/libavoa3d__rosidl_typesupport_cpp.so
-- Set non-toolchain portion of runtime path of "/home/motusxico/ros2_ws/src/avoa3d/install/avoa3d/lib/libavoa3d__rosidl_typesupport_cpp.so" to ""
Listing '/home/motusxico/ros2_ws/src/avoa3d/install/avoa3d/lib/python3.12/site-packages/avoa3d'...
Compiling '/home/motusxico/ros2_ws/src/avoa3d/install/avoa3d/lib/python3.12/site-packages/avoa3d/__init__.py'...
Listing '/home/motusxico/ros2_ws/src/avoa3d/install/avoa3d/lib/python3.12/site-packages/avoa3d/msg'...
Compiling '/home/motusxico/ros2_ws/src/avoa3d/install/avoa3d/lib/python3.12/site-packages/avoa3d/msg/__init__.py'...
Compiling '/home/motusxico/ros2_ws/src/avoa3d/install/avoa3d/lib/python3.12/site-packages/avoa3d/msg/_element_characteristics_array.py'...
Compiling '/home/motusxico/ros2_ws/src/avoa3d/install/avoa3d/lib/python3.12/site-packages/avoa3d/msg/_element_characteristics_stamped.py'...
-- Installing: /home/motusxico/ros2_ws/src/avoa3d/install/avoa3d/lib/libavoa3d__rosidl_generator_py.so
-- Set non-toolchain portion of runtime path of "/home/motusxico/ros2_ws/src/avoa3d/install/avoa3d/lib/libavoa3d__rosidl_generator_py.so" to ""
-- Installing: /home/motusxico/ros2_ws/src/avoa3d/install/avoa3d/share/avoa3d/cmake/export_avoa3d__rosidl_generator_cExport.cmake
-- Installing: /home/motusxico/ros2_ws/src/avoa3d/install/avoa3d/share/avoa3d/cmake/export_avoa3d__rosidl_generator_cExport-noconfig.cmake
-- Installing: /home/motusxico/ros2_ws/src/avoa3d/install/avoa3d/share/avoa3d/cmake/export_avoa3d__rosidl_typesupport_fastrtps_cExport.cmake
-- Installing: /home/motusxico/ros2_ws/src/avoa3d/install/avoa3d/share/avoa3d/cmake/export_avoa3d__rosidl_typesupport_fastrtps_cExport-noconfig.cmake
-- Installing: /home/motusxico/ros2_ws/src/avoa3d/install/avoa3d/share/avoa3d/cmake/export_avoa3d__rosidl_generator_cppExport.cmake
-- Installing: /home/motusxico/ros2_ws/src/avoa3d/install/avoa3d/share/avoa3d/cmake/export_avoa3d__rosidl_typesupport_fastrtps_cppExport.cmake
-- Installing: /home/motusxico/ros2_ws/src/avoa3d/install/avoa3d/share/avoa3d/cmake/export_avoa3d__rosidl_typesupport_fastrtps_cppExport-noconfig.cmake
-- Installing: /home/motusxico/ros2_ws/src/avoa3d/install/avoa3d/share/avoa3d/cmake/avoa3d__rosidl_typesupport_introspection_cExport.cmake
-- Installing: /home/motusxico/ros2_ws/src/avoa3d/install/avoa3d/share/avoa3d/cmake/avoa3d__rosidl_typesupport_introspection_cExport-noconfig.cmake
-- Installing: /home/motusxico/ros2_ws/src/avoa3d/install/avoa3d/share/avoa3d/cmake/avoa3d__rosidl_typesupport_cExport.cmake
-- Installing: /home/motusxico/ros2_ws/src/avoa3d/install/avoa3d/share/avoa3d/cmake/avoa3d__rosidl_typesupport_cExport-noconfig.cmake
-- Installing: /home/motusxico/ros2_ws/src/avoa3d/install/avoa3d/share/avoa3d/cmake/avoa3d__rosidl_typesupport_introspection_cppExport.cmake
-- Installing: /home/motusxico/ros2_ws/src/avoa3d/install/avoa3d/share/avoa3d/cmake/avoa3d__rosidl_typesupport_introspection_cppExport-noconfig.cmake
-- Installing: /home/motusxico/ros2_ws/src/avoa3d/install/avoa3d/share/avoa3d/cmake/avoa3d__rosidl_typesupport_cppExport.cmake
-- Installing: /home/motusxico/ros2_ws/src/avoa3d/install/avoa3d/share/avoa3d/cmake/avoa3d__rosidl_typesupport_cppExport-noconfig.cmake
-- Installing: /home/motusxico/ros2_ws/src/avoa3d/install/avoa3d/share/avoa3d/cmake/export_avoa3d__rosidl_generator_pyExport.cmake
-- Installing: /home/motusxico/ros2_ws/src/avoa3d/install/avoa3d/share/avoa3d/cmake/export_avoa3d__rosidl_generator_pyExport-noconfig.cmake
