[0.008s] Invoking command in '/home/motusxico/ros2_ws/src/avoa3d/build/avoa3d': CMAKE_PREFIX_PATH=${CMAKE_PREFIX_PATH}:/opt/ros/jazzy DEBUGINFOD_URLS=https://debuginfod.ubuntu.com VIRTUAL_ENV_PROMPT=(venv-ardupilot) /usr/bin/cmake /home/motusxico/ros2_ws/src/avoa3d -DAMENT_CMAKE_SYMLINK_INSTALL=1 -DCMAKE_INSTALL_PREFIX=/home/motusxico/ros2_ws/src/avoa3d/install/avoa3d
[0.040s] -- Found ament_cmake: 2.5.5 (/opt/ros/jazzy/share/ament_cmake/cmake)
[0.211s] -- Found Python3: /home/motusxico/venv-ardupilot/bin/python3 (found version "3.12.3") found components: Interpreter 
[0.377s] -- Override CMake install command with custom implementation using symlinks instead of copying resources
[0.515s] -- Found rclcpp: 28.1.16 (/opt/ros/jazzy/share/rclcpp/cmake)
[0.606s] -- Found rosidl_generator_c: 4.6.7 (/opt/ros/jazzy/share/rosidl_generator_c/cmake)
[0.628s] -- Found rosidl_generator_cpp: 4.6.7 (/opt/ros/jazzy/share/rosidl_generator_cpp/cmake)
[0.660s] -- Using all available rosidl_typesupport_c: rosidl_typesupport_fastrtps_c;rosidl_typesupport_introspection_c
[0.691s] -- Using all available rosidl_typesupport_cpp: rosidl_typesupport_fastrtps_cpp;rosidl_typesupport_introspection_cpp
[0.834s] -- Found rmw_implementation_cmake: 7.3.3 (/opt/ros/jazzy/share/rmw_implementation_cmake/cmake)
[0.840s] -- Found rmw_cyclonedds_cpp: 2.2.3 (/opt/ros/jazzy/share/rmw_cyclonedds_cpp/cmake)
[0.893s] -- Using RMW implementation 'rmw_cyclonedds_cpp' as default
[0.983s] -- Found std_msgs: 5.3.6 (/opt/ros/jazzy/share/std_msgs/cmake)
[1.003s] -- Found visualization_msgs: 5.3.6 (/opt/ros/jazzy/share/visualization_msgs/cmake)
[1.094s] -- Found rosidl_default_generators: 1.6.0 (/opt/ros/jazzy/share/rosidl_default_generators/cmake)
[1.119s] -- Found rosidl_adapter: 4.6.7 (/opt/ros/jazzy/share/rosidl_adapter/cmake)
[1.125s] -- Found nav_msgs: 5.3.6 (/opt/ros/jazzy/share/nav_msgs/cmake)
[1.159s] -- Found tf2_ros: 0.36.19 (/opt/ros/jazzy/share/tf2_ros/cmake)
[1.349s] -- Found tf2_eigen: 0.36.19 (/opt/ros/jazzy/share/tf2_eigen/cmake)
[1.365s] -- Found tf2_geometry_msgs: 0.36.19 (/opt/ros/jazzy/share/tf2_geometry_msgs/cmake)
[1.381s] -- Found eigen3_cmake_module: 0.3.0 (/opt/ros/jazzy/share/eigen3_cmake_module/cmake)
[1.382s] -- Found Eigen3: TRUE (found version "3.4.0") 
[1.383s] -- Ensuring Eigen3 include directory is part of orocos-kdl CMake target
[1.388s] -- Found rviz_visual_tools: 4.1.4 (/opt/ros/jazzy/share/rviz_visual_tools/cmake)
[1.504s] -- Found TinyXML2 via Config file: /usr/lib/x86_64-linux-gnu/cmake/tinyxml2
[1.510s] -- Setting OGRE_DIR to: '/opt/ros/jazzy/share/rviz_ogre_vendor/cmake/../../../opt/rviz_ogre_vendor/lib/OGRE/cmake'
[1.512s] -- Found OGRE
[1.512s] --   static     : OFF
[1.512s] --   components : MeshLodGenerator;Overlay;Paging;Property;RTShaderSystem;Terrain;Volume
[1.512s] --   plugins    : Plugin_BSPSceneManager;Plugin_OctreeSceneManager;Plugin_PCZSceneManager;Plugin_ParticleFX;RenderSystem_GL;RenderSystem_GL3Plus;Codec_STBI
[1.512s] --   media      : /opt/ros/jazzy/opt/rviz_ogre_vendor/share/OGRE/Media
[1.512s] -- OGRE_LIBRARIES: OgreMeshLodGenerator;OgreOverlay;OgrePaging;OgreProperty;OgreRTShaderSystem;OgreTerrain;OgreVolume;OgreMain
[1.512s] -- OGRE_LIBRARY_DIRS: /opt/ros/jazzy/opt/rviz_ogre_vendor/lib
[1.512s] -- OGRE_PLUGINS: Plugin_BSPSceneManager;Plugin_OctreeSceneManager;Plugin_PCZSceneManager;Plugin_ParticleFX;RenderSystem_GL;RenderSystem_GL3Plus;Codec_STBI
[1.512s] -- OGRE_PLUGIN_DIR: /opt/ros/jazzy/opt/rviz_ogre_vendor/lib/OGRE
[1.513s] -- rviz_ogre_vendor::OgreOverlay for IMPORTED_LOCATION_RELEASE: /opt/ros/jazzy/opt/rviz_ogre_vendor/lib/libOgreOverlay.so
[1.513s] -- rviz_ogre_vendor::OgreOverlay for IMPORTED_LOCATION_DEBUG: /opt/ros/jazzy/opt/rviz_ogre_vendor/lib/libOgreOverlay.so
[1.513s] -- rviz_ogre_vendor::OgreMain for IMPORTED_LOCATION_RELEASE: /opt/ros/jazzy/opt/rviz_ogre_vendor/lib/libOgreMain.so
[1.513s] -- rviz_ogre_vendor::OgreMain for IMPORTED_LOCATION_DEBUG: /opt/ros/jazzy/opt/rviz_ogre_vendor/lib/libOgreMain.so
[1.555s] -- Found ZLIB: /usr/lib/x86_64-linux-gnu/libz.so (found version "1.3")  
[1.569s] -- Found OpenGL: /usr/lib/x86_64-linux-gnu/libOpenGL.so   
[1.750s] -- Found X11: /usr/include   
[1.750s] -- Looking for XOpenDisplay in /usr/lib/x86_64-linux-gnu/libX11.so;/usr/lib/x86_64-linux-gnu/libXext.so
[1.844s] -- Looking for XOpenDisplay in /usr/lib/x86_64-linux-gnu/libX11.so;/usr/lib/x86_64-linux-gnu/libXext.so - found
[1.844s] -- Looking for gethostbyname
[1.925s] -- Looking for gethostbyname - found
[1.925s] -- Looking for connect
[2.008s] -- Looking for connect - found
[2.008s] -- Looking for remove
[2.101s] -- Looking for remove - found
[2.101s] -- Looking for shmat
[2.187s] -- Looking for shmat - found
[2.187s] -- Looking for IceConnectionNumber in ICE
[2.295s] -- Looking for IceConnectionNumber in ICE - found
[2.384s] -- Setting yaml-cpp_DIR to: '/opt/ros/jazzy/share/yaml_cpp_vendor/cmake/../../../opt/yaml_cpp_vendor/share/cmake/yaml-cpp'
[2.597s] -- Found geographic_msgs: 1.0.6 (/opt/ros/jazzy/share/geographic_msgs/cmake)
[3.440s] -- Found ament_cmake_ros: 0.12.0 (/opt/ros/jazzy/share/ament_cmake_ros/cmake)
[4.560s] -- Using all available rosidl_typesupport_c: rosidl_typesupport_fastrtps_c;rosidl_typesupport_introspection_c
[4.939s] -- Using all available rosidl_typesupport_cpp: rosidl_typesupport_fastrtps_cpp;rosidl_typesupport_introspection_cpp
[4.943s] -- Found python_cmake_module: 0.11.1 (/opt/ros/jazzy/share/python_cmake_module/cmake)
[5.074s] -- Found PythonExtra: /home/motusxico/venv-ardupilot/bin/python3  
[5.509s] -- Found Python3: /home/motusxico/venv-ardupilot/bin/python3 (found version "3.12.3") found components: Interpreter Development NumPy Development.Module Development.Embed 
[5.584s] -- Found ament_lint_auto: 0.17.4 (/opt/ros/jazzy/share/ament_lint_auto/cmake)
[5.597s] -- Configuring done (5.6s)
[5.676s] -- Generating done (0.1s)
[5.699s] -- Build files have been written to: /home/motusxico/ros2_ws/src/avoa3d/build/avoa3d
[5.712s] Invoked command in '/home/motusxico/ros2_ws/src/avoa3d/build/avoa3d' returned '0': CMAKE_PREFIX_PATH=${CMAKE_PREFIX_PATH}:/opt/ros/jazzy DEBUGINFOD_URLS=https://debuginfod.ubuntu.com VIRTUAL_ENV_PROMPT=(venv-ardupilot) /usr/bin/cmake /home/motusxico/ros2_ws/src/avoa3d -DAMENT_CMAKE_SYMLINK_INSTALL=1 -DCMAKE_INSTALL_PREFIX=/home/motusxico/ros2_ws/src/avoa3d/install/avoa3d
[5.714s] Invoking command in '/home/motusxico/ros2_ws/src/avoa3d/build/avoa3d': CMAKE_PREFIX_PATH=${CMAKE_PREFIX_PATH}:/opt/ros/jazzy DEBUGINFOD_URLS=https://debuginfod.ubuntu.com VIRTUAL_ENV_PROMPT=(venv-ardupilot) /usr/bin/cmake --build /home/motusxico/ros2_ws/src/avoa3d/build/avoa3d -- -j6 -l6
[5.765s] [  1%] [34m[1mGenerating type hashes for ROS interfaces[0m
[5.773s] [  1%] Built target ament_cmake_python_symlink_avoa3d
[6.058s] [  1%] Built target avoa3d__rosidl_generator_type_description
[6.071s] [  3%] [34m[1mGenerating C code for ROS interfaces[0m
[6.077s] running egg_info
[6.081s] [  4%] [34m[1mGenerating C++ code for ROS interfaces[0m
[6.102s] creating avoa3d.egg-info
[6.103s] writing avoa3d.egg-info/PKG-INFO
[6.103s] writing dependency_links to avoa3d.egg-info/dependency_links.txt
[6.103s] writing top-level names to avoa3d.egg-info/top_level.txt
[6.103s] writing manifest file 'avoa3d.egg-info/SOURCES.txt'
[6.175s] reading manifest file 'avoa3d.egg-info/SOURCES.txt'
[6.175s] writing manifest file 'avoa3d.egg-info/SOURCES.txt'
[6.208s] [  4%] Built target ament_cmake_python_build_avoa3d_egg
[6.541s] [  4%] Built target avoa3d__cpp
[6.603s] [  8%] [32mBuilding C object CMakeFiles/avoa3d__rosidl_generator_c.dir/rosidl_generator_c/avoa3d/msg/detail/element_characteristics_stamped__description.c.o[0m
[6.603s] [  8%] [32mBuilding C object CMakeFiles/avoa3d__rosidl_generator_c.dir/rosidl_generator_c/avoa3d/msg/detail/element_characteristics_array__functions.c.o[0m
[6.603s] [  9%] [32mBuilding C object CMakeFiles/avoa3d__rosidl_generator_c.dir/rosidl_generator_c/avoa3d/msg/detail/element_characteristics_stamped__type_support.c.o[0m
[6.604s] [ 11%] [32mBuilding C object CMakeFiles/avoa3d__rosidl_generator_c.dir/rosidl_generator_c/avoa3d/msg/detail/element_characteristics_stamped__functions.c.o[0m
[6.655s] [ 13%] [32mBuilding C object CMakeFiles/avoa3d__rosidl_generator_c.dir/rosidl_generator_c/avoa3d/msg/detail/element_characteristics_array__type_support.c.o[0m
[6.674s] [ 14%] [32mBuilding C object CMakeFiles/avoa3d__rosidl_generator_c.dir/rosidl_generator_c/avoa3d/msg/detail/element_characteristics_array__description.c.o[0m
[6.755s] [ 16%] [32m[1mLinking C shared library libavoa3d__rosidl_generator_c.so[0m
[6.865s] [ 16%] Built target avoa3d__rosidl_generator_c
[6.865s] [ 18%] [34m[1mGenerating C type support for eProsima Fast-RTPS[0m
[6.865s] [ 19%] [34m[1mGenerating C++ type support dispatch for ROS interfaces[0m
[6.865s] [ 21%] [34m[1mGenerating C++ type support for eProsima Fast-RTPS[0m
[6.865s] [ 22%] [34m[1mGenerating C++ introspection for ROS interfaces[0m
[6.865s] [ 24%] [34m[1mGenerating C introspection for ROS interfaces[0m
[6.865s] [ 26%] [34m[1mGenerating C type support dispatch for ROS interfaces[0m
[7.215s] [ 27%] [32mBuilding CXX object CMakeFiles/avoa3d__rosidl_typesupport_c.dir/rosidl_typesupport_c/avoa3d/msg/element_characteristics_stamped__type_support.cpp.o[0m
[7.323s] [ 29%] [32mBuilding CXX object CMakeFiles/avoa3d__rosidl_typesupport_c.dir/rosidl_typesupport_c/avoa3d/msg/element_characteristics_array__type_support.cpp.o[0m
[7.347s] [ 31%] [32mBuilding C object CMakeFiles/avoa3d__rosidl_typesupport_introspection_c.dir/rosidl_typesupport_introspection_c/avoa3d/msg/detail/element_characteristics_stamped__type_support.c.o[0m
[7.375s] [ 32%] [32m[1mLinking CXX shared library libavoa3d__rosidl_typesupport_c.so[0m
[7.424s] [ 34%] [32mBuilding CXX object CMakeFiles/avoa3d__rosidl_typesupport_introspection_cpp.dir/rosidl_typesupport_introspection_cpp/avoa3d/msg/detail/element_characteristics_stamped__type_support.cpp.o[0m
[7.437s] [ 34%] Built target avoa3d__rosidl_typesupport_c
[7.441s] [ 36%] [32mBuilding C object CMakeFiles/avoa3d__rosidl_typesupport_introspection_c.dir/rosidl_typesupport_introspection_c/avoa3d/msg/detail/element_characteristics_array__type_support.c.o[0m
[7.455s] [ 37%] [32mBuilding CXX object CMakeFiles/avoa3d__rosidl_typesupport_introspection_cpp.dir/rosidl_typesupport_introspection_cpp/avoa3d/msg/detail/element_characteristics_array__type_support.cpp.o[0m
[7.481s] [ 39%] [32mBuilding CXX object CMakeFiles/avoa3d__rosidl_typesupport_fastrtps_c.dir/rosidl_typesupport_fastrtps_c/avoa3d/msg/detail/element_characteristics_stamped__type_support_c.cpp.o[0m
[7.570s] [ 40%] [32m[1mLinking C shared library libavoa3d__rosidl_typesupport_introspection_c.so[0m
[7.662s] [ 40%] Built target avoa3d__rosidl_typesupport_introspection_c
[7.668s] [ 42%] [32mBuilding CXX object CMakeFiles/avoa3d__rosidl_typesupport_fastrtps_cpp.dir/rosidl_typesupport_fastrtps_cpp/avoa3d/msg/detail/dds_fastrtps/element_characteristics_stamped__type_support.cpp.o[0m
[7.686s] [ 44%] [32mBuilding CXX object CMakeFiles/avoa3d__rosidl_typesupport_fastrtps_cpp.dir/rosidl_typesupport_fastrtps_cpp/avoa3d/msg/detail/dds_fastrtps/element_characteristics_array__type_support.cpp.o[0m
[7.731s] [ 45%] [32mBuilding CXX object CMakeFiles/avoa3d__rosidl_typesupport_cpp.dir/rosidl_typesupport_cpp/avoa3d/msg/element_characteristics_stamped__type_support.cpp.o[0m
[8.260s] [ 47%] [32mBuilding CXX object CMakeFiles/avoa3d__rosidl_typesupport_cpp.dir/rosidl_typesupport_cpp/avoa3d/msg/element_characteristics_array__type_support.cpp.o[0m
[8.311s] [ 49%] [32mBuilding CXX object CMakeFiles/avoa3d__rosidl_typesupport_fastrtps_c.dir/rosidl_typesupport_fastrtps_c/avoa3d/msg/detail/element_characteristics_array__type_support_c.cpp.o[0m
[8.381s] [ 50%] [32m[1mLinking CXX shared library libavoa3d__rosidl_typesupport_introspection_cpp.so[0m
[8.517s] [ 50%] Built target avoa3d__rosidl_typesupport_introspection_cpp
[8.558s] [ 52%] [32m[1mLinking CXX shared library libavoa3d__rosidl_typesupport_fastrtps_cpp.so[0m
[8.660s] [ 52%] Built target avoa3d__rosidl_typesupport_fastrtps_cpp
[8.693s] [ 54%] [32m[1mLinking CXX shared library libavoa3d__rosidl_typesupport_cpp.so[0m
[8.737s] [ 54%] Built target avoa3d__rosidl_typesupport_cpp
[8.763s] [ 55%] [32mBuilding CXX object CMakeFiles/rviz_marker.dir/src/rviz_marker.cpp.o[0m
[8.772s] [ 57%] [32mBuilding CXX object CMakeFiles/avoa3dnode.dir/src/avoa3dnode.cpp.o[0m
[8.773s] [ 59%] [32mBuilding CXX object CMakeFiles/element_markers.dir/src/element_markers.cpp.o[0m
[8.776s] [ 60%] [32mBuilding CXX object CMakeFiles/test_w_goal.dir/src/test_w_goal.cpp.o[0m
[8.780s] [ 62%] [32mBuilding CXX object CMakeFiles/tf_publisher.dir/src/tf_publisher.cpp.o[0m
[8.873s] [ 63%] [32m[1mLinking CXX shared library libavoa3d__rosidl_typesupport_fastrtps_c.so[0m
[8.956s] [ 63%] Built target avoa3d__rosidl_typesupport_fastrtps_c
[8.976s] [ 65%] [32mBuilding CXX object CMakeFiles/avoa3dnode.dir/src/sample_evaluator.cpp.o[0m
[14.495s] [ 67%] [32mBuilding CXX object CMakeFiles/dummy_obstacle_publisher.dir/src/dummy_obstacle_publisher.cpp.o[0m
[22.120s] [ 68%] [32m[1mLinking CXX executable tf_publisher[0m
[22.837s] [ 70%] [32m[1mLinking CXX executable element_markers[0m
[23.313s] [ 70%] Built target tf_publisher
[23.342s] [ 72%] [32mBuilding CXX object CMakeFiles/avoa3dnode.dir/src/sample_visualizer.cpp.o[0m
[23.811s] [ 72%] Built target element_markers
[23.853s] [ 72%] Built target avoa3d
[23.863s] [ 73%] [32mBuilding CXX object CMakeFiles/avoa3dnode.dir/src/sample_generator.cpp.o[0m
[28.303s] [ 75%] [32mBuilding CXX object CMakeFiles/avoa3dnode.dir/src/holonomic_sample_generator.cpp.o[0m
[28.709s] [ 77%] [32m[1mLinking CXX executable test_w_goal[0m
[29.682s] [ 77%] Built target test_w_goal
[29.743s] [ 78%] [34m[1mGenerating Python code for ROS interfaces[0m
[29.787s] [ 80%] [32mBuilding CXX object CMakeFiles/avoa3dnode.dir/src/diff_drive_sample_generator.cpp.o[0m
[30.640s] [ 80%] Built target avoa3d__py
[30.692s] [ 81%] [32mBuilding C object CMakeFiles/avoa3d__rosidl_generator_py.dir/rosidl_generator_py/avoa3d/msg/_element_characteristics_stamped_s.c.o[0m
[30.692s] [ 83%] [32mBuilding C object CMakeFiles/avoa3d__rosidl_generator_py.dir/rosidl_generator_py/avoa3d/msg/_element_characteristics_array_s.c.o[0m
[31.106s] [ 85%] [32m[1mLinking C shared library libavoa3d__rosidl_generator_py.so[0m
[31.162s] [ 85%] Built target avoa3d__rosidl_generator_py
[31.206s] [ 86%] [32mBuilding C object CMakeFiles/avoa3d_s__rosidl_typesupport_fastrtps_c.dir/rosidl_generator_py/avoa3d/_avoa3d_s.ep.rosidl_typesupport_fastrtps_c.c.o[0m
[31.217s] [ 88%] [32mBuilding C object CMakeFiles/avoa3d_s__rosidl_typesupport_introspection_c.dir/rosidl_generator_py/avoa3d/_avoa3d_s.ep.rosidl_typesupport_introspection_c.c.o[0m
[31.391s] [ 90%] [32m[1mLinking C shared module rosidl_generator_py/avoa3d/avoa3d_s__rosidl_typesupport_fastrtps_c.so[0m
[31.409s] [ 91%] [32m[1mLinking C shared module rosidl_generator_py/avoa3d/avoa3d_s__rosidl_typesupport_introspection_c.so[0m
[31.475s] [ 91%] Built target avoa3d_s__rosidl_typesupport_fastrtps_c
[31.487s] [ 91%] Built target avoa3d_s__rosidl_typesupport_introspection_c
[31.528s] [ 93%] [32mBuilding C object CMakeFiles/avoa3d_s__rosidl_typesupport_c.dir/rosidl_generator_py/avoa3d/_avoa3d_s.ep.rosidl_typesupport_c.c.o[0m
[31.703s] [ 95%] [32m[1mLinking C shared module rosidl_generator_py/avoa3d/avoa3d_s__rosidl_typesupport_c.so[0m
[31.746s] [ 95%] Built target avoa3d_s__rosidl_typesupport_c
[32.973s] [ 96%] [32m[1mLinking CXX executable rviz_marker[0m
[32.994s] [ 98%] [32m[1mLinking CXX executable dummy_obstacle_publisher[0m
[34.059s] [ 98%] Built target dummy_obstacle_publisher
[34.315s] [100%] [32m[1mLinking CXX executable avoa3dnode[0m
[34.415s] [100%] Built target rviz_marker
[34.956s] [100%] Built target avoa3dnode
[34.970s] Invoked command in '/home/motusxico/ros2_ws/src/avoa3d/build/avoa3d' returned '0': CMAKE_PREFIX_PATH=${CMAKE_PREFIX_PATH}:/opt/ros/jazzy DEBUGINFOD_URLS=https://debuginfod.ubuntu.com VIRTUAL_ENV_PROMPT=(venv-ardupilot) /usr/bin/cmake --build /home/motusxico/ros2_ws/src/avoa3d/build/avoa3d -- -j6 -l6
[34.981s] Invoking command in '/home/motusxico/ros2_ws/src/avoa3d/build/avoa3d': CMAKE_PREFIX_PATH=${CMAKE_PREFIX_PATH}:/opt/ros/jazzy DEBUGINFOD_URLS=https://debuginfod.ubuntu.com VIRTUAL_ENV_PROMPT=(venv-ardupilot) /usr/bin/cmake --install /home/motusxico/ros2_ws/src/avoa3d/build/avoa3d
[34.990s] -- Install configuration: ""
[34.991s] -- Execute custom install script
[34.991s] -- Symlinking: /home/motusxico/ros2_ws/src/avoa3d/install/avoa3d/share/ament_index/resource_index/rosidl_interfaces/avoa3d
[35.000s] -- Symlinking: /home/motusxico/ros2_ws/src/avoa3d/install/avoa3d/share/avoa3d/msg/ElementCharacteristicsStamped.json
[35.008s] -- Symlinking: /home/motusxico/ros2_ws/src/avoa3d/install/avoa3d/share/avoa3d/msg/ElementCharacteristicsArray.json
[35.018s] -- Symlinking: /home/motusxico/ros2_ws/src/avoa3d/install/avoa3d/include/avoa3d/avoa3d/msg/detail/element_characteristics_array__functions.h
[35.026s] -- Symlinking: /home/motusxico/ros2_ws/src/avoa3d/install/avoa3d/include/avoa3d/avoa3d/msg/detail/element_characteristics_array__struct.h
[35.035s] -- Symlinking: /home/motusxico/ros2_ws/src/avoa3d/install/avoa3d/include/avoa3d/avoa3d/msg/detail/element_characteristics_array__type_support.h
[35.044s] -- Symlinking: /home/motusxico/ros2_ws/src/avoa3d/install/avoa3d/include/avoa3d/avoa3d/msg/detail/element_characteristics_stamped__functions.h
[35.053s] -- Symlinking: /home/motusxico/ros2_ws/src/avoa3d/install/avoa3d/include/avoa3d/avoa3d/msg/detail/element_characteristics_stamped__struct.h
[35.062s] -- Symlinking: /home/motusxico/ros2_ws/src/avoa3d/install/avoa3d/include/avoa3d/avoa3d/msg/detail/element_characteristics_stamped__type_support.h
[35.070s] -- Symlinking: /home/motusxico/ros2_ws/src/avoa3d/install/avoa3d/include/avoa3d/avoa3d/msg/element_characteristics_array.h
[35.079s] -- Symlinking: /home/motusxico/ros2_ws/src/avoa3d/install/avoa3d/include/avoa3d/avoa3d/msg/element_characteristics_stamped.h
[35.088s] -- Symlinking: /home/motusxico/ros2_ws/src/avoa3d/install/avoa3d/include/avoa3d/avoa3d/msg/rosidl_generator_c__visibility_control.h
[35.097s] -- Symlinking: /home/motusxico/ros2_ws/src/avoa3d/install/avoa3d/share/avoa3d/environment/library_path.sh
[35.106s] -- Symlinking: /home/motusxico/ros2_ws/src/avoa3d/install/avoa3d/share/avoa3d/environment/library_path.dsv
[35.114s] -- Symlinking: /home/motusxico/ros2_ws/src/avoa3d/install/avoa3d/include/avoa3d/avoa3d/msg/detail/element_characteristics_array__rosidl_typesupport_fastrtps_c.h
[35.123s] -- Symlinking: /home/motusxico/ros2_ws/src/avoa3d/install/avoa3d/include/avoa3d/avoa3d/msg/detail/element_characteristics_stamped__rosidl_typesupport_fastrtps_c.h
[35.131s] -- Symlinking: /home/motusxico/ros2_ws/src/avoa3d/install/avoa3d/include/avoa3d/avoa3d/msg/rosidl_typesupport_fastrtps_c__visibility_control.h
[35.140s] -- Symlinking: /home/motusxico/ros2_ws/src/avoa3d/install/avoa3d/include/avoa3d/avoa3d/msg/detail/element_characteristics_array__builder.hpp
[35.148s] -- Symlinking: /home/motusxico/ros2_ws/src/avoa3d/install/avoa3d/include/avoa3d/avoa3d/msg/detail/element_characteristics_array__struct.hpp
[35.157s] -- Symlinking: /home/motusxico/ros2_ws/src/avoa3d/install/avoa3d/include/avoa3d/avoa3d/msg/detail/element_characteristics_array__traits.hpp
[35.166s] -- Symlinking: /home/motusxico/ros2_ws/src/avoa3d/install/avoa3d/include/avoa3d/avoa3d/msg/detail/element_characteristics_array__type_support.hpp
[35.174s] -- Symlinking: /home/motusxico/ros2_ws/src/avoa3d/install/avoa3d/include/avoa3d/avoa3d/msg/detail/element_characteristics_stamped__builder.hpp
[35.183s] -- Symlinking: /home/motusxico/ros2_ws/src/avoa3d/install/avoa3d/include/avoa3d/avoa3d/msg/detail/element_characteristics_stamped__struct.hpp
[35.193s] -- Symlinking: /home/motusxico/ros2_ws/src/avoa3d/install/avoa3d/include/avoa3d/avoa3d/msg/detail/element_characteristics_stamped__traits.hpp
[35.202s] -- Symlinking: /home/motusxico/ros2_ws/src/avoa3d/install/avoa3d/include/avoa3d/avoa3d/msg/detail/element_characteristics_stamped__type_support.hpp
[35.211s] -- Symlinking: /home/motusxico/ros2_ws/src/avoa3d/install/avoa3d/include/avoa3d/avoa3d/msg/element_characteristics_array.hpp
[35.219s] -- Symlinking: /home/motusxico/ros2_ws/src/avoa3d/install/avoa3d/include/avoa3d/avoa3d/msg/element_characteristics_stamped.hpp
[35.228s] -- Symlinking: /home/motusxico/ros2_ws/src/avoa3d/install/avoa3d/include/avoa3d/avoa3d/msg/rosidl_generator_cpp__visibility_control.hpp
[35.237s] -- Symlinking: /home/motusxico/ros2_ws/src/avoa3d/install/avoa3d/include/avoa3d/avoa3d/msg/detail/element_characteristics_array__rosidl_typesupport_fastrtps_cpp.hpp
[35.248s] -- Symlinking: /home/motusxico/ros2_ws/src/avoa3d/install/avoa3d/include/avoa3d/avoa3d/msg/detail/element_characteristics_stamped__rosidl_typesupport_fastrtps_cpp.hpp
[35.258s] -- Symlinking: /home/motusxico/ros2_ws/src/avoa3d/install/avoa3d/include/avoa3d/avoa3d/msg/rosidl_typesupport_fastrtps_cpp__visibility_control.h
[35.269s] -- Symlinking: /home/motusxico/ros2_ws/src/avoa3d/install/avoa3d/include/avoa3d/avoa3d/msg/detail/element_characteristics_array__rosidl_typesupport_introspection_c.h
[35.281s] -- Symlinking: /home/motusxico/ros2_ws/src/avoa3d/install/avoa3d/include/avoa3d/avoa3d/msg/detail/element_characteristics_stamped__rosidl_typesupport_introspection_c.h
[35.290s] -- Symlinking: /home/motusxico/ros2_ws/src/avoa3d/install/avoa3d/include/avoa3d/avoa3d/msg/rosidl_typesupport_introspection_c__visibility_control.h
[35.304s] -- Symlinking: /home/motusxico/ros2_ws/src/avoa3d/install/avoa3d/include/avoa3d/avoa3d/msg/detail/element_characteristics_array__rosidl_typesupport_introspection_cpp.hpp
[35.316s] -- Symlinking: /home/motusxico/ros2_ws/src/avoa3d/install/avoa3d/include/avoa3d/avoa3d/msg/detail/element_characteristics_stamped__rosidl_typesupport_introspection_cpp.hpp
[35.327s] -- Symlinking: /home/motusxico/ros2_ws/src/avoa3d/install/avoa3d/share/avoa3d/environment/pythonpath.sh
[35.336s] -- Symlinking: /home/motusxico/ros2_ws/src/avoa3d/install/avoa3d/share/avoa3d/environment/pythonpath.dsv
[35.346s] -- Symlinking: /home/motusxico/ros2_ws/src/avoa3d/install/avoa3d/lib/python3.12/site-packages/avoa3d-0.1.0-py3.12.egg-info/PKG-INFO
[35.356s] -- Symlinking: /home/motusxico/ros2_ws/src/avoa3d/install/avoa3d/lib/python3.12/site-packages/avoa3d-0.1.0-py3.12.egg-info/SOURCES.txt
[35.366s] -- Symlinking: /home/motusxico/ros2_ws/src/avoa3d/install/avoa3d/lib/python3.12/site-packages/avoa3d-0.1.0-py3.12.egg-info/dependency_links.txt
[35.374s] -- Symlinking: /home/motusxico/ros2_ws/src/avoa3d/install/avoa3d/lib/python3.12/site-packages/avoa3d-0.1.0-py3.12.egg-info/top_level.txt
[35.384s] -- Symlinking: /home/motusxico/ros2_ws/src/avoa3d/install/avoa3d/lib/python3.12/site-packages/avoa3d/__init__.py
[35.392s] -- Symlinking: /home/motusxico/ros2_ws/src/avoa3d/install/avoa3d/lib/python3.12/site-packages/avoa3d/_avoa3d_s.ep.rosidl_typesupport_c.c
[35.401s] -- Symlinking: /home/motusxico/ros2_ws/src/avoa3d/install/avoa3d/lib/python3.12/site-packages/avoa3d/_avoa3d_s.ep.rosidl_typesupport_fastrtps_c.c
[35.409s] -- Symlinking: /home/motusxico/ros2_ws/src/avoa3d/install/avoa3d/lib/python3.12/site-packages/avoa3d/_avoa3d_s.ep.rosidl_typesupport_introspection_c.c
[35.418s] -- Symlinking: /home/motusxico/ros2_ws/src/avoa3d/install/avoa3d/lib/python3.12/site-packages/avoa3d/avoa3d_s__rosidl_typesupport_c.so
[35.426s] -- Symlinking: /home/motusxico/ros2_ws/src/avoa3d/install/avoa3d/lib/python3.12/site-packages/avoa3d/avoa3d_s__rosidl_typesupport_fastrtps_c.so
[35.435s] -- Symlinking: /home/motusxico/ros2_ws/src/avoa3d/install/avoa3d/lib/python3.12/site-packages/avoa3d/avoa3d_s__rosidl_typesupport_introspection_c.so
[35.444s] -- Symlinking: /home/motusxico/ros2_ws/src/avoa3d/install/avoa3d/lib/python3.12/site-packages/avoa3d/msg/__init__.py
[35.453s] -- Symlinking: /home/motusxico/ros2_ws/src/avoa3d/install/avoa3d/lib/python3.12/site-packages/avoa3d/msg/_element_characteristics_array.py
[35.462s] -- Symlinking: /home/motusxico/ros2_ws/src/avoa3d/install/avoa3d/lib/python3.12/site-packages/avoa3d/msg/_element_characteristics_array_s.c
[35.470s] -- Symlinking: /home/motusxico/ros2_ws/src/avoa3d/install/avoa3d/lib/python3.12/site-packages/avoa3d/msg/_element_characteristics_stamped.py
[35.479s] -- Symlinking: /home/motusxico/ros2_ws/src/avoa3d/install/avoa3d/lib/python3.12/site-packages/avoa3d/msg/_element_characteristics_stamped_s.c
[35.488s] -- Up-to-date symlink: /home/motusxico/ros2_ws/src/avoa3d/install/avoa3d/lib/python3.12/site-packages/avoa3d/avoa3d_s__rosidl_typesupport_fastrtps_c.so
[35.488s] -- Up-to-date symlink: /home/motusxico/ros2_ws/src/avoa3d/install/avoa3d/lib/python3.12/site-packages/avoa3d/avoa3d_s__rosidl_typesupport_introspection_c.so
[35.489s] -- Up-to-date symlink: /home/motusxico/ros2_ws/src/avoa3d/install/avoa3d/lib/python3.12/site-packages/avoa3d/avoa3d_s__rosidl_typesupport_c.so
[35.489s] -- Symlinking: /home/motusxico/ros2_ws/src/avoa3d/install/avoa3d/share/avoa3d/msg/ElementCharacteristicsStamped.idl
[35.498s] -- Symlinking: /home/motusxico/ros2_ws/src/avoa3d/install/avoa3d/share/avoa3d/msg/ElementCharacteristicsArray.idl
[35.506s] -- Symlinking: /home/motusxico/ros2_ws/src/avoa3d/install/avoa3d/share/avoa3d/msg/ElementCharacteristicsStamped.msg
[35.514s] -- Symlinking: /home/motusxico/ros2_ws/src/avoa3d/install/avoa3d/share/avoa3d/msg/ElementCharacteristicsArray.msg
[35.523s] -- Symlinking: /home/motusxico/ros2_ws/src/avoa3d/install/avoa3d/lib/avoa3d/rviz_marker
[35.531s] -- Symlinking: /home/motusxico/ros2_ws/src/avoa3d/install/avoa3d/lib/avoa3d/test_w_goal
[35.540s] -- Symlinking: /home/motusxico/ros2_ws/src/avoa3d/install/avoa3d/lib/avoa3d/avoa3dnode
[35.549s] -- Symlinking: /home/motusxico/ros2_ws/src/avoa3d/install/avoa3d/lib/avoa3d/tf_publisher
[35.557s] -- Symlinking: /home/motusxico/ros2_ws/src/avoa3d/install/avoa3d/lib/avoa3d/dummy_obstacle_publisher
[35.566s] -- Symlinking: /home/motusxico/ros2_ws/src/avoa3d/install/avoa3d/lib/avoa3d/element_markers
[35.575s] -- Symlinking: /home/motusxico/ros2_ws/src/avoa3d/install/avoa3d/share/avoa3d//launch/avoa.launch.py
[35.584s] -- Symlinking: /home/motusxico/ros2_ws/src/avoa3d/install/avoa3d/share/avoa3d//launch/bridge_launch.xml
[35.593s] -- Symlinking: /home/motusxico/ros2_ws/src/avoa3d/install/avoa3d/share/avoa3d//launch/diff_drive.launch.py
[35.602s] -- Symlinking: /home/motusxico/ros2_ws/src/avoa3d/install/avoa3d/share/avoa3d//launch/ground_truth_obstacles.launch.py
[35.611s] -- Symlinking: /home/motusxico/ros2_ws/src/avoa3d/install/avoa3d/share/avoa3d//launch/holonomic.ablated.py
[35.619s] -- Symlinking: /home/motusxico/ros2_ws/src/avoa3d/install/avoa3d/share/avoa3d//launch/holonomic.launch.py
[35.628s] -- Symlinking: /home/motusxico/ros2_ws/src/avoa3d/install/avoa3d/share/avoa3d//launch/lidar_obstacles.launch.py
[35.636s] -- Symlinking: /home/motusxico/ros2_ws/src/avoa3d/install/avoa3d/share/avoa3d//launch/rvo.launch.py
[35.650s] -- Symlinking: /home/motusxico/ros2_ws/src/avoa3d/install/avoa3d/share/avoa3d//launch/s3vo.launch.py
[35.657s] -- Symlinking: /home/motusxico/ros2_ws/src/avoa3d/install/avoa3d/share/avoa3d//launch/true_obstacle_publisher.launch.py
[35.666s] -- Symlinking: /home/motusxico/ros2_ws/src/avoa3d/install/avoa3d/share/avoa3d//launch/viana_static_obstacles.launch.py
[35.676s] -- Symlinking: /home/motusxico/ros2_ws/src/avoa3d/install/avoa3d/share/avoa3d//config/PlotJugglerLayout.xml
[35.687s] -- Symlinking: /home/motusxico/ros2_ws/src/avoa3d/install/avoa3d/share/avoa3d//config/bridge_config.yaml
[35.695s] -- Symlinking: /home/motusxico/ros2_ws/src/avoa3d/install/avoa3d/share/avoa3d//config/bridge_obstacles_config.yaml
[35.703s] -- Symlinking: /home/motusxico/ros2_ws/src/avoa3d/install/avoa3d/share/avoa3d//config/diff_drive_params.yaml
[35.712s] -- Symlinking: /home/motusxico/ros2_ws/src/avoa3d/install/avoa3d/share/avoa3d//config/gz_window_layout.config
[35.720s] -- Symlinking: /home/motusxico/ros2_ws/src/avoa3d/install/avoa3d/share/avoa3d//config/holonomic_params.yaml
[35.729s] -- Symlinking: /home/motusxico/ros2_ws/src/avoa3d/install/avoa3d/share/avoa3d//config/holonomic_params2.yaml
[35.737s] -- Symlinking: /home/motusxico/ros2_ws/src/avoa3d/install/avoa3d/share/avoa3d//config/nest_bridge_config.yaml
[35.748s] -- Symlinking: /home/motusxico/ros2_ws/src/avoa3d/install/avoa3d/share/avoa3d//config/nest_params.yaml
[35.758s] -- Symlinking: /home/motusxico/ros2_ws/src/avoa3d/install/avoa3d/share/avoa3d//config/rviz_config.rviz
[35.766s] -- Symlinking: /home/motusxico/ros2_ws/src/avoa3d/install/avoa3d/share/avoa3d//config/static_obstacles.yaml
[35.776s] -- Symlinking: /home/motusxico/ros2_ws/src/avoa3d/install/avoa3d/lib/avoa3d/laser_frame_transformer.py
[35.785s] -- Symlinking: /home/motusxico/ros2_ws/src/avoa3d/install/avoa3d/lib/avoa3d/lidar_frame_transformer.py
[35.795s] -- Symlinking: /home/motusxico/ros2_ws/src/avoa3d/install/avoa3d/lib/avoa3d/gazebo_obstacle_publisher.py
[35.803s] -- Symlinking: /home/motusxico/ros2_ws/src/avoa3d/install/avoa3d/lib/avoa3d/durius_gps_obstacle_publisher.py
[35.812s] -- Symlinking: /home/motusxico/ros2_ws/src/avoa3d/install/avoa3d/lib/avoa3d/nautilus_obstacle_publisher.py
[35.821s] -- Up-to-date symlink: /home/motusxico/ros2_ws/src/avoa3d/install/avoa3d/share/avoa3d/launch/avoa.launch.py
[35.821s] -- Up-to-date symlink: /home/motusxico/ros2_ws/src/avoa3d/install/avoa3d/share/avoa3d/launch/bridge_launch.xml
[35.821s] -- Up-to-date symlink: /home/motusxico/ros2_ws/src/avoa3d/install/avoa3d/share/avoa3d/launch/diff_drive.launch.py
[35.821s] -- Up-to-date symlink: /home/motusxico/ros2_ws/src/avoa3d/install/avoa3d/share/avoa3d/launch/ground_truth_obstacles.launch.py
[35.822s] -- Up-to-date symlink: /home/motusxico/ros2_ws/src/avoa3d/install/avoa3d/share/avoa3d/launch/holonomic.ablated.py
[35.822s] -- Up-to-date symlink: /home/motusxico/ros2_ws/src/avoa3d/install/avoa3d/share/avoa3d/launch/holonomic.launch.py
[35.822s] -- Up-to-date symlink: /home/motusxico/ros2_ws/src/avoa3d/install/avoa3d/share/avoa3d/launch/lidar_obstacles.launch.py
[35.822s] -- Up-to-date symlink: /home/motusxico/ros2_ws/src/avoa3d/install/avoa3d/share/avoa3d/launch/rvo.launch.py
[35.822s] -- Up-to-date symlink: /home/motusxico/ros2_ws/src/avoa3d/install/avoa3d/share/avoa3d/launch/s3vo.launch.py
[35.822s] -- Up-to-date symlink: /home/motusxico/ros2_ws/src/avoa3d/install/avoa3d/share/avoa3d/launch/true_obstacle_publisher.launch.py
[35.822s] -- Up-to-date symlink: /home/motusxico/ros2_ws/src/avoa3d/install/avoa3d/share/avoa3d/launch/viana_static_obstacles.launch.py
[35.822s] -- Symlinking: /home/motusxico/ros2_ws/src/avoa3d/install/avoa3d/share/ament_index/resource_index/package_run_dependencies/avoa3d
[35.831s] -- Symlinking: /home/motusxico/ros2_ws/src/avoa3d/install/avoa3d/share/ament_index/resource_index/parent_prefix_path/avoa3d
[35.840s] -- Symlinking: /home/motusxico/ros2_ws/src/avoa3d/install/avoa3d/share/avoa3d/environment/ament_prefix_path.sh
[35.849s] -- Symlinking: /home/motusxico/ros2_ws/src/avoa3d/install/avoa3d/share/avoa3d/environment/ament_prefix_path.dsv
[35.858s] -- Symlinking: /home/motusxico/ros2_ws/src/avoa3d/install/avoa3d/share/avoa3d/environment/path.sh
[35.867s] -- Symlinking: /home/motusxico/ros2_ws/src/avoa3d/install/avoa3d/share/avoa3d/environment/path.dsv
[35.876s] -- Symlinking: /home/motusxico/ros2_ws/src/avoa3d/install/avoa3d/share/avoa3d/local_setup.bash
[35.885s] -- Symlinking: /home/motusxico/ros2_ws/src/avoa3d/install/avoa3d/share/avoa3d/local_setup.sh
[35.894s] -- Symlinking: /home/motusxico/ros2_ws/src/avoa3d/install/avoa3d/share/avoa3d/local_setup.zsh
[35.902s] -- Symlinking: /home/motusxico/ros2_ws/src/avoa3d/install/avoa3d/share/avoa3d/local_setup.dsv
[35.911s] -- Symlinking: /home/motusxico/ros2_ws/src/avoa3d/install/avoa3d/share/avoa3d/package.dsv
[35.920s] -- Symlinking: /home/motusxico/ros2_ws/src/avoa3d/install/avoa3d/share/ament_index/resource_index/packages/avoa3d
[35.928s] -- Symlinking: /home/motusxico/ros2_ws/src/avoa3d/install/avoa3d/share/avoa3d/cmake/rosidl_cmake-extras.cmake
[35.937s] -- Symlinking: /home/motusxico/ros2_ws/src/avoa3d/install/avoa3d/share/avoa3d/cmake/ament_cmake_export_dependencies-extras.cmake
[35.946s] -- Symlinking: /home/motusxico/ros2_ws/src/avoa3d/install/avoa3d/share/avoa3d/cmake/ament_cmake_export_include_directories-extras.cmake
[35.954s] -- Symlinking: /home/motusxico/ros2_ws/src/avoa3d/install/avoa3d/share/avoa3d/cmake/ament_cmake_export_libraries-extras.cmake
[35.963s] -- Symlinking: /home/motusxico/ros2_ws/src/avoa3d/install/avoa3d/share/avoa3d/cmake/ament_cmake_export_targets-extras.cmake
[35.972s] -- Symlinking: /home/motusxico/ros2_ws/src/avoa3d/install/avoa3d/share/avoa3d/cmake/rosidl_cmake_export_typesupport_targets-extras.cmake
[35.981s] -- Symlinking: /home/motusxico/ros2_ws/src/avoa3d/install/avoa3d/share/avoa3d/cmake/rosidl_cmake_export_typesupport_libraries-extras.cmake
[35.990s] -- Symlinking: /home/motusxico/ros2_ws/src/avoa3d/install/avoa3d/share/avoa3d/cmake/avoa3dConfig.cmake
[35.998s] -- Symlinking: /home/motusxico/ros2_ws/src/avoa3d/install/avoa3d/share/avoa3d/cmake/avoa3dConfig-version.cmake
[36.006s] -- Symlinking: /home/motusxico/ros2_ws/src/avoa3d/install/avoa3d/share/avoa3d/package.xml
[36.015s] -- Installing: /home/motusxico/ros2_ws/src/avoa3d/install/avoa3d/lib/libavoa3d__rosidl_generator_c.so
[36.015s] -- Set non-toolchain portion of runtime path of "/home/motusxico/ros2_ws/src/avoa3d/install/avoa3d/lib/libavoa3d__rosidl_generator_c.so" to ""
[36.016s] -- Installing: /home/motusxico/ros2_ws/src/avoa3d/install/avoa3d/lib/libavoa3d__rosidl_typesupport_fastrtps_c.so
[36.016s] -- Set non-toolchain portion of runtime path of "/home/motusxico/ros2_ws/src/avoa3d/install/avoa3d/lib/libavoa3d__rosidl_typesupport_fastrtps_c.so" to ""
[36.016s] -- Installing: /home/motusxico/ros2_ws/src/avoa3d/install/avoa3d/lib/libavoa3d__rosidl_typesupport_fastrtps_cpp.so
[36.017s] -- Set non-toolchain portion of runtime path of "/home/motusxico/ros2_ws/src/avoa3d/install/avoa3d/lib/libavoa3d__rosidl_typesupport_fastrtps_cpp.so" to ""
[36.017s] -- Installing: /home/motusxico/ros2_ws/src/avoa3d/install/avoa3d/lib/libavoa3d__rosidl_typesupport_introspection_c.so
[36.017s] -- Set non-toolchain portion of runtime path of "/home/motusxico/ros2_ws/src/avoa3d/install/avoa3d/lib/libavoa3d__rosidl_typesupport_introspection_c.so" to ""
[36.017s] -- Installing: /home/motusxico/ros2_ws/src/avoa3d/install/avoa3d/lib/libavoa3d__rosidl_typesupport_c.so
[36.017s] -- Set non-toolchain portion of runtime path of "/home/motusxico/ros2_ws/src/avoa3d/install/avoa3d/lib/libavoa3d__rosidl_typesupport_c.so" to ""
[36.018s] -- Installing: /home/motusxico/ros2_ws/src/avoa3d/install/avoa3d/lib/libavoa3d__rosidl_typesupport_introspection_cpp.so
[36.018s] -- Set non-toolchain portion of runtime path of "/home/motusxico/ros2_ws/src/avoa3d/install/avoa3d/lib/libavoa3d__rosidl_typesupport_introspection_cpp.so" to ""
[36.018s] -- Installing: /home/motusxico/ros2_ws/src/avoa3d/install/avoa3d/lib/libavoa3d__rosidl_typesupport_cpp.so
[36.019s] -- Set non-toolchain portion of runtime path of "/home/motusxico/ros2_ws/src/avoa3d/install/avoa3d/lib/libavoa3d__rosidl_typesupport_cpp.so" to ""
[36.059s] Listing '/home/motusxico/ros2_ws/src/avoa3d/install/avoa3d/lib/python3.12/site-packages/avoa3d'...
[36.059s] Compiling '/home/motusxico/ros2_ws/src/avoa3d/install/avoa3d/lib/python3.12/site-packages/avoa3d/__init__.py'...
[36.059s] Listing '/home/motusxico/ros2_ws/src/avoa3d/install/avoa3d/lib/python3.12/site-packages/avoa3d/msg'...
[36.059s] Compiling '/home/motusxico/ros2_ws/src/avoa3d/install/avoa3d/lib/python3.12/site-packages/avoa3d/msg/__init__.py'...
[36.059s] Compiling '/home/motusxico/ros2_ws/src/avoa3d/install/avoa3d/lib/python3.12/site-packages/avoa3d/msg/_element_characteristics_array.py'...
[36.059s] Compiling '/home/motusxico/ros2_ws/src/avoa3d/install/avoa3d/lib/python3.12/site-packages/avoa3d/msg/_element_characteristics_stamped.py'...
[36.065s] -- Installing: /home/motusxico/ros2_ws/src/avoa3d/install/avoa3d/lib/libavoa3d__rosidl_generator_py.so
[36.066s] -- Set non-toolchain portion of runtime path of "/home/motusxico/ros2_ws/src/avoa3d/install/avoa3d/lib/libavoa3d__rosidl_generator_py.so" to ""
[36.066s] -- Installing: /home/motusxico/ros2_ws/src/avoa3d/install/avoa3d/share/avoa3d/cmake/export_avoa3d__rosidl_generator_cExport.cmake
[36.066s] -- Installing: /home/motusxico/ros2_ws/src/avoa3d/install/avoa3d/share/avoa3d/cmake/export_avoa3d__rosidl_generator_cExport-noconfig.cmake
[36.066s] -- Installing: /home/motusxico/ros2_ws/src/avoa3d/install/avoa3d/share/avoa3d/cmake/export_avoa3d__rosidl_typesupport_fastrtps_cExport.cmake
[36.067s] -- Installing: /home/motusxico/ros2_ws/src/avoa3d/install/avoa3d/share/avoa3d/cmake/export_avoa3d__rosidl_typesupport_fastrtps_cExport-noconfig.cmake
[36.067s] -- Installing: /home/motusxico/ros2_ws/src/avoa3d/install/avoa3d/share/avoa3d/cmake/export_avoa3d__rosidl_generator_cppExport.cmake
[36.067s] -- Installing: /home/motusxico/ros2_ws/src/avoa3d/install/avoa3d/share/avoa3d/cmake/export_avoa3d__rosidl_typesupport_fastrtps_cppExport.cmake
[36.067s] -- Installing: /home/motusxico/ros2_ws/src/avoa3d/install/avoa3d/share/avoa3d/cmake/export_avoa3d__rosidl_typesupport_fastrtps_cppExport-noconfig.cmake
[36.067s] -- Installing: /home/motusxico/ros2_ws/src/avoa3d/install/avoa3d/share/avoa3d/cmake/avoa3d__rosidl_typesupport_introspection_cExport.cmake
[36.068s] -- Installing: /home/motusxico/ros2_ws/src/avoa3d/install/avoa3d/share/avoa3d/cmake/avoa3d__rosidl_typesupport_introspection_cExport-noconfig.cmake
[36.068s] -- Installing: /home/motusxico/ros2_ws/src/avoa3d/install/avoa3d/share/avoa3d/cmake/avoa3d__rosidl_typesupport_cExport.cmake
[36.068s] -- Installing: /home/motusxico/ros2_ws/src/avoa3d/install/avoa3d/share/avoa3d/cmake/avoa3d__rosidl_typesupport_cExport-noconfig.cmake
[36.068s] -- Installing: /home/motusxico/ros2_ws/src/avoa3d/install/avoa3d/share/avoa3d/cmake/avoa3d__rosidl_typesupport_introspection_cppExport.cmake
[36.068s] -- Installing: /home/motusxico/ros2_ws/src/avoa3d/install/avoa3d/share/avoa3d/cmake/avoa3d__rosidl_typesupport_introspection_cppExport-noconfig.cmake
[36.069s] -- Installing: /home/motusxico/ros2_ws/src/avoa3d/install/avoa3d/share/avoa3d/cmake/avoa3d__rosidl_typesupport_cppExport.cmake
[36.069s] -- Installing: /home/motusxico/ros2_ws/src/avoa3d/install/avoa3d/share/avoa3d/cmake/avoa3d__rosidl_typesupport_cppExport-noconfig.cmake
[36.069s] -- Installing: /home/motusxico/ros2_ws/src/avoa3d/install/avoa3d/share/avoa3d/cmake/export_avoa3d__rosidl_generator_pyExport.cmake
[36.069s] -- Installing: /home/motusxico/ros2_ws/src/avoa3d/install/avoa3d/share/avoa3d/cmake/export_avoa3d__rosidl_generator_pyExport-noconfig.cmake
[36.071s] Invoked command in '/home/motusxico/ros2_ws/src/avoa3d/build/avoa3d' returned '0': CMAKE_PREFIX_PATH=${CMAKE_PREFIX_PATH}:/opt/ros/jazzy DEBUGINFOD_URLS=https://debuginfod.ubuntu.com VIRTUAL_ENV_PROMPT=(venv-ardupilot) /usr/bin/cmake --install /home/motusxico/ros2_ws/src/avoa3d/build/avoa3d
