[0.010s] Invoking command in '/home/xizesse/ros2_ws/src/avoa3d/build/avoa3d': DEBUGINFOD_URLS=https://debuginfod.ubuntu.com /usr/bin/cmake /home/xizesse/ros2_ws/src/avoa3d -DCMAKE_INSTALL_PREFIX=/home/xizesse/ros2_ws/src/avoa3d/install/avoa3d
[0.140s] -- The C compiler identification is GNU 13.3.0
[0.237s] -- The CXX compiler identification is GNU 13.3.0
[0.255s] -- Detecting C compiler ABI info
[0.344s] -- Detecting C compiler ABI info - done
[0.349s] -- Check for working C compiler: /usr/bin/cc - skipped
[0.350s] -- Detecting C compile features
[0.351s] -- Detecting C compile features - done
[0.360s] -- Detecting CXX compiler ABI info
[0.453s] -- Detecting CXX compiler ABI info - done
[0.459s] -- Check for working CXX compiler: /usr/bin/c++ - skipped
[0.459s] -- Detecting CXX compile features
[0.459s] -- Detecting CXX compile features - done
[0.467s] [31mCMake Error at CMakeLists.txt:6 (find_package):
[0.467s]   By not providing "Findament_cmake.cmake" in CMAKE_MODULE_PATH this project
[0.467s]   has asked CMake to find a package configuration file provided by
[0.467s]   "ament_cmake", but CMake did not find one.
[0.467s] 
[0.467s]   Could not find a package configuration file provided by "ament_cmake" with
[0.467s]   any of the following names:
[0.467s] 
[0.467s]     ament_cmakeConfig.cmake
[0.467s]     ament_cmake-config.cmake
[0.467s] 
[0.467s]   Add the installation prefix of "ament_cmake" to CMAKE_PREFIX_PATH or set
[0.467s]   "ament_cmake_DIR" to a directory containing one of the above files.  If
[0.467s]   "ament_cmake" provides a separate development package or SDK, be sure it
[0.467s]   has been installed.
[0.467s] 
[0.467s] [0m
[0.468s] -- Configuring incomplete, errors occurred!
[0.470s] Invoked command in '/home/xizesse/ros2_ws/src/avoa3d/build/avoa3d' returned '1': DEBUGINFOD_URLS=https://debuginfod.ubuntu.com /usr/bin/cmake /home/xizesse/ros2_ws/src/avoa3d -DCMAKE_INSTALL_PREFIX=/home/xizesse/ros2_ws/src/avoa3d/install/avoa3d
