[0.009s] Invoking command in '/home/xizesse/ros2_ws/src/avoa/build/avoa': CMAKE_PREFIX_PATH=${CMAKE_PREFIX_PATH}:/opt/ros/humble /usr/bin/cmake --build /home/xizesse/ros2_ws/src/avoa/build/avoa -- -j20 -l20
[0.030s] -- Found ament_cmake: 1.3.9 (/opt/ros/humble/share/ament_cmake/cmake)
[0.135s] -- Found rclcpp: 16.0.9 (/opt/ros/humble/share/rclcpp/cmake)
[0.155s] -- Found rosidl_generator_c: 3.1.5 (/opt/ros/humble/share/rosidl_generator_c/cmake)
[0.157s] -- Found rosidl_adapter: 3.1.5 (/opt/ros/humble/share/rosidl_adapter/cmake)
[0.162s] -- Found rosidl_generator_cpp: 3.1.5 (/opt/ros/humble/share/rosidl_generator_cpp/cmake)
[0.170s] -- Using all available rosidl_typesupport_c: rosidl_typesupport_fastrtps_c;rosidl_typesupport_introspection_c
[0.182s] -- Using all available rosidl_typesupport_cpp: rosidl_typesupport_fastrtps_cpp;rosidl_typesupport_introspection_cpp
[0.221s] -- Found rmw_implementation_cmake: 6.1.2 (/opt/ros/humble/share/rmw_implementation_cmake/cmake)
[0.221s] -- Found rmw_fastrtps_cpp: 6.2.6 (/opt/ros/humble/share/rmw_fastrtps_cpp/cmake)
[0.313s] -- Using RMW implementation 'rmw_fastrtps_cpp' as default
[0.421s] -- Found visualization_msgs: 4.2.4 (/opt/ros/humble/share/visualization_msgs/cmake)
[0.601s] -- Found rosidl_default_generators: 1.2.0 (/opt/ros/humble/share/rosidl_default_generators/cmake)
[0.606s] -- Found nav_msgs: 4.2.4 (/opt/ros/humble/share/nav_msgs/cmake)
[0.663s] -- Found tf2_ros: 0.25.7 (/opt/ros/humble/share/tf2_ros/cmake)
[1.128s] -- Found ament_cmake_ros: 0.10.0 (/opt/ros/humble/share/ament_cmake_ros/cmake)
[1.527s] -- Using all available rosidl_typesupport_c: rosidl_typesupport_fastrtps_c;rosidl_typesupport_introspection_c
[1.665s] -- Using all available rosidl_typesupport_cpp: rosidl_typesupport_fastrtps_cpp;rosidl_typesupport_introspection_cpp
[1.688s] -- Found python_cmake_module: 0.10.0 (/opt/ros/humble/share/python_cmake_module/cmake)
[1.709s] -- Using PYTHON_EXECUTABLE: /usr/bin/python3
[1.709s] -- Using PYTHON_INCLUDE_DIRS: /usr/include/python3.10
[1.709s] -- Using PYTHON_LIBRARIES: /usr/lib/x86_64-linux-gnu/libpython3.10.so
[1.746s] -- Found ament_lint_auto: 0.12.11 (/opt/ros/humble/share/ament_lint_auto/cmake)
[1.750s] -- Configuring done
[1.800s] -- Generating done
[1.802s] -- Build files have been written to: /home/xizesse/ros2_ws/src/avoa/build/avoa
[1.841s] [35m[1mConsolidate compiler generated dependencies of target avoa__rosidl_generator_c[0m
[1.852s] [ 10%] Built target avoa__cpp
[1.852s] [ 10%] Built target avoa__rosidl_generator_c
[1.864s] [ 10%] Built target ament_cmake_python_copy_avoa
[1.865s] [35m[1mConsolidate compiler generated dependencies of target avoa__rosidl_typesupport_introspection_c[0m
[1.865s] [35m[1mConsolidate compiler generated dependencies of target avoa__rosidl_typesupport_fastrtps_c[0m
[1.865s] [35m[1mConsolidate compiler generated dependencies of target avoa__rosidl_typesupport_c[0m
[1.865s] [35m[1mConsolidate compiler generated dependencies of target avoa__rosidl_typesupport_introspection_cpp[0m
[1.877s] [ 30%] Built target avoa__rosidl_typesupport_c
[1.877s] [ 33%] Built target avoa__rosidl_typesupport_introspection_c
[1.878s] [ 33%] Built target avoa__rosidl_typesupport_fastrtps_c
[1.878s] [35m[1mConsolidate compiler generated dependencies of target avoa__rosidl_typesupport_cpp[0m
[1.878s] [35m[1mConsolidate compiler generated dependencies of target avoa__rosidl_typesupport_fastrtps_cpp[0m
[1.879s] [ 41%] Built target avoa__rosidl_typesupport_introspection_cpp
[1.892s] [ 56%] Built target avoa__rosidl_typesupport_fastrtps_cpp
[1.892s] [ 56%] Built target avoa__rosidl_typesupport_cpp
[1.906s] [35m[1mConsolidate compiler generated dependencies of target point_cloud_publisher[0m
[1.907s] [35m[1mConsolidate compiler generated dependencies of target obstacle_publisher[0m
[1.907s] [35m[1mConsolidate compiler generated dependencies of target rviz_marker[0m
[1.919s] [ 58%] [32mBuilding CXX object CMakeFiles/velocity_publisher.dir/src/velocity_publisher.cpp.o[0m
[1.919s] [ 58%] Built target avoa
[1.929s] [ 66%] Built target rviz_marker
[1.929s] [ 69%] Built target obstacle_publisher
[1.931s] [ 74%] Built target point_cloud_publisher
[1.945s] [ 76%] Built target avoa__py
[1.971s] [ 79%] [32mBuilding C object CMakeFiles/avoa__rosidl_generator_py.dir/rosidl_generator_py/avoa/msg/_element_characteristics_stamped_s.c.o[0m
[2.108s] [ 82%] [32m[1mLinking C shared library rosidl_generator_py/avoa/libavoa__rosidl_generator_py.so[0m
[2.108s] running egg_info
[2.109s] writing avoa.egg-info/PKG-INFO
[2.110s] writing dependency_links to avoa.egg-info/dependency_links.txt
[2.110s] writing top-level names to avoa.egg-info/top_level.txt
[2.113s] reading manifest file 'avoa.egg-info/SOURCES.txt'
[2.113s] writing manifest file 'avoa.egg-info/SOURCES.txt'
[2.161s] [ 82%] Built target avoa__rosidl_generator_py
[2.161s] [ 82%] Built target ament_cmake_python_build_avoa_egg
[2.184s] [ 89%] [32mBuilding C object CMakeFiles/avoa__rosidl_typesupport_fastrtps_c__pyext.dir/rosidl_generator_py/avoa/_avoa_s.ep.rosidl_typesupport_fastrtps_c.c.o[0m
[2.184s] [ 89%] [32mBuilding C object CMakeFiles/avoa__rosidl_typesupport_c__pyext.dir/rosidl_generator_py/avoa/_avoa_s.ep.rosidl_typesupport_c.c.o[0m
[2.184s] [ 89%] [32mBuilding C object CMakeFiles/avoa__rosidl_typesupport_introspection_c__pyext.dir/rosidl_generator_py/avoa/_avoa_s.ep.rosidl_typesupport_introspection_c.c.o[0m
[2.285s] [ 94%] [32m[1mLinking C shared library rosidl_generator_py/avoa/avoa_s__rosidl_typesupport_introspection_c.cpython-310-x86_64-linux-gnu.so[0m
[2.286s] [ 94%] [32m[1mLinking C shared library rosidl_generator_py/avoa/avoa_s__rosidl_typesupport_fastrtps_c.cpython-310-x86_64-linux-gnu.so[0m
[2.290s] [ 97%] [32m[1mLinking C shared library rosidl_generator_py/avoa/avoa_s__rosidl_typesupport_c.cpython-310-x86_64-linux-gnu.so[0m
[2.333s] [ 97%] Built target avoa__rosidl_typesupport_fastrtps_c__pyext
[2.333s] [ 97%] Built target avoa__rosidl_typesupport_introspection_c__pyext
[2.341s] [ 97%] Built target avoa__rosidl_typesupport_c__pyext
[4.515s] [01m[K/home/xizesse/ros2_ws/src/avoa/src/velocity_publisher.cpp:63:57:[m[K [01;31m[Kerror: [m[Kcould not convert ‘[01m[K{10, 10, 10}[m[K’ from ‘[01m[K<brace-enclosed initializer list>[m[K’ to ‘[01m[Kgeometry_msgs::msg::Point[m[K’ {aka ‘[01m[Kgeometry_msgs::msg::Point_<std::allocator<void> >[m[K’}
[4.515s]    63 |   geometry_msgs::msg::Point goal_position_ = {10, 10, 10[01;31m[K}[m[K;
[4.515s]       |                                                         [01;31m[K^[m[K
[4.515s]       |                                                         [01;31m[K|[m[K
[4.515s]       |                                                         [01;31m[K<brace-enclosed initializer list>[m[K
[4.515s] [01m[K/home/xizesse/ros2_ws/src/avoa/src/velocity_publisher.cpp:[m[K In constructor ‘[01m[KVelocityPublisher::VelocityPublisher()[m[K’:
[4.515s] [01m[K/home/xizesse/ros2_ws/src/avoa/src/velocity_publisher.cpp:23:33:[m[K [01;31m[Kerror: [m[Kclass ‘[01m[KVelocityPublisher[m[K’ does not have any field named ‘[01m[Kstart_time_[m[K’
[4.515s]    23 |   : Node("velocity_publisher"), [01;31m[Kstart_time_[m[K(this->get_clock()->now())
[4.515s]       |                                 [01;31m[K^~~~~~~~~~~[m[K
[7.005s] gmake[2]: *** [CMakeFiles/velocity_publisher.dir/build.make:76: CMakeFiles/velocity_publisher.dir/src/velocity_publisher.cpp.o] Error 1
[7.005s] gmake[1]: *** [CMakeFiles/Makefile2:653: CMakeFiles/velocity_publisher.dir/all] Error 2
[7.005s] gmake: *** [Makefile:146: all] Error 2
[7.007s] Invoked command in '/home/xizesse/ros2_ws/src/avoa/build/avoa' returned '2': CMAKE_PREFIX_PATH=${CMAKE_PREFIX_PATH}:/opt/ros/humble /usr/bin/cmake --build /home/xizesse/ros2_ws/src/avoa/build/avoa -- -j20 -l20
