[0.100s] DEBUG:colcon:Command line arguments: ['/usr/bin/colcon', 'build']
[0.100s] DEBUG:colcon:Parsed command line arguments: Namespace(log_base=None, log_level=None, verb_name='build', build_base='build', install_base='install', merge_install=False, symlink_install=False, test_result_base=None, continue_on_error=False, executor='parallel', parallel_workers=20, event_handlers=None, ignore_user_meta=False, metas=['./colcon.meta'], base_paths=['.'], packages_ignore=None, packages_ignore_regex=None, paths=None, packages_up_to=None, packages_up_to_regex=None, packages_above=None, packages_above_and_dependencies=None, packages_above_depth=None, packages_select_by_dep=None, packages_skip_by_dep=None, packages_skip_up_to=None, packages_select_build_failed=False, packages_skip_build_finished=False, packages_select_test_failures=False, packages_skip_test_passed=False, packages_select=None, packages_skip=None, packages_select_regex=None, packages_skip_regex=None, packages_start=None, packages_end=None, allow_overriding=[], cmake_args=None, cmake_target=None, cmake_target_skip_unavailable=False, cmake_clean_cache=False, cmake_clean_first=False, cmake_force_configure=False, ament_cmake_args=None, catkin_cmake_args=None, catkin_skip_building_tests=False, verb_parser=<colcon_defaults.argument_parser.defaults.DefaultArgumentsDecorator object at 0x7018c5351e10>, verb_extension=<colcon_core.verb.build.BuildVerb object at 0x7018c54c7430>, main=<bound method BuildVerb.main of <colcon_core.verb.build.BuildVerb object at 0x7018c54c7430>>)
[0.269s] Level 1:colcon.colcon_core.package_discovery:discover_packages(colcon_meta) check parameters
[0.269s] Level 1:colcon.colcon_core.package_discovery:discover_packages(recursive) check parameters
[0.269s] Level 1:colcon.colcon_core.package_discovery:discover_packages(ignore) check parameters
[0.269s] Level 1:colcon.colcon_core.package_discovery:discover_packages(path) check parameters
[0.269s] Level 1:colcon.colcon_core.package_discovery:discover_packages(colcon_meta) discover
[0.269s] Level 1:colcon.colcon_core.package_discovery:discover_packages(recursive) discover
[0.269s] INFO:colcon.colcon_core.package_discovery:Crawling recursively for packages in '/home/xizesse/ros2_ws/src/avoa'
[0.269s] Level 1:colcon.colcon_core.package_identification:_identify(.) by extensions ['ignore', 'ignore_ament_install']
[0.269s] Level 1:colcon.colcon_core.package_identification:_identify(.) by extension 'ignore'
[0.269s] Level 1:colcon.colcon_core.package_identification:_identify(.) by extension 'ignore_ament_install'
[0.269s] Level 1:colcon.colcon_core.package_identification:_identify(.) by extensions ['colcon_pkg']
[0.269s] Level 1:colcon.colcon_core.package_identification:_identify(.) by extension 'colcon_pkg'
[0.269s] Level 1:colcon.colcon_core.package_identification:_identify(.) by extensions ['colcon_meta']
[0.269s] Level 1:colcon.colcon_core.package_identification:_identify(.) by extension 'colcon_meta'
[0.269s] Level 1:colcon.colcon_core.package_identification:_identify(.) by extensions ['ros']
[0.269s] Level 1:colcon.colcon_core.package_identification:_identify(.) by extension 'ros'
[0.284s] DEBUG:colcon.colcon_core.package_identification:Package '.' with type 'ros.ament_cmake' and name 'avoa'
[0.284s] Level 1:colcon.colcon_core.package_discovery:discover_packages(recursive) using defaults
[0.284s] Level 1:colcon.colcon_core.package_discovery:discover_packages(ignore) discover
[0.284s] Level 1:colcon.colcon_core.package_discovery:discover_packages(ignore) using defaults
[0.284s] Level 1:colcon.colcon_core.package_discovery:discover_packages(path) discover
[0.284s] Level 1:colcon.colcon_core.package_discovery:discover_packages(path) using defaults
[0.312s] Level 1:colcon.colcon_core.package_discovery:discover_packages(prefix_path) check parameters
[0.312s] Level 1:colcon.colcon_core.package_discovery:discover_packages(prefix_path) discover
[0.314s] DEBUG:colcon.colcon_installed_package_information.package_discovery:Found 1 installed packages in /home/xizesse/ros2_ws/install
[0.315s] DEBUG:colcon.colcon_installed_package_information.package_discovery:Found 287 installed packages in /opt/ros/humble
[0.315s] Level 1:colcon.colcon_core.package_discovery:discover_packages(prefix_path) using defaults
[0.334s] Level 5:colcon.colcon_core.verb:set package 'avoa' build argument 'cmake_args' from command line to 'None'
[0.334s] Level 5:colcon.colcon_core.verb:set package 'avoa' build argument 'cmake_target' from command line to 'None'
[0.334s] Level 5:colcon.colcon_core.verb:set package 'avoa' build argument 'cmake_target_skip_unavailable' from command line to 'False'
[0.334s] Level 5:colcon.colcon_core.verb:set package 'avoa' build argument 'cmake_clean_cache' from command line to 'False'
[0.334s] Level 5:colcon.colcon_core.verb:set package 'avoa' build argument 'cmake_clean_first' from command line to 'False'
[0.334s] Level 5:colcon.colcon_core.verb:set package 'avoa' build argument 'cmake_force_configure' from command line to 'False'
[0.334s] Level 5:colcon.colcon_core.verb:set package 'avoa' build argument 'ament_cmake_args' from command line to 'None'
[0.334s] Level 5:colcon.colcon_core.verb:set package 'avoa' build argument 'catkin_cmake_args' from command line to 'None'
[0.334s] Level 5:colcon.colcon_core.verb:set package 'avoa' build argument 'catkin_skip_building_tests' from command line to 'False'
[0.334s] DEBUG:colcon.colcon_core.verb:Building package 'avoa' with the following arguments: {'ament_cmake_args': None, 'build_base': '/home/xizesse/ros2_ws/src/avoa/build/avoa', 'catkin_cmake_args': None, 'catkin_skip_building_tests': False, 'cmake_args': None, 'cmake_clean_cache': False, 'cmake_clean_first': False, 'cmake_force_configure': False, 'cmake_target': None, 'cmake_target_skip_unavailable': False, 'install_base': '/home/xizesse/ros2_ws/src/avoa/install/avoa', 'merge_install': False, 'path': '/home/xizesse/ros2_ws/src/avoa', 'symlink_install': False, 'test_result_base': None}
[0.335s] INFO:colcon.colcon_core.executor:Executing jobs using 'parallel' executor
[0.335s] DEBUG:colcon.colcon_parallel_executor.executor.parallel:run_until_complete
[0.335s] INFO:colcon.colcon_ros.task.ament_cmake.build:Building ROS package in '/home/xizesse/ros2_ws/src/avoa' with build type 'ament_cmake'
[0.335s] INFO:colcon.colcon_cmake.task.cmake.build:Building CMake package in '/home/xizesse/ros2_ws/src/avoa'
[0.339s] INFO:colcon.colcon_core.plugin_system:Skipping extension 'colcon_core.shell.bat': Not used on non-Windows systems
[0.339s] INFO:colcon.colcon_core.shell:Skip shell extension 'powershell' for command environment: Not usable outside of PowerShell
[0.339s] DEBUG:colcon.colcon_core.shell:Skip shell extension 'dsv' for command environment
[0.345s] DEBUG:colcon.colcon_core.event_handler.log_command:Invoking command in '/home/xizesse/ros2_ws/src/avoa/build/avoa': CMAKE_PREFIX_PATH=${CMAKE_PREFIX_PATH}:/opt/ros/humble /usr/bin/cmake /home/xizesse/ros2_ws/src/avoa -DCMAKE_INSTALL_PREFIX=/home/xizesse/ros2_ws/src/avoa/install/avoa
[2.354s] DEBUG:colcon.colcon_core.event_handler.log_command:Invoked command in '/home/xizesse/ros2_ws/src/avoa/build/avoa' returned '0': CMAKE_PREFIX_PATH=${CMAKE_PREFIX_PATH}:/opt/ros/humble /usr/bin/cmake /home/xizesse/ros2_ws/src/avoa -DCMAKE_INSTALL_PREFIX=/home/xizesse/ros2_ws/src/avoa/install/avoa
[2.355s] DEBUG:colcon.colcon_core.event_handler.log_command:Invoking command in '/home/xizesse/ros2_ws/src/avoa/build/avoa': CMAKE_PREFIX_PATH=${CMAKE_PREFIX_PATH}:/opt/ros/humble /usr/bin/cmake --build /home/xizesse/ros2_ws/src/avoa/build/avoa -- -j20 -l20
[11.498s] DEBUG:colcon.colcon_core.event_handler.log_command:Invoked command in '/home/xizesse/ros2_ws/src/avoa/build/avoa' returned '2': CMAKE_PREFIX_PATH=${CMAKE_PREFIX_PATH}:/opt/ros/humble /usr/bin/cmake --build /home/xizesse/ros2_ws/src/avoa/build/avoa -- -j20 -l20
[11.554s] Level 1:colcon.colcon_core.environment:create_environment_scripts_only(avoa)
[11.560s] Level 1:colcon.colcon_core.environment:checking '/home/xizesse/ros2_ws/src/avoa/install/avoa' for CMake module files
[11.560s] Level 1:colcon.colcon_core.environment:checking '/home/xizesse/ros2_ws/src/avoa/install/avoa' for CMake config files
[11.560s] Level 1:colcon.colcon_core.environment:checking '/home/xizesse/ros2_ws/src/avoa/install/avoa/bin'
[11.560s] Level 1:colcon.colcon_core.environment:checking '/home/xizesse/ros2_ws/src/avoa/install/avoa/lib/pkgconfig/avoa.pc'
[11.561s] Level 1:colcon.colcon_core.environment:checking '/home/xizesse/ros2_ws/src/avoa/install/avoa/lib/python3.10/site-packages'
[11.561s] Level 1:colcon.colcon_core.environment:checking '/home/xizesse/ros2_ws/src/avoa/install/avoa/bin'
[11.561s] INFO:colcon.colcon_core.shell:Creating package script '/home/xizesse/ros2_ws/src/avoa/install/avoa/share/avoa/package.ps1'
[11.562s] INFO:colcon.colcon_core.shell:Creating package descriptor '/home/xizesse/ros2_ws/src/avoa/install/avoa/share/avoa/package.dsv'
[11.563s] INFO:colcon.colcon_core.shell:Creating package script '/home/xizesse/ros2_ws/src/avoa/install/avoa/share/avoa/package.sh'
[11.564s] INFO:colcon.colcon_core.shell:Creating package script '/home/xizesse/ros2_ws/src/avoa/install/avoa/share/avoa/package.bash'
[11.564s] INFO:colcon.colcon_core.shell:Creating package script '/home/xizesse/ros2_ws/src/avoa/install/avoa/share/avoa/package.zsh'
[11.565s] Level 1:colcon.colcon_core.environment:create_file_with_runtime_dependencies(/home/xizesse/ros2_ws/src/avoa/install/avoa/share/colcon-core/packages/avoa)
[11.576s] DEBUG:colcon.colcon_parallel_executor.executor.parallel:closing loop
[11.576s] DEBUG:colcon.colcon_parallel_executor.executor.parallel:loop closed
[11.576s] DEBUG:colcon.colcon_parallel_executor.executor.parallel:run_until_complete finished with '2'
[11.576s] DEBUG:colcon.colcon_core.event_reactor:joining thread
[11.582s] INFO:colcon.colcon_core.plugin_system:Skipping extension 'colcon_notification.desktop_notification.terminal_notifier': Not used on non-Darwin systems
[11.582s] INFO:colcon.colcon_core.plugin_system:Skipping extension 'colcon_notification.desktop_notification.win32': Not used on non-Windows systems
[11.582s] INFO:colcon.colcon_notification.desktop_notification:Sending desktop notification using 'notify2'
[11.602s] DEBUG:colcon.colcon_core.event_reactor:joined thread
[11.602s] INFO:colcon.colcon_core.shell:Creating prefix script '/home/xizesse/ros2_ws/src/avoa/install/local_setup.ps1'
[11.603s] INFO:colcon.colcon_core.shell:Creating prefix util module '/home/xizesse/ros2_ws/src/avoa/install/_local_setup_util_ps1.py'
[11.604s] INFO:colcon.colcon_core.shell:Creating prefix chain script '/home/xizesse/ros2_ws/src/avoa/install/setup.ps1'
[11.605s] INFO:colcon.colcon_core.shell:Creating prefix script '/home/xizesse/ros2_ws/src/avoa/install/local_setup.sh'
[11.605s] INFO:colcon.colcon_core.shell:Creating prefix util module '/home/xizesse/ros2_ws/src/avoa/install/_local_setup_util_sh.py'
[11.605s] INFO:colcon.colcon_core.shell:Creating prefix chain script '/home/xizesse/ros2_ws/src/avoa/install/setup.sh'
[11.607s] INFO:colcon.colcon_core.shell:Creating prefix script '/home/xizesse/ros2_ws/src/avoa/install/local_setup.bash'
[11.607s] INFO:colcon.colcon_core.shell:Creating prefix chain script '/home/xizesse/ros2_ws/src/avoa/install/setup.bash'
[11.609s] INFO:colcon.colcon_core.shell:Creating prefix script '/home/xizesse/ros2_ws/src/avoa/install/local_setup.zsh'
[11.610s] INFO:colcon.colcon_core.shell:Creating prefix chain script '/home/xizesse/ros2_ws/src/avoa/install/setup.zsh'
