[0.407s] DEBUG:colcon:Command line arguments: ['/usr/bin/colcon', 'build']
[0.408s] DEBUG:colcon:Parsed command line arguments: Namespace(log_base=None, log_level=None, verb_name='build', build_base='build', install_base='install', merge_install=False, symlink_install=False, test_result_base=None, continue_on_error=False, executor='parallel', parallel_workers=20, event_handlers=None, ignore_user_meta=False, metas=['./colcon.meta'], base_paths=['.'], packages_ignore=None, packages_ignore_regex=None, paths=None, packages_up_to=None, packages_up_to_regex=None, packages_above=None, packages_above_and_dependencies=None, packages_above_depth=None, packages_select_by_dep=None, packages_skip_by_dep=None, packages_skip_up_to=None, packages_select_build_failed=False, packages_skip_build_finished=False, packages_select_test_failures=False, packages_skip_test_passed=False, packages_select=None, packages_skip=None, packages_select_regex=None, packages_skip_regex=None, packages_start=None, packages_end=None, allow_overriding=[], cmake_args=None, cmake_target=None, cmake_target_skip_unavailable=False, cmake_clean_cache=False, cmake_clean_first=False, cmake_force_configure=False, ament_cmake_args=None, catkin_cmake_args=None, catkin_skip_building_tests=False, mixin_files=None, mixin=None, verb_parser=<colcon_mixin.mixin.mixin_argument.MixinArgumentDecorator object at 0x7871ca6e6780>, verb_extension=<colcon_core.verb.build.BuildVerb object at 0x7871cb6e32c0>, main=<bound method BuildVerb.main of <colcon_core.verb.build.BuildVerb object at 0x7871cb6e32c0>>, mixin_verb=('build',))
[0.560s] Level 1:colcon.colcon_core.package_discovery:discover_packages(colcon_meta) check parameters
[0.561s] Level 1:colcon.colcon_core.package_discovery:discover_packages(recursive) check parameters
[0.561s] Level 1:colcon.colcon_core.package_discovery:discover_packages(ignore) check parameters
[0.561s] Level 1:colcon.colcon_core.package_discovery:discover_packages(path) check parameters
[0.561s] Level 1:colcon.colcon_core.package_discovery:discover_packages(colcon_meta) discover
[0.561s] Level 1:colcon.colcon_core.package_discovery:discover_packages(recursive) discover
[0.562s] INFO:colcon.colcon_core.package_discovery:Crawling recursively for packages in '/home/xizesse/ros_ws/src/avoa3d'
[0.562s] Level 1:colcon.colcon_core.package_identification:_identify(.) by extensions ['ignore', 'ignore_ament_install']
[0.563s] Level 1:colcon.colcon_core.package_identification:_identify(.) by extension 'ignore'
[0.563s] Level 1:colcon.colcon_core.package_identification:_identify(.) by extension 'ignore_ament_install'
[0.563s] Level 1:colcon.colcon_core.package_identification:_identify(.) by extensions ['colcon_pkg']
[0.563s] Level 1:colcon.colcon_core.package_identification:_identify(.) by extension 'colcon_pkg'
[0.564s] Level 1:colcon.colcon_core.package_identification:_identify(.) by extensions ['colcon_meta']
[0.564s] Level 1:colcon.colcon_core.package_identification:_identify(.) by extension 'colcon_meta'
[0.564s] Level 1:colcon.colcon_core.package_identification:_identify(.) by extensions ['ros']
[0.564s] Level 1:colcon.colcon_core.package_identification:_identify(.) by extension 'ros'
[0.691s] DEBUG:colcon.colcon_core.package_identification:Package '.' with type 'ros.ament_cmake' and name 'avoa3d'
[0.691s] Level 1:colcon.colcon_core.package_discovery:discover_packages(recursive) using defaults
[0.691s] Level 1:colcon.colcon_core.package_discovery:discover_packages(ignore) discover
[0.691s] Level 1:colcon.colcon_core.package_discovery:discover_packages(ignore) using defaults
[0.691s] Level 1:colcon.colcon_core.package_discovery:discover_packages(path) discover
[0.691s] Level 1:colcon.colcon_core.package_discovery:discover_packages(path) using defaults
[0.765s] Level 1:colcon.colcon_core.package_discovery:discover_packages(prefix_path) check parameters
[0.765s] Level 1:colcon.colcon_core.package_discovery:discover_packages(prefix_path) discover
[0.770s] Level 1:colcon.colcon_core.package_discovery:discover_packages(prefix_path) using defaults
[0.774s] Level 5:colcon.colcon_core.verb:set package 'avoa3d' build argument 'cmake_args' from command line to 'None'
[0.774s] Level 5:colcon.colcon_core.verb:set package 'avoa3d' build argument 'cmake_target' from command line to 'None'
[0.774s] Level 5:colcon.colcon_core.verb:set package 'avoa3d' build argument 'cmake_target_skip_unavailable' from command line to 'False'
[0.774s] Level 5:colcon.colcon_core.verb:set package 'avoa3d' build argument 'cmake_clean_cache' from command line to 'False'
[0.775s] Level 5:colcon.colcon_core.verb:set package 'avoa3d' build argument 'cmake_clean_first' from command line to 'False'
[0.775s] Level 5:colcon.colcon_core.verb:set package 'avoa3d' build argument 'cmake_force_configure' from command line to 'False'
[0.775s] Level 5:colcon.colcon_core.verb:set package 'avoa3d' build argument 'ament_cmake_args' from command line to 'None'
[0.775s] Level 5:colcon.colcon_core.verb:set package 'avoa3d' build argument 'catkin_cmake_args' from command line to 'None'
[0.775s] Level 5:colcon.colcon_core.verb:set package 'avoa3d' build argument 'catkin_skip_building_tests' from command line to 'False'
[0.775s] DEBUG:colcon.colcon_core.verb:Building package 'avoa3d' with the following arguments: {'ament_cmake_args': None, 'build_base': '/home/xizesse/ros_ws/src/avoa3d/build/avoa3d', 'catkin_cmake_args': None, 'catkin_skip_building_tests': False, 'cmake_args': None, 'cmake_clean_cache': False, 'cmake_clean_first': False, 'cmake_force_configure': False, 'cmake_target': None, 'cmake_target_skip_unavailable': False, 'install_base': '/home/xizesse/ros_ws/src/avoa3d/install/avoa3d', 'merge_install': False, 'path': '/home/xizesse/ros_ws/src/avoa3d', 'symlink_install': False, 'test_result_base': None}
[0.775s] INFO:colcon.colcon_core.executor:Executing jobs using 'parallel' executor
[0.778s] DEBUG:colcon.colcon_parallel_executor.executor.parallel:run_until_complete
[0.779s] INFO:colcon.colcon_ros.task.ament_cmake.build:Building ROS package in '/home/xizesse/ros_ws/src/avoa3d' with build type 'ament_cmake'
[0.779s] INFO:colcon.colcon_cmake.task.cmake.build:Building CMake package in '/home/xizesse/ros_ws/src/avoa3d'
[0.789s] INFO:colcon.colcon_core.plugin_system:Skipping extension 'colcon_core.shell.bat': Not used on non-Windows systems
[0.790s] INFO:colcon.colcon_core.shell:Skip shell extension 'powershell' for command environment: Not usable outside of PowerShell
[0.790s] DEBUG:colcon.colcon_core.shell:Skip shell extension 'dsv' for command environment
[0.815s] DEBUG:colcon.colcon_core.event_handler.log_command:Invoking command in '/home/xizesse/ros_ws/src/avoa3d/build/avoa3d': DEBUGINFOD_URLS=https://debuginfod.ubuntu.com /usr/bin/cmake /home/xizesse/ros_ws/src/avoa3d -DCMAKE_INSTALL_PREFIX=/home/xizesse/ros_ws/src/avoa3d/install/avoa3d
[2.283s] DEBUG:colcon.colcon_core.event_handler.log_command:Invoked command in '/home/xizesse/ros_ws/src/avoa3d/build/avoa3d' returned '1': DEBUGINFOD_URLS=https://debuginfod.ubuntu.com /usr/bin/cmake /home/xizesse/ros_ws/src/avoa3d -DCMAKE_INSTALL_PREFIX=/home/xizesse/ros_ws/src/avoa3d/install/avoa3d
[2.334s] Level 1:colcon.colcon_core.environment:create_environment_scripts_only(avoa3d)
[2.343s] Level 1:colcon.colcon_core.environment:checking '/home/xizesse/ros_ws/src/avoa3d/install/avoa3d' for CMake module files
[2.345s] Level 1:colcon.colcon_core.environment:checking '/home/xizesse/ros_ws/src/avoa3d/install/avoa3d' for CMake config files
[2.346s] Level 1:colcon.colcon_core.environment:checking '/home/xizesse/ros_ws/src/avoa3d/install/avoa3d/bin'
[2.347s] Level 1:colcon.colcon_core.environment:checking '/home/xizesse/ros_ws/src/avoa3d/install/avoa3d/lib/pkgconfig/avoa3d.pc'
[2.355s] Level 1:colcon.colcon_core.environment:checking '/home/xizesse/ros_ws/src/avoa3d/install/avoa3d/lib/python3.12/site-packages'
[2.356s] Level 1:colcon.colcon_core.environment:checking '/home/xizesse/ros_ws/src/avoa3d/install/avoa3d/bin'
[2.358s] INFO:colcon.colcon_core.shell:Creating package script '/home/xizesse/ros_ws/src/avoa3d/install/avoa3d/share/avoa3d/package.ps1'
[2.365s] INFO:colcon.colcon_core.shell:Creating package descriptor '/home/xizesse/ros_ws/src/avoa3d/install/avoa3d/share/avoa3d/package.dsv'
[2.369s] INFO:colcon.colcon_core.shell:Creating package script '/home/xizesse/ros_ws/src/avoa3d/install/avoa3d/share/avoa3d/package.sh'
[2.371s] INFO:colcon.colcon_core.shell:Creating package script '/home/xizesse/ros_ws/src/avoa3d/install/avoa3d/share/avoa3d/package.bash'
[2.374s] INFO:colcon.colcon_core.shell:Creating package script '/home/xizesse/ros_ws/src/avoa3d/install/avoa3d/share/avoa3d/package.zsh'
[2.376s] Level 1:colcon.colcon_core.environment:create_file_with_runtime_dependencies(/home/xizesse/ros_ws/src/avoa3d/install/avoa3d/share/colcon-core/packages/avoa3d)
[2.388s] DEBUG:colcon.colcon_parallel_executor.executor.parallel:closing loop
[2.389s] DEBUG:colcon.colcon_parallel_executor.executor.parallel:loop closed
[2.389s] DEBUG:colcon.colcon_parallel_executor.executor.parallel:run_until_complete finished with '1'
[2.389s] DEBUG:colcon.colcon_core.event_reactor:joining thread
[2.411s] INFO:colcon.colcon_core.plugin_system:Skipping extension 'colcon_notification.desktop_notification.terminal_notifier': Not used on non-Darwin systems
[2.411s] INFO:colcon.colcon_core.plugin_system:Skipping extension 'colcon_notification.desktop_notification.win32': Not used on non-Windows systems
[2.411s] INFO:colcon.colcon_notification.desktop_notification:Sending desktop notification using 'notify2'
[2.469s] DEBUG:colcon.colcon_core.event_reactor:joined thread
[2.470s] INFO:colcon.colcon_core.shell:Creating prefix script '/home/xizesse/ros_ws/src/avoa3d/install/local_setup.ps1'
[2.475s] INFO:colcon.colcon_core.shell:Creating prefix util module '/home/xizesse/ros_ws/src/avoa3d/install/_local_setup_util_ps1.py'
[2.482s] INFO:colcon.colcon_core.shell:Creating prefix chain script '/home/xizesse/ros_ws/src/avoa3d/install/setup.ps1'
[2.485s] INFO:colcon.colcon_core.shell:Creating prefix script '/home/xizesse/ros_ws/src/avoa3d/install/local_setup.sh'
[2.487s] INFO:colcon.colcon_core.shell:Creating prefix util module '/home/xizesse/ros_ws/src/avoa3d/install/_local_setup_util_sh.py'
[2.489s] INFO:colcon.colcon_core.shell:Creating prefix chain script '/home/xizesse/ros_ws/src/avoa3d/install/setup.sh'
[2.491s] INFO:colcon.colcon_core.shell:Creating prefix script '/home/xizesse/ros_ws/src/avoa3d/install/local_setup.bash'
[2.493s] INFO:colcon.colcon_core.shell:Creating prefix chain script '/home/xizesse/ros_ws/src/avoa3d/install/setup.bash'
[2.495s] INFO:colcon.colcon_core.shell:Creating prefix script '/home/xizesse/ros_ws/src/avoa3d/install/local_setup.zsh'
[2.497s] INFO:colcon.colcon_core.shell:Creating prefix chain script '/home/xizesse/ros_ws/src/avoa3d/install/setup.zsh'
