[0.060s] Invoking command in '/home/xizesse/ros_ws/src/avoa3d/build/avoa3d': CMAKE_PREFIX_PATH=${CMAKE_PREFIX_PATH}:/opt/ros/jazzy DEBUGINFOD_URLS=https://debuginfod.ubuntu.com /usr/bin/cmake /home/xizesse/ros_ws/src/avoa3d -DCMAKE_INSTALL_PREFIX=/home/xizesse/ros_ws/src/avoa3d/install/avoa3d
[0.147s] -- Found ament_cmake: 2.5.3 (/opt/ros/jazzy/share/ament_cmake/cmake)
[0.799s] -- Found Python3: /usr/bin/python3 (found version "3.12.3") found components: Interpreter 
[1.228s] -- Found rclcpp: 28.1.6 (/opt/ros/jazzy/share/rclcpp/cmake)
[1.429s] -- Found rosidl_generator_c: 4.6.5 (/opt/ros/jazzy/share/rosidl_generator_c/cmake)
[1.472s] -- Found rosidl_generator_cpp: 4.6.5 (/opt/ros/jazzy/share/rosidl_generator_cpp/cmake)
[1.519s] -- Using all available rosidl_typesupport_c: rosidl_typesupport_fastrtps_c;rosidl_typesupport_introspection_c
[1.590s] -- Using all available rosidl_typesupport_cpp: rosidl_typesupport_fastrtps_cpp;rosidl_typesupport_introspection_cpp
[1.917s] -- Found rmw_implementation_cmake: 7.3.1 (/opt/ros/jazzy/share/rmw_implementation_cmake/cmake)
[1.929s] -- Found rmw_fastrtps_cpp: 8.4.1 (/opt/ros/jazzy/share/rmw_fastrtps_cpp/cmake)
[2.298s] -- Found OpenSSL: /usr/lib/x86_64-linux-gnu/libcrypto.so (found version "3.0.13")  
[2.403s] -- Found FastRTPS: /opt/ros/jazzy/include (Required is at least version "2.13") 
[2.489s] -- Using RMW implementation 'rmw_fastrtps_cpp' as default
[2.733s] -- Found std_msgs: 5.3.5 (/opt/ros/jazzy/share/std_msgs/cmake)
[2.796s] -- Found visualization_msgs: 5.3.5 (/opt/ros/jazzy/share/visualization_msgs/cmake)
[3.103s] -- Found rosidl_default_generators: 1.6.0 (/opt/ros/jazzy/share/rosidl_default_generators/cmake)
[3.176s] -- Found rosidl_adapter: 4.6.5 (/opt/ros/jazzy/share/rosidl_adapter/cmake)
[3.192s] -- Found nav_msgs: 5.3.5 (/opt/ros/jazzy/share/nav_msgs/cmake)
[3.303s] -- Found tf2_ros: 0.36.8 (/opt/ros/jazzy/share/tf2_ros/cmake)
[3.804s] -- Found tf2_eigen: 0.36.8 (/opt/ros/jazzy/share/tf2_eigen/cmake)
[3.836s] -- Found tf2_geometry_msgs: 0.36.8 (/opt/ros/jazzy/share/tf2_geometry_msgs/cmake)
[3.873s] -- Found eigen3_cmake_module: 0.3.0 (/opt/ros/jazzy/share/eigen3_cmake_module/cmake)
[3.876s] -- Found Eigen3: TRUE (found version "3.4.0") 
[3.876s] -- Ensuring Eigen3 include directory is part of orocos-kdl CMake target
[3.882s] -- Found custom_msgs: 0.0.0 (/home/xizesse/ros_ws/install/custom_msgs/share/custom_msgs/cmake)
[3.953s] -- Found rviz_visual_tools: 4.1.4 (/opt/ros/jazzy/share/rviz_visual_tools/cmake)
[4.210s] -- Setting OGRE_DIR to: '/opt/ros/jazzy/share/rviz_ogre_vendor/cmake/../../../opt/rviz_ogre_vendor/lib/OGRE/cmake'
[4.213s] -- Found OGRE
[4.213s] --   static     : OFF
[4.213s] --   components : MeshLodGenerator;Overlay;Paging;Property;RTShaderSystem;Terrain;Volume
[4.213s] --   plugins    : Plugin_BSPSceneManager;Plugin_OctreeSceneManager;Plugin_PCZSceneManager;Plugin_ParticleFX;RenderSystem_GL;RenderSystem_GL3Plus;Codec_STBI
[4.214s] --   media      : /opt/ros/jazzy/opt/rviz_ogre_vendor/share/OGRE/Media
[4.214s] -- OGRE_LIBRARIES: OgreMeshLodGenerator;OgreOverlay;OgrePaging;OgreProperty;OgreRTShaderSystem;OgreTerrain;OgreVolume;OgreMain
[4.214s] -- OGRE_LIBRARY_DIRS: /opt/ros/jazzy/opt/rviz_ogre_vendor/lib
[4.214s] -- OGRE_PLUGINS: Plugin_BSPSceneManager;Plugin_OctreeSceneManager;Plugin_PCZSceneManager;Plugin_ParticleFX;RenderSystem_GL;RenderSystem_GL3Plus;Codec_STBI
[4.214s] -- OGRE_PLUGIN_DIR: /opt/ros/jazzy/opt/rviz_ogre_vendor/lib/OGRE
[4.214s] -- rviz_ogre_vendor::OgreOverlay for IMPORTED_LOCATION_RELEASE: /opt/ros/jazzy/opt/rviz_ogre_vendor/lib/libOgreOverlay.so
[4.214s] -- rviz_ogre_vendor::OgreOverlay for IMPORTED_LOCATION_DEBUG: /opt/ros/jazzy/opt/rviz_ogre_vendor/lib/libOgreOverlay.so
[4.214s] -- rviz_ogre_vendor::OgreMain for IMPORTED_LOCATION_RELEASE: /opt/ros/jazzy/opt/rviz_ogre_vendor/lib/libOgreMain.so
[4.214s] -- rviz_ogre_vendor::OgreMain for IMPORTED_LOCATION_DEBUG: /opt/ros/jazzy/opt/rviz_ogre_vendor/lib/libOgreMain.so
[4.303s] -- Found ZLIB: /usr/lib/x86_64-linux-gnu/libz.so (found version "1.3")  
[4.335s] -- Found OpenGL: /usr/lib/x86_64-linux-gnu/libOpenGL.so   
[4.850s] -- Found X11: /usr/include   
[4.850s] -- Looking for XOpenDisplay in /usr/lib/x86_64-linux-gnu/libX11.so;/usr/lib/x86_64-linux-gnu/libXext.so
[5.138s] -- Looking for XOpenDisplay in /usr/lib/x86_64-linux-gnu/libX11.so;/usr/lib/x86_64-linux-gnu/libXext.so - found
[5.138s] -- Looking for gethostbyname
[5.393s] -- Looking for gethostbyname - found
[5.394s] -- Looking for connect
[5.709s] -- Looking for connect - found
[5.709s] -- Looking for remove
[6.071s] -- Looking for remove - found
[6.072s] -- Looking for shmat
[6.388s] -- Looking for shmat - found
[6.388s] -- Looking for IceConnectionNumber in ICE
[6.697s] -- Looking for IceConnectionNumber in ICE - found
[6.807s] -- Setting yaml-cpp_DIR to: '/opt/ros/jazzy/share/yaml_cpp_vendor/cmake/../../../opt/yaml_cpp_vendor/share/cmake/yaml-cpp'
[9.413s] -- Found ament_cmake_ros: 0.12.0 (/opt/ros/jazzy/share/ament_cmake_ros/cmake)
[12.373s] -- Using all available rosidl_typesupport_c: rosidl_typesupport_fastrtps_c;rosidl_typesupport_introspection_c
[13.524s] -- Using all available rosidl_typesupport_cpp: rosidl_typesupport_fastrtps_cpp;rosidl_typesupport_introspection_cpp
[13.533s] -- Found python_cmake_module: 0.11.1 (/opt/ros/jazzy/share/python_cmake_module/cmake)
[13.943s] -- Found PythonExtra: /usr/bin/python3  
[15.182s] -- Found Python3: /usr/bin/python3 (found version "3.12.3") found components: Interpreter Development NumPy Development.Module Development.Embed 
[15.334s] -- Found ament_lint_auto: 0.17.1 (/opt/ros/jazzy/share/ament_lint_auto/cmake)
[15.347s] -- Configuring done (15.2s)
[15.480s] -- Generating done (0.1s)
[15.523s] -- Build files have been written to: /home/xizesse/ros_ws/src/avoa3d/build/avoa3d
[15.550s] Invoked command in '/home/xizesse/ros_ws/src/avoa3d/build/avoa3d' returned '0': CMAKE_PREFIX_PATH=${CMAKE_PREFIX_PATH}:/opt/ros/jazzy DEBUGINFOD_URLS=https://debuginfod.ubuntu.com /usr/bin/cmake /home/xizesse/ros_ws/src/avoa3d -DCMAKE_INSTALL_PREFIX=/home/xizesse/ros_ws/src/avoa3d/install/avoa3d
[15.553s] Invoking command in '/home/xizesse/ros_ws/src/avoa3d/build/avoa3d': CMAKE_PREFIX_PATH=${CMAKE_PREFIX_PATH}:/opt/ros/jazzy DEBUGINFOD_URLS=https://debuginfod.ubuntu.com /usr/bin/cmake --build /home/xizesse/ros_ws/src/avoa3d/build/avoa3d -- -j20 -l20
[15.667s] [  1%] [34m[1mGenerating type hashes for ROS interfaces[0m
[15.688s] [  1%] Built target ament_cmake_python_copy_avoa3d
[16.245s] running egg_info
[16.248s] creating avoa3d.egg-info
[16.306s] writing avoa3d.egg-info/PKG-INFO
[16.307s] writing dependency_links to avoa3d.egg-info/dependency_links.txt
[16.308s] writing top-level names to avoa3d.egg-info/top_level.txt
[16.308s] writing manifest file 'avoa3d.egg-info/SOURCES.txt'
[16.477s] reading manifest file 'avoa3d.egg-info/SOURCES.txt'
[16.482s] writing manifest file 'avoa3d.egg-info/SOURCES.txt'
[16.502s] [  1%] Built target avoa3d__rosidl_generator_type_description
[16.544s] [  3%] [34m[1mGenerating C code for ROS interfaces[0m
[16.578s] [  5%] Built target ament_cmake_python_build_avoa3d_egg
[16.578s] [  5%] [34m[1mGenerating C++ code for ROS interfaces[0m
[17.445s] [  5%] Built target avoa3d__cpp
[17.595s] [  7%] [32mBuilding C object CMakeFiles/avoa3d__rosidl_generator_c.dir/rosidl_generator_c/avoa3d/msg/detail/element_characteristics_stamped__functions.c.o[0m
[17.595s] [  9%] [32mBuilding C object CMakeFiles/avoa3d__rosidl_generator_c.dir/rosidl_generator_c/avoa3d/msg/detail/element_characteristics_stamped__type_support.c.o[0m
[17.596s] [ 11%] [32mBuilding C object CMakeFiles/avoa3d__rosidl_generator_c.dir/rosidl_generator_c/avoa3d/msg/detail/element_characteristics_array__functions.c.o[0m
[17.597s] [ 12%] [32mBuilding C object CMakeFiles/avoa3d__rosidl_generator_c.dir/rosidl_generator_c/avoa3d/msg/detail/element_characteristics_stamped__description.c.o[0m
[17.600s] [ 14%] [32mBuilding C object CMakeFiles/avoa3d__rosidl_generator_c.dir/rosidl_generator_c/avoa3d/msg/detail/element_characteristics_array__description.c.o[0m
[17.606s] [ 16%] [32mBuilding C object CMakeFiles/avoa3d__rosidl_generator_c.dir/rosidl_generator_c/avoa3d/msg/detail/element_characteristics_array__type_support.c.o[0m
[17.803s] [ 18%] [32m[1mLinking C shared library libavoa3d__rosidl_generator_c.so[0m
[17.984s] [ 18%] Built target avoa3d__rosidl_generator_c
[18.030s] [ 20%] [34m[1mGenerating C type support for eProsima Fast-RTPS[0m
[18.036s] [ 24%] [34m[1mGenerating C type support dispatch for ROS interfaces[0m
[18.036s] [ 24%] [34m[1mGenerating C introspection for ROS interfaces[0m
[18.037s] [ 25%] [34m[1mGenerating C++ type support dispatch for ROS interfaces[0m
[18.037s] [ 27%] [34m[1mGenerating C++ type support for eProsima Fast-RTPS[0m
[18.038s] [ 29%] [34m[1mGenerating C++ introspection for ROS interfaces[0m
[19.109s] [ 31%] [32mBuilding CXX object CMakeFiles/avoa3d__rosidl_typesupport_c.dir/rosidl_typesupport_c/avoa3d/msg/element_characteristics_array__type_support.cpp.o[0m
[19.109s] [ 33%] [32mBuilding CXX object CMakeFiles/avoa3d__rosidl_typesupport_c.dir/rosidl_typesupport_c/avoa3d/msg/element_characteristics_stamped__type_support.cpp.o[0m
[19.113s] [ 37%] [32mBuilding C object CMakeFiles/avoa3d__rosidl_typesupport_introspection_c.dir/rosidl_typesupport_introspection_c/avoa3d/msg/detail/element_characteristics_array__type_support.c.o[0m
[19.114s] [ 37%] [32mBuilding C object CMakeFiles/avoa3d__rosidl_typesupport_introspection_c.dir/rosidl_typesupport_introspection_c/avoa3d/msg/detail/element_characteristics_stamped__type_support.c.o[0m
[19.187s] [ 38%] [32mBuilding CXX object CMakeFiles/avoa3d__rosidl_typesupport_cpp.dir/rosidl_typesupport_cpp/avoa3d/msg/element_characteristics_array__type_support.cpp.o[0m
[19.193s] [ 40%] [32mBuilding CXX object CMakeFiles/avoa3d__rosidl_typesupport_cpp.dir/rosidl_typesupport_cpp/avoa3d/msg/element_characteristics_stamped__type_support.cpp.o[0m
[19.219s] [ 42%] [32mBuilding CXX object CMakeFiles/avoa3d__rosidl_typesupport_introspection_cpp.dir/rosidl_typesupport_introspection_cpp/avoa3d/msg/detail/element_characteristics_stamped__type_support.cpp.o[0m
[19.235s] [ 44%] [32mBuilding CXX object CMakeFiles/avoa3d__rosidl_typesupport_introspection_cpp.dir/rosidl_typesupport_introspection_cpp/avoa3d/msg/detail/element_characteristics_array__type_support.cpp.o[0m
[19.284s] [ 46%] [32m[1mLinking C shared library libavoa3d__rosidl_typesupport_introspection_c.so[0m
[19.332s] [ 48%] [32m[1mLinking CXX shared library libavoa3d__rosidl_typesupport_c.so[0m
[19.357s] [ 51%] [32mBuilding CXX object CMakeFiles/avoa3d__rosidl_typesupport_fastrtps_cpp.dir/rosidl_typesupport_fastrtps_cpp/avoa3d/msg/detail/dds_fastrtps/element_characteristics_array__type_support.cpp.o[0m
[19.358s] [ 51%] [32mBuilding CXX object CMakeFiles/avoa3d__rosidl_typesupport_fastrtps_cpp.dir/rosidl_typesupport_fastrtps_cpp/avoa3d/msg/detail/dds_fastrtps/element_characteristics_stamped__type_support.cpp.o[0m
[19.423s] [ 51%] Built target avoa3d__rosidl_typesupport_introspection_c
[19.424s] [ 53%] [32mBuilding CXX object CMakeFiles/avoa3d__rosidl_typesupport_fastrtps_c.dir/rosidl_typesupport_fastrtps_c/avoa3d/msg/detail/element_characteristics_array__type_support_c.cpp.o[0m
[19.426s] [ 55%] [32mBuilding CXX object CMakeFiles/avoa3d__rosidl_typesupport_fastrtps_c.dir/rosidl_typesupport_fastrtps_c/avoa3d/msg/detail/element_characteristics_stamped__type_support_c.cpp.o[0m
[19.485s] [ 55%] Built target avoa3d__rosidl_typesupport_c
[20.411s] [ 57%] [32m[1mLinking CXX shared library libavoa3d__rosidl_typesupport_introspection_cpp.so[0m
[20.569s] [ 59%] [32m[1mLinking CXX shared library libavoa3d__rosidl_typesupport_cpp.so[0m
[20.705s] [ 59%] Built target avoa3d__rosidl_typesupport_introspection_cpp
[20.758s] [ 59%] Built target avoa3d__rosidl_typesupport_cpp
[20.848s] [ 61%] [32m[1mLinking CXX shared library libavoa3d__rosidl_typesupport_fastrtps_c.so[0m
[20.852s] [ 62%] [32mBuilding CXX object CMakeFiles/avoa3dnode.dir/src/sample_evaluator.cpp.o[0m
[20.853s] [ 64%] [32mBuilding CXX object CMakeFiles/test_w_goal.dir/src/test_w_goal.cpp.o[0m
[20.857s] [ 66%] [32mBuilding CXX object CMakeFiles/avoa3dnode.dir/src/avoa3dnode.cpp.o[0m
[20.858s] [ 68%] [32mBuilding CXX object CMakeFiles/rviz_marker.dir/src/rviz_marker.cpp.o[0m
[20.859s] [ 70%] [32mBuilding CXX object CMakeFiles/obstacle_publisher.dir/src/obstacle_publisher.cpp.o[0m
[20.860s] [ 72%] [32mBuilding CXX object CMakeFiles/avoa3dnode.dir/src/sample_visualizer.cpp.o[0m
[21.086s] [ 72%] Built target avoa3d__rosidl_typesupport_fastrtps_c
[21.395s] [ 74%] [32m[1mLinking CXX shared library libavoa3d__rosidl_typesupport_fastrtps_cpp.so[0m
[21.677s] [ 74%] Built target avoa3d__rosidl_typesupport_fastrtps_cpp
[21.755s] [ 74%] Built target avoa3d
[21.858s] [ 75%] [34m[1mGenerating Python code for ROS interfaces[0m
[23.535s] [ 75%] Built target avoa3d__py
[23.605s] [ 77%] [32mBuilding C object CMakeFiles/avoa3d__rosidl_generator_py.dir/rosidl_generator_py/avoa3d/msg/_element_characteristics_array_s.c.o[0m
[23.609s] [ 79%] [32mBuilding C object CMakeFiles/avoa3d__rosidl_generator_py.dir/rosidl_generator_py/avoa3d/msg/_element_characteristics_stamped_s.c.o[0m
[24.231s] [ 81%] [32m[1mLinking C shared library libavoa3d__rosidl_generator_py.so[0m
[24.419s] [ 81%] Built target avoa3d__rosidl_generator_py
[24.511s] [ 83%] [32mBuilding C object CMakeFiles/avoa3d_s__rosidl_typesupport_fastrtps_c.dir/rosidl_generator_py/avoa3d/_avoa3d_s.ep.rosidl_typesupport_fastrtps_c.c.o[0m
[24.523s] [ 85%] [32mBuilding C object CMakeFiles/avoa3d_s__rosidl_typesupport_introspection_c.dir/rosidl_generator_py/avoa3d/_avoa3d_s.ep.rosidl_typesupport_introspection_c.c.o[0m
[24.524s] [ 87%] [32mBuilding C object CMakeFiles/avoa3d_s__rosidl_typesupport_c.dir/rosidl_generator_py/avoa3d/_avoa3d_s.ep.rosidl_typesupport_c.c.o[0m
[24.968s] [ 88%] [32m[1mLinking C shared module rosidl_generator_py/avoa3d/avoa3d_s__rosidl_typesupport_introspection_c.so[0m
[25.025s] [ 90%] [32m[1mLinking C shared module rosidl_generator_py/avoa3d/avoa3d_s__rosidl_typesupport_c.so[0m
[25.048s] [ 92%] [32m[1mLinking C shared module rosidl_generator_py/avoa3d/avoa3d_s__rosidl_typesupport_fastrtps_c.so[0m
[25.106s] [ 92%] Built target avoa3d_s__rosidl_typesupport_introspection_c
[25.164s] [ 92%] Built target avoa3d_s__rosidl_typesupport_c
[25.184s] [ 92%] Built target avoa3d_s__rosidl_typesupport_fastrtps_c
[45.034s] [ 94%] [32m[1mLinking CXX executable test_w_goal[0m
[46.211s] [ 94%] Built target test_w_goal
[50.297s] [ 96%] [32m[1mLinking CXX executable obstacle_publisher[0m
[51.705s] [ 96%] Built target obstacle_publisher
[57.871s] [ 98%] [32m[1mLinking CXX executable avoa3dnode[0m
[59.377s] [ 98%] Built target avoa3dnode
[59.717s] [100%] [32m[1mLinking CXX executable rviz_marker[0m
[61.677s] [100%] Built target rviz_marker
[61.714s] Invoked command in '/home/xizesse/ros_ws/src/avoa3d/build/avoa3d' returned '0': CMAKE_PREFIX_PATH=${CMAKE_PREFIX_PATH}:/opt/ros/jazzy DEBUGINFOD_URLS=https://debuginfod.ubuntu.com /usr/bin/cmake --build /home/xizesse/ros_ws/src/avoa3d/build/avoa3d -- -j20 -l20
[61.750s] Invoking command in '/home/xizesse/ros_ws/src/avoa3d/build/avoa3d': CMAKE_PREFIX_PATH=${CMAKE_PREFIX_PATH}:/opt/ros/jazzy DEBUGINFOD_URLS=https://debuginfod.ubuntu.com /usr/bin/cmake --install /home/xizesse/ros_ws/src/avoa3d/build/avoa3d
[61.773s] -- Install configuration: ""
[61.773s] -- Installing: /home/xizesse/ros_ws/src/avoa3d/install/avoa3d/share/ament_index/resource_index/rosidl_interfaces/avoa3d
[61.774s] -- Installing: /home/xizesse/ros_ws/src/avoa3d/install/avoa3d/share/avoa3d/msg/ElementCharacteristicsStamped.json
[61.775s] -- Installing: /home/xizesse/ros_ws/src/avoa3d/install/avoa3d/share/avoa3d/msg/ElementCharacteristicsArray.json
[61.775s] -- Installing: /home/xizesse/ros_ws/src/avoa3d/install/avoa3d/include/avoa3d/avoa3d
[61.775s] -- Installing: /home/xizesse/ros_ws/src/avoa3d/install/avoa3d/include/avoa3d/avoa3d/msg
[61.776s] -- Installing: /home/xizesse/ros_ws/src/avoa3d/install/avoa3d/include/avoa3d/avoa3d/msg/rosidl_generator_c__visibility_control.h
[61.776s] -- Installing: /home/xizesse/ros_ws/src/avoa3d/install/avoa3d/include/avoa3d/avoa3d/msg/element_characteristics_stamped.h
[61.776s] -- Installing: /home/xizesse/ros_ws/src/avoa3d/install/avoa3d/include/avoa3d/avoa3d/msg/detail
[61.776s] -- Installing: /home/xizesse/ros_ws/src/avoa3d/install/avoa3d/include/avoa3d/avoa3d/msg/detail/element_characteristics_array__description.c
[61.776s] -- Installing: /home/xizesse/ros_ws/src/avoa3d/install/avoa3d/include/avoa3d/avoa3d/msg/detail/element_characteristics_stamped__type_support.c
[61.777s] -- Installing: /home/xizesse/ros_ws/src/avoa3d/install/avoa3d/include/avoa3d/avoa3d/msg/detail/element_characteristics_array__functions.c
[61.777s] -- Installing: /home/xizesse/ros_ws/src/avoa3d/install/avoa3d/include/avoa3d/avoa3d/msg/detail/element_characteristics_array__type_support.c
[61.777s] -- Installing: /home/xizesse/ros_ws/src/avoa3d/install/avoa3d/include/avoa3d/avoa3d/msg/detail/element_characteristics_stamped__functions.h
[61.778s] -- Installing: /home/xizesse/ros_ws/src/avoa3d/install/avoa3d/include/avoa3d/avoa3d/msg/detail/element_characteristics_stamped__type_support.h
[61.778s] -- Installing: /home/xizesse/ros_ws/src/avoa3d/install/avoa3d/include/avoa3d/avoa3d/msg/detail/element_characteristics_stamped__description.c
[61.778s] -- Installing: /home/xizesse/ros_ws/src/avoa3d/install/avoa3d/include/avoa3d/avoa3d/msg/detail/element_characteristics_array__struct.h
[61.778s] -- Installing: /home/xizesse/ros_ws/src/avoa3d/install/avoa3d/include/avoa3d/avoa3d/msg/detail/element_characteristics_stamped__struct.h
[61.778s] -- Installing: /home/xizesse/ros_ws/src/avoa3d/install/avoa3d/include/avoa3d/avoa3d/msg/detail/element_characteristics_array__functions.h
[61.779s] -- Installing: /home/xizesse/ros_ws/src/avoa3d/install/avoa3d/include/avoa3d/avoa3d/msg/detail/element_characteristics_stamped__functions.c
[61.779s] -- Installing: /home/xizesse/ros_ws/src/avoa3d/install/avoa3d/include/avoa3d/avoa3d/msg/detail/element_characteristics_array__type_support.h
[61.780s] -- Installing: /home/xizesse/ros_ws/src/avoa3d/install/avoa3d/include/avoa3d/avoa3d/msg/element_characteristics_array.h
[61.781s] -- Installing: /home/xizesse/ros_ws/src/avoa3d/install/avoa3d/share/avoa3d/environment/library_path.sh
[61.781s] -- Installing: /home/xizesse/ros_ws/src/avoa3d/install/avoa3d/share/avoa3d/environment/library_path.dsv
[61.782s] -- Installing: /home/xizesse/ros_ws/src/avoa3d/install/avoa3d/lib/libavoa3d__rosidl_generator_c.so
[61.782s] -- Set non-toolchain portion of runtime path of "/home/xizesse/ros_ws/src/avoa3d/install/avoa3d/lib/libavoa3d__rosidl_generator_c.so" to ""
[61.782s] -- Up-to-date: /home/xizesse/ros_ws/src/avoa3d/install/avoa3d/include/avoa3d/avoa3d
[61.782s] -- Up-to-date: /home/xizesse/ros_ws/src/avoa3d/install/avoa3d/include/avoa3d/avoa3d/msg
[61.782s] -- Installing: /home/xizesse/ros_ws/src/avoa3d/install/avoa3d/include/avoa3d/avoa3d/msg/rosidl_typesupport_fastrtps_c__visibility_control.h
[61.783s] -- Up-to-date: /home/xizesse/ros_ws/src/avoa3d/install/avoa3d/include/avoa3d/avoa3d/msg/detail
[61.783s] -- Installing: /home/xizesse/ros_ws/src/avoa3d/install/avoa3d/include/avoa3d/avoa3d/msg/detail/element_characteristics_array__rosidl_typesupport_fastrtps_c.h
[61.783s] -- Installing: /home/xizesse/ros_ws/src/avoa3d/install/avoa3d/include/avoa3d/avoa3d/msg/detail/element_characteristics_stamped__rosidl_typesupport_fastrtps_c.h
[61.783s] -- Installing: /home/xizesse/ros_ws/src/avoa3d/install/avoa3d/lib/libavoa3d__rosidl_typesupport_fastrtps_c.so
[61.783s] -- Set non-toolchain portion of runtime path of "/home/xizesse/ros_ws/src/avoa3d/install/avoa3d/lib/libavoa3d__rosidl_typesupport_fastrtps_c.so" to ""
[61.783s] -- Up-to-date: /home/xizesse/ros_ws/src/avoa3d/install/avoa3d/include/avoa3d/avoa3d
[61.784s] -- Up-to-date: /home/xizesse/ros_ws/src/avoa3d/install/avoa3d/include/avoa3d/avoa3d/msg
[61.784s] -- Installing: /home/xizesse/ros_ws/src/avoa3d/install/avoa3d/include/avoa3d/avoa3d/msg/element_characteristics_stamped.hpp
[61.784s] -- Installing: /home/xizesse/ros_ws/src/avoa3d/install/avoa3d/include/avoa3d/avoa3d/msg/element_characteristics_array.hpp
[61.784s] -- Installing: /home/xizesse/ros_ws/src/avoa3d/install/avoa3d/include/avoa3d/avoa3d/msg/rosidl_generator_cpp__visibility_control.hpp
[61.784s] -- Up-to-date: /home/xizesse/ros_ws/src/avoa3d/install/avoa3d/include/avoa3d/avoa3d/msg/detail
[61.784s] -- Installing: /home/xizesse/ros_ws/src/avoa3d/install/avoa3d/include/avoa3d/avoa3d/msg/detail/element_characteristics_stamped__struct.hpp
[61.785s] -- Installing: /home/xizesse/ros_ws/src/avoa3d/install/avoa3d/include/avoa3d/avoa3d/msg/detail/element_characteristics_stamped__traits.hpp
[61.785s] -- Installing: /home/xizesse/ros_ws/src/avoa3d/install/avoa3d/include/avoa3d/avoa3d/msg/detail/element_characteristics_array__type_support.hpp
[61.785s] -- Installing: /home/xizesse/ros_ws/src/avoa3d/install/avoa3d/include/avoa3d/avoa3d/msg/detail/element_characteristics_stamped__builder.hpp
[61.785s] -- Installing: /home/xizesse/ros_ws/src/avoa3d/install/avoa3d/include/avoa3d/avoa3d/msg/detail/element_characteristics_array__builder.hpp
[61.785s] -- Installing: /home/xizesse/ros_ws/src/avoa3d/install/avoa3d/include/avoa3d/avoa3d/msg/detail/element_characteristics_array__traits.hpp
[61.785s] -- Installing: /home/xizesse/ros_ws/src/avoa3d/install/avoa3d/include/avoa3d/avoa3d/msg/detail/element_characteristics_stamped__type_support.hpp
[61.785s] -- Installing: /home/xizesse/ros_ws/src/avoa3d/install/avoa3d/include/avoa3d/avoa3d/msg/detail/element_characteristics_array__struct.hpp
[61.786s] -- Up-to-date: /home/xizesse/ros_ws/src/avoa3d/install/avoa3d/include/avoa3d/avoa3d
[61.786s] -- Up-to-date: /home/xizesse/ros_ws/src/avoa3d/install/avoa3d/include/avoa3d/avoa3d/msg
[61.786s] -- Installing: /home/xizesse/ros_ws/src/avoa3d/install/avoa3d/include/avoa3d/avoa3d/msg/rosidl_typesupport_fastrtps_cpp__visibility_control.h
[61.786s] -- Up-to-date: /home/xizesse/ros_ws/src/avoa3d/install/avoa3d/include/avoa3d/avoa3d/msg/detail
[61.786s] -- Installing: /home/xizesse/ros_ws/src/avoa3d/install/avoa3d/include/avoa3d/avoa3d/msg/detail/element_characteristics_stamped__rosidl_typesupport_fastrtps_cpp.hpp
[61.786s] -- Installing: /home/xizesse/ros_ws/src/avoa3d/install/avoa3d/include/avoa3d/avoa3d/msg/detail/dds_fastrtps
[61.787s] -- Installing: /home/xizesse/ros_ws/src/avoa3d/install/avoa3d/include/avoa3d/avoa3d/msg/detail/element_characteristics_array__rosidl_typesupport_fastrtps_cpp.hpp
[61.787s] -- Installing: /home/xizesse/ros_ws/src/avoa3d/install/avoa3d/lib/libavoa3d__rosidl_typesupport_fastrtps_cpp.so
[61.787s] -- Set non-toolchain portion of runtime path of "/home/xizesse/ros_ws/src/avoa3d/install/avoa3d/lib/libavoa3d__rosidl_typesupport_fastrtps_cpp.so" to ""
[61.787s] -- Up-to-date: /home/xizesse/ros_ws/src/avoa3d/install/avoa3d/include/avoa3d/avoa3d
[61.787s] -- Up-to-date: /home/xizesse/ros_ws/src/avoa3d/install/avoa3d/include/avoa3d/avoa3d/msg
[61.787s] -- Installing: /home/xizesse/ros_ws/src/avoa3d/install/avoa3d/include/avoa3d/avoa3d/msg/rosidl_typesupport_introspection_c__visibility_control.h
[61.788s] -- Up-to-date: /home/xizesse/ros_ws/src/avoa3d/install/avoa3d/include/avoa3d/avoa3d/msg/detail
[61.788s] -- Installing: /home/xizesse/ros_ws/src/avoa3d/install/avoa3d/include/avoa3d/avoa3d/msg/detail/element_characteristics_array__rosidl_typesupport_introspection_c.h
[61.788s] -- Installing: /home/xizesse/ros_ws/src/avoa3d/install/avoa3d/include/avoa3d/avoa3d/msg/detail/element_characteristics_stamped__type_support.c
[61.788s] -- Installing: /home/xizesse/ros_ws/src/avoa3d/install/avoa3d/include/avoa3d/avoa3d/msg/detail/element_characteristics_array__type_support.c
[61.788s] -- Installing: /home/xizesse/ros_ws/src/avoa3d/install/avoa3d/include/avoa3d/avoa3d/msg/detail/element_characteristics_stamped__rosidl_typesupport_introspection_c.h
[61.789s] -- Installing: /home/xizesse/ros_ws/src/avoa3d/install/avoa3d/lib/libavoa3d__rosidl_typesupport_introspection_c.so
[61.790s] -- Set non-toolchain portion of runtime path of "/home/xizesse/ros_ws/src/avoa3d/install/avoa3d/lib/libavoa3d__rosidl_typesupport_introspection_c.so" to ""
[61.790s] -- Installing: /home/xizesse/ros_ws/src/avoa3d/install/avoa3d/lib/libavoa3d__rosidl_typesupport_c.so
[61.790s] -- Set non-toolchain portion of runtime path of "/home/xizesse/ros_ws/src/avoa3d/install/avoa3d/lib/libavoa3d__rosidl_typesupport_c.so" to ""
[61.791s] -- Up-to-date: /home/xizesse/ros_ws/src/avoa3d/install/avoa3d/include/avoa3d/avoa3d
[61.791s] -- Up-to-date: /home/xizesse/ros_ws/src/avoa3d/install/avoa3d/include/avoa3d/avoa3d/msg
[61.791s] -- Up-to-date: /home/xizesse/ros_ws/src/avoa3d/install/avoa3d/include/avoa3d/avoa3d/msg/detail
[61.792s] -- Installing: /home/xizesse/ros_ws/src/avoa3d/install/avoa3d/include/avoa3d/avoa3d/msg/detail/element_characteristics_stamped__rosidl_typesupport_introspection_cpp.hpp
[61.792s] -- Installing: /home/xizesse/ros_ws/src/avoa3d/install/avoa3d/include/avoa3d/avoa3d/msg/detail/element_characteristics_array__rosidl_typesupport_introspection_cpp.hpp
[61.792s] -- Installing: /home/xizesse/ros_ws/src/avoa3d/install/avoa3d/include/avoa3d/avoa3d/msg/detail/element_characteristics_array__type_support.cpp
[61.792s] -- Installing: /home/xizesse/ros_ws/src/avoa3d/install/avoa3d/include/avoa3d/avoa3d/msg/detail/element_characteristics_stamped__type_support.cpp
[61.793s] -- Installing: /home/xizesse/ros_ws/src/avoa3d/install/avoa3d/lib/libavoa3d__rosidl_typesupport_introspection_cpp.so
[61.793s] -- Set non-toolchain portion of runtime path of "/home/xizesse/ros_ws/src/avoa3d/install/avoa3d/lib/libavoa3d__rosidl_typesupport_introspection_cpp.so" to ""
[61.793s] -- Installing: /home/xizesse/ros_ws/src/avoa3d/install/avoa3d/lib/libavoa3d__rosidl_typesupport_cpp.so
[61.794s] -- Set non-toolchain portion of runtime path of "/home/xizesse/ros_ws/src/avoa3d/install/avoa3d/lib/libavoa3d__rosidl_typesupport_cpp.so" to ""
[61.794s] -- Installing: /home/xizesse/ros_ws/src/avoa3d/install/avoa3d/share/avoa3d/environment/pythonpath.sh
[61.794s] -- Installing: /home/xizesse/ros_ws/src/avoa3d/install/avoa3d/share/avoa3d/environment/pythonpath.dsv
[61.795s] -- Installing: /home/xizesse/ros_ws/src/avoa3d/install/avoa3d/lib/python3.12/site-packages/avoa3d-0.1.0-py3.12.egg-info
[61.795s] -- Installing: /home/xizesse/ros_ws/src/avoa3d/install/avoa3d/lib/python3.12/site-packages/avoa3d-0.1.0-py3.12.egg-info/PKG-INFO
[61.795s] -- Installing: /home/xizesse/ros_ws/src/avoa3d/install/avoa3d/lib/python3.12/site-packages/avoa3d-0.1.0-py3.12.egg-info/top_level.txt
[61.795s] -- Installing: /home/xizesse/ros_ws/src/avoa3d/install/avoa3d/lib/python3.12/site-packages/avoa3d-0.1.0-py3.12.egg-info/SOURCES.txt
[61.796s] -- Installing: /home/xizesse/ros_ws/src/avoa3d/install/avoa3d/lib/python3.12/site-packages/avoa3d-0.1.0-py3.12.egg-info/dependency_links.txt
[61.796s] -- Installing: /home/xizesse/ros_ws/src/avoa3d/install/avoa3d/lib/python3.12/site-packages/avoa3d
[61.796s] -- Installing: /home/xizesse/ros_ws/src/avoa3d/install/avoa3d/lib/python3.12/site-packages/avoa3d/_avoa3d_s.ep.rosidl_typesupport_fastrtps_c.c
[61.796s] -- Installing: /home/xizesse/ros_ws/src/avoa3d/install/avoa3d/lib/python3.12/site-packages/avoa3d/__init__.py
[61.797s] -- Installing: /home/xizesse/ros_ws/src/avoa3d/install/avoa3d/lib/python3.12/site-packages/avoa3d/avoa3d_s__rosidl_typesupport_c.so
[61.797s] -- Installing: /home/xizesse/ros_ws/src/avoa3d/install/avoa3d/lib/python3.12/site-packages/avoa3d/_avoa3d_s.ep.rosidl_typesupport_c.c
[61.797s] -- Installing: /home/xizesse/ros_ws/src/avoa3d/install/avoa3d/lib/python3.12/site-packages/avoa3d/avoa3d_s__rosidl_typesupport_fastrtps_c.so
[61.797s] -- Installing: /home/xizesse/ros_ws/src/avoa3d/install/avoa3d/lib/python3.12/site-packages/avoa3d/_avoa3d_s.ep.rosidl_typesupport_introspection_c.c
[61.798s] -- Installing: /home/xizesse/ros_ws/src/avoa3d/install/avoa3d/lib/python3.12/site-packages/avoa3d/avoa3d_s__rosidl_typesupport_introspection_c.so
[61.798s] -- Installing: /home/xizesse/ros_ws/src/avoa3d/install/avoa3d/lib/python3.12/site-packages/avoa3d/msg
[61.798s] -- Installing: /home/xizesse/ros_ws/src/avoa3d/install/avoa3d/lib/python3.12/site-packages/avoa3d/msg/__init__.py
[61.799s] -- Installing: /home/xizesse/ros_ws/src/avoa3d/install/avoa3d/lib/python3.12/site-packages/avoa3d/msg/_element_characteristics_array_s.c
[61.799s] -- Installing: /home/xizesse/ros_ws/src/avoa3d/install/avoa3d/lib/python3.12/site-packages/avoa3d/msg/_element_characteristics_stamped_s.c
[61.799s] -- Installing: /home/xizesse/ros_ws/src/avoa3d/install/avoa3d/lib/python3.12/site-packages/avoa3d/msg/_element_characteristics_array.py
[61.799s] -- Installing: /home/xizesse/ros_ws/src/avoa3d/install/avoa3d/lib/python3.12/site-packages/avoa3d/msg/_element_characteristics_stamped.py
[61.914s] Listing '/home/xizesse/ros_ws/src/avoa3d/install/avoa3d/lib/python3.12/site-packages/avoa3d'...
[61.914s] Compiling '/home/xizesse/ros_ws/src/avoa3d/install/avoa3d/lib/python3.12/site-packages/avoa3d/__init__.py'...
[61.915s] Listing '/home/xizesse/ros_ws/src/avoa3d/install/avoa3d/lib/python3.12/site-packages/avoa3d/msg'...
[61.915s] Compiling '/home/xizesse/ros_ws/src/avoa3d/install/avoa3d/lib/python3.12/site-packages/avoa3d/msg/__init__.py'...
[61.915s] Compiling '/home/xizesse/ros_ws/src/avoa3d/install/avoa3d/lib/python3.12/site-packages/avoa3d/msg/_element_characteristics_array.py'...
[61.915s] Compiling '/home/xizesse/ros_ws/src/avoa3d/install/avoa3d/lib/python3.12/site-packages/avoa3d/msg/_element_characteristics_stamped.py'...
[61.933s] -- Installing: /home/xizesse/ros_ws/src/avoa3d/install/avoa3d/lib/python3.12/site-packages/avoa3d/avoa3d_s__rosidl_typesupport_fastrtps_c.so
[61.933s] -- Set non-toolchain portion of runtime path of "/home/xizesse/ros_ws/src/avoa3d/install/avoa3d/lib/python3.12/site-packages/avoa3d/avoa3d_s__rosidl_typesupport_fastrtps_c.so" to ""
[61.934s] -- Installing: /home/xizesse/ros_ws/src/avoa3d/install/avoa3d/lib/python3.12/site-packages/avoa3d/avoa3d_s__rosidl_typesupport_introspection_c.so
[61.935s] -- Set non-toolchain portion of runtime path of "/home/xizesse/ros_ws/src/avoa3d/install/avoa3d/lib/python3.12/site-packages/avoa3d/avoa3d_s__rosidl_typesupport_introspection_c.so" to ""
[61.935s] -- Installing: /home/xizesse/ros_ws/src/avoa3d/install/avoa3d/lib/python3.12/site-packages/avoa3d/avoa3d_s__rosidl_typesupport_c.so
[61.936s] -- Set non-toolchain portion of runtime path of "/home/xizesse/ros_ws/src/avoa3d/install/avoa3d/lib/python3.12/site-packages/avoa3d/avoa3d_s__rosidl_typesupport_c.so" to ""
[61.936s] -- Installing: /home/xizesse/ros_ws/src/avoa3d/install/avoa3d/lib/libavoa3d__rosidl_generator_py.so
[61.937s] -- Set non-toolchain portion of runtime path of "/home/xizesse/ros_ws/src/avoa3d/install/avoa3d/lib/libavoa3d__rosidl_generator_py.so" to ""
[61.937s] -- Installing: /home/xizesse/ros_ws/src/avoa3d/install/avoa3d/share/avoa3d/msg/ElementCharacteristicsStamped.idl
[61.938s] -- Installing: /home/xizesse/ros_ws/src/avoa3d/install/avoa3d/share/avoa3d/msg/ElementCharacteristicsArray.idl
[61.938s] -- Installing: /home/xizesse/ros_ws/src/avoa3d/install/avoa3d/share/avoa3d/msg/ElementCharacteristicsStamped.msg
[61.938s] -- Installing: /home/xizesse/ros_ws/src/avoa3d/install/avoa3d/share/avoa3d/msg/ElementCharacteristicsArray.msg
[61.939s] -- Installing: /home/xizesse/ros_ws/src/avoa3d/install/avoa3d/lib/avoa3d/rviz_marker
[61.955s] -- Set non-toolchain portion of runtime path of "/home/xizesse/ros_ws/src/avoa3d/install/avoa3d/lib/avoa3d/rviz_marker" to ""
[61.956s] -- Installing: /home/xizesse/ros_ws/src/avoa3d/install/avoa3d/lib/avoa3d/test_w_goal
[61.968s] -- Set non-toolchain portion of runtime path of "/home/xizesse/ros_ws/src/avoa3d/install/avoa3d/lib/avoa3d/test_w_goal" to ""
[61.968s] -- Installing: /home/xizesse/ros_ws/src/avoa3d/install/avoa3d/lib/avoa3d/obstacle_publisher
[61.981s] -- Set non-toolchain portion of runtime path of "/home/xizesse/ros_ws/src/avoa3d/install/avoa3d/lib/avoa3d/obstacle_publisher" to ""
[61.981s] -- Installing: /home/xizesse/ros_ws/src/avoa3d/install/avoa3d/lib/avoa3d/avoa3dnode
[62.003s] -- Set non-toolchain portion of runtime path of "/home/xizesse/ros_ws/src/avoa3d/install/avoa3d/lib/avoa3d/avoa3dnode" to ""
[62.003s] -- Installing: /home/xizesse/ros_ws/src/avoa3d/install/avoa3d/share/avoa3d//launch
[62.003s] -- Installing: /home/xizesse/ros_ws/src/avoa3d/install/avoa3d/share/avoa3d//launch/single_static.xml
[62.004s] -- Installing: /home/xizesse/ros_ws/src/avoa3d/install/avoa3d/share/avoa3d//launch/bridge_launch.xml
[62.006s] -- Installing: /home/xizesse/ros_ws/src/avoa3d/install/avoa3d/share/avoa3d//config
[62.006s] -- Installing: /home/xizesse/ros_ws/src/avoa3d/install/avoa3d/share/avoa3d//config/motion_params.yaml
[62.006s] -- Installing: /home/xizesse/ros_ws/src/avoa3d/install/avoa3d/share/avoa3d//config/bridge_config.yaml
[62.007s] -- Installing: /home/xizesse/ros_ws/src/avoa3d/install/avoa3d/share/ament_index/resource_index/package_run_dependencies/avoa3d
[62.007s] -- Installing: /home/xizesse/ros_ws/src/avoa3d/install/avoa3d/share/ament_index/resource_index/parent_prefix_path/avoa3d
[62.007s] -- Installing: /home/xizesse/ros_ws/src/avoa3d/install/avoa3d/share/avoa3d/environment/ament_prefix_path.sh
[62.007s] -- Installing: /home/xizesse/ros_ws/src/avoa3d/install/avoa3d/share/avoa3d/environment/ament_prefix_path.dsv
[62.008s] -- Installing: /home/xizesse/ros_ws/src/avoa3d/install/avoa3d/share/avoa3d/environment/path.sh
[62.008s] -- Installing: /home/xizesse/ros_ws/src/avoa3d/install/avoa3d/share/avoa3d/environment/path.dsv
[62.008s] -- Installing: /home/xizesse/ros_ws/src/avoa3d/install/avoa3d/share/avoa3d/local_setup.bash
[62.008s] -- Installing: /home/xizesse/ros_ws/src/avoa3d/install/avoa3d/share/avoa3d/local_setup.sh
[62.008s] -- Installing: /home/xizesse/ros_ws/src/avoa3d/install/avoa3d/share/avoa3d/local_setup.zsh
[62.008s] -- Installing: /home/xizesse/ros_ws/src/avoa3d/install/avoa3d/share/avoa3d/local_setup.dsv
[62.009s] -- Installing: /home/xizesse/ros_ws/src/avoa3d/install/avoa3d/share/avoa3d/package.dsv
[62.009s] -- Installing: /home/xizesse/ros_ws/src/avoa3d/install/avoa3d/share/ament_index/resource_index/packages/avoa3d
[62.009s] -- Installing: /home/xizesse/ros_ws/src/avoa3d/install/avoa3d/share/avoa3d/cmake/export_avoa3d__rosidl_generator_cExport.cmake
[62.009s] -- Installing: /home/xizesse/ros_ws/src/avoa3d/install/avoa3d/share/avoa3d/cmake/export_avoa3d__rosidl_generator_cExport-noconfig.cmake
[62.009s] -- Installing: /home/xizesse/ros_ws/src/avoa3d/install/avoa3d/share/avoa3d/cmake/export_avoa3d__rosidl_typesupport_fastrtps_cExport.cmake
[62.010s] -- Installing: /home/xizesse/ros_ws/src/avoa3d/install/avoa3d/share/avoa3d/cmake/export_avoa3d__rosidl_typesupport_fastrtps_cExport-noconfig.cmake
[62.010s] -- Installing: /home/xizesse/ros_ws/src/avoa3d/install/avoa3d/share/avoa3d/cmake/export_avoa3d__rosidl_generator_cppExport.cmake
[62.010s] -- Installing: /home/xizesse/ros_ws/src/avoa3d/install/avoa3d/share/avoa3d/cmake/export_avoa3d__rosidl_typesupport_fastrtps_cppExport.cmake
[62.010s] -- Installing: /home/xizesse/ros_ws/src/avoa3d/install/avoa3d/share/avoa3d/cmake/export_avoa3d__rosidl_typesupport_fastrtps_cppExport-noconfig.cmake
[62.010s] -- Installing: /home/xizesse/ros_ws/src/avoa3d/install/avoa3d/share/avoa3d/cmake/avoa3d__rosidl_typesupport_introspection_cExport.cmake
[62.010s] -- Installing: /home/xizesse/ros_ws/src/avoa3d/install/avoa3d/share/avoa3d/cmake/avoa3d__rosidl_typesupport_introspection_cExport-noconfig.cmake
[62.010s] -- Installing: /home/xizesse/ros_ws/src/avoa3d/install/avoa3d/share/avoa3d/cmake/avoa3d__rosidl_typesupport_cExport.cmake
[62.011s] -- Installing: /home/xizesse/ros_ws/src/avoa3d/install/avoa3d/share/avoa3d/cmake/avoa3d__rosidl_typesupport_cExport-noconfig.cmake
[62.011s] -- Installing: /home/xizesse/ros_ws/src/avoa3d/install/avoa3d/share/avoa3d/cmake/avoa3d__rosidl_typesupport_introspection_cppExport.cmake
[62.011s] -- Installing: /home/xizesse/ros_ws/src/avoa3d/install/avoa3d/share/avoa3d/cmake/avoa3d__rosidl_typesupport_introspection_cppExport-noconfig.cmake
[62.011s] -- Installing: /home/xizesse/ros_ws/src/avoa3d/install/avoa3d/share/avoa3d/cmake/avoa3d__rosidl_typesupport_cppExport.cmake
[62.011s] -- Installing: /home/xizesse/ros_ws/src/avoa3d/install/avoa3d/share/avoa3d/cmake/avoa3d__rosidl_typesupport_cppExport-noconfig.cmake
[62.011s] -- Installing: /home/xizesse/ros_ws/src/avoa3d/install/avoa3d/share/avoa3d/cmake/export_avoa3d__rosidl_generator_pyExport.cmake
[62.011s] -- Installing: /home/xizesse/ros_ws/src/avoa3d/install/avoa3d/share/avoa3d/cmake/export_avoa3d__rosidl_generator_pyExport-noconfig.cmake
[62.011s] -- Installing: /home/xizesse/ros_ws/src/avoa3d/install/avoa3d/share/avoa3d/cmake/rosidl_cmake-extras.cmake
[62.012s] -- Installing: /home/xizesse/ros_ws/src/avoa3d/install/avoa3d/share/avoa3d/cmake/ament_cmake_export_dependencies-extras.cmake
[62.012s] -- Installing: /home/xizesse/ros_ws/src/avoa3d/install/avoa3d/share/avoa3d/cmake/ament_cmake_export_include_directories-extras.cmake
[62.012s] -- Installing: /home/xizesse/ros_ws/src/avoa3d/install/avoa3d/share/avoa3d/cmake/ament_cmake_export_libraries-extras.cmake
[62.012s] -- Installing: /home/xizesse/ros_ws/src/avoa3d/install/avoa3d/share/avoa3d/cmake/ament_cmake_export_targets-extras.cmake
[62.012s] -- Installing: /home/xizesse/ros_ws/src/avoa3d/install/avoa3d/share/avoa3d/cmake/rosidl_cmake_export_typesupport_targets-extras.cmake
[62.012s] -- Installing: /home/xizesse/ros_ws/src/avoa3d/install/avoa3d/share/avoa3d/cmake/rosidl_cmake_export_typesupport_libraries-extras.cmake
[62.012s] -- Installing: /home/xizesse/ros_ws/src/avoa3d/install/avoa3d/share/avoa3d/cmake/avoa3dConfig.cmake
[62.012s] -- Installing: /home/xizesse/ros_ws/src/avoa3d/install/avoa3d/share/avoa3d/cmake/avoa3dConfig-version.cmake
[62.013s] -- Installing: /home/xizesse/ros_ws/src/avoa3d/install/avoa3d/share/avoa3d/package.xml
[62.017s] Invoked command in '/home/xizesse/ros_ws/src/avoa3d/build/avoa3d' returned '0': CMAKE_PREFIX_PATH=${CMAKE_PREFIX_PATH}:/opt/ros/jazzy DEBUGINFOD_URLS=https://debuginfod.ubuntu.com /usr/bin/cmake --install /home/xizesse/ros_ws/src/avoa3d/build/avoa3d
