[0.141s] DEBUG:colcon:Command line arguments: ['/usr/bin/colcon', 'build', '--packages-select', 'avoa3d']
[0.141s] DEBUG:colcon:Parsed command line arguments: Namespace(log_base=None, log_level=None, verb_name='build', build_base='build', install_base='install', merge_install=False, symlink_install=False, test_result_base=None, continue_on_error=False, executor='parallel', parallel_workers=20, event_handlers=None, ignore_user_meta=False, metas=['./colcon.meta'], base_paths=['.'], packages_ignore=None, packages_ignore_regex=None, paths=None, packages_up_to=None, packages_up_to_regex=None, packages_above=None, packages_above_and_dependencies=None, packages_above_depth=None, packages_select_by_dep=None, packages_skip_by_dep=None, packages_skip_up_to=None, packages_select_build_failed=False, packages_skip_build_finished=False, packages_select_test_failures=False, packages_skip_test_passed=False, packages_select=['avoa3d'], packages_skip=None, packages_select_regex=None, packages_skip_regex=None, packages_start=None, packages_end=None, allow_overriding=[], cmake_args=None, cmake_target=None, cmake_target_skip_unavailable=False, cmake_clean_cache=False, cmake_clean_first=False, cmake_force_configure=False, ament_cmake_args=None, catkin_cmake_args=None, catkin_skip_building_tests=False, mixin_files=None, mixin=None, verb_parser=<colcon_mixin.mixin.mixin_argument.MixinArgumentDecorator object at 0x755950c904d0>, verb_extension=<colcon_core.verb.build.BuildVerb object at 0x75595162c200>, main=<bound method BuildVerb.main of <colcon_core.verb.build.BuildVerb object at 0x75595162c200>>, mixin_verb=('build',))
[0.200s] Level 1:colcon.colcon_core.package_discovery:discover_packages(colcon_meta) check parameters
[0.200s] Level 1:colcon.colcon_core.package_discovery:discover_packages(recursive) check parameters
[0.200s] Level 1:colcon.colcon_core.package_discovery:discover_packages(ignore) check parameters
[0.200s] Level 1:colcon.colcon_core.package_discovery:discover_packages(path) check parameters
[0.200s] Level 1:colcon.colcon_core.package_discovery:discover_packages(colcon_meta) discover
[0.201s] Level 1:colcon.colcon_core.package_discovery:discover_packages(recursive) discover
[0.201s] INFO:colcon.colcon_core.package_discovery:Crawling recursively for packages in '/home/xizesse/ros_ws/src/avoa3d'
[0.201s] Level 1:colcon.colcon_core.package_identification:_identify(.) by extensions ['ignore', 'ignore_ament_install']
[0.201s] Level 1:colcon.colcon_core.package_identification:_identify(.) by extension 'ignore'
[0.201s] Level 1:colcon.colcon_core.package_identification:_identify(.) by extension 'ignore_ament_install'
[0.201s] Level 1:colcon.colcon_core.package_identification:_identify(.) by extensions ['colcon_pkg']
[0.201s] Level 1:colcon.colcon_core.package_identification:_identify(.) by extension 'colcon_pkg'
[0.201s] Level 1:colcon.colcon_core.package_identification:_identify(.) by extensions ['colcon_meta']
[0.201s] Level 1:colcon.colcon_core.package_identification:_identify(.) by extension 'colcon_meta'
[0.201s] Level 1:colcon.colcon_core.package_identification:_identify(.) by extensions ['ros']
[0.201s] Level 1:colcon.colcon_core.package_identification:_identify(.) by extension 'ros'
[0.250s] DEBUG:colcon.colcon_core.package_identification:Package '.' with type 'ros.ament_cmake' and name 'avoa3d'
[0.250s] Level 1:colcon.colcon_core.package_discovery:discover_packages(recursive) using defaults
[0.250s] Level 1:colcon.colcon_core.package_discovery:discover_packages(ignore) discover
[0.250s] Level 1:colcon.colcon_core.package_discovery:discover_packages(ignore) using defaults
[0.250s] Level 1:colcon.colcon_core.package_discovery:discover_packages(path) discover
[0.250s] Level 1:colcon.colcon_core.package_discovery:discover_packages(path) using defaults
[0.301s] Level 1:colcon.colcon_core.package_discovery:discover_packages(prefix_path) check parameters
[0.302s] Level 1:colcon.colcon_core.package_discovery:discover_packages(prefix_path) discover
[0.306s] DEBUG:colcon.colcon_installed_package_information.package_discovery:Found 10 installed packages in /home/xizesse/ros_ws/install
[0.310s] DEBUG:colcon.colcon_installed_package_information.package_discovery:Found 313 installed packages in /opt/ros/jazzy
[0.312s] Level 1:colcon.colcon_core.package_discovery:discover_packages(prefix_path) using defaults
[0.405s] Level 5:colcon.colcon_core.verb:set package 'avoa3d' build argument 'cmake_args' from command line to 'None'
[0.405s] Level 5:colcon.colcon_core.verb:set package 'avoa3d' build argument 'cmake_target' from command line to 'None'
[0.406s] Level 5:colcon.colcon_core.verb:set package 'avoa3d' build argument 'cmake_target_skip_unavailable' from command line to 'False'
[0.406s] Level 5:colcon.colcon_core.verb:set package 'avoa3d' build argument 'cmake_clean_cache' from command line to 'False'
[0.406s] Level 5:colcon.colcon_core.verb:set package 'avoa3d' build argument 'cmake_clean_first' from command line to 'False'
[0.406s] Level 5:colcon.colcon_core.verb:set package 'avoa3d' build argument 'cmake_force_configure' from command line to 'False'
[0.406s] Level 5:colcon.colcon_core.verb:set package 'avoa3d' build argument 'ament_cmake_args' from command line to 'None'
[0.406s] Level 5:colcon.colcon_core.verb:set package 'avoa3d' build argument 'catkin_cmake_args' from command line to 'None'
[0.406s] Level 5:colcon.colcon_core.verb:set package 'avoa3d' build argument 'catkin_skip_building_tests' from command line to 'False'
[0.406s] DEBUG:colcon.colcon_core.verb:Building package 'avoa3d' with the following arguments: {'ament_cmake_args': None, 'build_base': '/home/xizesse/ros_ws/src/avoa3d/build/avoa3d', 'catkin_cmake_args': None, 'catkin_skip_building_tests': False, 'cmake_args': None, 'cmake_clean_cache': False, 'cmake_clean_first': False, 'cmake_force_configure': False, 'cmake_target': None, 'cmake_target_skip_unavailable': False, 'install_base': '/home/xizesse/ros_ws/src/avoa3d/install/avoa3d', 'merge_install': False, 'path': '/home/xizesse/ros_ws/src/avoa3d', 'symlink_install': False, 'test_result_base': None}
[0.406s] INFO:colcon.colcon_core.executor:Executing jobs using 'parallel' executor
[0.409s] DEBUG:colcon.colcon_parallel_executor.executor.parallel:run_until_complete
[0.410s] INFO:colcon.colcon_ros.task.ament_cmake.build:Building ROS package in '/home/xizesse/ros_ws/src/avoa3d' with build type 'ament_cmake'
[0.410s] INFO:colcon.colcon_cmake.task.cmake.build:Building CMake package in '/home/xizesse/ros_ws/src/avoa3d'
[0.418s] INFO:colcon.colcon_core.plugin_system:Skipping extension 'colcon_core.shell.bat': Not used on non-Windows systems
[0.419s] INFO:colcon.colcon_core.shell:Skip shell extension 'powershell' for command environment: Not usable outside of PowerShell
[0.419s] DEBUG:colcon.colcon_core.shell:Skip shell extension 'dsv' for command environment
[0.451s] DEBUG:colcon.colcon_core.event_handler.log_command:Invoking command in '/home/xizesse/ros_ws/src/avoa3d/build/avoa3d': CMAKE_PREFIX_PATH=${CMAKE_PREFIX_PATH}:/opt/ros/jazzy DEBUGINFOD_URLS=https://debuginfod.ubuntu.com /usr/bin/cmake /home/xizesse/ros_ws/src/avoa3d -DCMAKE_INSTALL_PREFIX=/home/xizesse/ros_ws/src/avoa3d/install/avoa3d
[16.426s] DEBUG:colcon.colcon_core.event_handler.log_command:Invoked command in '/home/xizesse/ros_ws/src/avoa3d/build/avoa3d' returned '0': CMAKE_PREFIX_PATH=${CMAKE_PREFIX_PATH}:/opt/ros/jazzy DEBUGINFOD_URLS=https://debuginfod.ubuntu.com /usr/bin/cmake /home/xizesse/ros_ws/src/avoa3d -DCMAKE_INSTALL_PREFIX=/home/xizesse/ros_ws/src/avoa3d/install/avoa3d
[16.430s] DEBUG:colcon.colcon_core.event_handler.log_command:Invoking command in '/home/xizesse/ros_ws/src/avoa3d/build/avoa3d': CMAKE_PREFIX_PATH=${CMAKE_PREFIX_PATH}:/opt/ros/jazzy DEBUGINFOD_URLS=https://debuginfod.ubuntu.com /usr/bin/cmake --build /home/xizesse/ros_ws/src/avoa3d/build/avoa3d -- -j20 -l20
[60.555s] DEBUG:colcon.colcon_core.event_handler.log_command:Invoked command in '/home/xizesse/ros_ws/src/avoa3d/build/avoa3d' returned '2': CMAKE_PREFIX_PATH=${CMAKE_PREFIX_PATH}:/opt/ros/jazzy DEBUGINFOD_URLS=https://debuginfod.ubuntu.com /usr/bin/cmake --build /home/xizesse/ros_ws/src/avoa3d/build/avoa3d -- -j20 -l20
[60.556s] Level 1:colcon.colcon_core.environment:create_environment_scripts_only(avoa3d)
[60.564s] Level 1:colcon.colcon_core.environment:checking '/home/xizesse/ros_ws/src/avoa3d/install/avoa3d' for CMake module files
[60.565s] Level 1:colcon.colcon_core.environment:checking '/home/xizesse/ros_ws/src/avoa3d/install/avoa3d' for CMake config files
[60.566s] Level 1:colcon.colcon_core.environment:checking '/home/xizesse/ros_ws/src/avoa3d/install/avoa3d/bin'
[60.567s] Level 1:colcon.colcon_core.environment:checking '/home/xizesse/ros_ws/src/avoa3d/install/avoa3d/lib/pkgconfig/avoa3d.pc'
[60.567s] Level 1:colcon.colcon_core.environment:checking '/home/xizesse/ros_ws/src/avoa3d/install/avoa3d/lib/python3.12/site-packages'
[60.568s] Level 1:colcon.colcon_core.environment:checking '/home/xizesse/ros_ws/src/avoa3d/install/avoa3d/bin'
[60.568s] INFO:colcon.colcon_core.shell:Creating package script '/home/xizesse/ros_ws/src/avoa3d/install/avoa3d/share/avoa3d/package.ps1'
[60.570s] INFO:colcon.colcon_core.shell:Creating package descriptor '/home/xizesse/ros_ws/src/avoa3d/install/avoa3d/share/avoa3d/package.dsv'
[60.572s] INFO:colcon.colcon_core.shell:Creating package script '/home/xizesse/ros_ws/src/avoa3d/install/avoa3d/share/avoa3d/package.sh'
[60.574s] INFO:colcon.colcon_core.shell:Creating package script '/home/xizesse/ros_ws/src/avoa3d/install/avoa3d/share/avoa3d/package.bash'
[60.575s] INFO:colcon.colcon_core.shell:Creating package script '/home/xizesse/ros_ws/src/avoa3d/install/avoa3d/share/avoa3d/package.zsh'
[60.576s] Level 1:colcon.colcon_core.environment:create_file_with_runtime_dependencies(/home/xizesse/ros_ws/src/avoa3d/install/avoa3d/share/colcon-core/packages/avoa3d)
[60.587s] DEBUG:colcon.colcon_parallel_executor.executor.parallel:closing loop
[60.588s] DEBUG:colcon.colcon_parallel_executor.executor.parallel:loop closed
[60.588s] DEBUG:colcon.colcon_parallel_executor.executor.parallel:run_until_complete finished with '2'
[60.588s] DEBUG:colcon.colcon_core.event_reactor:joining thread
[60.606s] INFO:colcon.colcon_core.plugin_system:Skipping extension 'colcon_notification.desktop_notification.terminal_notifier': Not used on non-Darwin systems
[60.607s] INFO:colcon.colcon_core.plugin_system:Skipping extension 'colcon_notification.desktop_notification.win32': Not used on non-Windows systems
[60.607s] INFO:colcon.colcon_notification.desktop_notification:Sending desktop notification using 'notify2'
[60.673s] DEBUG:colcon.colcon_core.event_reactor:joined thread
[60.674s] INFO:colcon.colcon_core.shell:Creating prefix script '/home/xizesse/ros_ws/src/avoa3d/install/local_setup.ps1'
[60.676s] INFO:colcon.colcon_core.shell:Creating prefix util module '/home/xizesse/ros_ws/src/avoa3d/install/_local_setup_util_ps1.py'
[60.678s] INFO:colcon.colcon_core.shell:Creating prefix chain script '/home/xizesse/ros_ws/src/avoa3d/install/setup.ps1'
[60.681s] INFO:colcon.colcon_core.shell:Creating prefix script '/home/xizesse/ros_ws/src/avoa3d/install/local_setup.sh'
[60.684s] INFO:colcon.colcon_core.shell:Creating prefix util module '/home/xizesse/ros_ws/src/avoa3d/install/_local_setup_util_sh.py'
[60.685s] INFO:colcon.colcon_core.shell:Creating prefix chain script '/home/xizesse/ros_ws/src/avoa3d/install/setup.sh'
[60.688s] INFO:colcon.colcon_core.shell:Creating prefix script '/home/xizesse/ros_ws/src/avoa3d/install/local_setup.bash'
[60.689s] INFO:colcon.colcon_core.shell:Creating prefix chain script '/home/xizesse/ros_ws/src/avoa3d/install/setup.bash'
[60.692s] INFO:colcon.colcon_core.shell:Creating prefix script '/home/xizesse/ros_ws/src/avoa3d/install/local_setup.zsh'
[60.693s] INFO:colcon.colcon_core.shell:Creating prefix chain script '/home/xizesse/ros_ws/src/avoa3d/install/setup.zsh'
