[0.032s] Invoking command in '/home/xizesse/ros_ws/src/avoa3d/build/avoa3d': DEBUGINFOD_URLS=https://debuginfod.ubuntu.com /usr/bin/cmake /home/xizesse/ros_ws/src/avoa3d -DCMAKE_INSTALL_PREFIX=/home/xizesse/ros_ws/src/avoa3d/install/avoa3d
[0.304s] -- The C compiler identification is GNU 13.3.0
[0.509s] -- The CXX compiler identification is GNU 13.3.0
[0.563s] -- Detecting C compiler ABI info
[0.853s] -- Detecting C compiler ABI info - done
[0.899s] -- Check for working C compiler: /usr/bin/cc - skipped
[0.903s] -- Detecting C compile features
[0.906s] -- Detecting C compile features - done
[0.951s] -- Detecting CXX compiler ABI info
[1.399s] -- Detecting CXX compiler ABI info - done
[1.441s] -- Check for working CXX compiler: /usr/bin/c++ - skipped
[1.442s] -- Detecting CXX compile features
[1.445s] -- Detecting CXX compile features - done
[1.489s] [31mCMake Error at CMakeLists.txt:5 (find_package):
[1.490s]   By not providing "Findament_cmake.cmake" in CMAKE_MODULE_PATH this project
[1.491s]   has asked CMake to find a package configuration file provided by
[1.491s]   "ament_cmake", but CMake did not find one.
[1.491s] 
[1.492s]   Could not find a package configuration file provided by "ament_cmake" with
[1.492s]   any of the following names:
[1.493s] 
[1.493s]     ament_cmakeConfig.cmake
[1.493s]     ament_cmake-config.cmake
[1.493s] 
[1.494s]   Add the installation prefix of "ament_cmake" to CMAKE_PREFIX_PATH or set
[1.494s]   "ament_cmake_DIR" to a directory containing one of the above files.  If
[1.494s]   "ament_cmake" provides a separate development package or SDK, be sure it
[1.494s]   has been installed.
[1.494s] 
[1.495s] [0m
[1.495s] -- Configuring incomplete, errors occurred!
[1.501s] Invoked command in '/home/xizesse/ros_ws/src/avoa3d/build/avoa3d' returned '1': DEBUGINFOD_URLS=https://debuginfod.ubuntu.com /usr/bin/cmake /home/xizesse/ros_ws/src/avoa3d -DCMAKE_INSTALL_PREFIX=/home/xizesse/ros_ws/src/avoa3d/install/avoa3d
