[0.008s] Invoking command in '/home/xizesse/ros2_ws/src/avoa/build/avoa': CMAKE_PREFIX_PATH=${CMAKE_PREFIX_PATH}:/opt/ros/humble /usr/bin/cmake --build /home/xizesse/ros2_ws/src/avoa/build/avoa -- -j20 -l20
[0.058s] [  7%] Built target avoa__cpp
[0.058s] [ 10%] Built target avoa__rosidl_generator_c
[0.069s] [ 10%] Built target ament_cmake_python_copy_avoa
[0.082s] [ 53%] Built target avoa__rosidl_typesupport_cpp
[0.082s] [ 53%] Built target avoa__rosidl_typesupport_c
[0.082s] [ 56%] Built target avoa__rosidl_typesupport_introspection_cpp
[0.082s] [ 53%] Built target avoa__rosidl_typesupport_introspection_c
[0.082s] [ 56%] Built target avoa__rosidl_typesupport_fastrtps_cpp
[0.082s] [ 56%] Built target avoa__rosidl_typesupport_fastrtps_c
[0.094s] [35m[1mConsolidate compiler generated dependencies of target velocity_publisher[0m
[0.107s] [ 71%] Built target rviz_marker
[0.107s] [ 71%] Built target point_cloud_publisher
[0.108s] [ 71%] Built target obstacle_publisher
[0.112s] [ 74%] [32mBuilding CXX object CMakeFiles/velocity_publisher.dir/src/velocity_publisher.cpp.o[0m
[0.133s] [ 74%] Built target avoa
[0.155s] [ 76%] Built target avoa__py
[0.177s] [ 82%] Built target avoa__rosidl_generator_py
[0.197s] [ 94%] Built target avoa__rosidl_typesupport_fastrtps_c__pyext
[0.197s] [ 94%] Built target avoa__rosidl_typesupport_introspection_c__pyext
[0.197s] [ 97%] Built target avoa__rosidl_typesupport_c__pyext
[0.279s] running egg_info
[0.280s] writing avoa.egg-info/PKG-INFO
[0.280s] writing dependency_links to avoa.egg-info/dependency_links.txt
[0.280s] writing top-level names to avoa.egg-info/top_level.txt
[0.281s] reading manifest file 'avoa.egg-info/SOURCES.txt'
[0.282s] writing manifest file 'avoa.egg-info/SOURCES.txt'
[0.314s] [ 97%] Built target ament_cmake_python_build_avoa_egg
[2.074s] [01m[K/home/xizesse/ros2_ws/src/avoa/src/velocity_publisher.cpp:[m[K In constructor ‘[01m[KVelocityPublisher::VelocityPublisher()[m[K’:
[2.075s] [01m[K/home/xizesse/ros2_ws/src/avoa/src/velocity_publisher.cpp:23:33:[m[K [01;31m[Kerror: [m[Kclass ‘[01m[KVelocityPublisher[m[K’ does not have any field named ‘[01m[Kstart_time_[m[K’
[2.075s]    23 |   : Node("velocity_publisher"), [01;31m[Kstart_time_[m[K(this->get_clock()->now())
[2.075s]       |                                 [01;31m[K^~~~~~~~~~~[m[K
[2.090s] [01m[K/home/xizesse/ros2_ws/src/avoa/src/velocity_publisher.cpp:[m[K In member function ‘[01m[Kvoid VelocityPublisher::odometry_callback(nav_msgs::msg::Odometry_<std::allocator<void> >::SharedPtr)[m[K’:
[2.091s] [01m[K/home/xizesse/ros2_ws/src/avoa/src/velocity_publisher.cpp:43:19:[m[K [01;31m[Kerror: [m[K‘[01m[Kgoal_position_[m[K’ was not declared in this scope
[2.091s]    43 |     direction.x = [01;31m[Kgoal_position_[m[K.x - current_position.x;
[2.091s]       |                   [01;31m[K^~~~~~~~~~~~~~[m[K
[4.924s] gmake[2]: *** [CMakeFiles/velocity_publisher.dir/build.make:76: CMakeFiles/velocity_publisher.dir/src/velocity_publisher.cpp.o] Error 1
[4.924s] gmake[1]: *** [CMakeFiles/Makefile2:653: CMakeFiles/velocity_publisher.dir/all] Error 2
[4.924s] gmake: *** [Makefile:146: all] Error 2
[4.928s] Invoked command in '/home/xizesse/ros2_ws/src/avoa/build/avoa' returned '2': CMAKE_PREFIX_PATH=${CMAKE_PREFIX_PATH}:/opt/ros/humble /usr/bin/cmake --build /home/xizesse/ros2_ws/src/avoa/build/avoa -- -j20 -l20
