[0.040s] Invoking command in '/home/xizesse/ros_ws/src/avoa3d/build/avoa3d': CMAKE_PREFIX_PATH=${CMAKE_PREFIX_PATH}:/opt/ros/jazzy DEBUGINFOD_URLS=https://debuginfod.ubuntu.com /usr/bin/cmake /home/xizesse/ros_ws/src/avoa3d -DCMAKE_INSTALL_PREFIX=/home/xizesse/ros_ws/src/avoa3d/install/avoa3d
[0.286s] -- The C compiler identification is GNU 13.3.0
[0.463s] -- The CXX compiler identification is GNU 13.3.0
[0.530s] -- Detecting C compiler ABI info
[0.827s] -- Detecting C compiler ABI info - done
[0.847s] -- Check for working C compiler: /usr/bin/cc - skipped
[0.851s] -- Detecting C compile features
[0.852s] -- Detecting C compile features - done
[0.876s] -- Detecting CXX compiler ABI info
[1.233s] -- Detecting CXX compiler ABI info - done
[1.271s] -- Check for working CXX compiler: /usr/bin/c++ - skipped
[1.272s] -- Detecting CXX compile features
[1.274s] -- Detecting CXX compile features - done
[1.303s] -- Found ament_cmake: 2.5.3 (/opt/ros/jazzy/share/ament_cmake/cmake)
[1.827s] -- Found Python3: /usr/bin/python3 (found version "3.12.3") found components: Interpreter 
[2.310s] -- Found rclcpp: 28.1.6 (/opt/ros/jazzy/share/rclcpp/cmake)
[2.505s] -- Found rosidl_generator_c: 4.6.5 (/opt/ros/jazzy/share/rosidl_generator_c/cmake)
[2.570s] -- Found rosidl_generator_cpp: 4.6.5 (/opt/ros/jazzy/share/rosidl_generator_cpp/cmake)
[2.651s] -- Using all available rosidl_typesupport_c: rosidl_typesupport_fastrtps_c;rosidl_typesupport_introspection_c
[2.714s] -- Using all available rosidl_typesupport_cpp: rosidl_typesupport_fastrtps_cpp;rosidl_typesupport_introspection_cpp
[3.002s] -- Found rmw_implementation_cmake: 7.3.1 (/opt/ros/jazzy/share/rmw_implementation_cmake/cmake)
[3.013s] -- Found rmw_fastrtps_cpp: 8.4.1 (/opt/ros/jazzy/share/rmw_fastrtps_cpp/cmake)
[3.316s] -- Found OpenSSL: /usr/lib/x86_64-linux-gnu/libcrypto.so (found version "3.0.13")  
[3.374s] -- Found FastRTPS: /opt/ros/jazzy/include (Required is at least version "2.13") 
[3.431s] -- Using RMW implementation 'rmw_fastrtps_cpp' as default
[3.652s] -- Found std_msgs: 5.3.5 (/opt/ros/jazzy/share/std_msgs/cmake)
[3.692s] -- Found visualization_msgs: 5.3.5 (/opt/ros/jazzy/share/visualization_msgs/cmake)
[3.897s] -- Found rosidl_default_generators: 1.6.0 (/opt/ros/jazzy/share/rosidl_default_generators/cmake)
[3.958s] -- Found rosidl_adapter: 4.6.5 (/opt/ros/jazzy/share/rosidl_adapter/cmake)
[3.970s] -- Found nav_msgs: 5.3.5 (/opt/ros/jazzy/share/nav_msgs/cmake)
[4.080s] -- Found tf2_ros: 0.36.8 (/opt/ros/jazzy/share/tf2_ros/cmake)
[4.768s] -- Found tf2_eigen: 0.36.8 (/opt/ros/jazzy/share/tf2_eigen/cmake)
[4.810s] -- Found tf2_geometry_msgs: 0.36.8 (/opt/ros/jazzy/share/tf2_geometry_msgs/cmake)
[4.850s] -- Found eigen3_cmake_module: 0.3.0 (/opt/ros/jazzy/share/eigen3_cmake_module/cmake)
[4.856s] -- Found Eigen3: TRUE (found version "3.4.0") 
[4.856s] -- Ensuring Eigen3 include directory is part of orocos-kdl CMake target
[4.863s] -- Found custom_msgs: 0.0.0 (/home/xizesse/ros_ws/install/custom_msgs/share/custom_msgs/cmake)
[4.970s] -- Found rviz_visual_tools: 4.1.4 (/opt/ros/jazzy/share/rviz_visual_tools/cmake)
[5.329s] -- Setting OGRE_DIR to: '/opt/ros/jazzy/share/rviz_ogre_vendor/cmake/../../../opt/rviz_ogre_vendor/lib/OGRE/cmake'
[5.336s] -- Found OGRE
[5.336s] --   static     : OFF
[5.337s] --   components : MeshLodGenerator;Overlay;Paging;Property;RTShaderSystem;Terrain;Volume
[5.338s] --   plugins    : Plugin_BSPSceneManager;Plugin_OctreeSceneManager;Plugin_PCZSceneManager;Plugin_ParticleFX;RenderSystem_GL;RenderSystem_GL3Plus;Codec_STBI
[5.338s] --   media      : /opt/ros/jazzy/opt/rviz_ogre_vendor/share/OGRE/Media
[5.338s] -- OGRE_LIBRARIES: OgreMeshLodGenerator;OgreOverlay;OgrePaging;OgreProperty;OgreRTShaderSystem;OgreTerrain;OgreVolume;OgreMain
[5.339s] -- OGRE_LIBRARY_DIRS: /opt/ros/jazzy/opt/rviz_ogre_vendor/lib
[5.339s] -- OGRE_PLUGINS: Plugin_BSPSceneManager;Plugin_OctreeSceneManager;Plugin_PCZSceneManager;Plugin_ParticleFX;RenderSystem_GL;RenderSystem_GL3Plus;Codec_STBI
[5.339s] -- OGRE_PLUGIN_DIR: /opt/ros/jazzy/opt/rviz_ogre_vendor/lib/OGRE
[5.339s] -- rviz_ogre_vendor::OgreOverlay for IMPORTED_LOCATION_RELEASE: /opt/ros/jazzy/opt/rviz_ogre_vendor/lib/libOgreOverlay.so
[5.340s] -- rviz_ogre_vendor::OgreOverlay for IMPORTED_LOCATION_DEBUG: /opt/ros/jazzy/opt/rviz_ogre_vendor/lib/libOgreOverlay.so
[5.340s] -- rviz_ogre_vendor::OgreMain for IMPORTED_LOCATION_RELEASE: /opt/ros/jazzy/opt/rviz_ogre_vendor/lib/libOgreMain.so
[5.340s] -- rviz_ogre_vendor::OgreMain for IMPORTED_LOCATION_DEBUG: /opt/ros/jazzy/opt/rviz_ogre_vendor/lib/libOgreMain.so
[5.441s] -- Found ZLIB: /usr/lib/x86_64-linux-gnu/libz.so (found version "1.3")  
[5.483s] -- Found OpenGL: /usr/lib/x86_64-linux-gnu/libOpenGL.so   
[5.994s] -- Found X11: /usr/include   
[5.997s] -- Looking for XOpenDisplay in /usr/lib/x86_64-linux-gnu/libX11.so;/usr/lib/x86_64-linux-gnu/libXext.so
[6.315s] -- Looking for XOpenDisplay in /usr/lib/x86_64-linux-gnu/libX11.so;/usr/lib/x86_64-linux-gnu/libXext.so - found
[6.315s] -- Looking for gethostbyname
[6.571s] -- Looking for gethostbyname - found
[6.572s] -- Looking for connect
[6.881s] -- Looking for connect - found
[6.882s] -- Looking for remove
[7.165s] -- Looking for remove - found
[7.165s] -- Looking for shmat
[7.497s] -- Looking for shmat - found
[7.497s] -- Looking for IceConnectionNumber in ICE
[7.783s] -- Looking for IceConnectionNumber in ICE - found
[7.942s] -- Setting yaml-cpp_DIR to: '/opt/ros/jazzy/share/yaml_cpp_vendor/cmake/../../../opt/yaml_cpp_vendor/share/cmake/yaml-cpp'
[10.299s] -- Found ament_cmake_ros: 0.12.0 (/opt/ros/jazzy/share/ament_cmake_ros/cmake)
[12.865s] -- Using all available rosidl_typesupport_c: rosidl_typesupport_fastrtps_c;rosidl_typesupport_introspection_c
[14.146s] -- Using all available rosidl_typesupport_cpp: rosidl_typesupport_fastrtps_cpp;rosidl_typesupport_introspection_cpp
[14.164s] -- Found python_cmake_module: 0.11.1 (/opt/ros/jazzy/share/python_cmake_module/cmake)
[14.570s] -- Found PythonExtra: /usr/bin/python3  
[15.684s] -- Found Python3: /usr/bin/python3 (found version "3.12.3") found components: Interpreter Development NumPy Development.Module Development.Embed 
[15.811s] -- Found ament_lint_auto: 0.17.1 (/opt/ros/jazzy/share/ament_lint_auto/cmake)
[15.829s] -- Configuring done (15.8s)
[15.946s] -- Generating done (0.1s)
[15.981s] -- Build files have been written to: /home/xizesse/ros_ws/src/avoa3d/build/avoa3d
[16.016s] Invoked command in '/home/xizesse/ros_ws/src/avoa3d/build/avoa3d' returned '0': CMAKE_PREFIX_PATH=${CMAKE_PREFIX_PATH}:/opt/ros/jazzy DEBUGINFOD_URLS=https://debuginfod.ubuntu.com /usr/bin/cmake /home/xizesse/ros_ws/src/avoa3d -DCMAKE_INSTALL_PREFIX=/home/xizesse/ros_ws/src/avoa3d/install/avoa3d
[16.020s] Invoking command in '/home/xizesse/ros_ws/src/avoa3d/build/avoa3d': CMAKE_PREFIX_PATH=${CMAKE_PREFIX_PATH}:/opt/ros/jazzy DEBUGINFOD_URLS=https://debuginfod.ubuntu.com /usr/bin/cmake --build /home/xizesse/ros_ws/src/avoa3d/build/avoa3d -- -j20 -l20
[16.130s] [  1%] [34m[1mGenerating type hashes for ROS interfaces[0m
[16.145s] [  1%] Built target ament_cmake_python_copy_avoa3d
[16.885s] running egg_info
[16.888s] creating avoa3d.egg-info
[16.952s] writing avoa3d.egg-info/PKG-INFO
[16.952s] writing dependency_links to avoa3d.egg-info/dependency_links.txt
[16.953s] writing top-level names to avoa3d.egg-info/top_level.txt
[16.954s] writing manifest file 'avoa3d.egg-info/SOURCES.txt'
[17.089s] [  1%] Built target avoa3d__rosidl_generator_type_description
[17.102s] reading manifest file 'avoa3d.egg-info/SOURCES.txt'
[17.104s] writing manifest file 'avoa3d.egg-info/SOURCES.txt'
[17.135s] [  3%] [34m[1mGenerating C code for ROS interfaces[0m
[17.163s] [  5%] [34m[1mGenerating C++ code for ROS interfaces[0m
[17.206s] [  5%] Built target ament_cmake_python_build_avoa3d_egg
[18.094s] [  5%] Built target avoa3d__cpp
[18.215s] [  7%] [32mBuilding C object CMakeFiles/avoa3d__rosidl_generator_c.dir/rosidl_generator_c/avoa3d/msg/detail/element_characteristics_stamped__functions.c.o[0m
[18.215s] [ 10%] [32mBuilding C object CMakeFiles/avoa3d__rosidl_generator_c.dir/rosidl_generator_c/avoa3d/msg/detail/element_characteristics_stamped__type_support.c.o[0m
[18.216s] [ 10%] [32mBuilding C object CMakeFiles/avoa3d__rosidl_generator_c.dir/rosidl_generator_c/avoa3d/msg/detail/element_characteristics_array__type_support.c.o[0m
[18.218s] [ 12%] [32mBuilding C object CMakeFiles/avoa3d__rosidl_generator_c.dir/rosidl_generator_c/avoa3d/msg/detail/element_characteristics_array__description.c.o[0m
[18.219s] [ 14%] [32mBuilding C object CMakeFiles/avoa3d__rosidl_generator_c.dir/rosidl_generator_c/avoa3d/msg/detail/element_characteristics_stamped__description.c.o[0m
[18.225s] [ 16%] [32mBuilding C object CMakeFiles/avoa3d__rosidl_generator_c.dir/rosidl_generator_c/avoa3d/msg/detail/element_characteristics_array__functions.c.o[0m
[18.418s] [ 18%] [32m[1mLinking C shared library libavoa3d__rosidl_generator_c.so[0m
[18.538s] [ 18%] Built target avoa3d__rosidl_generator_c
[18.574s] [ 20%] [34m[1mGenerating C++ type support dispatch for ROS interfaces[0m
[18.574s] [ 21%] [34m[1mGenerating C type support dispatch for ROS interfaces[0m
[18.576s] [ 23%] [34m[1mGenerating C++ introspection for ROS interfaces[0m
[18.583s] [ 27%] [34m[1mGenerating C introspection for ROS interfaces[0m
[18.584s] [ 27%] [34m[1mGenerating C++ type support for eProsima Fast-RTPS[0m
[18.584s] [ 29%] [34m[1mGenerating C type support for eProsima Fast-RTPS[0m
[19.592s] [ 32%] [32mBuilding CXX object CMakeFiles/avoa3d__rosidl_typesupport_c.dir/rosidl_typesupport_c/avoa3d/msg/element_characteristics_array__type_support.cpp.o[0m
[19.593s] [ 32%] [32mBuilding CXX object CMakeFiles/avoa3d__rosidl_typesupport_c.dir/rosidl_typesupport_c/avoa3d/msg/element_characteristics_stamped__type_support.cpp.o[0m
[19.619s] [ 34%] [32mBuilding CXX object CMakeFiles/avoa3d__rosidl_typesupport_cpp.dir/rosidl_typesupport_cpp/avoa3d/msg/element_characteristics_stamped__type_support.cpp.o[0m
[19.619s] [ 36%] [32mBuilding CXX object CMakeFiles/avoa3d__rosidl_typesupport_cpp.dir/rosidl_typesupport_cpp/avoa3d/msg/element_characteristics_array__type_support.cpp.o[0m
[19.717s] [ 38%] [32mBuilding CXX object CMakeFiles/avoa3d__rosidl_typesupport_introspection_cpp.dir/rosidl_typesupport_introspection_cpp/avoa3d/msg/detail/element_characteristics_stamped__type_support.cpp.o[0m
[19.725s] [ 40%] [32mBuilding CXX object CMakeFiles/avoa3d__rosidl_typesupport_introspection_cpp.dir/rosidl_typesupport_introspection_cpp/avoa3d/msg/detail/element_characteristics_array__type_support.cpp.o[0m
[19.784s] [ 41%] [32m[1mLinking CXX shared library libavoa3d__rosidl_typesupport_c.so[0m
[19.971s] [ 41%] Built target avoa3d__rosidl_typesupport_c
[20.012s] [ 43%] [32mBuilding C object CMakeFiles/avoa3d__rosidl_typesupport_introspection_c.dir/rosidl_typesupport_introspection_c/avoa3d/msg/detail/element_characteristics_stamped__type_support.c.o[0m
[20.017s] [ 45%] [32mBuilding CXX object CMakeFiles/avoa3d__rosidl_typesupport_fastrtps_cpp.dir/rosidl_typesupport_fastrtps_cpp/avoa3d/msg/detail/dds_fastrtps/element_characteristics_stamped__type_support.cpp.o[0m
[20.020s] [ 47%] [32mBuilding CXX object CMakeFiles/avoa3d__rosidl_typesupport_fastrtps_cpp.dir/rosidl_typesupport_fastrtps_cpp/avoa3d/msg/detail/dds_fastrtps/element_characteristics_array__type_support.cpp.o[0m
[20.021s] [ 49%] [32mBuilding C object CMakeFiles/avoa3d__rosidl_typesupport_introspection_c.dir/rosidl_typesupport_introspection_c/avoa3d/msg/detail/element_characteristics_array__type_support.c.o[0m
[20.090s] [ 52%] [32mBuilding CXX object CMakeFiles/avoa3d__rosidl_typesupport_fastrtps_c.dir/rosidl_typesupport_fastrtps_c/avoa3d/msg/detail/element_characteristics_array__type_support_c.cpp.o[0m
[20.090s] [ 52%] [32mBuilding CXX object CMakeFiles/avoa3d__rosidl_typesupport_fastrtps_c.dir/rosidl_typesupport_fastrtps_c/avoa3d/msg/detail/element_characteristics_stamped__type_support_c.cpp.o[0m
[20.178s] [ 54%] [32m[1mLinking C shared library libavoa3d__rosidl_typesupport_introspection_c.so[0m
[20.311s] [ 54%] Built target avoa3d__rosidl_typesupport_introspection_c
[21.076s] [ 56%] [32m[1mLinking CXX shared library libavoa3d__rosidl_typesupport_introspection_cpp.so[0m
[21.144s] [ 58%] [32m[1mLinking CXX shared library libavoa3d__rosidl_typesupport_cpp.so[0m
[21.286s] [ 58%] Built target avoa3d__rosidl_typesupport_cpp
[21.355s] [ 60%] [32mBuilding CXX object CMakeFiles/test_w_goal.dir/src/test_w_goal.cpp.o[0m
[21.362s] [ 61%] [32mBuilding CXX object CMakeFiles/rviz_marker.dir/src/rviz_marker.cpp.o[0m
[21.364s] [ 63%] [32mBuilding CXX object CMakeFiles/avoa3dnode.dir/src/avoa3dnode.cpp.o[0m
[21.369s] [ 65%] [32mBuilding CXX object CMakeFiles/avoa3dnode.dir/src/sample_generator.cpp.o[0m
[21.372s] [ 67%] [32mBuilding CXX object CMakeFiles/obstacle_publisher.dir/src/obstacle_publisher.cpp.o[0m
[21.374s] [ 70%] [32mBuilding CXX object CMakeFiles/avoa3dnode.dir/src/sample_evaluator.cpp.o[0m
[21.375s] [ 70%] [32mBuilding CXX object CMakeFiles/avoa3dnode.dir/src/sample_visualizer.cpp.o[0m
[21.448s] [ 70%] Built target avoa3d__rosidl_typesupport_introspection_cpp
[21.934s] [ 72%] [32m[1mLinking CXX shared library libavoa3d__rosidl_typesupport_fastrtps_c.so[0m
[22.119s] [ 72%] Built target avoa3d__rosidl_typesupport_fastrtps_c
[22.374s] [ 74%] [32m[1mLinking CXX shared library libavoa3d__rosidl_typesupport_fastrtps_cpp.so[0m
[22.663s] [ 74%] Built target avoa3d__rosidl_typesupport_fastrtps_cpp
[22.731s] [ 74%] Built target avoa3d
[22.806s] [ 76%] [34m[1mGenerating Python code for ROS interfaces[0m
[24.566s] [ 76%] Built target avoa3d__py
[24.637s] [ 78%] [32mBuilding C object CMakeFiles/avoa3d__rosidl_generator_py.dir/rosidl_generator_py/avoa3d/msg/_element_characteristics_stamped_s.c.o[0m
[24.640s] [ 80%] [32mBuilding C object CMakeFiles/avoa3d__rosidl_generator_py.dir/rosidl_generator_py/avoa3d/msg/_element_characteristics_array_s.c.o[0m
[25.223s] [ 81%] [32m[1mLinking C shared library libavoa3d__rosidl_generator_py.so[0m
[25.402s] [ 81%] Built target avoa3d__rosidl_generator_py
[25.512s] [ 83%] [32mBuilding C object CMakeFiles/avoa3d_s__rosidl_typesupport_c.dir/rosidl_generator_py/avoa3d/_avoa3d_s.ep.rosidl_typesupport_c.c.o[0m
[25.523s] [ 87%] [32mBuilding C object CMakeFiles/avoa3d_s__rosidl_typesupport_introspection_c.dir/rosidl_generator_py/avoa3d/_avoa3d_s.ep.rosidl_typesupport_introspection_c.c.o[0m
[25.523s] [ 87%] [32mBuilding C object CMakeFiles/avoa3d_s__rosidl_typesupport_fastrtps_c.dir/rosidl_generator_py/avoa3d/_avoa3d_s.ep.rosidl_typesupport_fastrtps_c.c.o[0m
[25.904s] [ 89%] [32m[1mLinking C shared module rosidl_generator_py/avoa3d/avoa3d_s__rosidl_typesupport_c.so[0m
[26.014s] [ 90%] [32m[1mLinking C shared module rosidl_generator_py/avoa3d/avoa3d_s__rosidl_typesupport_introspection_c.so[0m
[26.033s] [ 92%] [32m[1mLinking C shared module rosidl_generator_py/avoa3d/avoa3d_s__rosidl_typesupport_fastrtps_c.so[0m
[26.038s] [ 92%] Built target avoa3d_s__rosidl_typesupport_c
[26.163s] [ 92%] Built target avoa3d_s__rosidl_typesupport_introspection_c
[26.210s] [ 92%] Built target avoa3d_s__rosidl_typesupport_fastrtps_c
[28.299s] [01m[K/home/xizesse/ros_ws/src/avoa3d/src/sample_evaluator.cpp:9:1:[m[K [01;31m[Kerror: [m[Kno declaration matches ‘[01m[Kavoa3d::SampleEvaluator::[01;32m[KSampleEvaluator[m[K(rclcpp::Logger, double, double, double, double)[m[K’
[28.299s]     9 | [01;31m[KSampleEvaluator[m[K::SampleEvaluator(rclcpp::Logger logger, double vehicle_radius,
[28.300s]       | [01;31m[K^~~~~~~~~~~~~~~[m[K
[28.300s] In file included from [01m[K/home/xizesse/ros_ws/src/avoa3d/src/sample_evaluator.cpp:2[m[K:
[28.300s] [01m[K/home/xizesse/ros_ws/src/avoa3d/include/avoa3d/sample_evaluator.hpp:13:7:[m[K [01;36m[Knote: [m[Kcandidates are: ‘[01m[Kavoa3d::SampleEvaluator::[01;32m[KSampleEvaluator[m[K(avoa3d::SampleEvaluator&&)[m[K’
[28.301s]    13 | class [01;36m[KSampleEvaluator[m[K {
[28.301s]       |       [01;36m[K^~~~~~~~~~~~~~~[m[K
[28.302s] [01m[K/home/xizesse/ros_ws/src/avoa3d/include/avoa3d/sample_evaluator.hpp:13:7:[m[K [01;36m[Knote: [m[K                ‘[01m[Kavoa3d::SampleEvaluator::[01;32m[KSampleEvaluator[m[K(const avoa3d::SampleEvaluator&)[m[K’
[28.302s] [01m[K/home/xizesse/ros_ws/src/avoa3d/include/avoa3d/sample_evaluator.hpp:15:5:[m[K [01;36m[Knote: [m[K                ‘[01m[Kavoa3d::SampleEvaluator::[01;32m[KSampleEvaluator[m[K(rclcpp::Logger, double)[m[K’
[28.302s]    15 |     [01;36m[KSampleEvaluator[m[K(rclcpp::Logger logger, double vehicle_radius);
[28.303s]       |     [01;36m[K^~~~~~~~~~~~~~~[m[K
[28.303s] [01m[K/home/xizesse/ros_ws/src/avoa3d/include/avoa3d/sample_evaluator.hpp:13:7:[m[K [01;36m[Knote: [m[K‘[01m[Kclass avoa3d::SampleEvaluator[m[K’ defined here
[28.303s]    13 | class [01;36m[KSampleEvaluator[m[K {
[28.304s]       |       [01;36m[K^~~~~~~~~~~~~~~[m[K
[29.942s] gmake[2]: *** [CMakeFiles/avoa3dnode.dir/build.make:90: CMakeFiles/avoa3dnode.dir/src/sample_evaluator.cpp.o] Error 1
[29.942s] gmake[2]: *** Waiting for unfinished jobs....
[31.296s] In file included from [01m[K/usr/include/c++/13/memory:78[m[K,
[31.296s]                  from [01m[K/home/xizesse/ros_ws/src/avoa3d/src/avoa3dnode.cpp:2[m[K:
[31.296s] /usr/include/c++/13/bits/unique_ptr.h: In instantiation of ‘[01m[Kstd::__detail::__unique_ptr_t<_Tp> std::[01;32m[Kmake_unique[m[K(_Args&& ...) [35m[K[with _Tp = avoa3d::SampleEvaluator; _Args = {rclcpp::Logger, double&, double&, double&, double&}; __detail::__unique_ptr_t<_Tp> = __detail::__unique_ptr_t<avoa3d::SampleEvaluator>][m[K[m[K’:
[31.297s] [01m[K/home/xizesse/ros_ws/src/avoa3d/src/avoa3dnode.cpp:51:70:[m[K   required from here
[31.297s] [01m[K/usr/include/c++/13/bits/unique_ptr.h:1070:30:[m[K [01;31m[Kerror: [m[Kno matching function for call to ‘[01m[Kavoa3d::SampleEvaluator::SampleEvaluator(rclcpp::Logger, double&, double&, double&, double&)[m[K’
[31.298s]  1070 |     { return unique_ptr<_Tp>([01;31m[Knew _Tp(std::forward<_Args>(__args)...)[m[K); }
[31.298s]       |                              [01;31m[K^~~~~~~~~~~~~~~~~~~~~~~~~~~~~~~~~~~~~~~[m[K
[31.298s] In file included from [01m[K/home/xizesse/ros_ws/src/avoa3d/src/avoa3dnode.cpp:15[m[K:
[31.299s] [01m[K/home/xizesse/ros_ws/src/avoa3d/include/avoa3d/sample_evaluator.hpp:15:5:[m[K [01;36m[Knote: [m[Kcandidate: ‘[01m[Kavoa3d::SampleEvaluator::[01;32m[KSampleEvaluator[m[K(rclcpp::Logger, double)[m[K’
[31.299s]    15 |     [01;36m[KSampleEvaluator[m[K(rclcpp::Logger logger, double vehicle_radius);
[31.299s]       |     [01;36m[K^~~~~~~~~~~~~~~[m[K
[31.300s] [01m[K/home/xizesse/ros_ws/src/avoa3d/include/avoa3d/sample_evaluator.hpp:15:5:[m[K [01;36m[Knote: [m[K  candidate expects 2 arguments, 5 provided
[31.300s] [01m[K/home/xizesse/ros_ws/src/avoa3d/include/avoa3d/sample_evaluator.hpp:13:7:[m[K [01;36m[Knote: [m[Kcandidate: ‘[01m[Kavoa3d::SampleEvaluator::[01;32m[KSampleEvaluator[m[K(const avoa3d::SampleEvaluator&)[m[K’
[31.301s]    13 | class [01;36m[KSampleEvaluator[m[K {
[31.301s]       |       [01;36m[K^~~~~~~~~~~~~~~[m[K
[31.301s] [01m[K/home/xizesse/ros_ws/src/avoa3d/include/avoa3d/sample_evaluator.hpp:13:7:[m[K [01;36m[Knote: [m[K  candidate expects 1 argument, 5 provided
[31.302s] [01m[K/home/xizesse/ros_ws/src/avoa3d/include/avoa3d/sample_evaluator.hpp:13:7:[m[K [01;36m[Knote: [m[Kcandidate: ‘[01m[Kavoa3d::SampleEvaluator::[01;32m[KSampleEvaluator[m[K(avoa3d::SampleEvaluator&&)[m[K’
[31.302s] [01m[K/home/xizesse/ros_ws/src/avoa3d/include/avoa3d/sample_evaluator.hpp:13:7:[m[K [01;36m[Knote: [m[K  candidate expects 1 argument, 5 provided
[40.247s] gmake[2]: *** [CMakeFiles/avoa3dnode.dir/build.make:76: CMakeFiles/avoa3dnode.dir/src/avoa3dnode.cpp.o] Error 1
[40.247s] gmake[1]: *** [CMakeFiles/Makefile2:659: CMakeFiles/avoa3dnode.dir/all] Error 2
[40.248s] gmake[1]: *** Waiting for unfinished jobs....
[46.579s] [ 94%] [32m[1mLinking CXX executable test_w_goal[0m
[46.648s] [ 96%] [32m[1mLinking CXX executable obstacle_publisher[0m
[47.871s] [ 96%] Built target test_w_goal
[47.936s] [ 96%] Built target obstacle_publisher
[58.102s] [ 98%] [32m[1mLinking CXX executable rviz_marker[0m
[60.134s] [ 98%] Built target rviz_marker
[60.137s] gmake: *** [Makefile:146: all] Error 2
[60.144s] Invoked command in '/home/xizesse/ros_ws/src/avoa3d/build/avoa3d' returned '2': CMAKE_PREFIX_PATH=${CMAKE_PREFIX_PATH}:/opt/ros/jazzy DEBUGINFOD_URLS=https://debuginfod.ubuntu.com /usr/bin/cmake --build /home/xizesse/ros_ws/src/avoa3d/build/avoa3d -- -j20 -l20
