[0.074s] DEBUG:colcon:Command line arguments: ['/usr/bin/colcon', 'build']
[0.074s] DEBUG:colcon:Parsed command line arguments: Namespace(log_base=None, log_level=None, verb_name='build', build_base='build', install_base='install', merge_install=False, symlink_install=False, test_result_base=None, continue_on_error=False, executor='parallel', parallel_workers=20, event_handlers=None, ignore_user_meta=False, metas=['./colcon.meta'], base_paths=['.'], packages_ignore=None, packages_ignore_regex=None, paths=None, packages_up_to=None, packages_up_to_regex=None, packages_above=None, packages_above_and_dependencies=None, packages_above_depth=None, packages_select_by_dep=None, packages_skip_by_dep=None, packages_skip_up_to=None, packages_select_build_failed=False, packages_skip_build_finished=False, packages_select_test_failures=False, packages_skip_test_passed=False, packages_select=None, packages_skip=None, packages_select_regex=None, packages_skip_regex=None, packages_start=None, packages_end=None, allow_overriding=[], cmake_args=None, cmake_target=None, cmake_target_skip_unavailable=False, cmake_clean_cache=False, cmake_clean_first=False, cmake_force_configure=False, ament_cmake_args=None, catkin_cmake_args=None, catkin_skip_building_tests=False, verb_parser=<colcon_defaults.argument_parser.defaults.DefaultArgumentsDecorator object at 0x79bc0f9e1e10>, verb_extension=<colcon_core.verb.build.BuildVerb object at 0x79bc0fbb3430>, main=<bound method BuildVerb.main of <colcon_core.verb.build.BuildVerb object at 0x79bc0fbb3430>>)
[0.185s] Level 1:colcon.colcon_core.package_discovery:discover_packages(colcon_meta) check parameters
[0.186s] Level 1:colcon.colcon_core.package_discovery:discover_packages(recursive) check parameters
[0.186s] Level 1:colcon.colcon_core.package_discovery:discover_packages(ignore) check parameters
[0.186s] Level 1:colcon.colcon_core.package_discovery:discover_packages(path) check parameters
[0.186s] Level 1:colcon.colcon_core.package_discovery:discover_packages(colcon_meta) discover
[0.186s] Level 1:colcon.colcon_core.package_discovery:discover_packages(recursive) discover
[0.186s] INFO:colcon.colcon_core.package_discovery:Crawling recursively for packages in '/home/xizesse/ros2_ws/src/avoa'
[0.186s] Level 1:colcon.colcon_core.package_identification:_identify(.) by extensions ['ignore', 'ignore_ament_install']
[0.186s] Level 1:colcon.colcon_core.package_identification:_identify(.) by extension 'ignore'
[0.186s] Level 1:colcon.colcon_core.package_identification:_identify(.) by extension 'ignore_ament_install'
[0.186s] Level 1:colcon.colcon_core.package_identification:_identify(.) by extensions ['colcon_pkg']
[0.186s] Level 1:colcon.colcon_core.package_identification:_identify(.) by extension 'colcon_pkg'
[0.186s] Level 1:colcon.colcon_core.package_identification:_identify(.) by extensions ['colcon_meta']
[0.186s] Level 1:colcon.colcon_core.package_identification:_identify(.) by extension 'colcon_meta'
[0.186s] Level 1:colcon.colcon_core.package_identification:_identify(.) by extensions ['ros']
[0.186s] Level 1:colcon.colcon_core.package_identification:_identify(.) by extension 'ros'
[0.198s] DEBUG:colcon.colcon_core.package_identification:Package '.' with type 'ros.ament_cmake' and name 'avoa'
[0.198s] Level 1:colcon.colcon_core.package_discovery:discover_packages(recursive) using defaults
[0.198s] Level 1:colcon.colcon_core.package_discovery:discover_packages(ignore) discover
[0.198s] Level 1:colcon.colcon_core.package_discovery:discover_packages(ignore) using defaults
[0.198s] Level 1:colcon.colcon_core.package_discovery:discover_packages(path) discover
[0.198s] Level 1:colcon.colcon_core.package_discovery:discover_packages(path) using defaults
[0.224s] Level 1:colcon.colcon_core.package_discovery:discover_packages(prefix_path) check parameters
[0.225s] Level 1:colcon.colcon_core.package_discovery:discover_packages(prefix_path) discover
[0.226s] DEBUG:colcon.colcon_installed_package_information.package_discovery:Found 1 installed packages in /home/xizesse/ros2_ws/install
[0.227s] DEBUG:colcon.colcon_installed_package_information.package_discovery:Found 287 installed packages in /opt/ros/humble
[0.228s] Level 1:colcon.colcon_core.package_discovery:discover_packages(prefix_path) using defaults
[0.255s] Level 5:colcon.colcon_core.verb:set package 'avoa' build argument 'cmake_args' from command line to 'None'
[0.255s] Level 5:colcon.colcon_core.verb:set package 'avoa' build argument 'cmake_target' from command line to 'None'
[0.255s] Level 5:colcon.colcon_core.verb:set package 'avoa' build argument 'cmake_target_skip_unavailable' from command line to 'False'
[0.255s] Level 5:colcon.colcon_core.verb:set package 'avoa' build argument 'cmake_clean_cache' from command line to 'False'
[0.255s] Level 5:colcon.colcon_core.verb:set package 'avoa' build argument 'cmake_clean_first' from command line to 'False'
[0.255s] Level 5:colcon.colcon_core.verb:set package 'avoa' build argument 'cmake_force_configure' from command line to 'False'
[0.255s] Level 5:colcon.colcon_core.verb:set package 'avoa' build argument 'ament_cmake_args' from command line to 'None'
[0.255s] Level 5:colcon.colcon_core.verb:set package 'avoa' build argument 'catkin_cmake_args' from command line to 'None'
[0.255s] Level 5:colcon.colcon_core.verb:set package 'avoa' build argument 'catkin_skip_building_tests' from command line to 'False'
[0.255s] DEBUG:colcon.colcon_core.verb:Building package 'avoa' with the following arguments: {'ament_cmake_args': None, 'build_base': '/home/xizesse/ros2_ws/src/avoa/build/avoa', 'catkin_cmake_args': None, 'catkin_skip_building_tests': False, 'cmake_args': None, 'cmake_clean_cache': False, 'cmake_clean_first': False, 'cmake_force_configure': False, 'cmake_target': None, 'cmake_target_skip_unavailable': False, 'install_base': '/home/xizesse/ros2_ws/src/avoa/install/avoa', 'merge_install': False, 'path': '/home/xizesse/ros2_ws/src/avoa', 'symlink_install': False, 'test_result_base': None}
[0.255s] INFO:colcon.colcon_core.executor:Executing jobs using 'parallel' executor
[0.256s] DEBUG:colcon.colcon_parallel_executor.executor.parallel:run_until_complete
[0.256s] INFO:colcon.colcon_ros.task.ament_cmake.build:Building ROS package in '/home/xizesse/ros2_ws/src/avoa' with build type 'ament_cmake'
[0.256s] INFO:colcon.colcon_cmake.task.cmake.build:Building CMake package in '/home/xizesse/ros2_ws/src/avoa'
[0.257s] INFO:colcon.colcon_core.plugin_system:Skipping extension 'colcon_core.shell.bat': Not used on non-Windows systems
[0.257s] INFO:colcon.colcon_core.shell:Skip shell extension 'powershell' for command environment: Not usable outside of PowerShell
[0.258s] DEBUG:colcon.colcon_core.shell:Skip shell extension 'dsv' for command environment
[0.264s] DEBUG:colcon.colcon_core.event_handler.log_command:Invoking command in '/home/xizesse/ros2_ws/src/avoa/build/avoa': CMAKE_PREFIX_PATH=${CMAKE_PREFIX_PATH}:/opt/ros/humble /usr/bin/cmake --build /home/xizesse/ros2_ws/src/avoa/build/avoa -- -j20 -l20
[8.069s] DEBUG:colcon.colcon_core.event_handler.log_command:Invoked command in '/home/xizesse/ros2_ws/src/avoa/build/avoa' returned '0': CMAKE_PREFIX_PATH=${CMAKE_PREFIX_PATH}:/opt/ros/humble /usr/bin/cmake --build /home/xizesse/ros2_ws/src/avoa/build/avoa -- -j20 -l20
[8.129s] DEBUG:colcon.colcon_core.event_handler.log_command:Invoking command in '/home/xizesse/ros2_ws/src/avoa/build/avoa': CMAKE_PREFIX_PATH=${CMAKE_PREFIX_PATH}:/opt/ros/humble /usr/bin/cmake --install /home/xizesse/ros2_ws/src/avoa/build/avoa
[8.193s] Level 1:colcon.colcon_core.environment:create_environment_scripts_only(avoa)
[8.193s] DEBUG:colcon.colcon_core.event_handler.log_command:Invoked command in '/home/xizesse/ros2_ws/src/avoa/build/avoa' returned '0': CMAKE_PREFIX_PATH=${CMAKE_PREFIX_PATH}:/opt/ros/humble /usr/bin/cmake --install /home/xizesse/ros2_ws/src/avoa/build/avoa
[8.194s] Level 1:colcon.colcon_core.environment:checking '/home/xizesse/ros2_ws/src/avoa/install/avoa' for CMake module files
[8.195s] Level 1:colcon.colcon_core.environment:checking '/home/xizesse/ros2_ws/src/avoa/install/avoa' for CMake config files
[8.195s] Level 1:colcon.colcon_core.shell:create_environment_hook('avoa', 'cmake_prefix_path')
[8.195s] INFO:colcon.colcon_core.shell:Creating environment hook '/home/xizesse/ros2_ws/src/avoa/install/avoa/share/avoa/hook/cmake_prefix_path.ps1'
[8.197s] INFO:colcon.colcon_core.shell:Creating environment descriptor '/home/xizesse/ros2_ws/src/avoa/install/avoa/share/avoa/hook/cmake_prefix_path.dsv'
[8.197s] INFO:colcon.colcon_core.shell:Creating environment hook '/home/xizesse/ros2_ws/src/avoa/install/avoa/share/avoa/hook/cmake_prefix_path.sh'
[8.198s] Level 1:colcon.colcon_core.environment:checking '/home/xizesse/ros2_ws/src/avoa/install/avoa/lib'
[8.198s] Level 1:colcon.colcon_core.shell:create_environment_hook('avoa', 'ld_library_path_lib')
[8.198s] INFO:colcon.colcon_core.shell:Creating environment hook '/home/xizesse/ros2_ws/src/avoa/install/avoa/share/avoa/hook/ld_library_path_lib.ps1'
[8.199s] INFO:colcon.colcon_core.shell:Creating environment descriptor '/home/xizesse/ros2_ws/src/avoa/install/avoa/share/avoa/hook/ld_library_path_lib.dsv'
[8.199s] INFO:colcon.colcon_core.shell:Creating environment hook '/home/xizesse/ros2_ws/src/avoa/install/avoa/share/avoa/hook/ld_library_path_lib.sh'
[8.199s] Level 1:colcon.colcon_core.environment:checking '/home/xizesse/ros2_ws/src/avoa/install/avoa/bin'
[8.199s] Level 1:colcon.colcon_core.environment:checking '/home/xizesse/ros2_ws/src/avoa/install/avoa/lib/pkgconfig/avoa.pc'
[8.199s] Level 1:colcon.colcon_core.environment:checking '/home/xizesse/ros2_ws/src/avoa/install/avoa/lib/python3.10/site-packages'
[8.199s] Level 1:colcon.colcon_core.environment:checking '/home/xizesse/ros2_ws/src/avoa/install/avoa/bin'
[8.199s] INFO:colcon.colcon_core.shell:Creating package script '/home/xizesse/ros2_ws/src/avoa/install/avoa/share/avoa/package.ps1'
[8.200s] INFO:colcon.colcon_core.shell:Creating package descriptor '/home/xizesse/ros2_ws/src/avoa/install/avoa/share/avoa/package.dsv'
[8.200s] INFO:colcon.colcon_core.shell:Creating package script '/home/xizesse/ros2_ws/src/avoa/install/avoa/share/avoa/package.sh'
[8.201s] INFO:colcon.colcon_core.shell:Creating package script '/home/xizesse/ros2_ws/src/avoa/install/avoa/share/avoa/package.bash'
[8.201s] INFO:colcon.colcon_core.shell:Creating package script '/home/xizesse/ros2_ws/src/avoa/install/avoa/share/avoa/package.zsh'
[8.201s] Level 1:colcon.colcon_core.environment:create_file_with_runtime_dependencies(/home/xizesse/ros2_ws/src/avoa/install/avoa/share/colcon-core/packages/avoa)
[8.252s] Level 1:colcon.colcon_core.environment:create_environment_scripts_only(avoa)
[8.252s] Level 1:colcon.colcon_core.environment:checking '/home/xizesse/ros2_ws/src/avoa/install/avoa' for CMake module files
[8.253s] Level 1:colcon.colcon_core.environment:checking '/home/xizesse/ros2_ws/src/avoa/install/avoa' for CMake config files
[8.254s] Level 1:colcon.colcon_core.shell:create_environment_hook('avoa', 'cmake_prefix_path')
[8.254s] INFO:colcon.colcon_core.shell:Creating environment hook '/home/xizesse/ros2_ws/src/avoa/install/avoa/share/avoa/hook/cmake_prefix_path.ps1'
[8.255s] INFO:colcon.colcon_core.shell:Creating environment descriptor '/home/xizesse/ros2_ws/src/avoa/install/avoa/share/avoa/hook/cmake_prefix_path.dsv'
[8.255s] INFO:colcon.colcon_core.shell:Creating environment hook '/home/xizesse/ros2_ws/src/avoa/install/avoa/share/avoa/hook/cmake_prefix_path.sh'
[8.256s] Level 1:colcon.colcon_core.environment:checking '/home/xizesse/ros2_ws/src/avoa/install/avoa/lib'
[8.256s] Level 1:colcon.colcon_core.shell:create_environment_hook('avoa', 'ld_library_path_lib')
[8.256s] INFO:colcon.colcon_core.shell:Creating environment hook '/home/xizesse/ros2_ws/src/avoa/install/avoa/share/avoa/hook/ld_library_path_lib.ps1'
[8.256s] INFO:colcon.colcon_core.shell:Creating environment descriptor '/home/xizesse/ros2_ws/src/avoa/install/avoa/share/avoa/hook/ld_library_path_lib.dsv'
[8.257s] INFO:colcon.colcon_core.shell:Creating environment hook '/home/xizesse/ros2_ws/src/avoa/install/avoa/share/avoa/hook/ld_library_path_lib.sh'
[8.257s] Level 1:colcon.colcon_core.environment:checking '/home/xizesse/ros2_ws/src/avoa/install/avoa/bin'
[8.257s] Level 1:colcon.colcon_core.environment:checking '/home/xizesse/ros2_ws/src/avoa/install/avoa/lib/pkgconfig/avoa.pc'
[8.257s] Level 1:colcon.colcon_core.environment:checking '/home/xizesse/ros2_ws/src/avoa/install/avoa/lib/python3.10/site-packages'
[8.257s] Level 1:colcon.colcon_core.environment:checking '/home/xizesse/ros2_ws/src/avoa/install/avoa/bin'
[8.258s] INFO:colcon.colcon_core.shell:Creating package script '/home/xizesse/ros2_ws/src/avoa/install/avoa/share/avoa/package.ps1'
[8.258s] INFO:colcon.colcon_core.shell:Creating package descriptor '/home/xizesse/ros2_ws/src/avoa/install/avoa/share/avoa/package.dsv'
[8.258s] INFO:colcon.colcon_core.shell:Creating package script '/home/xizesse/ros2_ws/src/avoa/install/avoa/share/avoa/package.sh'
[8.258s] INFO:colcon.colcon_core.shell:Creating package script '/home/xizesse/ros2_ws/src/avoa/install/avoa/share/avoa/package.bash'
[8.259s] INFO:colcon.colcon_core.shell:Creating package script '/home/xizesse/ros2_ws/src/avoa/install/avoa/share/avoa/package.zsh'
[8.259s] Level 1:colcon.colcon_core.environment:create_file_with_runtime_dependencies(/home/xizesse/ros2_ws/src/avoa/install/avoa/share/colcon-core/packages/avoa)
[8.259s] DEBUG:colcon.colcon_parallel_executor.executor.parallel:closing loop
[8.259s] DEBUG:colcon.colcon_parallel_executor.executor.parallel:loop closed
[8.259s] DEBUG:colcon.colcon_parallel_executor.executor.parallel:run_until_complete finished with '0'
[8.259s] DEBUG:colcon.colcon_core.event_reactor:joining thread
[8.264s] INFO:colcon.colcon_core.plugin_system:Skipping extension 'colcon_notification.desktop_notification.terminal_notifier': Not used on non-Darwin systems
[8.264s] INFO:colcon.colcon_core.plugin_system:Skipping extension 'colcon_notification.desktop_notification.win32': Not used on non-Windows systems
[8.264s] INFO:colcon.colcon_notification.desktop_notification:Sending desktop notification using 'notify2'
[8.274s] DEBUG:colcon.colcon_core.event_reactor:joined thread
[8.274s] INFO:colcon.colcon_core.shell:Creating prefix script '/home/xizesse/ros2_ws/src/avoa/install/local_setup.ps1'
[8.276s] INFO:colcon.colcon_core.shell:Creating prefix util module '/home/xizesse/ros2_ws/src/avoa/install/_local_setup_util_ps1.py'
[8.277s] INFO:colcon.colcon_core.shell:Creating prefix chain script '/home/xizesse/ros2_ws/src/avoa/install/setup.ps1'
[8.278s] INFO:colcon.colcon_core.shell:Creating prefix script '/home/xizesse/ros2_ws/src/avoa/install/local_setup.sh'
[8.278s] INFO:colcon.colcon_core.shell:Creating prefix util module '/home/xizesse/ros2_ws/src/avoa/install/_local_setup_util_sh.py'
[8.279s] INFO:colcon.colcon_core.shell:Creating prefix chain script '/home/xizesse/ros2_ws/src/avoa/install/setup.sh'
[8.280s] INFO:colcon.colcon_core.shell:Creating prefix script '/home/xizesse/ros2_ws/src/avoa/install/local_setup.bash'
[8.280s] INFO:colcon.colcon_core.shell:Creating prefix chain script '/home/xizesse/ros2_ws/src/avoa/install/setup.bash'
[8.281s] INFO:colcon.colcon_core.shell:Creating prefix script '/home/xizesse/ros2_ws/src/avoa/install/local_setup.zsh'
[8.281s] INFO:colcon.colcon_core.shell:Creating prefix chain script '/home/xizesse/ros2_ws/src/avoa/install/setup.zsh'
