[  1%] Built target avoa3d__rosidl_generator_type_description
[  1%] Built target ament_cmake_python_copy_avoa3d
[  3%] Built target avoa3d__cpp
[ 18%] Built target avoa3d__rosidl_generator_c
[ 41%] Built target avoa3d__rosidl_typesupport_introspection_cpp
[ 41%] Built target avoa3d__rosidl_typesupport_fastrtps_cpp
[ 45%] Built target avoa3d__rosidl_typesupport_c
[ 47%] Built target avoa3d__rosidl_typesupport_fastrtps_c
[ 54%] Built target avoa3d__rosidl_typesupport_cpp
[ 61%] Built target avoa3d__rosidl_typesupport_introspection_c
[ 65%] Built target test_w_goal
[ 69%] Built target obstacle_publisher
[ 72%] Built target rviz_marker
[ 74%] [32mBuilding CXX object CMakeFiles/avoa3dnode.dir/src/sample_evaluator.cpp.o[0m
[ 74%] Built target avoa3d
[ 76%] Built target avoa3d__py
[ 81%] Built target avoa3d__rosidl_generator_py
[ 92%] Built target avoa3d_s__rosidl_typesupport_introspection_c
[ 92%] Built target avoa3d_s__rosidl_typesupport_fastrtps_c
[ 92%] Built target avoa3d_s__rosidl_typesupport_c
running egg_info
writing avoa3d.egg-info/PKG-INFO
writing dependency_links to avoa3d.egg-info/dependency_links.txt
writing top-level names to avoa3d.egg-info/top_level.txt
reading manifest file 'avoa3d.egg-info/SOURCES.txt'
writing manifest file 'avoa3d.egg-info/SOURCES.txt'
[ 92%] Built target ament_cmake_python_build_avoa3d_egg
[ 94%] [32m[1mLinking CXX executable avoa3dnode[0m
[100%] Built target avoa3dnode
-- Install configuration: ""
-- Up-to-date: /home/xizesse/ros_ws/src/avoa3d/install/avoa3d/share/ament_index/resource_index/rosidl_interfaces/avoa3d
-- Up-to-date: /home/xizesse/ros_ws/src/avoa3d/install/avoa3d/share/avoa3d/msg/ElementCharacteristicsStamped.json
-- Up-to-date: /home/xizesse/ros_ws/src/avoa3d/install/avoa3d/share/avoa3d/msg/ElementCharacteristicsArray.json
-- Up-to-date: /home/xizesse/ros_ws/src/avoa3d/install/avoa3d/include/avoa3d/avoa3d
-- Up-to-date: /home/xizesse/ros_ws/src/avoa3d/install/avoa3d/include/avoa3d/avoa3d/msg
-- Up-to-date: /home/xizesse/ros_ws/src/avoa3d/install/avoa3d/include/avoa3d/avoa3d/msg/rosidl_generator_c__visibility_control.h
-- Up-to-date: /home/xizesse/ros_ws/src/avoa3d/install/avoa3d/include/avoa3d/avoa3d/msg/element_characteristics_stamped.h
-- Up-to-date: /home/xizesse/ros_ws/src/avoa3d/install/avoa3d/include/avoa3d/avoa3d/msg/detail
-- Up-to-date: /home/xizesse/ros_ws/src/avoa3d/install/avoa3d/include/avoa3d/avoa3d/msg/detail/element_characteristics_array__description.c
-- Installing: /home/xizesse/ros_ws/src/avoa3d/install/avoa3d/include/avoa3d/avoa3d/msg/detail/element_characteristics_stamped__type_support.c
-- Up-to-date: /home/xizesse/ros_ws/src/avoa3d/install/avoa3d/include/avoa3d/avoa3d/msg/detail/element_characteristics_array__functions.c
-- Installing: /home/xizesse/ros_ws/src/avoa3d/install/avoa3d/include/avoa3d/avoa3d/msg/detail/element_characteristics_array__type_support.c
-- Up-to-date: /home/xizesse/ros_ws/src/avoa3d/install/avoa3d/include/avoa3d/avoa3d/msg/detail/element_characteristics_stamped__functions.h
-- Up-to-date: /home/xizesse/ros_ws/src/avoa3d/install/avoa3d/include/avoa3d/avoa3d/msg/detail/element_characteristics_stamped__type_support.h
-- Up-to-date: /home/xizesse/ros_ws/src/avoa3d/install/avoa3d/include/avoa3d/avoa3d/msg/detail/element_characteristics_stamped__description.c
-- Up-to-date: /home/xizesse/ros_ws/src/avoa3d/install/avoa3d/include/avoa3d/avoa3d/msg/detail/element_characteristics_array__struct.h
-- Up-to-date: /home/xizesse/ros_ws/src/avoa3d/install/avoa3d/include/avoa3d/avoa3d/msg/detail/element_characteristics_stamped__struct.h
-- Up-to-date: /home/xizesse/ros_ws/src/avoa3d/install/avoa3d/include/avoa3d/avoa3d/msg/detail/element_characteristics_array__functions.h
-- Up-to-date: /home/xizesse/ros_ws/src/avoa3d/install/avoa3d/include/avoa3d/avoa3d/msg/detail/element_characteristics_stamped__functions.c
-- Up-to-date: /home/xizesse/ros_ws/src/avoa3d/install/avoa3d/include/avoa3d/avoa3d/msg/detail/element_characteristics_array__type_support.h
-- Up-to-date: /home/xizesse/ros_ws/src/avoa3d/install/avoa3d/include/avoa3d/avoa3d/msg/element_characteristics_array.h
-- Up-to-date: /home/xizesse/ros_ws/src/avoa3d/install/avoa3d/share/avoa3d/environment/library_path.sh
-- Up-to-date: /home/xizesse/ros_ws/src/avoa3d/install/avoa3d/share/avoa3d/environment/library_path.dsv
-- Up-to-date: /home/xizesse/ros_ws/src/avoa3d/install/avoa3d/lib/libavoa3d__rosidl_generator_c.so
-- Up-to-date: /home/xizesse/ros_ws/src/avoa3d/install/avoa3d/include/avoa3d/avoa3d
-- Up-to-date: /home/xizesse/ros_ws/src/avoa3d/install/avoa3d/include/avoa3d/avoa3d/msg
-- Up-to-date: /home/xizesse/ros_ws/src/avoa3d/install/avoa3d/include/avoa3d/avoa3d/msg/rosidl_typesupport_fastrtps_c__visibility_control.h
-- Up-to-date: /home/xizesse/ros_ws/src/avoa3d/install/avoa3d/include/avoa3d/avoa3d/msg/detail
-- Up-to-date: /home/xizesse/ros_ws/src/avoa3d/install/avoa3d/include/avoa3d/avoa3d/msg/detail/element_characteristics_array__rosidl_typesupport_fastrtps_c.h
-- Up-to-date: /home/xizesse/ros_ws/src/avoa3d/install/avoa3d/include/avoa3d/avoa3d/msg/detail/element_characteristics_stamped__rosidl_typesupport_fastrtps_c.h
-- Up-to-date: /home/xizesse/ros_ws/src/avoa3d/install/avoa3d/lib/libavoa3d__rosidl_typesupport_fastrtps_c.so
-- Up-to-date: /home/xizesse/ros_ws/src/avoa3d/install/avoa3d/include/avoa3d/avoa3d
-- Up-to-date: /home/xizesse/ros_ws/src/avoa3d/install/avoa3d/include/avoa3d/avoa3d/msg
-- Up-to-date: /home/xizesse/ros_ws/src/avoa3d/install/avoa3d/include/avoa3d/avoa3d/msg/element_characteristics_stamped.hpp
-- Up-to-date: /home/xizesse/ros_ws/src/avoa3d/install/avoa3d/include/avoa3d/avoa3d/msg/element_characteristics_array.hpp
-- Up-to-date: /home/xizesse/ros_ws/src/avoa3d/install/avoa3d/include/avoa3d/avoa3d/msg/rosidl_generator_cpp__visibility_control.hpp
-- Up-to-date: /home/xizesse/ros_ws/src/avoa3d/install/avoa3d/include/avoa3d/avoa3d/msg/detail
-- Up-to-date: /home/xizesse/ros_ws/src/avoa3d/install/avoa3d/include/avoa3d/avoa3d/msg/detail/element_characteristics_stamped__struct.hpp
-- Up-to-date: /home/xizesse/ros_ws/src/avoa3d/install/avoa3d/include/avoa3d/avoa3d/msg/detail/element_characteristics_stamped__traits.hpp
-- Up-to-date: /home/xizesse/ros_ws/src/avoa3d/install/avoa3d/include/avoa3d/avoa3d/msg/detail/element_characteristics_array__type_support.hpp
-- Up-to-date: /home/xizesse/ros_ws/src/avoa3d/install/avoa3d/include/avoa3d/avoa3d/msg/detail/element_characteristics_stamped__builder.hpp
-- Up-to-date: /home/xizesse/ros_ws/src/avoa3d/install/avoa3d/include/avoa3d/avoa3d/msg/detail/element_characteristics_array__builder.hpp
-- Up-to-date: /home/xizesse/ros_ws/src/avoa3d/install/avoa3d/include/avoa3d/avoa3d/msg/detail/element_characteristics_array__traits.hpp
-- Up-to-date: /home/xizesse/ros_ws/src/avoa3d/install/avoa3d/include/avoa3d/avoa3d/msg/detail/element_characteristics_stamped__type_support.hpp
-- Up-to-date: /home/xizesse/ros_ws/src/avoa3d/install/avoa3d/include/avoa3d/avoa3d/msg/detail/element_characteristics_array__struct.hpp
-- Up-to-date: /home/xizesse/ros_ws/src/avoa3d/install/avoa3d/include/avoa3d/avoa3d
-- Up-to-date: /home/xizesse/ros_ws/src/avoa3d/install/avoa3d/include/avoa3d/avoa3d/msg
-- Up-to-date: /home/xizesse/ros_ws/src/avoa3d/install/avoa3d/include/avoa3d/avoa3d/msg/rosidl_typesupport_fastrtps_cpp__visibility_control.h
-- Up-to-date: /home/xizesse/ros_ws/src/avoa3d/install/avoa3d/include/avoa3d/avoa3d/msg/detail
-- Up-to-date: /home/xizesse/ros_ws/src/avoa3d/install/avoa3d/include/avoa3d/avoa3d/msg/detail/element_characteristics_stamped__rosidl_typesupport_fastrtps_cpp.hpp
-- Up-to-date: /home/xizesse/ros_ws/src/avoa3d/install/avoa3d/include/avoa3d/avoa3d/msg/detail/dds_fastrtps
-- Up-to-date: /home/xizesse/ros_ws/src/avoa3d/install/avoa3d/include/avoa3d/avoa3d/msg/detail/element_characteristics_array__rosidl_typesupport_fastrtps_cpp.hpp
-- Up-to-date: /home/xizesse/ros_ws/src/avoa3d/install/avoa3d/lib/libavoa3d__rosidl_typesupport_fastrtps_cpp.so
-- Up-to-date: /home/xizesse/ros_ws/src/avoa3d/install/avoa3d/include/avoa3d/avoa3d
-- Up-to-date: /home/xizesse/ros_ws/src/avoa3d/install/avoa3d/include/avoa3d/avoa3d/msg
-- Up-to-date: /home/xizesse/ros_ws/src/avoa3d/install/avoa3d/include/avoa3d/avoa3d/msg/rosidl_typesupport_introspection_c__visibility_control.h
-- Up-to-date: /home/xizesse/ros_ws/src/avoa3d/install/avoa3d/include/avoa3d/avoa3d/msg/detail
-- Up-to-date: /home/xizesse/ros_ws/src/avoa3d/install/avoa3d/include/avoa3d/avoa3d/msg/detail/element_characteristics_array__rosidl_typesupport_introspection_c.h
-- Installing: /home/xizesse/ros_ws/src/avoa3d/install/avoa3d/include/avoa3d/avoa3d/msg/detail/element_characteristics_stamped__type_support.c
-- Installing: /home/xizesse/ros_ws/src/avoa3d/install/avoa3d/include/avoa3d/avoa3d/msg/detail/element_characteristics_array__type_support.c
-- Up-to-date: /home/xizesse/ros_ws/src/avoa3d/install/avoa3d/include/avoa3d/avoa3d/msg/detail/element_characteristics_stamped__rosidl_typesupport_introspection_c.h
-- Up-to-date: /home/xizesse/ros_ws/src/avoa3d/install/avoa3d/lib/libavoa3d__rosidl_typesupport_introspection_c.so
-- Up-to-date: /home/xizesse/ros_ws/src/avoa3d/install/avoa3d/lib/libavoa3d__rosidl_typesupport_c.so
-- Up-to-date: /home/xizesse/ros_ws/src/avoa3d/install/avoa3d/include/avoa3d/avoa3d
-- Up-to-date: /home/xizesse/ros_ws/src/avoa3d/install/avoa3d/include/avoa3d/avoa3d/msg
-- Up-to-date: /home/xizesse/ros_ws/src/avoa3d/install/avoa3d/include/avoa3d/avoa3d/msg/detail
-- Up-to-date: /home/xizesse/ros_ws/src/avoa3d/install/avoa3d/include/avoa3d/avoa3d/msg/detail/element_characteristics_stamped__rosidl_typesupport_introspection_cpp.hpp
-- Up-to-date: /home/xizesse/ros_ws/src/avoa3d/install/avoa3d/include/avoa3d/avoa3d/msg/detail/element_characteristics_array__rosidl_typesupport_introspection_cpp.hpp
-- Up-to-date: /home/xizesse/ros_ws/src/avoa3d/install/avoa3d/include/avoa3d/avoa3d/msg/detail/element_characteristics_array__type_support.cpp
-- Up-to-date: /home/xizesse/ros_ws/src/avoa3d/install/avoa3d/include/avoa3d/avoa3d/msg/detail/element_characteristics_stamped__type_support.cpp
-- Up-to-date: /home/xizesse/ros_ws/src/avoa3d/install/avoa3d/lib/libavoa3d__rosidl_typesupport_introspection_cpp.so
-- Up-to-date: /home/xizesse/ros_ws/src/avoa3d/install/avoa3d/lib/libavoa3d__rosidl_typesupport_cpp.so
-- Up-to-date: /home/xizesse/ros_ws/src/avoa3d/install/avoa3d/share/avoa3d/environment/pythonpath.sh
-- Up-to-date: /home/xizesse/ros_ws/src/avoa3d/install/avoa3d/share/avoa3d/environment/pythonpath.dsv
-- Up-to-date: /home/xizesse/ros_ws/src/avoa3d/install/avoa3d/lib/python3.12/site-packages/avoa3d-0.1.0-py3.12.egg-info
-- Installing: /home/xizesse/ros_ws/src/avoa3d/install/avoa3d/lib/python3.12/site-packages/avoa3d-0.1.0-py3.12.egg-info/PKG-INFO
-- Installing: /home/xizesse/ros_ws/src/avoa3d/install/avoa3d/lib/python3.12/site-packages/avoa3d-0.1.0-py3.12.egg-info/top_level.txt
-- Installing: /home/xizesse/ros_ws/src/avoa3d/install/avoa3d/lib/python3.12/site-packages/avoa3d-0.1.0-py3.12.egg-info/SOURCES.txt
-- Installing: /home/xizesse/ros_ws/src/avoa3d/install/avoa3d/lib/python3.12/site-packages/avoa3d-0.1.0-py3.12.egg-info/dependency_links.txt
-- Up-to-date: /home/xizesse/ros_ws/src/avoa3d/install/avoa3d/lib/python3.12/site-packages/avoa3d
-- Up-to-date: /home/xizesse/ros_ws/src/avoa3d/install/avoa3d/lib/python3.12/site-packages/avoa3d/_avoa3d_s.ep.rosidl_typesupport_fastrtps_c.c
-- Up-to-date: /home/xizesse/ros_ws/src/avoa3d/install/avoa3d/lib/python3.12/site-packages/avoa3d/__init__.py
-- Up-to-date: /home/xizesse/ros_ws/src/avoa3d/install/avoa3d/lib/python3.12/site-packages/avoa3d/avoa3d_s__rosidl_typesupport_c.so
-- Up-to-date: /home/xizesse/ros_ws/src/avoa3d/install/avoa3d/lib/python3.12/site-packages/avoa3d/_avoa3d_s.ep.rosidl_typesupport_c.c
-- Up-to-date: /home/xizesse/ros_ws/src/avoa3d/install/avoa3d/lib/python3.12/site-packages/avoa3d/avoa3d_s__rosidl_typesupport_fastrtps_c.so
-- Up-to-date: /home/xizesse/ros_ws/src/avoa3d/install/avoa3d/lib/python3.12/site-packages/avoa3d/_avoa3d_s.ep.rosidl_typesupport_introspection_c.c
-- Up-to-date: /home/xizesse/ros_ws/src/avoa3d/install/avoa3d/lib/python3.12/site-packages/avoa3d/avoa3d_s__rosidl_typesupport_introspection_c.so
-- Up-to-date: /home/xizesse/ros_ws/src/avoa3d/install/avoa3d/lib/python3.12/site-packages/avoa3d/msg
-- Up-to-date: /home/xizesse/ros_ws/src/avoa3d/install/avoa3d/lib/python3.12/site-packages/avoa3d/msg/__init__.py
-- Up-to-date: /home/xizesse/ros_ws/src/avoa3d/install/avoa3d/lib/python3.12/site-packages/avoa3d/msg/_element_characteristics_array_s.c
-- Up-to-date: /home/xizesse/ros_ws/src/avoa3d/install/avoa3d/lib/python3.12/site-packages/avoa3d/msg/_element_characteristics_stamped_s.c
-- Up-to-date: /home/xizesse/ros_ws/src/avoa3d/install/avoa3d/lib/python3.12/site-packages/avoa3d/msg/_element_characteristics_array.py
-- Up-to-date: /home/xizesse/ros_ws/src/avoa3d/install/avoa3d/lib/python3.12/site-packages/avoa3d/msg/_element_characteristics_stamped.py
Listing '/home/xizesse/ros_ws/src/avoa3d/install/avoa3d/lib/python3.12/site-packages/avoa3d'...
Listing '/home/xizesse/ros_ws/src/avoa3d/install/avoa3d/lib/python3.12/site-packages/avoa3d/msg'...
-- Up-to-date: /home/xizesse/ros_ws/src/avoa3d/install/avoa3d/lib/python3.12/site-packages/avoa3d/avoa3d_s__rosidl_typesupport_fastrtps_c.so
-- Up-to-date: /home/xizesse/ros_ws/src/avoa3d/install/avoa3d/lib/python3.12/site-packages/avoa3d/avoa3d_s__rosidl_typesupport_introspection_c.so
-- Up-to-date: /home/xizesse/ros_ws/src/avoa3d/install/avoa3d/lib/python3.12/site-packages/avoa3d/avoa3d_s__rosidl_typesupport_c.so
-- Up-to-date: /home/xizesse/ros_ws/src/avoa3d/install/avoa3d/lib/libavoa3d__rosidl_generator_py.so
-- Up-to-date: /home/xizesse/ros_ws/src/avoa3d/install/avoa3d/share/avoa3d/msg/ElementCharacteristicsStamped.idl
-- Up-to-date: /home/xizesse/ros_ws/src/avoa3d/install/avoa3d/share/avoa3d/msg/ElementCharacteristicsArray.idl
-- Up-to-date: /home/xizesse/ros_ws/src/avoa3d/install/avoa3d/share/avoa3d/msg/ElementCharacteristicsStamped.msg
-- Up-to-date: /home/xizesse/ros_ws/src/avoa3d/install/avoa3d/share/avoa3d/msg/ElementCharacteristicsArray.msg
-- Up-to-date: /home/xizesse/ros_ws/src/avoa3d/install/avoa3d/lib/avoa3d/rviz_marker
-- Up-to-date: /home/xizesse/ros_ws/src/avoa3d/install/avoa3d/lib/avoa3d/test_w_goal
-- Up-to-date: /home/xizesse/ros_ws/src/avoa3d/install/avoa3d/lib/avoa3d/obstacle_publisher
-- Installing: /home/xizesse/ros_ws/src/avoa3d/install/avoa3d/lib/avoa3d/avoa3dnode
-- Set non-toolchain portion of runtime path of "/home/xizesse/ros_ws/src/avoa3d/install/avoa3d/lib/avoa3d/avoa3dnode" to ""
-- Up-to-date: /home/xizesse/ros_ws/src/avoa3d/install/avoa3d/share/avoa3d//launch
-- Up-to-date: /home/xizesse/ros_ws/src/avoa3d/install/avoa3d/share/avoa3d//launch/holonomic.xml
-- Up-to-date: /home/xizesse/ros_ws/src/avoa3d/install/avoa3d/share/avoa3d//launch/diff_drive.py
-- Up-to-date: /home/xizesse/ros_ws/src/avoa3d/install/avoa3d/share/avoa3d//launch/holonomic.py
-- Up-to-date: /home/xizesse/ros_ws/src/avoa3d/install/avoa3d/share/avoa3d//launch/single_static.xml
-- Up-to-date: /home/xizesse/ros_ws/src/avoa3d/install/avoa3d/share/avoa3d//launch/PurePursuit.xml
-- Up-to-date: /home/xizesse/ros_ws/src/avoa3d/install/avoa3d/share/avoa3d//launch/dynamic.xml
-- Up-to-date: /home/xizesse/ros_ws/src/avoa3d/install/avoa3d/share/avoa3d//launch/diffdrive.xml
-- Up-to-date: /home/xizesse/ros_ws/src/avoa3d/install/avoa3d/share/avoa3d//launch/bridge_launch.xml
-- Up-to-date: /home/xizesse/ros_ws/src/avoa3d/install/avoa3d/share/avoa3d//config
-- Installing: /home/xizesse/ros_ws/src/avoa3d/install/avoa3d/share/avoa3d//config/diff_drive_params.yaml
-- Up-to-date: /home/xizesse/ros_ws/src/avoa3d/install/avoa3d/share/avoa3d//config/bridge_config.yaml
-- Up-to-date: /home/xizesse/ros_ws/src/avoa3d/install/avoa3d/share/avoa3d//config/holonomic_params.yaml
-- Up-to-date: /home/xizesse/ros_ws/src/avoa3d/install/avoa3d/share/ament_index/resource_index/package_run_dependencies/avoa3d
-- Up-to-date: /home/xizesse/ros_ws/src/avoa3d/install/avoa3d/share/ament_index/resource_index/parent_prefix_path/avoa3d
-- Up-to-date: /home/xizesse/ros_ws/src/avoa3d/install/avoa3d/share/avoa3d/environment/ament_prefix_path.sh
-- Up-to-date: /home/xizesse/ros_ws/src/avoa3d/install/avoa3d/share/avoa3d/environment/ament_prefix_path.dsv
-- Up-to-date: /home/xizesse/ros_ws/src/avoa3d/install/avoa3d/share/avoa3d/environment/path.sh
-- Up-to-date: /home/xizesse/ros_ws/src/avoa3d/install/avoa3d/share/avoa3d/environment/path.dsv
-- Up-to-date: /home/xizesse/ros_ws/src/avoa3d/install/avoa3d/share/avoa3d/local_setup.bash
-- Up-to-date: /home/xizesse/ros_ws/src/avoa3d/install/avoa3d/share/avoa3d/local_setup.sh
-- Up-to-date: /home/xizesse/ros_ws/src/avoa3d/install/avoa3d/share/avoa3d/local_setup.zsh
-- Up-to-date: /home/xizesse/ros_ws/src/avoa3d/install/avoa3d/share/avoa3d/local_setup.dsv
-- Installing: /home/xizesse/ros_ws/src/avoa3d/install/avoa3d/share/avoa3d/package.dsv
-- Up-to-date: /home/xizesse/ros_ws/src/avoa3d/install/avoa3d/share/ament_index/resource_index/packages/avoa3d
-- Up-to-date: /home/xizesse/ros_ws/src/avoa3d/install/avoa3d/share/avoa3d/cmake/export_avoa3d__rosidl_generator_cExport.cmake
-- Up-to-date: /home/xizesse/ros_ws/src/avoa3d/install/avoa3d/share/avoa3d/cmake/export_avoa3d__rosidl_generator_cExport-noconfig.cmake
-- Up-to-date: /home/xizesse/ros_ws/src/avoa3d/install/avoa3d/share/avoa3d/cmake/export_avoa3d__rosidl_typesupport_fastrtps_cExport.cmake
-- Up-to-date: /home/xizesse/ros_ws/src/avoa3d/install/avoa3d/share/avoa3d/cmake/export_avoa3d__rosidl_typesupport_fastrtps_cExport-noconfig.cmake
-- Up-to-date: /home/xizesse/ros_ws/src/avoa3d/install/avoa3d/share/avoa3d/cmake/export_avoa3d__rosidl_generator_cppExport.cmake
-- Up-to-date: /home/xizesse/ros_ws/src/avoa3d/install/avoa3d/share/avoa3d/cmake/export_avoa3d__rosidl_typesupport_fastrtps_cppExport.cmake
-- Up-to-date: /home/xizesse/ros_ws/src/avoa3d/install/avoa3d/share/avoa3d/cmake/export_avoa3d__rosidl_typesupport_fastrtps_cppExport-noconfig.cmake
-- Up-to-date: /home/xizesse/ros_ws/src/avoa3d/install/avoa3d/share/avoa3d/cmake/avoa3d__rosidl_typesupport_introspection_cExport.cmake
-- Up-to-date: /home/xizesse/ros_ws/src/avoa3d/install/avoa3d/share/avoa3d/cmake/avoa3d__rosidl_typesupport_introspection_cExport-noconfig.cmake
-- Up-to-date: /home/xizesse/ros_ws/src/avoa3d/install/avoa3d/share/avoa3d/cmake/avoa3d__rosidl_typesupport_cExport.cmake
-- Up-to-date: /home/xizesse/ros_ws/src/avoa3d/install/avoa3d/share/avoa3d/cmake/avoa3d__rosidl_typesupport_cExport-noconfig.cmake
-- Up-to-date: /home/xizesse/ros_ws/src/avoa3d/install/avoa3d/share/avoa3d/cmake/avoa3d__rosidl_typesupport_introspection_cppExport.cmake
-- Up-to-date: /home/xizesse/ros_ws/src/avoa3d/install/avoa3d/share/avoa3d/cmake/avoa3d__rosidl_typesupport_introspection_cppExport-noconfig.cmake
-- Up-to-date: /home/xizesse/ros_ws/src/avoa3d/install/avoa3d/share/avoa3d/cmake/avoa3d__rosidl_typesupport_cppExport.cmake
-- Up-to-date: /home/xizesse/ros_ws/src/avoa3d/install/avoa3d/share/avoa3d/cmake/avoa3d__rosidl_typesupport_cppExport-noconfig.cmake
-- Up-to-date: /home/xizesse/ros_ws/src/avoa3d/install/avoa3d/share/avoa3d/cmake/export_avoa3d__rosidl_generator_pyExport.cmake
-- Up-to-date: /home/xizesse/ros_ws/src/avoa3d/install/avoa3d/share/avoa3d/cmake/export_avoa3d__rosidl_generator_pyExport-noconfig.cmake
-- Up-to-date: /home/xizesse/ros_ws/src/avoa3d/install/avoa3d/share/avoa3d/cmake/rosidl_cmake-extras.cmake
-- Up-to-date: /home/xizesse/ros_ws/src/avoa3d/install/avoa3d/share/avoa3d/cmake/ament_cmake_export_dependencies-extras.cmake
-- Up-to-date: /home/xizesse/ros_ws/src/avoa3d/install/avoa3d/share/avoa3d/cmake/ament_cmake_export_include_directories-extras.cmake
-- Up-to-date: /home/xizesse/ros_ws/src/avoa3d/install/avoa3d/share/avoa3d/cmake/ament_cmake_export_libraries-extras.cmake
-- Up-to-date: /home/xizesse/ros_ws/src/avoa3d/install/avoa3d/share/avoa3d/cmake/ament_cmake_export_targets-extras.cmake
-- Up-to-date: /home/xizesse/ros_ws/src/avoa3d/install/avoa3d/share/avoa3d/cmake/rosidl_cmake_export_typesupport_targets-extras.cmake
-- Up-to-date: /home/xizesse/ros_ws/src/avoa3d/install/avoa3d/share/avoa3d/cmake/rosidl_cmake_export_typesupport_libraries-extras.cmake
-- Up-to-date: /home/xizesse/ros_ws/src/avoa3d/install/avoa3d/share/avoa3d/cmake/avoa3dConfig.cmake
-- Up-to-date: /home/xizesse/ros_ws/src/avoa3d/install/avoa3d/share/avoa3d/cmake/avoa3dConfig-version.cmake
-- Up-to-date: /home/xizesse/ros_ws/src/avoa3d/install/avoa3d/share/avoa3d/package.xml
