[0.000000] (-) TimerEvent: {}
[0.000133] (avoa3d) JobQueued: {'identifier': 'avoa3d', 'dependencies': OrderedDict()}
[0.000163] (avoa3d) JobStarted: {'identifier': 'avoa3d'}
[0.005815] (avoa3d) JobProgress: {'identifier': 'avoa3d', 'progress': 'cmake'}
[0.006498] (avoa3d) Command: {'cmd': ['/usr/bin/cmake', '/home/motusxico/ros2_ws/src/avoa3d', '-DAMENT_CMAKE_SYMLINK_INSTALL=1', '-DCMAKE_INSTALL_PREFIX=/home/motusxico/ros2_ws/src/avoa3d/install/avoa3d'], 'cwd': '/home/motusxico/ros2_ws/src/avoa3d/build/avoa3d', 'env': OrderedDict({'GJS_DEBUG_TOPICS': 'JS ERROR;JS LOG', 'LESSOPEN': '| /usr/bin/lesspipe %s', 'VSCODE_CWD': '/home/motusxico', 'GZ_SIM_RESOURCE_PATH': '/opt/ros/jazzy/share', 'USER': 'motusxico', 'VSCODE_NLS_CONFIG': '{"userLocale":"en-us","osLocale":"en-us","resolvedLanguage":"en","defaultMessagesFile":"/usr/share/antigravity/resources/app/out/nls.messages.json","locale":"en-us","availableLanguages":{}}', 'GZ_CONFIG_PATH': '/opt/ros/jazzy/opt/gz_sim_vendor/share/gz:/opt/ros/jazzy/opt/sdformat_vendor/share/gz:/opt/ros/jazzy/opt/gz_gui_vendor/share/gz:/opt/ros/jazzy/opt/gz_transport_vendor/share/gz:/opt/ros/jazzy/opt/gz_rendering_vendor/share/gz:/opt/ros/jazzy/opt/gz_plugin_vendor/share/gz:/opt/ros/jazzy/opt/gz_fuel_tools_vendor/share/gz:/opt/ros/jazzy/opt/gz_msgs_vendor/share/gz:/opt/ros/jazzy/opt/gz_common_vendor/share/gz', 'XDG_SESSION_TYPE': 'x11', 'CLUTTER_DISABLE_MIPMAPPED_TEXT': '1', 'SHLVL': '0', 'LD_LIBRARY_PATH': '/opt/ros/jazzy/opt/gz_sim_vendor/lib:/opt/ros/jazzy/opt/gz_sensors_vendor/lib:/opt/ros/jazzy/opt/gz_physics_vendor/lib:/opt/ros/jazzy/opt/sdformat_vendor/lib:/opt/ros/jazzy/opt/rviz_ogre_vendor/lib:/opt/ros/jazzy/lib/x86_64-linux-gnu:/opt/ros/jazzy/opt/gz_gui_vendor/lib:/opt/ros/jazzy/opt/gz_transport_vendor/lib:/opt/ros/jazzy/opt/gz_rendering_vendor/lib:/opt/ros/jazzy/opt/gz_plugin_vendor/lib:/opt/ros/jazzy/opt/gz_fuel_tools_vendor/lib:/opt/ros/jazzy/opt/gz_msgs_vendor/lib:/opt/ros/jazzy/opt/gz_common_vendor/lib:/opt/ros/jazzy/opt/gz_math_vendor/lib:/opt/ros/jazzy/opt/gz_utils_vendor/lib:/opt/ros/jazzy/opt/gz_tools_vendor/lib:/opt/ros/jazzy/opt/gz_ogre_next_vendor/lib:/opt/ros/jazzy/opt/gz_dartsim_vendor/lib:/opt/ros/jazzy/opt/gz_cmake_vendor/lib:/opt/ros/jazzy/lib', 'HOME': '/home/motusxico', 'CHROME_DESKTOP': 'antigravity.desktop', 'DESKTOP_SESSION': 'ubuntu', 'VSCODE_IPC_HOOK': '/run/user/1000/vscode-7017e34c-1.10-main.sock', 'GIO_LAUNCHED_DESKTOP_FILE': '/usr/share/applications/antigravity.desktop', 'ROS_PYTHON_VERSION': '3', 'GNOME_SHELL_SESSION_MODE': 'ubuntu', 'GTK_MODULES': 'gail:atk-bridge', 'PAGER': 'cat', 'MANAGERPID': '2124', 'SYSTEMD_EXEC_PID': '2504', 'GSM_SKIP_SSH_AGENT_WORKAROUND': 'true', 'DBUS_SESSION_BUS_ADDRESS': 'unix:path=/run/user/1000/bus', 'ANTIGRAVITY_AGENT': '1', 'GIO_LAUNCHED_DESKTOP_FILE_PID': '5021', 'DEBUGINFOD_URLS': 'https://debuginfod.ubuntu.com', 'ROS_DISTRO': 'jazzy', 'LOGNAME': 'motusxico', 'JOURNAL_STREAM': '9:19715', '_': '/usr/bin/colcon', 'ROS_VERSION': '2', 'MEMORY_PRESSURE_WATCH': '/sys/fs/cgroup/user.slice/user-1000.slice/user@1000.service/session.slice/org.gnome.Shell@x11.service/memory.pressure', 'XDG_SESSION_CLASS': 'user', 'USERNAME': 'motusxico', 'TERM': 'dumb', 'GNOME_DESKTOP_SESSION_ID': 'this-is-deprecated', 'FC_FONTATIONS': '1', 'WINDOWPATH': '2', 'ANTIGRAVITY_EDITOR_APP_ROOT': '/usr/share/antigravity/resources/app', 'PATH': '/opt/ros/jazzy/opt/gz_msgs_vendor/bin:/opt/ros/jazzy/opt/gz_tools_vendor/bin:/opt/ros/jazzy/opt/gz_ogre_next_vendor/bin:/opt/ros/jazzy/bin:/home/motusxico/venv-ardupilot/bin:/home/motusxico/venv-ardupilot/bin:/usr/local/sbin:/usr/local/bin:/usr/sbin:/usr/bin:/sbin:/bin:/usr/games:/usr/local/games:/snap/bin:/snap/bin', 'SESSION_MANAGER': 'local/motusxico:@/tmp/.ICE-unix/2441,unix/motusxico:/tmp/.ICE-unix/2441', 'INVOCATION_ID': '5a7848811f5d4108b1b6759dd92af15a', 'XDG_MENU_PREFIX': 'gnome-', 'XDG_RUNTIME_DIR': '/run/user/1000', 'GDK_BACKEND': 'x11', 'DISPLAY': ':1', 'LANG': 'en_US.UTF-8', 'XDG_CURRENT_DESKTOP': 'ubuntu:GNOME', 'VIRTUAL_ENV_PROMPT': '(venv-ardupilot)', 'RMW_IMPLEMENTATION': 'rmw_cyclonedds_cpp', 'XMODIFIERS': '@im=ibus', 'XDG_SESSION_DESKTOP': 'ubuntu', 'XAUTHORITY': '/run/user/1000/gdm/Xauthority', 'LS_COLORS': '', 'SBX_CHROME_API_RQ': '1', 'SSH_AUTH_SOCK': '/run/user/1000/keyring/ssh', 'AMENT_PREFIX_PATH': '/opt/ros/jazzy', 'SHELL': '/bin/bash', 'QT_ACCESSIBILITY': '1', 'GDMSESSION': 'ubuntu', 'LESSCLOSE': '/usr/bin/lesspipe %s %s', 'GPG_AGENT_INFO': '/run/user/1000/gnupg/S.gpg-agent:0:1', 'GJS_DEBUG_OUTPUT': 'stderr', 'VIRTUAL_ENV': '/home/motusxico/venv-ardupilot', 'ROS_AUTOMATIC_DISCOVERY_RANGE': 'SUBNET', 'QT_IM_MODULE': 'ibus', 'ANTIGRAVITY_TRAJECTORY_ID': '7eb28a14-f5df-463d-84b0-aecf67d48e37', 'PWD': '/home/motusxico/ros2_ws/src/avoa3d/build/avoa3d', 'LC_ALL': 'en_US.UTF-8', 'XDG_CONFIG_DIRS': '/etc/xdg/xdg-ubuntu:/etc/xdg', 'VSCODE_CODE_CACHE_PATH': '/home/motusxico/.config/Antigravity/CachedData/15487b3041e65228cae24980a3f796c905ef582c', 'XDG_DATA_DIRS': '/usr/share/ubuntu:/usr/share/gnome:/usr/local/share/:/usr/share/:/var/lib/snapd/desktop', 'PYTHONPATH': '/opt/ros/jazzy/lib/python3.12/site-packages', 'COLCON': '1', 'MEMORY_PRESSURE_WRITE': 'c29tZSAyMDAwMDAgMjAwMDAwMAA=', 'CMAKE_PREFIX_PATH': '/opt/ros/jazzy/opt/gz_sim_vendor:/opt/ros/jazzy/opt/gz_sensors_vendor:/opt/ros/jazzy/opt/gz_physics_vendor:/opt/ros/jazzy/opt/sdformat_vendor:/opt/ros/jazzy/opt/gz_gui_vendor:/opt/ros/jazzy/opt/gz_transport_vendor:/opt/ros/jazzy/opt/gz_rendering_vendor:/opt/ros/jazzy/opt/gz_plugin_vendor:/opt/ros/jazzy/opt/gz_fuel_tools_vendor:/opt/ros/jazzy/opt/gz_msgs_vendor:/opt/ros/jazzy/opt/gz_common_vendor:/opt/ros/jazzy/opt/gz_math_vendor:/opt/ros/jazzy/opt/gz_utils_vendor:/opt/ros/jazzy/opt/gz_tools_vendor:/opt/ros/jazzy/opt/gz_ogre_next_vendor:/opt/ros/jazzy/opt/gz_dartsim_vendor:/opt/ros/jazzy/opt/gz_cmake_vendor:/opt/ros/jazzy', 'VSCODE_PID': '5021'}), 'shell': False}
[0.037279] (avoa3d) StdoutLine: {'line': b'-- Found ament_cmake: 2.5.5 (/opt/ros/jazzy/share/ament_cmake/cmake)\n'}
[0.096780] (-) TimerEvent: {}
[0.197014] (-) TimerEvent: {}
[0.210803] (avoa3d) StdoutLine: {'line': b'-- Found Python3: /home/motusxico/venv-ardupilot/bin/python3 (found version "3.12.3") found components: Interpreter \n'}
[0.299497] (-) TimerEvent: {}
[0.376749] (avoa3d) StdoutLine: {'line': b'-- Override CMake install command with custom implementation using symlinks instead of copying resources\n'}
[0.399589] (-) TimerEvent: {}
[0.500149] (-) TimerEvent: {}
[0.514768] (avoa3d) StdoutLine: {'line': b'-- Found rclcpp: 28.1.16 (/opt/ros/jazzy/share/rclcpp/cmake)\n'}
[0.600243] (-) TimerEvent: {}
[0.605854] (avoa3d) StdoutLine: {'line': b'-- Found rosidl_generator_c: 4.6.7 (/opt/ros/jazzy/share/rosidl_generator_c/cmake)\n'}
[0.628119] (avoa3d) StdoutLine: {'line': b'-- Found rosidl_generator_cpp: 4.6.7 (/opt/ros/jazzy/share/rosidl_generator_cpp/cmake)\n'}
[0.660363] (avoa3d) StdoutLine: {'line': b'-- Using all available rosidl_typesupport_c: rosidl_typesupport_fastrtps_c;rosidl_typesupport_introspection_c\n'}
[0.691400] (avoa3d) StdoutLine: {'line': b'-- Using all available rosidl_typesupport_cpp: rosidl_typesupport_fastrtps_cpp;rosidl_typesupport_introspection_cpp\n'}
[0.700374] (-) TimerEvent: {}
[0.801654] (-) TimerEvent: {}
[0.834428] (avoa3d) StdoutLine: {'line': b'-- Found rmw_implementation_cmake: 7.3.3 (/opt/ros/jazzy/share/rmw_implementation_cmake/cmake)\n'}
[0.840447] (avoa3d) StdoutLine: {'line': b'-- Found rmw_cyclonedds_cpp: 2.2.3 (/opt/ros/jazzy/share/rmw_cyclonedds_cpp/cmake)\n'}
[0.892547] (avoa3d) StdoutLine: {'line': b"-- Using RMW implementation 'rmw_cyclonedds_cpp' as default\n"}
[0.901696] (-) TimerEvent: {}
[0.983167] (avoa3d) StdoutLine: {'line': b'-- Found std_msgs: 5.3.6 (/opt/ros/jazzy/share/std_msgs/cmake)\n'}
[1.001777] (-) TimerEvent: {}
[1.003462] (avoa3d) StdoutLine: {'line': b'-- Found visualization_msgs: 5.3.6 (/opt/ros/jazzy/share/visualization_msgs/cmake)\n'}
[1.094536] (avoa3d) StdoutLine: {'line': b'-- Found rosidl_default_generators: 1.6.0 (/opt/ros/jazzy/share/rosidl_default_generators/cmake)\n'}
[1.101878] (-) TimerEvent: {}
[1.118814] (avoa3d) StdoutLine: {'line': b'-- Found rosidl_adapter: 4.6.7 (/opt/ros/jazzy/share/rosidl_adapter/cmake)\n'}
[1.125166] (avoa3d) StdoutLine: {'line': b'-- Found nav_msgs: 5.3.6 (/opt/ros/jazzy/share/nav_msgs/cmake)\n'}
[1.159274] (avoa3d) StdoutLine: {'line': b'-- Found tf2_ros: 0.36.19 (/opt/ros/jazzy/share/tf2_ros/cmake)\n'}
[1.201952] (-) TimerEvent: {}
[1.302160] (-) TimerEvent: {}
[1.348621] (avoa3d) StdoutLine: {'line': b'-- Found tf2_eigen: 0.36.19 (/opt/ros/jazzy/share/tf2_eigen/cmake)\n'}
[1.365172] (avoa3d) StdoutLine: {'line': b'-- Found tf2_geometry_msgs: 0.36.19 (/opt/ros/jazzy/share/tf2_geometry_msgs/cmake)\n'}
[1.380954] (avoa3d) StdoutLine: {'line': b'-- Found eigen3_cmake_module: 0.3.0 (/opt/ros/jazzy/share/eigen3_cmake_module/cmake)\n'}
[1.382533] (avoa3d) StdoutLine: {'line': b'-- Found Eigen3: TRUE (found version "3.4.0") \n'}
[1.382779] (avoa3d) StdoutLine: {'line': b'-- Ensuring Eigen3 include directory is part of orocos-kdl CMake target\n'}
[1.387761] (avoa3d) StdoutLine: {'line': b'-- Found rviz_visual_tools: 4.1.4 (/opt/ros/jazzy/share/rviz_visual_tools/cmake)\n'}
[1.402266] (-) TimerEvent: {}
[1.502480] (-) TimerEvent: {}
[1.504531] (avoa3d) StdoutLine: {'line': b'-- Found TinyXML2 via Config file: /usr/lib/x86_64-linux-gnu/cmake/tinyxml2\n'}
[1.510115] (avoa3d) StdoutLine: {'line': b"-- Setting OGRE_DIR to: '/opt/ros/jazzy/share/rviz_ogre_vendor/cmake/../../../opt/rviz_ogre_vendor/lib/OGRE/cmake'\n"}
[1.511908] (avoa3d) StdoutLine: {'line': b'-- Found OGRE\n'}
[1.512045] (avoa3d) StdoutLine: {'line': b'--   static     : OFF\n'}
[1.512119] (avoa3d) StdoutLine: {'line': b'--   components : MeshLodGenerator;Overlay;Paging;Property;RTShaderSystem;Terrain;Volume\n'}
[1.512187] (avoa3d) StdoutLine: {'line': b'--   plugins    : Plugin_BSPSceneManager;Plugin_OctreeSceneManager;Plugin_PCZSceneManager;Plugin_ParticleFX;RenderSystem_GL;RenderSystem_GL3Plus;Codec_STBI\n'}
[1.512253] (avoa3d) StdoutLine: {'line': b'--   media      : /opt/ros/jazzy/opt/rviz_ogre_vendor/share/OGRE/Media\n'}
[1.512317] (avoa3d) StdoutLine: {'line': b'-- OGRE_LIBRARIES: OgreMeshLodGenerator;OgreOverlay;OgrePaging;OgreProperty;OgreRTShaderSystem;OgreTerrain;OgreVolume;OgreMain\n'}
[1.512381] (avoa3d) StdoutLine: {'line': b'-- OGRE_LIBRARY_DIRS: /opt/ros/jazzy/opt/rviz_ogre_vendor/lib\n'}
[1.512447] (avoa3d) StdoutLine: {'line': b'-- OGRE_PLUGINS: Plugin_BSPSceneManager;Plugin_OctreeSceneManager;Plugin_PCZSceneManager;Plugin_ParticleFX;RenderSystem_GL;RenderSystem_GL3Plus;Codec_STBI\n'}
[1.512535] (avoa3d) StdoutLine: {'line': b'-- OGRE_PLUGIN_DIR: /opt/ros/jazzy/opt/rviz_ogre_vendor/lib/OGRE\n'}
[1.512662] (avoa3d) StdoutLine: {'line': b'-- rviz_ogre_vendor::OgreOverlay for IMPORTED_LOCATION_RELEASE: /opt/ros/jazzy/opt/rviz_ogre_vendor/lib/libOgreOverlay.so\n'}
[1.512741] (avoa3d) StdoutLine: {'line': b'-- rviz_ogre_vendor::OgreOverlay for IMPORTED_LOCATION_DEBUG: /opt/ros/jazzy/opt/rviz_ogre_vendor/lib/libOgreOverlay.so\n'}
[1.512803] (avoa3d) StdoutLine: {'line': b'-- rviz_ogre_vendor::OgreMain for IMPORTED_LOCATION_RELEASE: /opt/ros/jazzy/opt/rviz_ogre_vendor/lib/libOgreMain.so\n'}
[1.512868] (avoa3d) StdoutLine: {'line': b'-- rviz_ogre_vendor::OgreMain for IMPORTED_LOCATION_DEBUG: /opt/ros/jazzy/opt/rviz_ogre_vendor/lib/libOgreMain.so\n'}
[1.555208] (avoa3d) StdoutLine: {'line': b'-- Found ZLIB: /usr/lib/x86_64-linux-gnu/libz.so (found version "1.3")  \n'}
[1.568903] (avoa3d) StdoutLine: {'line': b'-- Found OpenGL: /usr/lib/x86_64-linux-gnu/libOpenGL.so   \n'}
[1.602563] (-) TimerEvent: {}
[1.702763] (-) TimerEvent: {}
[1.749843] (avoa3d) StdoutLine: {'line': b'-- Found X11: /usr/include   \n'}
[1.750366] (avoa3d) StdoutLine: {'line': b'-- Looking for XOpenDisplay in /usr/lib/x86_64-linux-gnu/libX11.so;/usr/lib/x86_64-linux-gnu/libXext.so\n'}
[1.802843] (-) TimerEvent: {}
[1.844352] (avoa3d) StdoutLine: {'line': b'-- Looking for XOpenDisplay in /usr/lib/x86_64-linux-gnu/libX11.so;/usr/lib/x86_64-linux-gnu/libXext.so - found\n'}
[1.844522] (avoa3d) StdoutLine: {'line': b'-- Looking for gethostbyname\n'}
[1.902933] (-) TimerEvent: {}
[1.925306] (avoa3d) StdoutLine: {'line': b'-- Looking for gethostbyname - found\n'}
[1.925513] (avoa3d) StdoutLine: {'line': b'-- Looking for connect\n'}
[2.003278] (-) TimerEvent: {}
[2.007698] (avoa3d) StdoutLine: {'line': b'-- Looking for connect - found\n'}
[2.007869] (avoa3d) StdoutLine: {'line': b'-- Looking for remove\n'}
[2.099982] (avoa3d) StdoutLine: {'line': b'-- Looking for remove - found\n'}
[2.100865] (avoa3d) StdoutLine: {'line': b'-- Looking for shmat\n'}
[2.103391] (-) TimerEvent: {}
[2.186879] (avoa3d) StdoutLine: {'line': b'-- Looking for shmat - found\n'}
[2.187028] (avoa3d) StdoutLine: {'line': b'-- Looking for IceConnectionNumber in ICE\n'}
[2.203499] (-) TimerEvent: {}
[2.295466] (avoa3d) StdoutLine: {'line': b'-- Looking for IceConnectionNumber in ICE - found\n'}
[2.303848] (-) TimerEvent: {}
[2.384170] (avoa3d) StdoutLine: {'line': b"-- Setting yaml-cpp_DIR to: '/opt/ros/jazzy/share/yaml_cpp_vendor/cmake/../../../opt/yaml_cpp_vendor/share/cmake/yaml-cpp'\n"}
[2.408073] (-) TimerEvent: {}
[2.508330] (-) TimerEvent: {}
[2.596641] (avoa3d) StdoutLine: {'line': b'-- Found geographic_msgs: 1.0.6 (/opt/ros/jazzy/share/geographic_msgs/cmake)\n'}
[2.608415] (-) TimerEvent: {}
[2.708684] (-) TimerEvent: {}
[2.808899] (-) TimerEvent: {}
[2.909465] (-) TimerEvent: {}
[3.009692] (-) TimerEvent: {}
[3.110861] (-) TimerEvent: {}
[3.211121] (-) TimerEvent: {}
[3.312786] (-) TimerEvent: {}
[3.413025] (-) TimerEvent: {}
[3.440500] (avoa3d) StdoutLine: {'line': b'-- Found ament_cmake_ros: 0.12.0 (/opt/ros/jazzy/share/ament_cmake_ros/cmake)\n'}
[3.516521] (-) TimerEvent: {}
[3.617115] (-) TimerEvent: {}
[3.717535] (-) TimerEvent: {}
[3.818919] (-) TimerEvent: {}
[3.920744] (-) TimerEvent: {}
[4.021008] (-) TimerEvent: {}
[4.122717] (-) TimerEvent: {}
[4.222980] (-) TimerEvent: {}
[4.323197] (-) TimerEvent: {}
[4.423398] (-) TimerEvent: {}
[4.523609] (-) TimerEvent: {}
[4.559964] (avoa3d) StdoutLine: {'line': b'-- Using all available rosidl_typesupport_c: rosidl_typesupport_fastrtps_c;rosidl_typesupport_introspection_c\n'}
[4.623731] (-) TimerEvent: {}
[4.723909] (-) TimerEvent: {}
[4.824103] (-) TimerEvent: {}
[4.926694] (-) TimerEvent: {}
[4.938616] (avoa3d) StdoutLine: {'line': b'-- Using all available rosidl_typesupport_cpp: rosidl_typesupport_fastrtps_cpp;rosidl_typesupport_introspection_cpp\n'}
[4.943542] (avoa3d) StdoutLine: {'line': b'-- Found python_cmake_module: 0.11.1 (/opt/ros/jazzy/share/python_cmake_module/cmake)\n'}
[5.026799] (-) TimerEvent: {}
[5.073949] (avoa3d) StdoutLine: {'line': b'-- Found PythonExtra: /home/motusxico/venv-ardupilot/bin/python3  \n'}
[5.127394] (-) TimerEvent: {}
[5.227859] (-) TimerEvent: {}
[5.328363] (-) TimerEvent: {}
[5.428569] (-) TimerEvent: {}
[5.509076] (avoa3d) StdoutLine: {'line': b'-- Found Python3: /home/motusxico/venv-ardupilot/bin/python3 (found version "3.12.3") found components: Interpreter Development NumPy Development.Module Development.Embed \n'}
[5.528651] (-) TimerEvent: {}
[5.583807] (avoa3d) StdoutLine: {'line': b'-- Found ament_lint_auto: 0.17.4 (/opt/ros/jazzy/share/ament_lint_auto/cmake)\n'}
[5.596694] (avoa3d) StdoutLine: {'line': b'-- Configuring done (5.6s)\n'}
[5.628718] (-) TimerEvent: {}
[5.676167] (avoa3d) StdoutLine: {'line': b'-- Generating done (0.1s)\n'}
[5.699245] (avoa3d) StdoutLine: {'line': b'-- Build files have been written to: /home/motusxico/ros2_ws/src/avoa3d/build/avoa3d\n'}
[5.711965] (avoa3d) CommandEnded: {'returncode': 0}
[5.713470] (avoa3d) JobProgress: {'identifier': 'avoa3d', 'progress': 'build'}
[5.713502] (avoa3d) Command: {'cmd': ['/usr/bin/cmake', '--build', '/home/motusxico/ros2_ws/src/avoa3d/build/avoa3d', '--', '-j6', '-l6'], 'cwd': '/home/motusxico/ros2_ws/src/avoa3d/build/avoa3d', 'env': OrderedDict({'GJS_DEBUG_TOPICS': 'JS ERROR;JS LOG', 'LESSOPEN': '| /usr/bin/lesspipe %s', 'VSCODE_CWD': '/home/motusxico', 'GZ_SIM_RESOURCE_PATH': '/opt/ros/jazzy/share', 'USER': 'motusxico', 'VSCODE_NLS_CONFIG': '{"userLocale":"en-us","osLocale":"en-us","resolvedLanguage":"en","defaultMessagesFile":"/usr/share/antigravity/resources/app/out/nls.messages.json","locale":"en-us","availableLanguages":{}}', 'GZ_CONFIG_PATH': '/opt/ros/jazzy/opt/gz_sim_vendor/share/gz:/opt/ros/jazzy/opt/sdformat_vendor/share/gz:/opt/ros/jazzy/opt/gz_gui_vendor/share/gz:/opt/ros/jazzy/opt/gz_transport_vendor/share/gz:/opt/ros/jazzy/opt/gz_rendering_vendor/share/gz:/opt/ros/jazzy/opt/gz_plugin_vendor/share/gz:/opt/ros/jazzy/opt/gz_fuel_tools_vendor/share/gz:/opt/ros/jazzy/opt/gz_msgs_vendor/share/gz:/opt/ros/jazzy/opt/gz_common_vendor/share/gz', 'XDG_SESSION_TYPE': 'x11', 'CLUTTER_DISABLE_MIPMAPPED_TEXT': '1', 'SHLVL': '0', 'LD_LIBRARY_PATH': '/opt/ros/jazzy/opt/gz_sim_vendor/lib:/opt/ros/jazzy/opt/gz_sensors_vendor/lib:/opt/ros/jazzy/opt/gz_physics_vendor/lib:/opt/ros/jazzy/opt/sdformat_vendor/lib:/opt/ros/jazzy/opt/rviz_ogre_vendor/lib:/opt/ros/jazzy/lib/x86_64-linux-gnu:/opt/ros/jazzy/opt/gz_gui_vendor/lib:/opt/ros/jazzy/opt/gz_transport_vendor/lib:/opt/ros/jazzy/opt/gz_rendering_vendor/lib:/opt/ros/jazzy/opt/gz_plugin_vendor/lib:/opt/ros/jazzy/opt/gz_fuel_tools_vendor/lib:/opt/ros/jazzy/opt/gz_msgs_vendor/lib:/opt/ros/jazzy/opt/gz_common_vendor/lib:/opt/ros/jazzy/opt/gz_math_vendor/lib:/opt/ros/jazzy/opt/gz_utils_vendor/lib:/opt/ros/jazzy/opt/gz_tools_vendor/lib:/opt/ros/jazzy/opt/gz_ogre_next_vendor/lib:/opt/ros/jazzy/opt/gz_dartsim_vendor/lib:/opt/ros/jazzy/opt/gz_cmake_vendor/lib:/opt/ros/jazzy/lib', 'HOME': '/home/motusxico', 'CHROME_DESKTOP': 'antigravity.desktop', 'DESKTOP_SESSION': 'ubuntu', 'VSCODE_IPC_HOOK': '/run/user/1000/vscode-7017e34c-1.10-main.sock', 'GIO_LAUNCHED_DESKTOP_FILE': '/usr/share/applications/antigravity.desktop', 'ROS_PYTHON_VERSION': '3', 'GNOME_SHELL_SESSION_MODE': 'ubuntu', 'GTK_MODULES': 'gail:atk-bridge', 'PAGER': 'cat', 'MANAGERPID': '2124', 'SYSTEMD_EXEC_PID': '2504', 'GSM_SKIP_SSH_AGENT_WORKAROUND': 'true', 'DBUS_SESSION_BUS_ADDRESS': 'unix:path=/run/user/1000/bus', 'ANTIGRAVITY_AGENT': '1', 'GIO_LAUNCHED_DESKTOP_FILE_PID': '5021', 'DEBUGINFOD_URLS': 'https://debuginfod.ubuntu.com', 'ROS_DISTRO': 'jazzy', 'LOGNAME': 'motusxico', 'JOURNAL_STREAM': '9:19715', '_': '/usr/bin/colcon', 'ROS_VERSION': '2', 'MEMORY_PRESSURE_WATCH': '/sys/fs/cgroup/user.slice/user-1000.slice/user@1000.service/session.slice/org.gnome.Shell@x11.service/memory.pressure', 'XDG_SESSION_CLASS': 'user', 'USERNAME': 'motusxico', 'TERM': 'dumb', 'GNOME_DESKTOP_SESSION_ID': 'this-is-deprecated', 'FC_FONTATIONS': '1', 'WINDOWPATH': '2', 'ANTIGRAVITY_EDITOR_APP_ROOT': '/usr/share/antigravity/resources/app', 'PATH': '/opt/ros/jazzy/opt/gz_msgs_vendor/bin:/opt/ros/jazzy/opt/gz_tools_vendor/bin:/opt/ros/jazzy/opt/gz_ogre_next_vendor/bin:/opt/ros/jazzy/bin:/home/motusxico/venv-ardupilot/bin:/home/motusxico/venv-ardupilot/bin:/usr/local/sbin:/usr/local/bin:/usr/sbin:/usr/bin:/sbin:/bin:/usr/games:/usr/local/games:/snap/bin:/snap/bin', 'SESSION_MANAGER': 'local/motusxico:@/tmp/.ICE-unix/2441,unix/motusxico:/tmp/.ICE-unix/2441', 'INVOCATION_ID': '5a7848811f5d4108b1b6759dd92af15a', 'XDG_MENU_PREFIX': 'gnome-', 'XDG_RUNTIME_DIR': '/run/user/1000', 'GDK_BACKEND': 'x11', 'DISPLAY': ':1', 'LANG': 'en_US.UTF-8', 'XDG_CURRENT_DESKTOP': 'ubuntu:GNOME', 'VIRTUAL_ENV_PROMPT': '(venv-ardupilot)', 'RMW_IMPLEMENTATION': 'rmw_cyclonedds_cpp', 'XMODIFIERS': '@im=ibus', 'XDG_SESSION_DESKTOP': 'ubuntu', 'XAUTHORITY': '/run/user/1000/gdm/Xauthority', 'LS_COLORS': '', 'SBX_CHROME_API_RQ': '1', 'SSH_AUTH_SOCK': '/run/user/1000/keyring/ssh', 'AMENT_PREFIX_PATH': '/opt/ros/jazzy', 'SHELL': '/bin/bash', 'QT_ACCESSIBILITY': '1', 'GDMSESSION': 'ubuntu', 'LESSCLOSE': '/usr/bin/lesspipe %s %s', 'GPG_AGENT_INFO': '/run/user/1000/gnupg/S.gpg-agent:0:1', 'GJS_DEBUG_OUTPUT': 'stderr', 'VIRTUAL_ENV': '/home/motusxico/venv-ardupilot', 'ROS_AUTOMATIC_DISCOVERY_RANGE': 'SUBNET', 'QT_IM_MODULE': 'ibus', 'ANTIGRAVITY_TRAJECTORY_ID': '7eb28a14-f5df-463d-84b0-aecf67d48e37', 'PWD': '/home/motusxico/ros2_ws/src/avoa3d/build/avoa3d', 'LC_ALL': 'en_US.UTF-8', 'XDG_CONFIG_DIRS': '/etc/xdg/xdg-ubuntu:/etc/xdg', 'VSCODE_CODE_CACHE_PATH': '/home/motusxico/.config/Antigravity/CachedData/15487b3041e65228cae24980a3f796c905ef582c', 'XDG_DATA_DIRS': '/usr/share/ubuntu:/usr/share/gnome:/usr/local/share/:/usr/share/:/var/lib/snapd/desktop', 'PYTHONPATH': '/opt/ros/jazzy/lib/python3.12/site-packages', 'COLCON': '1', 'MEMORY_PRESSURE_WRITE': 'c29tZSAyMDAwMDAgMjAwMDAwMAA=', 'CMAKE_PREFIX_PATH': '/opt/ros/jazzy/opt/gz_sim_vendor:/opt/ros/jazzy/opt/gz_sensors_vendor:/opt/ros/jazzy/opt/gz_physics_vendor:/opt/ros/jazzy/opt/sdformat_vendor:/opt/ros/jazzy/opt/gz_gui_vendor:/opt/ros/jazzy/opt/gz_transport_vendor:/opt/ros/jazzy/opt/gz_rendering_vendor:/opt/ros/jazzy/opt/gz_plugin_vendor:/opt/ros/jazzy/opt/gz_fuel_tools_vendor:/opt/ros/jazzy/opt/gz_msgs_vendor:/opt/ros/jazzy/opt/gz_common_vendor:/opt/ros/jazzy/opt/gz_math_vendor:/opt/ros/jazzy/opt/gz_utils_vendor:/opt/ros/jazzy/opt/gz_tools_vendor:/opt/ros/jazzy/opt/gz_ogre_next_vendor:/opt/ros/jazzy/opt/gz_dartsim_vendor:/opt/ros/jazzy/opt/gz_cmake_vendor:/opt/ros/jazzy', 'VSCODE_PID': '5021'}), 'shell': False}
[5.728820] (-) TimerEvent: {}
[5.765089] (avoa3d) StdoutLine: {'line': b'[  1%] \x1b[34m\x1b[1mGenerating type hashes for ROS interfaces\x1b[0m\n'}
[5.773546] (avoa3d) StdoutLine: {'line': b'[  1%] Built target ament_cmake_python_symlink_avoa3d\n'}
[5.828900] (-) TimerEvent: {}
[5.929230] (-) TimerEvent: {}
[6.030409] (-) TimerEvent: {}
[6.057736] (avoa3d) StdoutLine: {'line': b'[  1%] Built target avoa3d__rosidl_generator_type_description\n'}
[6.070775] (avoa3d) StdoutLine: {'line': b'[  3%] \x1b[34m\x1b[1mGenerating C code for ROS interfaces\x1b[0m\n'}
[6.077044] (avoa3d) StdoutLine: {'line': b'running egg_info\n'}
[6.081407] (avoa3d) StdoutLine: {'line': b'[  4%] \x1b[34m\x1b[1mGenerating C++ code for ROS interfaces\x1b[0m\n'}
[6.102288] (avoa3d) StdoutLine: {'line': b'creating avoa3d.egg-info\n'}
[6.102573] (avoa3d) StdoutLine: {'line': b'writing avoa3d.egg-info/PKG-INFO\n'}
[6.102734] (avoa3d) StdoutLine: {'line': b'writing dependency_links to avoa3d.egg-info/dependency_links.txt\n'}
[6.103021] (avoa3d) StdoutLine: {'line': b'writing top-level names to avoa3d.egg-info/top_level.txt\n'}
[6.103124] (avoa3d) StdoutLine: {'line': b"writing manifest file 'avoa3d.egg-info/SOURCES.txt'\n"}
[6.130484] (-) TimerEvent: {}
[6.174690] (avoa3d) StdoutLine: {'line': b"reading manifest file 'avoa3d.egg-info/SOURCES.txt'\n"}
[6.174843] (avoa3d) StdoutLine: {'line': b"writing manifest file 'avoa3d.egg-info/SOURCES.txt'\n"}
[6.208436] (avoa3d) StdoutLine: {'line': b'[  4%] Built target ament_cmake_python_build_avoa3d_egg\n'}
[6.230566] (-) TimerEvent: {}
[6.331698] (-) TimerEvent: {}
[6.432366] (-) TimerEvent: {}
[6.533388] (-) TimerEvent: {}
[6.539774] (avoa3d) StdoutLine: {'line': b'[  4%] Built target avoa3d__cpp\n'}
[6.603097] (avoa3d) StdoutLine: {'line': b'[  8%] \x1b[32mBuilding C object CMakeFiles/avoa3d__rosidl_generator_c.dir/rosidl_generator_c/avoa3d/msg/detail/element_characteristics_stamped__description.c.o\x1b[0m\n'}
[6.603253] (avoa3d) StdoutLine: {'line': b'[  8%] \x1b[32mBuilding C object CMakeFiles/avoa3d__rosidl_generator_c.dir/rosidl_generator_c/avoa3d/msg/detail/element_characteristics_array__functions.c.o\x1b[0m\n'}
[6.603326] (avoa3d) StdoutLine: {'line': b'[  9%] \x1b[32mBuilding C object CMakeFiles/avoa3d__rosidl_generator_c.dir/rosidl_generator_c/avoa3d/msg/detail/element_characteristics_stamped__type_support.c.o\x1b[0m\n'}
[6.603861] (avoa3d) StdoutLine: {'line': b'[ 11%] \x1b[32mBuilding C object CMakeFiles/avoa3d__rosidl_generator_c.dir/rosidl_generator_c/avoa3d/msg/detail/element_characteristics_stamped__functions.c.o\x1b[0m\n'}
[6.633643] (-) TimerEvent: {}
[6.655424] (avoa3d) StdoutLine: {'line': b'[ 13%] \x1b[32mBuilding C object CMakeFiles/avoa3d__rosidl_generator_c.dir/rosidl_generator_c/avoa3d/msg/detail/element_characteristics_array__type_support.c.o\x1b[0m\n'}
[6.674056] (avoa3d) StdoutLine: {'line': b'[ 14%] \x1b[32mBuilding C object CMakeFiles/avoa3d__rosidl_generator_c.dir/rosidl_generator_c/avoa3d/msg/detail/element_characteristics_array__description.c.o\x1b[0m\n'}
[6.741725] (-) TimerEvent: {}
[6.755527] (avoa3d) StdoutLine: {'line': b'[ 16%] \x1b[32m\x1b[1mLinking C shared library libavoa3d__rosidl_generator_c.so\x1b[0m\n'}
[6.861701] (-) TimerEvent: {}
[6.864944] (avoa3d) StdoutLine: {'line': b'[ 16%] Built target avoa3d__rosidl_generator_c\n'}
[6.865120] (avoa3d) StdoutLine: {'line': b'[ 18%] \x1b[34m\x1b[1mGenerating C type support for eProsima Fast-RTPS\x1b[0m\n'}
[6.865205] (avoa3d) StdoutLine: {'line': b'[ 19%] \x1b[34m\x1b[1mGenerating C++ type support dispatch for ROS interfaces\x1b[0m\n'}
[6.865280] (avoa3d) StdoutLine: {'line': b'[ 21%] \x1b[34m\x1b[1mGenerating C++ type support for eProsima Fast-RTPS\x1b[0m\n'}
[6.865353] (avoa3d) StdoutLine: {'line': b'[ 22%] \x1b[34m\x1b[1mGenerating C++ introspection for ROS interfaces\x1b[0m\n'}
[6.865424] (avoa3d) StdoutLine: {'line': b'[ 24%] \x1b[34m\x1b[1mGenerating C introspection for ROS interfaces\x1b[0m\n'}
[6.865489] (avoa3d) StdoutLine: {'line': b'[ 26%] \x1b[34m\x1b[1mGenerating C type support dispatch for ROS interfaces\x1b[0m\n'}
[6.961781] (-) TimerEvent: {}
[7.062355] (-) TimerEvent: {}
[7.185409] (-) TimerEvent: {}
[7.214911] (avoa3d) StdoutLine: {'line': b'[ 27%] \x1b[32mBuilding CXX object CMakeFiles/avoa3d__rosidl_typesupport_c.dir/rosidl_typesupport_c/avoa3d/msg/element_characteristics_stamped__type_support.cpp.o\x1b[0m\n'}
[7.285500] (-) TimerEvent: {}
[7.323168] (avoa3d) StdoutLine: {'line': b'[ 29%] \x1b[32mBuilding CXX object CMakeFiles/avoa3d__rosidl_typesupport_c.dir/rosidl_typesupport_c/avoa3d/msg/element_characteristics_array__type_support.cpp.o\x1b[0m\n'}
[7.346868] (avoa3d) StdoutLine: {'line': b'[ 31%] \x1b[32mBuilding C object CMakeFiles/avoa3d__rosidl_typesupport_introspection_c.dir/rosidl_typesupport_introspection_c/avoa3d/msg/detail/element_characteristics_stamped__type_support.c.o\x1b[0m\n'}
[7.374840] (avoa3d) StdoutLine: {'line': b'[ 32%] \x1b[32m\x1b[1mLinking CXX shared library libavoa3d__rosidl_typesupport_c.so\x1b[0m\n'}
[7.385789] (-) TimerEvent: {}
[7.424268] (avoa3d) StdoutLine: {'line': b'[ 34%] \x1b[32mBuilding CXX object CMakeFiles/avoa3d__rosidl_typesupport_introspection_cpp.dir/rosidl_typesupport_introspection_cpp/avoa3d/msg/detail/element_characteristics_stamped__type_support.cpp.o\x1b[0m\n'}
[7.437520] (avoa3d) StdoutLine: {'line': b'[ 34%] Built target avoa3d__rosidl_typesupport_c\n'}
[7.440656] (avoa3d) StdoutLine: {'line': b'[ 36%] \x1b[32mBuilding C object CMakeFiles/avoa3d__rosidl_typesupport_introspection_c.dir/rosidl_typesupport_introspection_c/avoa3d/msg/detail/element_characteristics_array__type_support.c.o\x1b[0m\n'}
[7.454787] (avoa3d) StdoutLine: {'line': b'[ 37%] \x1b[32mBuilding CXX object CMakeFiles/avoa3d__rosidl_typesupport_introspection_cpp.dir/rosidl_typesupport_introspection_cpp/avoa3d/msg/detail/element_characteristics_array__type_support.cpp.o\x1b[0m\n'}
[7.481209] (avoa3d) StdoutLine: {'line': b'[ 39%] \x1b[32mBuilding CXX object CMakeFiles/avoa3d__rosidl_typesupport_fastrtps_c.dir/rosidl_typesupport_fastrtps_c/avoa3d/msg/detail/element_characteristics_stamped__type_support_c.cpp.o\x1b[0m\n'}
[7.485869] (-) TimerEvent: {}
[7.570043] (avoa3d) StdoutLine: {'line': b'[ 40%] \x1b[32m\x1b[1mLinking C shared library libavoa3d__rosidl_typesupport_introspection_c.so\x1b[0m\n'}
[7.591728] (-) TimerEvent: {}
[7.662138] (avoa3d) StdoutLine: {'line': b'[ 40%] Built target avoa3d__rosidl_typesupport_introspection_c\n'}
[7.667764] (avoa3d) StdoutLine: {'line': b'[ 42%] \x1b[32mBuilding CXX object CMakeFiles/avoa3d__rosidl_typesupport_fastrtps_cpp.dir/rosidl_typesupport_fastrtps_cpp/avoa3d/msg/detail/dds_fastrtps/element_characteristics_stamped__type_support.cpp.o\x1b[0m\n'}
[7.686244] (avoa3d) StdoutLine: {'line': b'[ 44%] \x1b[32mBuilding CXX object CMakeFiles/avoa3d__rosidl_typesupport_fastrtps_cpp.dir/rosidl_typesupport_fastrtps_cpp/avoa3d/msg/detail/dds_fastrtps/element_characteristics_array__type_support.cpp.o\x1b[0m\n'}
[7.691818] (-) TimerEvent: {}
[7.730812] (avoa3d) StdoutLine: {'line': b'[ 45%] \x1b[32mBuilding CXX object CMakeFiles/avoa3d__rosidl_typesupport_cpp.dir/rosidl_typesupport_cpp/avoa3d/msg/element_characteristics_stamped__type_support.cpp.o\x1b[0m\n'}
[7.794914] (-) TimerEvent: {}
[7.895299] (-) TimerEvent: {}
[7.999714] (-) TimerEvent: {}
[8.099976] (-) TimerEvent: {}
[8.200246] (-) TimerEvent: {}
[8.260082] (avoa3d) StdoutLine: {'line': b'[ 47%] \x1b[32mBuilding CXX object CMakeFiles/avoa3d__rosidl_typesupport_cpp.dir/rosidl_typesupport_cpp/avoa3d/msg/element_characteristics_array__type_support.cpp.o\x1b[0m\n'}
[8.301722] (-) TimerEvent: {}
[8.311358] (avoa3d) StdoutLine: {'line': b'[ 49%] \x1b[32mBuilding CXX object CMakeFiles/avoa3d__rosidl_typesupport_fastrtps_c.dir/rosidl_typesupport_fastrtps_c/avoa3d/msg/detail/element_characteristics_array__type_support_c.cpp.o\x1b[0m\n'}
[8.381315] (avoa3d) StdoutLine: {'line': b'[ 50%] \x1b[32m\x1b[1mLinking CXX shared library libavoa3d__rosidl_typesupport_introspection_cpp.so\x1b[0m\n'}
[8.401804] (-) TimerEvent: {}
[8.502056] (-) TimerEvent: {}
[8.517290] (avoa3d) StdoutLine: {'line': b'[ 50%] Built target avoa3d__rosidl_typesupport_introspection_cpp\n'}
[8.557842] (avoa3d) StdoutLine: {'line': b'[ 52%] \x1b[32m\x1b[1mLinking CXX shared library libavoa3d__rosidl_typesupport_fastrtps_cpp.so\x1b[0m\n'}
[8.602217] (-) TimerEvent: {}
[8.659756] (avoa3d) StdoutLine: {'line': b'[ 52%] Built target avoa3d__rosidl_typesupport_fastrtps_cpp\n'}
[8.692608] (avoa3d) StdoutLine: {'line': b'[ 54%] \x1b[32m\x1b[1mLinking CXX shared library libavoa3d__rosidl_typesupport_cpp.so\x1b[0m\n'}
[8.702321] (-) TimerEvent: {}
[8.737457] (avoa3d) StdoutLine: {'line': b'[ 54%] Built target avoa3d__rosidl_typesupport_cpp\n'}
[8.762801] (avoa3d) StdoutLine: {'line': b'[ 55%] \x1b[32mBuilding CXX object CMakeFiles/rviz_marker.dir/src/rviz_marker.cpp.o\x1b[0m\n'}
[8.771865] (avoa3d) StdoutLine: {'line': b'[ 57%] \x1b[32mBuilding CXX object CMakeFiles/avoa3dnode.dir/src/avoa3dnode.cpp.o\x1b[0m\n'}
[8.773454] (avoa3d) StdoutLine: {'line': b'[ 59%] \x1b[32mBuilding CXX object CMakeFiles/element_markers.dir/src/element_markers.cpp.o\x1b[0m\n'}
[8.775580] (avoa3d) StdoutLine: {'line': b'[ 60%] \x1b[32mBuilding CXX object CMakeFiles/test_w_goal.dir/src/test_w_goal.cpp.o\x1b[0m\n'}
[8.779707] (avoa3d) StdoutLine: {'line': b'[ 62%] \x1b[32mBuilding CXX object CMakeFiles/tf_publisher.dir/src/tf_publisher.cpp.o\x1b[0m\n'}
[8.802411] (-) TimerEvent: {}
[8.872929] (avoa3d) StdoutLine: {'line': b'[ 63%] \x1b[32m\x1b[1mLinking CXX shared library libavoa3d__rosidl_typesupport_fastrtps_c.so\x1b[0m\n'}
[8.902705] (-) TimerEvent: {}
[8.955564] (avoa3d) StdoutLine: {'line': b'[ 63%] Built target avoa3d__rosidl_typesupport_fastrtps_c\n'}
[8.975841] (avoa3d) StdoutLine: {'line': b'[ 65%] \x1b[32mBuilding CXX object CMakeFiles/avoa3dnode.dir/src/sample_evaluator.cpp.o\x1b[0m\n'}
[9.002805] (-) TimerEvent: {}
[9.103699] (-) TimerEvent: {}
[9.203973] (-) TimerEvent: {}
[9.304206] (-) TimerEvent: {}
[9.404621] (-) TimerEvent: {}
[9.505593] (-) TimerEvent: {}
[9.606392] (-) TimerEvent: {}
[9.706634] (-) TimerEvent: {}
[9.806865] (-) TimerEvent: {}
[9.907084] (-) TimerEvent: {}
[10.009717] (-) TimerEvent: {}
[10.109954] (-) TimerEvent: {}
[10.210245] (-) TimerEvent: {}
[10.310800] (-) TimerEvent: {}
[10.411970] (-) TimerEvent: {}
[10.512330] (-) TimerEvent: {}
[10.614994] (-) TimerEvent: {}
[10.715358] (-) TimerEvent: {}
[10.818797] (-) TimerEvent: {}
[10.919075] (-) TimerEvent: {}
[11.019323] (-) TimerEvent: {}
[11.119580] (-) TimerEvent: {}
[11.221413] (-) TimerEvent: {}
[11.321697] (-) TimerEvent: {}
[11.424629] (-) TimerEvent: {}
[11.524928] (-) TimerEvent: {}
[11.625981] (-) TimerEvent: {}
[11.729323] (-) TimerEvent: {}
[11.830666] (-) TimerEvent: {}
[11.931069] (-) TimerEvent: {}
[12.031335] (-) TimerEvent: {}
[12.131679] (-) TimerEvent: {}
[12.232201] (-) TimerEvent: {}
[12.335418] (-) TimerEvent: {}
[12.436837] (-) TimerEvent: {}
[12.537071] (-) TimerEvent: {}
[12.638674] (-) TimerEvent: {}
[12.738961] (-) TimerEvent: {}
[12.845763] (-) TimerEvent: {}
[12.946099] (-) TimerEvent: {}
[13.049773] (-) TimerEvent: {}
[13.150154] (-) TimerEvent: {}
[13.252754] (-) TimerEvent: {}
[13.353158] (-) TimerEvent: {}
[13.453524] (-) TimerEvent: {}
[13.554287] (-) TimerEvent: {}
[13.656019] (-) TimerEvent: {}
[13.759217] (-) TimerEvent: {}
[13.859466] (-) TimerEvent: {}
[13.959904] (-) TimerEvent: {}
[14.060328] (-) TimerEvent: {}
[14.160593] (-) TimerEvent: {}
[14.262155] (-) TimerEvent: {}
[14.362489] (-) TimerEvent: {}
[14.463335] (-) TimerEvent: {}
[14.495419] (avoa3d) StdoutLine: {'line': b'[ 67%] \x1b[32mBuilding CXX object CMakeFiles/dummy_obstacle_publisher.dir/src/dummy_obstacle_publisher.cpp.o\x1b[0m\n'}
[14.563461] (-) TimerEvent: {}
[14.664985] (-) TimerEvent: {}
[14.766564] (-) TimerEvent: {}
[14.866997] (-) TimerEvent: {}
[14.969225] (-) TimerEvent: {}
[15.070978] (-) TimerEvent: {}
[15.171335] (-) TimerEvent: {}
[15.276033] (-) TimerEvent: {}
[15.377451] (-) TimerEvent: {}
[15.477781] (-) TimerEvent: {}
[15.578722] (-) TimerEvent: {}
[15.682339] (-) TimerEvent: {}
[15.782622] (-) TimerEvent: {}
[15.883077] (-) TimerEvent: {}
[15.989933] (-) TimerEvent: {}
[16.090253] (-) TimerEvent: {}
[16.190528] (-) TimerEvent: {}
[16.292713] (-) TimerEvent: {}
[16.394721] (-) TimerEvent: {}
[16.495040] (-) TimerEvent: {}
[16.595354] (-) TimerEvent: {}
[16.698807] (-) TimerEvent: {}
[16.799062] (-) TimerEvent: {}
[16.899792] (-) TimerEvent: {}
[17.000616] (-) TimerEvent: {}
[17.101203] (-) TimerEvent: {}
[17.202135] (-) TimerEvent: {}
[17.304970] (-) TimerEvent: {}
[17.405930] (-) TimerEvent: {}
[17.507719] (-) TimerEvent: {}
[17.611333] (-) TimerEvent: {}
[17.711678] (-) TimerEvent: {}
[17.811981] (-) TimerEvent: {}
[17.914530] (-) TimerEvent: {}
[18.014844] (-) TimerEvent: {}
[18.115342] (-) TimerEvent: {}
[18.216239] (-) TimerEvent: {}
[18.318732] (-) TimerEvent: {}
[18.420706] (-) TimerEvent: {}
[18.520920] (-) TimerEvent: {}
[18.621425] (-) TimerEvent: {}
[18.725374] (-) TimerEvent: {}
[18.825682] (-) TimerEvent: {}
[18.926511] (-) TimerEvent: {}
[19.026934] (-) TimerEvent: {}
[19.129656] (-) TimerEvent: {}
[19.230576] (-) TimerEvent: {}
[19.336004] (-) TimerEvent: {}
[19.436323] (-) TimerEvent: {}
[19.540887] (-) TimerEvent: {}
[19.641151] (-) TimerEvent: {}
[19.741522] (-) TimerEvent: {}
[19.841949] (-) TimerEvent: {}
[19.942515] (-) TimerEvent: {}
[20.043548] (-) TimerEvent: {}
[20.145718] (-) TimerEvent: {}
[20.246138] (-) TimerEvent: {}
[20.348913] (-) TimerEvent: {}
[20.449190] (-) TimerEvent: {}
[20.549463] (-) TimerEvent: {}
[20.650380] (-) TimerEvent: {}
[20.750677] (-) TimerEvent: {}
[20.851636] (-) TimerEvent: {}
[20.953916] (-) TimerEvent: {}
[21.057430] (-) TimerEvent: {}
[21.158556] (-) TimerEvent: {}
[21.259163] (-) TimerEvent: {}
[21.362251] (-) TimerEvent: {}
[21.462511] (-) TimerEvent: {}
[21.562878] (-) TimerEvent: {}
[21.663515] (-) TimerEvent: {}
[21.765208] (-) TimerEvent: {}
[21.866170] (-) TimerEvent: {}
[21.968835] (-) TimerEvent: {}
[22.069136] (-) TimerEvent: {}
[22.120362] (avoa3d) StdoutLine: {'line': b'[ 68%] \x1b[32m\x1b[1mLinking CXX executable tf_publisher\x1b[0m\n'}
[22.169345] (-) TimerEvent: {}
[22.272712] (-) TimerEvent: {}
[22.374402] (-) TimerEvent: {}
[22.474751] (-) TimerEvent: {}
[22.575559] (-) TimerEvent: {}
[22.676975] (-) TimerEvent: {}
[22.778943] (-) TimerEvent: {}
[22.836570] (avoa3d) StdoutLine: {'line': b'[ 70%] \x1b[32m\x1b[1mLinking CXX executable element_markers\x1b[0m\n'}
[22.880853] (-) TimerEvent: {}
[22.981165] (-) TimerEvent: {}
[23.082970] (-) TimerEvent: {}
[23.186188] (-) TimerEvent: {}
[23.286998] (-) TimerEvent: {}
[23.313032] (avoa3d) StdoutLine: {'line': b'[ 70%] Built target tf_publisher\n'}
[23.341599] (avoa3d) StdoutLine: {'line': b'[ 72%] \x1b[32mBuilding CXX object CMakeFiles/avoa3dnode.dir/src/sample_visualizer.cpp.o\x1b[0m\n'}
[23.387721] (-) TimerEvent: {}
[23.488007] (-) TimerEvent: {}
[23.600719] (-) TimerEvent: {}
[23.702703] (-) TimerEvent: {}
[23.802951] (-) TimerEvent: {}
[23.811345] (avoa3d) StdoutLine: {'line': b'[ 72%] Built target element_markers\n'}
[23.852554] (avoa3d) StdoutLine: {'line': b'[ 72%] Built target avoa3d\n'}
[23.863054] (avoa3d) StdoutLine: {'line': b'[ 73%] \x1b[32mBuilding CXX object CMakeFiles/avoa3dnode.dir/src/sample_generator.cpp.o\x1b[0m\n'}
[23.904065] (-) TimerEvent: {}
[24.004849] (-) TimerEvent: {}
[24.105085] (-) TimerEvent: {}
[24.205722] (-) TimerEvent: {}
[24.307600] (-) TimerEvent: {}
[24.408711] (-) TimerEvent: {}
[24.512655] (-) TimerEvent: {}
[24.616695] (-) TimerEvent: {}
[24.716956] (-) TimerEvent: {}
[24.817636] (-) TimerEvent: {}
[24.917935] (-) TimerEvent: {}
[25.018263] (-) TimerEvent: {}
[25.119181] (-) TimerEvent: {}
[25.219964] (-) TimerEvent: {}
[25.322180] (-) TimerEvent: {}
[25.424726] (-) TimerEvent: {}
[25.525054] (-) TimerEvent: {}
[25.625434] (-) TimerEvent: {}
[25.725826] (-) TimerEvent: {}
[25.828831] (-) TimerEvent: {}
[25.929767] (-) TimerEvent: {}
[26.030713] (-) TimerEvent: {}
[26.131824] (-) TimerEvent: {}
[26.232405] (-) TimerEvent: {}
[26.333576] (-) TimerEvent: {}
[26.434531] (-) TimerEvent: {}
[26.535299] (-) TimerEvent: {}
[26.637573] (-) TimerEvent: {}
[26.738779] (-) TimerEvent: {}
[26.839110] (-) TimerEvent: {}
[26.939544] (-) TimerEvent: {}
[27.040517] (-) TimerEvent: {}
[27.141362] (-) TimerEvent: {}
[27.242249] (-) TimerEvent: {}
[27.343492] (-) TimerEvent: {}
[27.445718] (-) TimerEvent: {}
[27.545959] (-) TimerEvent: {}
[27.648394] (-) TimerEvent: {}
[27.748606] (-) TimerEvent: {}
[27.850023] (-) TimerEvent: {}
[27.950933] (-) TimerEvent: {}
[28.051971] (-) TimerEvent: {}
[28.153136] (-) TimerEvent: {}
[28.254004] (-) TimerEvent: {}
[28.302725] (avoa3d) StdoutLine: {'line': b'[ 75%] \x1b[32mBuilding CXX object CMakeFiles/avoa3dnode.dir/src/holonomic_sample_generator.cpp.o\x1b[0m\n'}
[28.354716] (-) TimerEvent: {}
[28.454962] (-) TimerEvent: {}
[28.555249] (-) TimerEvent: {}
[28.656203] (-) TimerEvent: {}
[28.709123] (avoa3d) StdoutLine: {'line': b'[ 77%] \x1b[32m\x1b[1mLinking CXX executable test_w_goal\x1b[0m\n'}
[28.756288] (-) TimerEvent: {}
[28.858936] (-) TimerEvent: {}
[28.959222] (-) TimerEvent: {}
[29.060191] (-) TimerEvent: {}
[29.161058] (-) TimerEvent: {}
[29.264876] (-) TimerEvent: {}
[29.365280] (-) TimerEvent: {}
[29.465571] (-) TimerEvent: {}
[29.567714] (-) TimerEvent: {}
[29.667978] (-) TimerEvent: {}
[29.682352] (avoa3d) StdoutLine: {'line': b'[ 77%] Built target test_w_goal\n'}
[29.742755] (avoa3d) StdoutLine: {'line': b'[ 78%] \x1b[34m\x1b[1mGenerating Python code for ROS interfaces\x1b[0m\n'}
[29.769436] (-) TimerEvent: {}
[29.787330] (avoa3d) StdoutLine: {'line': b'[ 80%] \x1b[32mBuilding CXX object CMakeFiles/avoa3dnode.dir/src/diff_drive_sample_generator.cpp.o\x1b[0m\n'}
[29.869520] (-) TimerEvent: {}
[29.969785] (-) TimerEvent: {}
[30.070364] (-) TimerEvent: {}
[30.170567] (-) TimerEvent: {}
[30.271394] (-) TimerEvent: {}
[30.371615] (-) TimerEvent: {}
[30.472005] (-) TimerEvent: {}
[30.573714] (-) TimerEvent: {}
[30.640142] (avoa3d) StdoutLine: {'line': b'[ 80%] Built target avoa3d__py\n'}
[30.673812] (-) TimerEvent: {}
[30.692134] (avoa3d) StdoutLine: {'line': b'[ 81%] \x1b[32mBuilding C object CMakeFiles/avoa3d__rosidl_generator_py.dir/rosidl_generator_py/avoa3d/msg/_element_characteristics_stamped_s.c.o\x1b[0m\n'}
[30.692345] (avoa3d) StdoutLine: {'line': b'[ 83%] \x1b[32mBuilding C object CMakeFiles/avoa3d__rosidl_generator_py.dir/rosidl_generator_py/avoa3d/msg/_element_characteristics_array_s.c.o\x1b[0m\n'}
[30.777631] (-) TimerEvent: {}
[30.878125] (-) TimerEvent: {}
[30.978422] (-) TimerEvent: {}
[31.080639] (-) TimerEvent: {}
[31.106205] (avoa3d) StdoutLine: {'line': b'[ 85%] \x1b[32m\x1b[1mLinking C shared library libavoa3d__rosidl_generator_py.so\x1b[0m\n'}
[31.161893] (avoa3d) StdoutLine: {'line': b'[ 85%] Built target avoa3d__rosidl_generator_py\n'}
[31.180710] (-) TimerEvent: {}
[31.206009] (avoa3d) StdoutLine: {'line': b'[ 86%] \x1b[32mBuilding C object CMakeFiles/avoa3d_s__rosidl_typesupport_fastrtps_c.dir/rosidl_generator_py/avoa3d/_avoa3d_s.ep.rosidl_typesupport_fastrtps_c.c.o\x1b[0m\n'}
[31.216943] (avoa3d) StdoutLine: {'line': b'[ 88%] \x1b[32mBuilding C object CMakeFiles/avoa3d_s__rosidl_typesupport_introspection_c.dir/rosidl_generator_py/avoa3d/_avoa3d_s.ep.rosidl_typesupport_introspection_c.c.o\x1b[0m\n'}
[31.280838] (-) TimerEvent: {}
[31.387737] (-) TimerEvent: {}
[31.390739] (avoa3d) StdoutLine: {'line': b'[ 90%] \x1b[32m\x1b[1mLinking C shared module rosidl_generator_py/avoa3d/avoa3d_s__rosidl_typesupport_fastrtps_c.so\x1b[0m\n'}
[31.408778] (avoa3d) StdoutLine: {'line': b'[ 91%] \x1b[32m\x1b[1mLinking C shared module rosidl_generator_py/avoa3d/avoa3d_s__rosidl_typesupport_introspection_c.so\x1b[0m\n'}
[31.475302] (avoa3d) StdoutLine: {'line': b'[ 91%] Built target avoa3d_s__rosidl_typesupport_fastrtps_c\n'}
[31.486977] (avoa3d) StdoutLine: {'line': b'[ 91%] Built target avoa3d_s__rosidl_typesupport_introspection_c\n'}
[31.489710] (-) TimerEvent: {}
[31.527973] (avoa3d) StdoutLine: {'line': b'[ 93%] \x1b[32mBuilding C object CMakeFiles/avoa3d_s__rosidl_typesupport_c.dir/rosidl_generator_py/avoa3d/_avoa3d_s.ep.rosidl_typesupport_c.c.o\x1b[0m\n'}
[31.591590] (-) TimerEvent: {}
[31.692729] (-) TimerEvent: {}
[31.702777] (avoa3d) StdoutLine: {'line': b'[ 95%] \x1b[32m\x1b[1mLinking C shared module rosidl_generator_py/avoa3d/avoa3d_s__rosidl_typesupport_c.so\x1b[0m\n'}
[31.745583] (avoa3d) StdoutLine: {'line': b'[ 95%] Built target avoa3d_s__rosidl_typesupport_c\n'}
[31.792922] (-) TimerEvent: {}
[31.896498] (-) TimerEvent: {}
[31.996733] (-) TimerEvent: {}
[32.096959] (-) TimerEvent: {}
[32.197227] (-) TimerEvent: {}
[32.300579] (-) TimerEvent: {}
[32.402123] (-) TimerEvent: {}
[32.502484] (-) TimerEvent: {}
[32.604216] (-) TimerEvent: {}
[32.706724] (-) TimerEvent: {}
[32.807001] (-) TimerEvent: {}
[32.910604] (-) TimerEvent: {}
[32.973332] (avoa3d) StdoutLine: {'line': b'[ 96%] \x1b[32m\x1b[1mLinking CXX executable rviz_marker\x1b[0m\n'}
[32.993047] (avoa3d) StdoutLine: {'line': b'[ 98%] \x1b[32m\x1b[1mLinking CXX executable dummy_obstacle_publisher\x1b[0m\n'}
[33.011848] (-) TimerEvent: {}
[33.112123] (-) TimerEvent: {}
[33.212783] (-) TimerEvent: {}
[33.315932] (-) TimerEvent: {}
[33.418604] (-) TimerEvent: {}
[33.521186] (-) TimerEvent: {}
[33.622762] (-) TimerEvent: {}
[33.726370] (-) TimerEvent: {}
[33.826737] (-) TimerEvent: {}
[33.927120] (-) TimerEvent: {}
[34.031558] (-) TimerEvent: {}
[34.058724] (avoa3d) StdoutLine: {'line': b'[ 98%] Built target dummy_obstacle_publisher\n'}
[34.133722] (-) TimerEvent: {}
[34.234099] (-) TimerEvent: {}
[34.315501] (avoa3d) StdoutLine: {'line': b'[100%] \x1b[32m\x1b[1mLinking CXX executable avoa3dnode\x1b[0m\n'}
[34.334200] (-) TimerEvent: {}
[34.414851] (avoa3d) StdoutLine: {'line': b'[100%] Built target rviz_marker\n'}
[34.434305] (-) TimerEvent: {}
[34.534564] (-) TimerEvent: {}
[34.635883] (-) TimerEvent: {}
[34.736355] (-) TimerEvent: {}
[34.836680] (-) TimerEvent: {}
[34.937249] (-) TimerEvent: {}
[34.955588] (avoa3d) StdoutLine: {'line': b'[100%] Built target avoa3dnode\n'}
[34.970211] (avoa3d) CommandEnded: {'returncode': 0}
[34.971084] (avoa3d) JobProgress: {'identifier': 'avoa3d', 'progress': 'install'}
[34.981125] (avoa3d) Command: {'cmd': ['/usr/bin/cmake', '--install', '/home/motusxico/ros2_ws/src/avoa3d/build/avoa3d'], 'cwd': '/home/motusxico/ros2_ws/src/avoa3d/build/avoa3d', 'env': OrderedDict({'GJS_DEBUG_TOPICS': 'JS ERROR;JS LOG', 'LESSOPEN': '| /usr/bin/lesspipe %s', 'VSCODE_CWD': '/home/motusxico', 'GZ_SIM_RESOURCE_PATH': '/opt/ros/jazzy/share', 'USER': 'motusxico', 'VSCODE_NLS_CONFIG': '{"userLocale":"en-us","osLocale":"en-us","resolvedLanguage":"en","defaultMessagesFile":"/usr/share/antigravity/resources/app/out/nls.messages.json","locale":"en-us","availableLanguages":{}}', 'GZ_CONFIG_PATH': '/opt/ros/jazzy/opt/gz_sim_vendor/share/gz:/opt/ros/jazzy/opt/sdformat_vendor/share/gz:/opt/ros/jazzy/opt/gz_gui_vendor/share/gz:/opt/ros/jazzy/opt/gz_transport_vendor/share/gz:/opt/ros/jazzy/opt/gz_rendering_vendor/share/gz:/opt/ros/jazzy/opt/gz_plugin_vendor/share/gz:/opt/ros/jazzy/opt/gz_fuel_tools_vendor/share/gz:/opt/ros/jazzy/opt/gz_msgs_vendor/share/gz:/opt/ros/jazzy/opt/gz_common_vendor/share/gz', 'XDG_SESSION_TYPE': 'x11', 'CLUTTER_DISABLE_MIPMAPPED_TEXT': '1', 'SHLVL': '0', 'LD_LIBRARY_PATH': '/opt/ros/jazzy/opt/gz_sim_vendor/lib:/opt/ros/jazzy/opt/gz_sensors_vendor/lib:/opt/ros/jazzy/opt/gz_physics_vendor/lib:/opt/ros/jazzy/opt/sdformat_vendor/lib:/opt/ros/jazzy/opt/rviz_ogre_vendor/lib:/opt/ros/jazzy/lib/x86_64-linux-gnu:/opt/ros/jazzy/opt/gz_gui_vendor/lib:/opt/ros/jazzy/opt/gz_transport_vendor/lib:/opt/ros/jazzy/opt/gz_rendering_vendor/lib:/opt/ros/jazzy/opt/gz_plugin_vendor/lib:/opt/ros/jazzy/opt/gz_fuel_tools_vendor/lib:/opt/ros/jazzy/opt/gz_msgs_vendor/lib:/opt/ros/jazzy/opt/gz_common_vendor/lib:/opt/ros/jazzy/opt/gz_math_vendor/lib:/opt/ros/jazzy/opt/gz_utils_vendor/lib:/opt/ros/jazzy/opt/gz_tools_vendor/lib:/opt/ros/jazzy/opt/gz_ogre_next_vendor/lib:/opt/ros/jazzy/opt/gz_dartsim_vendor/lib:/opt/ros/jazzy/opt/gz_cmake_vendor/lib:/opt/ros/jazzy/lib', 'HOME': '/home/motusxico', 'CHROME_DESKTOP': 'antigravity.desktop', 'DESKTOP_SESSION': 'ubuntu', 'VSCODE_IPC_HOOK': '/run/user/1000/vscode-7017e34c-1.10-main.sock', 'GIO_LAUNCHED_DESKTOP_FILE': '/usr/share/applications/antigravity.desktop', 'ROS_PYTHON_VERSION': '3', 'GNOME_SHELL_SESSION_MODE': 'ubuntu', 'GTK_MODULES': 'gail:atk-bridge', 'PAGER': 'cat', 'MANAGERPID': '2124', 'SYSTEMD_EXEC_PID': '2504', 'GSM_SKIP_SSH_AGENT_WORKAROUND': 'true', 'DBUS_SESSION_BUS_ADDRESS': 'unix:path=/run/user/1000/bus', 'ANTIGRAVITY_AGENT': '1', 'GIO_LAUNCHED_DESKTOP_FILE_PID': '5021', 'DEBUGINFOD_URLS': 'https://debuginfod.ubuntu.com', 'ROS_DISTRO': 'jazzy', 'LOGNAME': 'motusxico', 'JOURNAL_STREAM': '9:19715', '_': '/usr/bin/colcon', 'ROS_VERSION': '2', 'MEMORY_PRESSURE_WATCH': '/sys/fs/cgroup/user.slice/user-1000.slice/user@1000.service/session.slice/org.gnome.Shell@x11.service/memory.pressure', 'XDG_SESSION_CLASS': 'user', 'USERNAME': 'motusxico', 'TERM': 'dumb', 'GNOME_DESKTOP_SESSION_ID': 'this-is-deprecated', 'FC_FONTATIONS': '1', 'WINDOWPATH': '2', 'ANTIGRAVITY_EDITOR_APP_ROOT': '/usr/share/antigravity/resources/app', 'PATH': '/opt/ros/jazzy/opt/gz_msgs_vendor/bin:/opt/ros/jazzy/opt/gz_tools_vendor/bin:/opt/ros/jazzy/opt/gz_ogre_next_vendor/bin:/opt/ros/jazzy/bin:/home/motusxico/venv-ardupilot/bin:/home/motusxico/venv-ardupilot/bin:/usr/local/sbin:/usr/local/bin:/usr/sbin:/usr/bin:/sbin:/bin:/usr/games:/usr/local/games:/snap/bin:/snap/bin', 'SESSION_MANAGER': 'local/motusxico:@/tmp/.ICE-unix/2441,unix/motusxico:/tmp/.ICE-unix/2441', 'INVOCATION_ID': '5a7848811f5d4108b1b6759dd92af15a', 'XDG_MENU_PREFIX': 'gnome-', 'XDG_RUNTIME_DIR': '/run/user/1000', 'GDK_BACKEND': 'x11', 'DISPLAY': ':1', 'LANG': 'en_US.UTF-8', 'XDG_CURRENT_DESKTOP': 'ubuntu:GNOME', 'VIRTUAL_ENV_PROMPT': '(venv-ardupilot)', 'RMW_IMPLEMENTATION': 'rmw_cyclonedds_cpp', 'XMODIFIERS': '@im=ibus', 'XDG_SESSION_DESKTOP': 'ubuntu', 'XAUTHORITY': '/run/user/1000/gdm/Xauthority', 'LS_COLORS': '', 'SBX_CHROME_API_RQ': '1', 'SSH_AUTH_SOCK': '/run/user/1000/keyring/ssh', 'AMENT_PREFIX_PATH': '/opt/ros/jazzy', 'SHELL': '/bin/bash', 'QT_ACCESSIBILITY': '1', 'GDMSESSION': 'ubuntu', 'LESSCLOSE': '/usr/bin/lesspipe %s %s', 'GPG_AGENT_INFO': '/run/user/1000/gnupg/S.gpg-agent:0:1', 'GJS_DEBUG_OUTPUT': 'stderr', 'VIRTUAL_ENV': '/home/motusxico/venv-ardupilot', 'ROS_AUTOMATIC_DISCOVERY_RANGE': 'SUBNET', 'QT_IM_MODULE': 'ibus', 'ANTIGRAVITY_TRAJECTORY_ID': '7eb28a14-f5df-463d-84b0-aecf67d48e37', 'PWD': '/home/motusxico/ros2_ws/src/avoa3d/build/avoa3d', 'LC_ALL': 'en_US.UTF-8', 'XDG_CONFIG_DIRS': '/etc/xdg/xdg-ubuntu:/etc/xdg', 'VSCODE_CODE_CACHE_PATH': '/home/motusxico/.config/Antigravity/CachedData/15487b3041e65228cae24980a3f796c905ef582c', 'XDG_DATA_DIRS': '/usr/share/ubuntu:/usr/share/gnome:/usr/local/share/:/usr/share/:/var/lib/snapd/desktop', 'PYTHONPATH': '/opt/ros/jazzy/lib/python3.12/site-packages', 'COLCON': '1', 'MEMORY_PRESSURE_WRITE': 'c29tZSAyMDAwMDAgMjAwMDAwMAA=', 'CMAKE_PREFIX_PATH': '/opt/ros/jazzy/opt/gz_sim_vendor:/opt/ros/jazzy/opt/gz_sensors_vendor:/opt/ros/jazzy/opt/gz_physics_vendor:/opt/ros/jazzy/opt/sdformat_vendor:/opt/ros/jazzy/opt/gz_gui_vendor:/opt/ros/jazzy/opt/gz_transport_vendor:/opt/ros/jazzy/opt/gz_rendering_vendor:/opt/ros/jazzy/opt/gz_plugin_vendor:/opt/ros/jazzy/opt/gz_fuel_tools_vendor:/opt/ros/jazzy/opt/gz_msgs_vendor:/opt/ros/jazzy/opt/gz_common_vendor:/opt/ros/jazzy/opt/gz_math_vendor:/opt/ros/jazzy/opt/gz_utils_vendor:/opt/ros/jazzy/opt/gz_tools_vendor:/opt/ros/jazzy/opt/gz_ogre_next_vendor:/opt/ros/jazzy/opt/gz_dartsim_vendor:/opt/ros/jazzy/opt/gz_cmake_vendor:/opt/ros/jazzy', 'VSCODE_PID': '5021'}), 'shell': False}
[34.990045] (avoa3d) StdoutLine: {'line': b'-- Install configuration: ""\n'}
[34.990629] (avoa3d) StdoutLine: {'line': b'-- Execute custom install script\n'}
[34.990918] (avoa3d) StdoutLine: {'line': b'-- Symlinking: /home/motusxico/ros2_ws/src/avoa3d/install/avoa3d/share/ament_index/resource_index/rosidl_interfaces/avoa3d\n'}
[35.000110] (avoa3d) StdoutLine: {'line': b'-- Symlinking: /home/motusxico/ros2_ws/src/avoa3d/install/avoa3d/share/avoa3d/msg/ElementCharacteristicsStamped.json\n'}
[35.008292] (avoa3d) StdoutLine: {'line': b'-- Symlinking: /home/motusxico/ros2_ws/src/avoa3d/install/avoa3d/share/avoa3d/msg/ElementCharacteristicsArray.json\n'}
[35.017806] (avoa3d) StdoutLine: {'line': b'-- Symlinking: /home/motusxico/ros2_ws/src/avoa3d/install/avoa3d/include/avoa3d/avoa3d/msg/detail/element_characteristics_array__functions.h\n'}
[35.026467] (avoa3d) StdoutLine: {'line': b'-- Symlinking: /home/motusxico/ros2_ws/src/avoa3d/install/avoa3d/include/avoa3d/avoa3d/msg/detail/element_characteristics_array__struct.h\n'}
[35.034893] (avoa3d) StdoutLine: {'line': b'-- Symlinking: /home/motusxico/ros2_ws/src/avoa3d/install/avoa3d/include/avoa3d/avoa3d/msg/detail/element_characteristics_array__type_support.h\n'}
[35.037330] (-) TimerEvent: {}
[35.044446] (avoa3d) StdoutLine: {'line': b'-- Symlinking: /home/motusxico/ros2_ws/src/avoa3d/install/avoa3d/include/avoa3d/avoa3d/msg/detail/element_characteristics_stamped__functions.h\n'}
[35.053165] (avoa3d) StdoutLine: {'line': b'-- Symlinking: /home/motusxico/ros2_ws/src/avoa3d/install/avoa3d/include/avoa3d/avoa3d/msg/detail/element_characteristics_stamped__struct.h\n'}
[35.062077] (avoa3d) StdoutLine: {'line': b'-- Symlinking: /home/motusxico/ros2_ws/src/avoa3d/install/avoa3d/include/avoa3d/avoa3d/msg/detail/element_characteristics_stamped__type_support.h\n'}
[35.070309] (avoa3d) StdoutLine: {'line': b'-- Symlinking: /home/motusxico/ros2_ws/src/avoa3d/install/avoa3d/include/avoa3d/avoa3d/msg/element_characteristics_array.h\n'}
[35.079234] (avoa3d) StdoutLine: {'line': b'-- Symlinking: /home/motusxico/ros2_ws/src/avoa3d/install/avoa3d/include/avoa3d/avoa3d/msg/element_characteristics_stamped.h\n'}
[35.088023] (avoa3d) StdoutLine: {'line': b'-- Symlinking: /home/motusxico/ros2_ws/src/avoa3d/install/avoa3d/include/avoa3d/avoa3d/msg/rosidl_generator_c__visibility_control.h\n'}
[35.097363] (avoa3d) StdoutLine: {'line': b'-- Symlinking: /home/motusxico/ros2_ws/src/avoa3d/install/avoa3d/share/avoa3d/environment/library_path.sh\n'}
[35.105608] (avoa3d) StdoutLine: {'line': b'-- Symlinking: /home/motusxico/ros2_ws/src/avoa3d/install/avoa3d/share/avoa3d/environment/library_path.dsv\n'}
[35.114516] (avoa3d) StdoutLine: {'line': b'-- Symlinking: /home/motusxico/ros2_ws/src/avoa3d/install/avoa3d/include/avoa3d/avoa3d/msg/detail/element_characteristics_array__rosidl_typesupport_fastrtps_c.h\n'}
[35.122644] (avoa3d) StdoutLine: {'line': b'-- Symlinking: /home/motusxico/ros2_ws/src/avoa3d/install/avoa3d/include/avoa3d/avoa3d/msg/detail/element_characteristics_stamped__rosidl_typesupport_fastrtps_c.h\n'}
[35.131165] (avoa3d) StdoutLine: {'line': b'-- Symlinking: /home/motusxico/ros2_ws/src/avoa3d/install/avoa3d/include/avoa3d/avoa3d/msg/rosidl_typesupport_fastrtps_c__visibility_control.h\n'}
[35.137438] (-) TimerEvent: {}
[35.139611] (avoa3d) StdoutLine: {'line': b'-- Symlinking: /home/motusxico/ros2_ws/src/avoa3d/install/avoa3d/include/avoa3d/avoa3d/msg/detail/element_characteristics_array__builder.hpp\n'}
[35.148311] (avoa3d) StdoutLine: {'line': b'-- Symlinking: /home/motusxico/ros2_ws/src/avoa3d/install/avoa3d/include/avoa3d/avoa3d/msg/detail/element_characteristics_array__struct.hpp\n'}
[35.157126] (avoa3d) StdoutLine: {'line': b'-- Symlinking: /home/motusxico/ros2_ws/src/avoa3d/install/avoa3d/include/avoa3d/avoa3d/msg/detail/element_characteristics_array__traits.hpp\n'}
[35.165932] (avoa3d) StdoutLine: {'line': b'-- Symlinking: /home/motusxico/ros2_ws/src/avoa3d/install/avoa3d/include/avoa3d/avoa3d/msg/detail/element_characteristics_array__type_support.hpp\n'}
[35.174414] (avoa3d) StdoutLine: {'line': b'-- Symlinking: /home/motusxico/ros2_ws/src/avoa3d/install/avoa3d/include/avoa3d/avoa3d/msg/detail/element_characteristics_stamped__builder.hpp\n'}
[35.183462] (avoa3d) StdoutLine: {'line': b'-- Symlinking: /home/motusxico/ros2_ws/src/avoa3d/install/avoa3d/include/avoa3d/avoa3d/msg/detail/element_characteristics_stamped__struct.hpp\n'}
[35.193473] (avoa3d) StdoutLine: {'line': b'-- Symlinking: /home/motusxico/ros2_ws/src/avoa3d/install/avoa3d/include/avoa3d/avoa3d/msg/detail/element_characteristics_stamped__traits.hpp\n'}
[35.201890] (avoa3d) StdoutLine: {'line': b'-- Symlinking: /home/motusxico/ros2_ws/src/avoa3d/install/avoa3d/include/avoa3d/avoa3d/msg/detail/element_characteristics_stamped__type_support.hpp\n'}
[35.210941] (avoa3d) StdoutLine: {'line': b'-- Symlinking: /home/motusxico/ros2_ws/src/avoa3d/install/avoa3d/include/avoa3d/avoa3d/msg/element_characteristics_array.hpp\n'}
[35.219467] (avoa3d) StdoutLine: {'line': b'-- Symlinking: /home/motusxico/ros2_ws/src/avoa3d/install/avoa3d/include/avoa3d/avoa3d/msg/element_characteristics_stamped.hpp\n'}
[35.228024] (avoa3d) StdoutLine: {'line': b'-- Symlinking: /home/motusxico/ros2_ws/src/avoa3d/install/avoa3d/include/avoa3d/avoa3d/msg/rosidl_generator_cpp__visibility_control.hpp\n'}
[35.236868] (avoa3d) StdoutLine: {'line': b'-- Symlinking: /home/motusxico/ros2_ws/src/avoa3d/install/avoa3d/include/avoa3d/avoa3d/msg/detail/element_characteristics_array__rosidl_typesupport_fastrtps_cpp.hpp\n'}
[35.237502] (-) TimerEvent: {}
[35.247588] (avoa3d) StdoutLine: {'line': b'-- Symlinking: /home/motusxico/ros2_ws/src/avoa3d/install/avoa3d/include/avoa3d/avoa3d/msg/detail/element_characteristics_stamped__rosidl_typesupport_fastrtps_cpp.hpp\n'}
[35.257769] (avoa3d) StdoutLine: {'line': b'-- Symlinking: /home/motusxico/ros2_ws/src/avoa3d/install/avoa3d/include/avoa3d/avoa3d/msg/rosidl_typesupport_fastrtps_cpp__visibility_control.h\n'}
[35.268822] (avoa3d) StdoutLine: {'line': b'-- Symlinking: /home/motusxico/ros2_ws/src/avoa3d/install/avoa3d/include/avoa3d/avoa3d/msg/detail/element_characteristics_array__rosidl_typesupport_introspection_c.h\n'}
[35.280750] (avoa3d) StdoutLine: {'line': b'-- Symlinking: /home/motusxico/ros2_ws/src/avoa3d/install/avoa3d/include/avoa3d/avoa3d/msg/detail/element_characteristics_stamped__rosidl_typesupport_introspection_c.h\n'}
[35.289605] (avoa3d) StdoutLine: {'line': b'-- Symlinking: /home/motusxico/ros2_ws/src/avoa3d/install/avoa3d/include/avoa3d/avoa3d/msg/rosidl_typesupport_introspection_c__visibility_control.h\n'}
[35.303603] (avoa3d) StdoutLine: {'line': b'-- Symlinking: /home/motusxico/ros2_ws/src/avoa3d/install/avoa3d/include/avoa3d/avoa3d/msg/detail/element_characteristics_array__rosidl_typesupport_introspection_cpp.hpp\n'}
[35.316308] (avoa3d) StdoutLine: {'line': b'-- Symlinking: /home/motusxico/ros2_ws/src/avoa3d/install/avoa3d/include/avoa3d/avoa3d/msg/detail/element_characteristics_stamped__rosidl_typesupport_introspection_cpp.hpp\n'}
[35.326755] (avoa3d) StdoutLine: {'line': b'-- Symlinking: /home/motusxico/ros2_ws/src/avoa3d/install/avoa3d/share/avoa3d/environment/pythonpath.sh\n'}
[35.336447] (avoa3d) StdoutLine: {'line': b'-- Symlinking: /home/motusxico/ros2_ws/src/avoa3d/install/avoa3d/share/avoa3d/environment/pythonpath.dsv\n'}
[35.337603] (-) TimerEvent: {}
[35.345887] (avoa3d) StdoutLine: {'line': b'-- Symlinking: /home/motusxico/ros2_ws/src/avoa3d/install/avoa3d/lib/python3.12/site-packages/avoa3d-0.1.0-py3.12.egg-info/PKG-INFO\n'}
[35.355765] (avoa3d) StdoutLine: {'line': b'-- Symlinking: /home/motusxico/ros2_ws/src/avoa3d/install/avoa3d/lib/python3.12/site-packages/avoa3d-0.1.0-py3.12.egg-info/SOURCES.txt\n'}
[35.365624] (avoa3d) StdoutLine: {'line': b'-- Symlinking: /home/motusxico/ros2_ws/src/avoa3d/install/avoa3d/lib/python3.12/site-packages/avoa3d-0.1.0-py3.12.egg-info/dependency_links.txt\n'}
[35.374217] (avoa3d) StdoutLine: {'line': b'-- Symlinking: /home/motusxico/ros2_ws/src/avoa3d/install/avoa3d/lib/python3.12/site-packages/avoa3d-0.1.0-py3.12.egg-info/top_level.txt\n'}
[35.383638] (avoa3d) StdoutLine: {'line': b'-- Symlinking: /home/motusxico/ros2_ws/src/avoa3d/install/avoa3d/lib/python3.12/site-packages/avoa3d/__init__.py\n'}
[35.392155] (avoa3d) StdoutLine: {'line': b'-- Symlinking: /home/motusxico/ros2_ws/src/avoa3d/install/avoa3d/lib/python3.12/site-packages/avoa3d/_avoa3d_s.ep.rosidl_typesupport_c.c\n'}
[35.400923] (avoa3d) StdoutLine: {'line': b'-- Symlinking: /home/motusxico/ros2_ws/src/avoa3d/install/avoa3d/lib/python3.12/site-packages/avoa3d/_avoa3d_s.ep.rosidl_typesupport_fastrtps_c.c\n'}
[35.409049] (avoa3d) StdoutLine: {'line': b'-- Symlinking: /home/motusxico/ros2_ws/src/avoa3d/install/avoa3d/lib/python3.12/site-packages/avoa3d/_avoa3d_s.ep.rosidl_typesupport_introspection_c.c\n'}
[35.417626] (avoa3d) StdoutLine: {'line': b'-- Symlinking: /home/motusxico/ros2_ws/src/avoa3d/install/avoa3d/lib/python3.12/site-packages/avoa3d/avoa3d_s__rosidl_typesupport_c.so\n'}
[35.426163] (avoa3d) StdoutLine: {'line': b'-- Symlinking: /home/motusxico/ros2_ws/src/avoa3d/install/avoa3d/lib/python3.12/site-packages/avoa3d/avoa3d_s__rosidl_typesupport_fastrtps_c.so\n'}
[35.435176] (avoa3d) StdoutLine: {'line': b'-- Symlinking: /home/motusxico/ros2_ws/src/avoa3d/install/avoa3d/lib/python3.12/site-packages/avoa3d/avoa3d_s__rosidl_typesupport_introspection_c.so\n'}
[35.437703] (-) TimerEvent: {}
[35.444231] (avoa3d) StdoutLine: {'line': b'-- Symlinking: /home/motusxico/ros2_ws/src/avoa3d/install/avoa3d/lib/python3.12/site-packages/avoa3d/msg/__init__.py\n'}
[35.452928] (avoa3d) StdoutLine: {'line': b'-- Symlinking: /home/motusxico/ros2_ws/src/avoa3d/install/avoa3d/lib/python3.12/site-packages/avoa3d/msg/_element_characteristics_array.py\n'}
[35.461702] (avoa3d) StdoutLine: {'line': b'-- Symlinking: /home/motusxico/ros2_ws/src/avoa3d/install/avoa3d/lib/python3.12/site-packages/avoa3d/msg/_element_characteristics_array_s.c\n'}
[35.470009] (avoa3d) StdoutLine: {'line': b'-- Symlinking: /home/motusxico/ros2_ws/src/avoa3d/install/avoa3d/lib/python3.12/site-packages/avoa3d/msg/_element_characteristics_stamped.py\n'}
[35.479021] (avoa3d) StdoutLine: {'line': b'-- Symlinking: /home/motusxico/ros2_ws/src/avoa3d/install/avoa3d/lib/python3.12/site-packages/avoa3d/msg/_element_characteristics_stamped_s.c\n'}
[35.488022] (avoa3d) StdoutLine: {'line': b'-- Up-to-date symlink: /home/motusxico/ros2_ws/src/avoa3d/install/avoa3d/lib/python3.12/site-packages/avoa3d/avoa3d_s__rosidl_typesupport_fastrtps_c.so\n'}
[35.488402] (avoa3d) StdoutLine: {'line': b'-- Up-to-date symlink: /home/motusxico/ros2_ws/src/avoa3d/install/avoa3d/lib/python3.12/site-packages/avoa3d/avoa3d_s__rosidl_typesupport_introspection_c.so\n'}
[35.488684] (avoa3d) StdoutLine: {'line': b'-- Up-to-date symlink: /home/motusxico/ros2_ws/src/avoa3d/install/avoa3d/lib/python3.12/site-packages/avoa3d/avoa3d_s__rosidl_typesupport_c.so\n'}
[35.488876] (avoa3d) StdoutLine: {'line': b'-- Symlinking: /home/motusxico/ros2_ws/src/avoa3d/install/avoa3d/share/avoa3d/msg/ElementCharacteristicsStamped.idl\n'}
[35.497577] (avoa3d) StdoutLine: {'line': b'-- Symlinking: /home/motusxico/ros2_ws/src/avoa3d/install/avoa3d/share/avoa3d/msg/ElementCharacteristicsArray.idl\n'}
[35.505856] (avoa3d) StdoutLine: {'line': b'-- Symlinking: /home/motusxico/ros2_ws/src/avoa3d/install/avoa3d/share/avoa3d/msg/ElementCharacteristicsStamped.msg\n'}
[35.514463] (avoa3d) StdoutLine: {'line': b'-- Symlinking: /home/motusxico/ros2_ws/src/avoa3d/install/avoa3d/share/avoa3d/msg/ElementCharacteristicsArray.msg\n'}
[35.522999] (avoa3d) StdoutLine: {'line': b'-- Symlinking: /home/motusxico/ros2_ws/src/avoa3d/install/avoa3d/lib/avoa3d/rviz_marker\n'}
[35.531533] (avoa3d) StdoutLine: {'line': b'-- Symlinking: /home/motusxico/ros2_ws/src/avoa3d/install/avoa3d/lib/avoa3d/test_w_goal\n'}
[35.537785] (-) TimerEvent: {}
[35.539848] (avoa3d) StdoutLine: {'line': b'-- Symlinking: /home/motusxico/ros2_ws/src/avoa3d/install/avoa3d/lib/avoa3d/avoa3dnode\n'}
[35.548667] (avoa3d) StdoutLine: {'line': b'-- Symlinking: /home/motusxico/ros2_ws/src/avoa3d/install/avoa3d/lib/avoa3d/tf_publisher\n'}
[35.557469] (avoa3d) StdoutLine: {'line': b'-- Symlinking: /home/motusxico/ros2_ws/src/avoa3d/install/avoa3d/lib/avoa3d/dummy_obstacle_publisher\n'}
[35.566016] (avoa3d) StdoutLine: {'line': b'-- Symlinking: /home/motusxico/ros2_ws/src/avoa3d/install/avoa3d/lib/avoa3d/element_markers\n'}
[35.575144] (avoa3d) StdoutLine: {'line': b'-- Symlinking: /home/motusxico/ros2_ws/src/avoa3d/install/avoa3d/share/avoa3d//launch/avoa.launch.py\n'}
[35.584343] (avoa3d) StdoutLine: {'line': b'-- Symlinking: /home/motusxico/ros2_ws/src/avoa3d/install/avoa3d/share/avoa3d//launch/bridge_launch.xml\n'}
[35.593051] (avoa3d) StdoutLine: {'line': b'-- Symlinking: /home/motusxico/ros2_ws/src/avoa3d/install/avoa3d/share/avoa3d//launch/diff_drive.launch.py\n'}
[35.601930] (avoa3d) StdoutLine: {'line': b'-- Symlinking: /home/motusxico/ros2_ws/src/avoa3d/install/avoa3d/share/avoa3d//launch/ground_truth_obstacles.launch.py\n'}
[35.610588] (avoa3d) StdoutLine: {'line': b'-- Symlinking: /home/motusxico/ros2_ws/src/avoa3d/install/avoa3d/share/avoa3d//launch/holonomic.ablated.py\n'}
[35.619163] (avoa3d) StdoutLine: {'line': b'-- Symlinking: /home/motusxico/ros2_ws/src/avoa3d/install/avoa3d/share/avoa3d//launch/holonomic.launch.py\n'}
[35.628007] (avoa3d) StdoutLine: {'line': b'-- Symlinking: /home/motusxico/ros2_ws/src/avoa3d/install/avoa3d/share/avoa3d//launch/lidar_obstacles.launch.py\n'}
[35.636382] (avoa3d) StdoutLine: {'line': b'-- Symlinking: /home/motusxico/ros2_ws/src/avoa3d/install/avoa3d/share/avoa3d//launch/rvo.launch.py\n'}
[35.637883] (-) TimerEvent: {}
[35.649543] (avoa3d) StdoutLine: {'line': b'-- Symlinking: /home/motusxico/ros2_ws/src/avoa3d/install/avoa3d/share/avoa3d//launch/s3vo.launch.py\n'}
[35.656835] (avoa3d) StdoutLine: {'line': b'-- Symlinking: /home/motusxico/ros2_ws/src/avoa3d/install/avoa3d/share/avoa3d//launch/true_obstacle_publisher.launch.py\n'}
[35.666480] (avoa3d) StdoutLine: {'line': b'-- Symlinking: /home/motusxico/ros2_ws/src/avoa3d/install/avoa3d/share/avoa3d//launch/viana_static_obstacles.launch.py\n'}
[35.675645] (avoa3d) StdoutLine: {'line': b'-- Symlinking: /home/motusxico/ros2_ws/src/avoa3d/install/avoa3d/share/avoa3d//config/PlotJugglerLayout.xml\n'}
[35.686697] (avoa3d) StdoutLine: {'line': b'-- Symlinking: /home/motusxico/ros2_ws/src/avoa3d/install/avoa3d/share/avoa3d//config/bridge_config.yaml\n'}
[35.694574] (avoa3d) StdoutLine: {'line': b'-- Symlinking: /home/motusxico/ros2_ws/src/avoa3d/install/avoa3d/share/avoa3d//config/bridge_obstacles_config.yaml\n'}
[35.703175] (avoa3d) StdoutLine: {'line': b'-- Symlinking: /home/motusxico/ros2_ws/src/avoa3d/install/avoa3d/share/avoa3d//config/diff_drive_params.yaml\n'}
[35.711999] (avoa3d) StdoutLine: {'line': b'-- Symlinking: /home/motusxico/ros2_ws/src/avoa3d/install/avoa3d/share/avoa3d//config/gz_window_layout.config\n'}
[35.720279] (avoa3d) StdoutLine: {'line': b'-- Symlinking: /home/motusxico/ros2_ws/src/avoa3d/install/avoa3d/share/avoa3d//config/holonomic_params.yaml\n'}
[35.728998] (avoa3d) StdoutLine: {'line': b'-- Symlinking: /home/motusxico/ros2_ws/src/avoa3d/install/avoa3d/share/avoa3d//config/holonomic_params2.yaml\n'}
[35.737336] (avoa3d) StdoutLine: {'line': b'-- Symlinking: /home/motusxico/ros2_ws/src/avoa3d/install/avoa3d/share/avoa3d//config/nest_bridge_config.yaml\n'}
[35.737948] (-) TimerEvent: {}
[35.748186] (avoa3d) StdoutLine: {'line': b'-- Symlinking: /home/motusxico/ros2_ws/src/avoa3d/install/avoa3d/share/avoa3d//config/nest_params.yaml\n'}
[35.757364] (avoa3d) StdoutLine: {'line': b'-- Symlinking: /home/motusxico/ros2_ws/src/avoa3d/install/avoa3d/share/avoa3d//config/rviz_config.rviz\n'}
[35.765637] (avoa3d) StdoutLine: {'line': b'-- Symlinking: /home/motusxico/ros2_ws/src/avoa3d/install/avoa3d/share/avoa3d//config/static_obstacles.yaml\n'}
[35.776086] (avoa3d) StdoutLine: {'line': b'-- Symlinking: /home/motusxico/ros2_ws/src/avoa3d/install/avoa3d/lib/avoa3d/laser_frame_transformer.py\n'}
[35.785001] (avoa3d) StdoutLine: {'line': b'-- Symlinking: /home/motusxico/ros2_ws/src/avoa3d/install/avoa3d/lib/avoa3d/lidar_frame_transformer.py\n'}
[35.794892] (avoa3d) StdoutLine: {'line': b'-- Symlinking: /home/motusxico/ros2_ws/src/avoa3d/install/avoa3d/lib/avoa3d/gazebo_obstacle_publisher.py\n'}
[35.803466] (avoa3d) StdoutLine: {'line': b'-- Symlinking: /home/motusxico/ros2_ws/src/avoa3d/install/avoa3d/lib/avoa3d/durius_gps_obstacle_publisher.py\n'}
[35.812024] (avoa3d) StdoutLine: {'line': b'-- Symlinking: /home/motusxico/ros2_ws/src/avoa3d/install/avoa3d/lib/avoa3d/nautilus_obstacle_publisher.py\n'}
[35.820811] (avoa3d) StdoutLine: {'line': b'-- Up-to-date symlink: /home/motusxico/ros2_ws/src/avoa3d/install/avoa3d/share/avoa3d/launch/avoa.launch.py\n'}
[35.821025] (avoa3d) StdoutLine: {'line': b'-- Up-to-date symlink: /home/motusxico/ros2_ws/src/avoa3d/install/avoa3d/share/avoa3d/launch/bridge_launch.xml\n'}
[35.821453] (avoa3d) StdoutLine: {'line': b'-- Up-to-date symlink: /home/motusxico/ros2_ws/src/avoa3d/install/avoa3d/share/avoa3d/launch/diff_drive.launch.py\n'}
[35.821552] (avoa3d) StdoutLine: {'line': b'-- Up-to-date symlink: /home/motusxico/ros2_ws/src/avoa3d/install/avoa3d/share/avoa3d/launch/ground_truth_obstacles.launch.py\n'}
[35.821642] (avoa3d) StdoutLine: {'line': b'-- Up-to-date symlink: /home/motusxico/ros2_ws/src/avoa3d/install/avoa3d/share/avoa3d/launch/holonomic.ablated.py\n'}
[35.821734] (avoa3d) StdoutLine: {'line': b'-- Up-to-date symlink: /home/motusxico/ros2_ws/src/avoa3d/install/avoa3d/share/avoa3d/launch/holonomic.launch.py\n'}
[35.821813] (avoa3d) StdoutLine: {'line': b'-- Up-to-date symlink: /home/motusxico/ros2_ws/src/avoa3d/install/avoa3d/share/avoa3d/launch/lidar_obstacles.launch.py\n'}
[35.821877] (avoa3d) StdoutLine: {'line': b'-- Up-to-date symlink: /home/motusxico/ros2_ws/src/avoa3d/install/avoa3d/share/avoa3d/launch/rvo.launch.py\n'}
[35.821939] (avoa3d) StdoutLine: {'line': b'-- Up-to-date symlink: /home/motusxico/ros2_ws/src/avoa3d/install/avoa3d/share/avoa3d/launch/s3vo.launch.py\n'}
[35.822019] (avoa3d) StdoutLine: {'line': b'-- Up-to-date symlink: /home/motusxico/ros2_ws/src/avoa3d/install/avoa3d/share/avoa3d/launch/true_obstacle_publisher.launch.py\n'}
[35.822083] (avoa3d) StdoutLine: {'line': b'-- Up-to-date symlink: /home/motusxico/ros2_ws/src/avoa3d/install/avoa3d/share/avoa3d/launch/viana_static_obstacles.launch.py\n'}
[35.822145] (avoa3d) StdoutLine: {'line': b'-- Symlinking: /home/motusxico/ros2_ws/src/avoa3d/install/avoa3d/share/ament_index/resource_index/package_run_dependencies/avoa3d\n'}
[35.831003] (avoa3d) StdoutLine: {'line': b'-- Symlinking: /home/motusxico/ros2_ws/src/avoa3d/install/avoa3d/share/ament_index/resource_index/parent_prefix_path/avoa3d\n'}
[35.838040] (-) TimerEvent: {}
[35.840072] (avoa3d) StdoutLine: {'line': b'-- Symlinking: /home/motusxico/ros2_ws/src/avoa3d/install/avoa3d/share/avoa3d/environment/ament_prefix_path.sh\n'}
[35.849041] (avoa3d) StdoutLine: {'line': b'-- Symlinking: /home/motusxico/ros2_ws/src/avoa3d/install/avoa3d/share/avoa3d/environment/ament_prefix_path.dsv\n'}
[35.857676] (avoa3d) StdoutLine: {'line': b'-- Symlinking: /home/motusxico/ros2_ws/src/avoa3d/install/avoa3d/share/avoa3d/environment/path.sh\n'}
[35.866573] (avoa3d) StdoutLine: {'line': b'-- Symlinking: /home/motusxico/ros2_ws/src/avoa3d/install/avoa3d/share/avoa3d/environment/path.dsv\n'}
[35.875708] (avoa3d) StdoutLine: {'line': b'-- Symlinking: /home/motusxico/ros2_ws/src/avoa3d/install/avoa3d/share/avoa3d/local_setup.bash\n'}
[35.885342] (avoa3d) StdoutLine: {'line': b'-- Symlinking: /home/motusxico/ros2_ws/src/avoa3d/install/avoa3d/share/avoa3d/local_setup.sh\n'}
[35.894163] (avoa3d) StdoutLine: {'line': b'-- Symlinking: /home/motusxico/ros2_ws/src/avoa3d/install/avoa3d/share/avoa3d/local_setup.zsh\n'}
[35.902529] (avoa3d) StdoutLine: {'line': b'-- Symlinking: /home/motusxico/ros2_ws/src/avoa3d/install/avoa3d/share/avoa3d/local_setup.dsv\n'}
[35.911206] (avoa3d) StdoutLine: {'line': b'-- Symlinking: /home/motusxico/ros2_ws/src/avoa3d/install/avoa3d/share/avoa3d/package.dsv\n'}
[35.919587] (avoa3d) StdoutLine: {'line': b'-- Symlinking: /home/motusxico/ros2_ws/src/avoa3d/install/avoa3d/share/ament_index/resource_index/packages/avoa3d\n'}
[35.928370] (avoa3d) StdoutLine: {'line': b'-- Symlinking: /home/motusxico/ros2_ws/src/avoa3d/install/avoa3d/share/avoa3d/cmake/rosidl_cmake-extras.cmake\n'}
[35.936678] (avoa3d) StdoutLine: {'line': b'-- Symlinking: /home/motusxico/ros2_ws/src/avoa3d/install/avoa3d/share/avoa3d/cmake/ament_cmake_export_dependencies-extras.cmake\n'}
[35.938132] (-) TimerEvent: {}
[35.945656] (avoa3d) StdoutLine: {'line': b'-- Symlinking: /home/motusxico/ros2_ws/src/avoa3d/install/avoa3d/share/avoa3d/cmake/ament_cmake_export_include_directories-extras.cmake\n'}
[35.954366] (avoa3d) StdoutLine: {'line': b'-- Symlinking: /home/motusxico/ros2_ws/src/avoa3d/install/avoa3d/share/avoa3d/cmake/ament_cmake_export_libraries-extras.cmake\n'}
[35.963392] (avoa3d) StdoutLine: {'line': b'-- Symlinking: /home/motusxico/ros2_ws/src/avoa3d/install/avoa3d/share/avoa3d/cmake/ament_cmake_export_targets-extras.cmake\n'}
[35.971831] (avoa3d) StdoutLine: {'line': b'-- Symlinking: /home/motusxico/ros2_ws/src/avoa3d/install/avoa3d/share/avoa3d/cmake/rosidl_cmake_export_typesupport_targets-extras.cmake\n'}
[35.980915] (avoa3d) StdoutLine: {'line': b'-- Symlinking: /home/motusxico/ros2_ws/src/avoa3d/install/avoa3d/share/avoa3d/cmake/rosidl_cmake_export_typesupport_libraries-extras.cmake\n'}
[35.989644] (avoa3d) StdoutLine: {'line': b'-- Symlinking: /home/motusxico/ros2_ws/src/avoa3d/install/avoa3d/share/avoa3d/cmake/avoa3dConfig.cmake\n'}
[35.998162] (avoa3d) StdoutLine: {'line': b'-- Symlinking: /home/motusxico/ros2_ws/src/avoa3d/install/avoa3d/share/avoa3d/cmake/avoa3dConfig-version.cmake\n'}
[36.006381] (avoa3d) StdoutLine: {'line': b'-- Symlinking: /home/motusxico/ros2_ws/src/avoa3d/install/avoa3d/share/avoa3d/package.xml\n'}
[36.014858] (avoa3d) StdoutLine: {'line': b'-- Installing: /home/motusxico/ros2_ws/src/avoa3d/install/avoa3d/lib/libavoa3d__rosidl_generator_c.so\n'}
[36.015556] (avoa3d) StdoutLine: {'line': b'-- Set non-toolchain portion of runtime path of "/home/motusxico/ros2_ws/src/avoa3d/install/avoa3d/lib/libavoa3d__rosidl_generator_c.so" to ""\n'}
[36.015719] (avoa3d) StdoutLine: {'line': b'-- Installing: /home/motusxico/ros2_ws/src/avoa3d/install/avoa3d/lib/libavoa3d__rosidl_typesupport_fastrtps_c.so\n'}
[36.016009] (avoa3d) StdoutLine: {'line': b'-- Set non-toolchain portion of runtime path of "/home/motusxico/ros2_ws/src/avoa3d/install/avoa3d/lib/libavoa3d__rosidl_typesupport_fastrtps_c.so" to ""\n'}
[36.016106] (avoa3d) StdoutLine: {'line': b'-- Installing: /home/motusxico/ros2_ws/src/avoa3d/install/avoa3d/lib/libavoa3d__rosidl_typesupport_fastrtps_cpp.so\n'}
[36.016840] (avoa3d) StdoutLine: {'line': b'-- Set non-toolchain portion of runtime path of "/home/motusxico/ros2_ws/src/avoa3d/install/avoa3d/lib/libavoa3d__rosidl_typesupport_fastrtps_cpp.so" to ""\n'}
[36.017048] (avoa3d) StdoutLine: {'line': b'-- Installing: /home/motusxico/ros2_ws/src/avoa3d/install/avoa3d/lib/libavoa3d__rosidl_typesupport_introspection_c.so\n'}
[36.017243] (avoa3d) StdoutLine: {'line': b'-- Set non-toolchain portion of runtime path of "/home/motusxico/ros2_ws/src/avoa3d/install/avoa3d/lib/libavoa3d__rosidl_typesupport_introspection_c.so" to ""\n'}
[36.017380] (avoa3d) StdoutLine: {'line': b'-- Installing: /home/motusxico/ros2_ws/src/avoa3d/install/avoa3d/lib/libavoa3d__rosidl_typesupport_c.so\n'}
[36.017577] (avoa3d) StdoutLine: {'line': b'-- Set non-toolchain portion of runtime path of "/home/motusxico/ros2_ws/src/avoa3d/install/avoa3d/lib/libavoa3d__rosidl_typesupport_c.so" to ""\n'}
[36.017669] (avoa3d) StdoutLine: {'line': b'-- Installing: /home/motusxico/ros2_ws/src/avoa3d/install/avoa3d/lib/libavoa3d__rosidl_typesupport_introspection_cpp.so\n'}
[36.018280] (avoa3d) StdoutLine: {'line': b'-- Set non-toolchain portion of runtime path of "/home/motusxico/ros2_ws/src/avoa3d/install/avoa3d/lib/libavoa3d__rosidl_typesupport_introspection_cpp.so" to ""\n'}
[36.018429] (avoa3d) StdoutLine: {'line': b'-- Installing: /home/motusxico/ros2_ws/src/avoa3d/install/avoa3d/lib/libavoa3d__rosidl_typesupport_cpp.so\n'}
[36.018614] (avoa3d) StdoutLine: {'line': b'-- Set non-toolchain portion of runtime path of "/home/motusxico/ros2_ws/src/avoa3d/install/avoa3d/lib/libavoa3d__rosidl_typesupport_cpp.so" to ""\n'}
[36.038237] (-) TimerEvent: {}
[36.058870] (avoa3d) StdoutLine: {'line': b"Listing '/home/motusxico/ros2_ws/src/avoa3d/install/avoa3d/lib/python3.12/site-packages/avoa3d'...\n"}
[36.059154] (avoa3d) StdoutLine: {'line': b"Compiling '/home/motusxico/ros2_ws/src/avoa3d/install/avoa3d/lib/python3.12/site-packages/avoa3d/__init__.py'...\n"}
[36.059243] (avoa3d) StdoutLine: {'line': b"Listing '/home/motusxico/ros2_ws/src/avoa3d/install/avoa3d/lib/python3.12/site-packages/avoa3d/msg'...\n"}
[36.059317] (avoa3d) StdoutLine: {'line': b"Compiling '/home/motusxico/ros2_ws/src/avoa3d/install/avoa3d/lib/python3.12/site-packages/avoa3d/msg/__init__.py'...\n"}
[36.059390] (avoa3d) StdoutLine: {'line': b"Compiling '/home/motusxico/ros2_ws/src/avoa3d/install/avoa3d/lib/python3.12/site-packages/avoa3d/msg/_element_characteristics_array.py'...\n"}
[36.059458] (avoa3d) StdoutLine: {'line': b"Compiling '/home/motusxico/ros2_ws/src/avoa3d/install/avoa3d/lib/python3.12/site-packages/avoa3d/msg/_element_characteristics_stamped.py'...\n"}
[36.065528] (avoa3d) StdoutLine: {'line': b'-- Installing: /home/motusxico/ros2_ws/src/avoa3d/install/avoa3d/lib/libavoa3d__rosidl_generator_py.so\n'}
[36.065925] (avoa3d) StdoutLine: {'line': b'-- Set non-toolchain portion of runtime path of "/home/motusxico/ros2_ws/src/avoa3d/install/avoa3d/lib/libavoa3d__rosidl_generator_py.so" to ""\n'}
[36.066038] (avoa3d) StdoutLine: {'line': b'-- Installing: /home/motusxico/ros2_ws/src/avoa3d/install/avoa3d/share/avoa3d/cmake/export_avoa3d__rosidl_generator_cExport.cmake\n'}
[36.066225] (avoa3d) StdoutLine: {'line': b'-- Installing: /home/motusxico/ros2_ws/src/avoa3d/install/avoa3d/share/avoa3d/cmake/export_avoa3d__rosidl_generator_cExport-noconfig.cmake\n'}
[36.066527] (avoa3d) StdoutLine: {'line': b'-- Installing: /home/motusxico/ros2_ws/src/avoa3d/install/avoa3d/share/avoa3d/cmake/export_avoa3d__rosidl_typesupport_fastrtps_cExport.cmake\n'}
[36.066667] (avoa3d) StdoutLine: {'line': b'-- Installing: /home/motusxico/ros2_ws/src/avoa3d/install/avoa3d/share/avoa3d/cmake/export_avoa3d__rosidl_typesupport_fastrtps_cExport-noconfig.cmake\n'}
[36.066925] (avoa3d) StdoutLine: {'line': b'-- Installing: /home/motusxico/ros2_ws/src/avoa3d/install/avoa3d/share/avoa3d/cmake/export_avoa3d__rosidl_generator_cppExport.cmake\n'}
[36.067123] (avoa3d) StdoutLine: {'line': b'-- Installing: /home/motusxico/ros2_ws/src/avoa3d/install/avoa3d/share/avoa3d/cmake/export_avoa3d__rosidl_typesupport_fastrtps_cppExport.cmake\n'}
[36.067359] (avoa3d) StdoutLine: {'line': b'-- Installing: /home/motusxico/ros2_ws/src/avoa3d/install/avoa3d/share/avoa3d/cmake/export_avoa3d__rosidl_typesupport_fastrtps_cppExport-noconfig.cmake\n'}
[36.067522] (avoa3d) StdoutLine: {'line': b'-- Installing: /home/motusxico/ros2_ws/src/avoa3d/install/avoa3d/share/avoa3d/cmake/avoa3d__rosidl_typesupport_introspection_cExport.cmake\n'}
[36.067693] (avoa3d) StdoutLine: {'line': b'-- Installing: /home/motusxico/ros2_ws/src/avoa3d/install/avoa3d/share/avoa3d/cmake/avoa3d__rosidl_typesupport_introspection_cExport-noconfig.cmake\n'}
[36.067884] (avoa3d) StdoutLine: {'line': b'-- Installing: /home/motusxico/ros2_ws/src/avoa3d/install/avoa3d/share/avoa3d/cmake/avoa3d__rosidl_typesupport_cExport.cmake\n'}
[36.068093] (avoa3d) StdoutLine: {'line': b'-- Installing: /home/motusxico/ros2_ws/src/avoa3d/install/avoa3d/share/avoa3d/cmake/avoa3d__rosidl_typesupport_cExport-noconfig.cmake\n'}
[36.068301] (avoa3d) StdoutLine: {'line': b'-- Installing: /home/motusxico/ros2_ws/src/avoa3d/install/avoa3d/share/avoa3d/cmake/avoa3d__rosidl_typesupport_introspection_cppExport.cmake\n'}
[36.068490] (avoa3d) StdoutLine: {'line': b'-- Installing: /home/motusxico/ros2_ws/src/avoa3d/install/avoa3d/share/avoa3d/cmake/avoa3d__rosidl_typesupport_introspection_cppExport-noconfig.cmake\n'}
[36.068766] (avoa3d) StdoutLine: {'line': b'-- Installing: /home/motusxico/ros2_ws/src/avoa3d/install/avoa3d/share/avoa3d/cmake/avoa3d__rosidl_typesupport_cppExport.cmake\n'}
[36.068933] (avoa3d) StdoutLine: {'line': b'-- Installing: /home/motusxico/ros2_ws/src/avoa3d/install/avoa3d/share/avoa3d/cmake/avoa3d__rosidl_typesupport_cppExport-noconfig.cmake\n'}
[36.069091] (avoa3d) StdoutLine: {'line': b'-- Installing: /home/motusxico/ros2_ws/src/avoa3d/install/avoa3d/share/avoa3d/cmake/export_avoa3d__rosidl_generator_pyExport.cmake\n'}
[36.069277] (avoa3d) StdoutLine: {'line': b'-- Installing: /home/motusxico/ros2_ws/src/avoa3d/install/avoa3d/share/avoa3d/cmake/export_avoa3d__rosidl_generator_pyExport-noconfig.cmake\n'}
[36.071426] (avoa3d) CommandEnded: {'returncode': 0}
[36.095815] (avoa3d) JobEnded: {'identifier': 'avoa3d', 'rc': 0}
[36.096394] (-) EventReactorShutdown: {}
