[0.006s] Invoking command in '/home/xizesse/ros2_ws/src/avoa3d/build/avoa3d': CMAKE_PREFIX_PATH=${CMAKE_PREFIX_PATH}:/opt/ros/jazzy DEBUGINFOD_URLS=https://debuginfod.ubuntu.com /usr/bin/cmake /home/xizesse/ros2_ws/src/avoa3d -DCMAKE_INSTALL_PREFIX=/home/xizesse/ros2_ws/src/avoa3d/install/avoa3d
[0.024s] -- Found ament_cmake: 2.5.5 (/opt/ros/jazzy/share/ament_cmake/cmake)
[0.151s] -- Found Python3: /usr/bin/python3 (found version "3.12.3") found components: Interpreter 
[0.264s] -- Found rclcpp: 28.1.16 (/opt/ros/jazzy/share/rclcpp/cmake)
[0.327s] -- Found rosidl_generator_c: 4.6.7 (/opt/ros/jazzy/share/rosidl_generator_c/cmake)
[0.340s] -- Found rosidl_generator_cpp: 4.6.7 (/opt/ros/jazzy/share/rosidl_generator_cpp/cmake)
[0.358s] -- Using all available rosidl_typesupport_c: rosidl_typesupport_fastrtps_c;rosidl_typesupport_introspection_c
[0.377s] -- Using all available rosidl_typesupport_cpp: rosidl_typesupport_fastrtps_cpp;rosidl_typesupport_introspection_cpp
[0.454s] -- Found rmw_implementation_cmake: 7.3.3 (/opt/ros/jazzy/share/rmw_implementation_cmake/cmake)
[0.458s] -- Found rmw_fastrtps_cpp: 8.4.3 (/opt/ros/jazzy/share/rmw_fastrtps_cpp/cmake)
[0.560s] -- Found OpenSSL: /usr/lib/x86_64-linux-gnu/libcrypto.so (found version "3.0.13")  
[0.584s] -- Found FastRTPS: /opt/ros/jazzy/include (Required is at least version "2.13") 
[0.614s] -- Using RMW implementation 'rmw_fastrtps_cpp' as default
[0.687s] -- Found std_msgs: 5.3.6 (/opt/ros/jazzy/share/std_msgs/cmake)
[0.698s] -- Found visualization_msgs: 5.3.6 (/opt/ros/jazzy/share/visualization_msgs/cmake)
[0.762s] -- Found rosidl_default_generators: 1.6.0 (/opt/ros/jazzy/share/rosidl_default_generators/cmake)
[0.778s] -- Found rosidl_adapter: 4.6.7 (/opt/ros/jazzy/share/rosidl_adapter/cmake)
[0.782s] -- Found nav_msgs: 5.3.6 (/opt/ros/jazzy/share/nav_msgs/cmake)
[0.802s] -- Found tf2_ros: 0.36.19 (/opt/ros/jazzy/share/tf2_ros/cmake)
[0.923s] -- Found tf2_eigen: 0.36.19 (/opt/ros/jazzy/share/tf2_eigen/cmake)
[0.936s] -- Found tf2_geometry_msgs: 0.36.19 (/opt/ros/jazzy/share/tf2_geometry_msgs/cmake)
[0.950s] -- Found eigen3_cmake_module: 0.3.0 (/opt/ros/jazzy/share/eigen3_cmake_module/cmake)
[0.951s] -- Found Eigen3: TRUE (found version "3.4.0") 
[0.951s] -- Ensuring Eigen3 include directory is part of orocos-kdl CMake target
[0.955s] -- Found rviz_visual_tools: 4.1.4 (/opt/ros/jazzy/share/rviz_visual_tools/cmake)
[1.050s] -- Setting OGRE_DIR to: '/opt/ros/jazzy/share/rviz_ogre_vendor/cmake/../../../opt/rviz_ogre_vendor/lib/OGRE/cmake'
[1.052s] -- Found OGRE
[1.052s] --   static     : OFF
[1.052s] --   components : MeshLodGenerator;Overlay;Paging;Property;RTShaderSystem;Terrain;Volume
[1.052s] --   plugins    : Plugin_BSPSceneManager;Plugin_OctreeSceneManager;Plugin_PCZSceneManager;Plugin_ParticleFX;RenderSystem_GL;RenderSystem_GL3Plus;Codec_STBI
[1.052s] --   media      : /opt/ros/jazzy/opt/rviz_ogre_vendor/share/OGRE/Media
[1.052s] -- OGRE_LIBRARIES: OgreMeshLodGenerator;OgreOverlay;OgrePaging;OgreProperty;OgreRTShaderSystem;OgreTerrain;OgreVolume;OgreMain
[1.052s] -- OGRE_LIBRARY_DIRS: /opt/ros/jazzy/opt/rviz_ogre_vendor/lib
[1.052s] -- OGRE_PLUGINS: Plugin_BSPSceneManager;Plugin_OctreeSceneManager;Plugin_PCZSceneManager;Plugin_ParticleFX;RenderSystem_GL;RenderSystem_GL3Plus;Codec_STBI
[1.052s] -- OGRE_PLUGIN_DIR: /opt/ros/jazzy/opt/rviz_ogre_vendor/lib/OGRE
[1.053s] -- rviz_ogre_vendor::OgreOverlay for IMPORTED_LOCATION_RELEASE: /opt/ros/jazzy/opt/rviz_ogre_vendor/lib/libOgreOverlay.so
[1.053s] -- rviz_ogre_vendor::OgreOverlay for IMPORTED_LOCATION_DEBUG: /opt/ros/jazzy/opt/rviz_ogre_vendor/lib/libOgreOverlay.so
[1.053s] -- rviz_ogre_vendor::OgreMain for IMPORTED_LOCATION_RELEASE: /opt/ros/jazzy/opt/rviz_ogre_vendor/lib/libOgreMain.so
[1.053s] -- rviz_ogre_vendor::OgreMain for IMPORTED_LOCATION_DEBUG: /opt/ros/jazzy/opt/rviz_ogre_vendor/lib/libOgreMain.so
[1.081s] -- Found ZLIB: /usr/lib/x86_64-linux-gnu/libz.so (found version "1.3")  
[1.093s] -- Found OpenGL: /usr/lib/x86_64-linux-gnu/libOpenGL.so   
[1.235s] -- Found X11: /usr/include   
[1.235s] -- Looking for XOpenDisplay in /usr/lib/x86_64-linux-gnu/libX11.so;/usr/lib/x86_64-linux-gnu/libXext.so
[1.308s] -- Looking for XOpenDisplay in /usr/lib/x86_64-linux-gnu/libX11.so;/usr/lib/x86_64-linux-gnu/libXext.so - found
[1.308s] -- Looking for gethostbyname
[1.375s] -- Looking for gethostbyname - found
[1.375s] -- Looking for connect
[1.443s] -- Looking for connect - found
[1.443s] -- Looking for remove
[1.512s] -- Looking for remove - found
[1.512s] -- Looking for shmat
[1.582s] -- Looking for shmat - found
[1.582s] -- Looking for IceConnectionNumber in ICE
[1.658s] -- Looking for IceConnectionNumber in ICE - found
[1.690s] -- Setting yaml-cpp_DIR to: '/opt/ros/jazzy/share/yaml_cpp_vendor/cmake/../../../opt/yaml_cpp_vendor/share/cmake/yaml-cpp'
[1.793s] -- Found obstacle_detector: 1.0.0 (/home/xizesse/ros2_ws/install/obstacle_detector/share/obstacle_detector/cmake)
[2.320s] -- Found ament_cmake_ros: 0.12.0 (/opt/ros/jazzy/share/ament_cmake_ros/cmake)
[3.001s] -- Using all available rosidl_typesupport_c: rosidl_typesupport_fastrtps_c;rosidl_typesupport_introspection_c
[3.285s] -- Using all available rosidl_typesupport_cpp: rosidl_typesupport_fastrtps_cpp;rosidl_typesupport_introspection_cpp
[3.289s] -- Found python_cmake_module: 0.11.1 (/opt/ros/jazzy/share/python_cmake_module/cmake)
[3.445s] -- Found PythonExtra: /usr/bin/python3  
[3.905s] -- Found Python3: /usr/bin/python3 (found version "3.12.3") found components: Interpreter Development NumPy Development.Module Development.Embed 
[3.997s] -- Found ament_lint_auto: 0.17.4 (/opt/ros/jazzy/share/ament_lint_auto/cmake)
[4.001s] -- Configuring done (4.0s)
[4.069s] -- Generating done (0.1s)
[4.093s] -- Build files have been written to: /home/xizesse/ros2_ws/src/avoa3d/build/avoa3d
[4.140s] Invoked command in '/home/xizesse/ros2_ws/src/avoa3d/build/avoa3d' returned '0': CMAKE_PREFIX_PATH=${CMAKE_PREFIX_PATH}:/opt/ros/jazzy DEBUGINFOD_URLS=https://debuginfod.ubuntu.com /usr/bin/cmake /home/xizesse/ros2_ws/src/avoa3d -DCMAKE_INSTALL_PREFIX=/home/xizesse/ros2_ws/src/avoa3d/install/avoa3d
[4.143s] Invoking command in '/home/xizesse/ros2_ws/src/avoa3d/build/avoa3d': CMAKE_PREFIX_PATH=${CMAKE_PREFIX_PATH}:/opt/ros/jazzy DEBUGINFOD_URLS=https://debuginfod.ubuntu.com /usr/bin/cmake --build /home/xizesse/ros2_ws/src/avoa3d/build/avoa3d -- -j20 -l20
[4.202s] [  1%] [34m[1mGenerating type hashes for ROS interfaces[0m
[4.211s] [  1%] Built target ament_cmake_python_copy_avoa3d
[4.507s] running egg_info
[4.508s] creating avoa3d.egg-info
[4.509s] [  1%] Built target avoa3d__rosidl_generator_type_description
[4.518s] [  3%] [34m[1mGenerating C code for ROS interfaces[0m
[4.522s] writing avoa3d.egg-info/PKG-INFO
[4.522s] writing dependency_links to avoa3d.egg-info/dependency_links.txt
[4.522s] writing top-level names to avoa3d.egg-info/top_level.txt
[4.523s] writing manifest file 'avoa3d.egg-info/SOURCES.txt'
[4.537s] [  5%] [34m[1mGenerating C++ code for ROS interfaces[0m
[4.610s] reading manifest file 'avoa3d.egg-info/SOURCES.txt'
[4.611s] writing manifest file 'avoa3d.egg-info/SOURCES.txt'
[4.666s] [  5%] Built target ament_cmake_python_build_avoa3d_egg
[4.827s] [  5%] Built target avoa3d__cpp
[4.877s] [  6%] [32mBuilding C object CMakeFiles/avoa3d__rosidl_generator_c.dir/rosidl_generator_c/avoa3d/msg/detail/element_characteristics_array__functions.c.o[0m
[4.879s] [ 15%] [32mBuilding C object CMakeFiles/avoa3d__rosidl_generator_c.dir/rosidl_generator_c/avoa3d/msg/detail/element_characteristics_stamped__type_support.c.o[0m
[4.879s] [ 15%] [32mBuilding C object CMakeFiles/avoa3d__rosidl_generator_c.dir/rosidl_generator_c/avoa3d/msg/detail/element_characteristics_stamped__description.c.o[0m
[4.879s] [ 15%] [32mBuilding C object CMakeFiles/avoa3d__rosidl_generator_c.dir/rosidl_generator_c/avoa3d/msg/detail/element_characteristics_array__type_support.c.o[0m
[4.879s] [ 15%] [32mBuilding C object CMakeFiles/avoa3d__rosidl_generator_c.dir/rosidl_generator_c/avoa3d/msg/detail/element_characteristics_array__description.c.o[0m
[4.880s] [ 15%] [32mBuilding C object CMakeFiles/avoa3d__rosidl_generator_c.dir/rosidl_generator_c/avoa3d/msg/detail/element_characteristics_stamped__functions.c.o[0m
[4.929s] [ 16%] [32m[1mLinking C shared library libavoa3d__rosidl_generator_c.so[0m
[4.970s] [ 16%] Built target avoa3d__rosidl_generator_c
[4.979s] [ 20%] [34m[1mGenerating C++ type support dispatch for ROS interfaces[0m
[4.980s] [ 20%] [34m[1mGenerating C++ introspection for ROS interfaces[0m
[4.981s] [ 27%] [34m[1mGenerating C type support dispatch for ROS interfaces[0m
[4.981s] [ 27%] [34m[1mGenerating C++ type support for eProsima Fast-RTPS[0m
[4.981s] [ 27%] [34m[1mGenerating C introspection for ROS interfaces[0m
[4.981s] [ 27%] [34m[1mGenerating C type support for eProsima Fast-RTPS[0m
[5.352s] [ 28%] [32mBuilding CXX object CMakeFiles/avoa3d__rosidl_typesupport_introspection_cpp.dir/rosidl_typesupport_introspection_cpp/avoa3d/msg/detail/element_characteristics_stamped__type_support.cpp.o[0m
[5.353s] [ 30%] [32mBuilding CXX object CMakeFiles/avoa3d__rosidl_typesupport_introspection_cpp.dir/rosidl_typesupport_introspection_cpp/avoa3d/msg/detail/element_characteristics_array__type_support.cpp.o[0m
[5.396s] [ 33%] [32mBuilding CXX object CMakeFiles/avoa3d__rosidl_typesupport_cpp.dir/rosidl_typesupport_cpp/avoa3d/msg/element_characteristics_array__type_support.cpp.o[0m
[5.396s] [ 33%] [32mBuilding CXX object CMakeFiles/avoa3d__rosidl_typesupport_cpp.dir/rosidl_typesupport_cpp/avoa3d/msg/element_characteristics_stamped__type_support.cpp.o[0m
[5.407s] [ 37%] [32mBuilding CXX object CMakeFiles/avoa3d__rosidl_typesupport_c.dir/rosidl_typesupport_c/avoa3d/msg/element_characteristics_array__type_support.cpp.o[0m
[5.407s] [ 37%] [32mBuilding CXX object CMakeFiles/avoa3d__rosidl_typesupport_c.dir/rosidl_typesupport_c/avoa3d/msg/element_characteristics_stamped__type_support.cpp.o[0m
[5.419s] [ 40%] [32mBuilding CXX object CMakeFiles/avoa3d__rosidl_typesupport_fastrtps_c.dir/rosidl_typesupport_fastrtps_c/avoa3d/msg/detail/element_characteristics_stamped__type_support_c.cpp.o[0m
[5.419s] [ 40%] [32mBuilding CXX object CMakeFiles/avoa3d__rosidl_typesupport_fastrtps_c.dir/rosidl_typesupport_fastrtps_c/avoa3d/msg/detail/element_characteristics_array__type_support_c.cpp.o[0m
[5.457s] [ 44%] [32mBuilding C object CMakeFiles/avoa3d__rosidl_typesupport_introspection_c.dir/rosidl_typesupport_introspection_c/avoa3d/msg/detail/element_characteristics_array__type_support.c.o[0m
[5.457s] [ 44%] [32mBuilding C object CMakeFiles/avoa3d__rosidl_typesupport_introspection_c.dir/rosidl_typesupport_introspection_c/avoa3d/msg/detail/element_characteristics_stamped__type_support.c.o[0m
[5.459s] [ 45%] [32m[1mLinking CXX shared library libavoa3d__rosidl_typesupport_c.so[0m
[5.477s] [ 49%] [32mBuilding CXX object CMakeFiles/avoa3d__rosidl_typesupport_fastrtps_cpp.dir/rosidl_typesupport_fastrtps_cpp/avoa3d/msg/detail/dds_fastrtps/element_characteristics_array__type_support.cpp.o[0m
[5.477s] [ 49%] [32mBuilding CXX object CMakeFiles/avoa3d__rosidl_typesupport_fastrtps_cpp.dir/rosidl_typesupport_fastrtps_cpp/avoa3d/msg/detail/dds_fastrtps/element_characteristics_stamped__type_support.cpp.o[0m
[5.510s] [ 50%] [32m[1mLinking C shared library libavoa3d__rosidl_typesupport_introspection_c.so[0m
[5.521s] [ 50%] Built target avoa3d__rosidl_typesupport_c
[5.567s] [ 50%] Built target avoa3d__rosidl_typesupport_introspection_c
[5.840s] [ 52%] [32m[1mLinking CXX shared library libavoa3d__rosidl_typesupport_cpp.so[0m
[5.873s] [ 54%] [32m[1mLinking CXX shared library libavoa3d__rosidl_typesupport_introspection_cpp.so[0m
[5.888s] [ 54%] Built target avoa3d__rosidl_typesupport_cpp
[5.919s] [ 55%] [32mBuilding CXX object CMakeFiles/avoa3dnode.dir/src/avoa3dnode.cpp.o[0m
[5.919s] [ 57%] [32mBuilding CXX object CMakeFiles/test_w_goal.dir/src/test_w_goal.cpp.o[0m
[5.922s] [ 59%] [32mBuilding CXX object CMakeFiles/avoa3dnode.dir/src/sample_evaluator.cpp.o[0m
[5.926s] [ 62%] [32mBuilding CXX object CMakeFiles/obstacle_publisher.dir/src/obstacle_publisher.cpp.o[0m
[5.926s] [ 62%] [32mBuilding CXX object CMakeFiles/avoa3dnode.dir/src/sample_generator.cpp.o[0m
[5.926s] [ 64%] [32mBuilding CXX object CMakeFiles/rviz_marker.dir/src/rviz_marker.cpp.o[0m
[5.927s] [ 66%] [32mBuilding CXX object CMakeFiles/avoa3dnode.dir/src/sample_visualizer.cpp.o[0m
[5.928s] [ 67%] [32mBuilding CXX object CMakeFiles/tf_publisher.dir/src/tf_publisher.cpp.o[0m
[5.946s] [ 69%] [32mBuilding CXX object CMakeFiles/obstacle_converter_node.dir/src/obstacle_converter_node.cpp.o[0m
[6.069s] [ 69%] Built target avoa3d__rosidl_typesupport_introspection_cpp
[6.135s] [ 71%] [32m[1mLinking CXX shared library libavoa3d__rosidl_typesupport_fastrtps_c.so[0m
[6.224s] [ 71%] Built target avoa3d__rosidl_typesupport_fastrtps_c
[6.243s] [ 72%] [32m[1mLinking CXX shared library libavoa3d__rosidl_typesupport_fastrtps_cpp.so[0m
[6.393s] [ 72%] Built target avoa3d__rosidl_typesupport_fastrtps_cpp
[6.430s] [ 72%] Built target avoa3d
[6.471s] [ 74%] [34m[1mGenerating Python code for ROS interfaces[0m
[7.261s] [ 74%] Built target avoa3d__py
[7.310s] [ 77%] [32mBuilding C object CMakeFiles/avoa3d__rosidl_generator_py.dir/rosidl_generator_py/avoa3d/msg/_element_characteristics_array_s.c.o[0m
[7.310s] [ 77%] [32mBuilding C object CMakeFiles/avoa3d__rosidl_generator_py.dir/rosidl_generator_py/avoa3d/msg/_element_characteristics_stamped_s.c.o[0m
[7.516s] [ 79%] [32m[1mLinking C shared library libavoa3d__rosidl_generator_py.so[0m
[7.605s] [ 79%] Built target avoa3d__rosidl_generator_py
[7.646s] [ 84%] [32mBuilding C object CMakeFiles/avoa3d_s__rosidl_typesupport_fastrtps_c.dir/rosidl_generator_py/avoa3d/_avoa3d_s.ep.rosidl_typesupport_fastrtps_c.c.o[0m
[7.646s] [ 84%] [32mBuilding C object CMakeFiles/avoa3d_s__rosidl_typesupport_c.dir/rosidl_generator_py/avoa3d/_avoa3d_s.ep.rosidl_typesupport_c.c.o[0m
[7.646s] [ 84%] [32mBuilding C object CMakeFiles/avoa3d_s__rosidl_typesupport_introspection_c.dir/rosidl_generator_py/avoa3d/_avoa3d_s.ep.rosidl_typesupport_introspection_c.c.o[0m
[7.823s] [ 86%] [32m[1mLinking C shared module rosidl_generator_py/avoa3d/avoa3d_s__rosidl_typesupport_fastrtps_c.so[0m
[7.831s] [ 88%] [32m[1mLinking C shared module rosidl_generator_py/avoa3d/avoa3d_s__rosidl_typesupport_introspection_c.so[0m
[7.844s] [ 89%] [32m[1mLinking C shared module rosidl_generator_py/avoa3d/avoa3d_s__rosidl_typesupport_c.so[0m
[7.895s] [ 89%] Built target avoa3d_s__rosidl_typesupport_fastrtps_c
[7.907s] [ 89%] Built target avoa3d_s__rosidl_typesupport_c
[7.907s] [ 89%] Built target avoa3d_s__rosidl_typesupport_introspection_c
[25.210s] [ 91%] [32m[1mLinking CXX executable tf_publisher[0m
[25.394s] [ 93%] [32m[1mLinking CXX executable obstacle_converter_node[0m
[26.381s] [ 93%] Built target tf_publisher
[26.727s] [ 93%] Built target obstacle_converter_node
[28.184s] [ 94%] [32m[1mLinking CXX executable obstacle_publisher[0m
[28.953s] [ 94%] Built target obstacle_publisher
[32.631s] [ 96%] [32m[1mLinking CXX executable test_w_goal[0m
[33.466s] [ 96%] Built target test_w_goal
[33.621s] [ 98%] [32m[1mLinking CXX executable avoa3dnode[0m
[34.344s] [ 98%] Built target avoa3dnode
[36.970s] [100%] [32m[1mLinking CXX executable rviz_marker[0m
[37.865s] [100%] Built target rviz_marker
[37.904s] Invoked command in '/home/xizesse/ros2_ws/src/avoa3d/build/avoa3d' returned '0': CMAKE_PREFIX_PATH=${CMAKE_PREFIX_PATH}:/opt/ros/jazzy DEBUGINFOD_URLS=https://debuginfod.ubuntu.com /usr/bin/cmake --build /home/xizesse/ros2_ws/src/avoa3d/build/avoa3d -- -j20 -l20
[37.906s] Invoking command in '/home/xizesse/ros2_ws/src/avoa3d/build/avoa3d': CMAKE_PREFIX_PATH=${CMAKE_PREFIX_PATH}:/opt/ros/jazzy DEBUGINFOD_URLS=https://debuginfod.ubuntu.com /usr/bin/cmake --install /home/xizesse/ros2_ws/src/avoa3d/build/avoa3d
[37.924s] -- Install configuration: ""
[37.925s] -- Installing: /home/xizesse/ros2_ws/src/avoa3d/install/avoa3d/share/ament_index/resource_index/rosidl_interfaces/avoa3d
[37.925s] -- Installing: /home/xizesse/ros2_ws/src/avoa3d/install/avoa3d/share/avoa3d/msg/ElementCharacteristicsStamped.json
[37.925s] -- Installing: /home/xizesse/ros2_ws/src/avoa3d/install/avoa3d/share/avoa3d/msg/ElementCharacteristicsArray.json
[37.925s] -- Installing: /home/xizesse/ros2_ws/src/avoa3d/install/avoa3d/include/avoa3d/avoa3d
[37.925s] -- Installing: /home/xizesse/ros2_ws/src/avoa3d/install/avoa3d/include/avoa3d/avoa3d/msg
[37.925s] -- Installing: /home/xizesse/ros2_ws/src/avoa3d/install/avoa3d/include/avoa3d/avoa3d/msg/rosidl_generator_c__visibility_control.h
[37.925s] -- Installing: /home/xizesse/ros2_ws/src/avoa3d/install/avoa3d/include/avoa3d/avoa3d/msg/detail
[37.925s] -- Installing: /home/xizesse/ros2_ws/src/avoa3d/install/avoa3d/include/avoa3d/avoa3d/msg/detail/element_characteristics_stamped__type_support.c
[37.926s] -- Installing: /home/xizesse/ros2_ws/src/avoa3d/install/avoa3d/include/avoa3d/avoa3d/msg/detail/element_characteristics_array__type_support.c
[37.926s] -- Installing: /home/xizesse/ros2_ws/src/avoa3d/install/avoa3d/include/avoa3d/avoa3d/msg/detail/element_characteristics_stamped__struct.h
[37.926s] -- Installing: /home/xizesse/ros2_ws/src/avoa3d/install/avoa3d/include/avoa3d/avoa3d/msg/detail/element_characteristics_stamped__functions.c
[37.926s] -- Installing: /home/xizesse/ros2_ws/src/avoa3d/install/avoa3d/include/avoa3d/avoa3d/msg/detail/element_characteristics_array__description.c
[37.926s] -- Installing: /home/xizesse/ros2_ws/src/avoa3d/install/avoa3d/include/avoa3d/avoa3d/msg/detail/element_characteristics_array__functions.c
[37.926s] -- Installing: /home/xizesse/ros2_ws/src/avoa3d/install/avoa3d/include/avoa3d/avoa3d/msg/detail/element_characteristics_stamped__functions.h
[37.926s] -- Installing: /home/xizesse/ros2_ws/src/avoa3d/install/avoa3d/include/avoa3d/avoa3d/msg/detail/element_characteristics_stamped__type_support.h
[37.926s] -- Installing: /home/xizesse/ros2_ws/src/avoa3d/install/avoa3d/include/avoa3d/avoa3d/msg/detail/element_characteristics_stamped__description.c
[37.926s] -- Installing: /home/xizesse/ros2_ws/src/avoa3d/install/avoa3d/include/avoa3d/avoa3d/msg/detail/element_characteristics_array__functions.h
[37.926s] -- Installing: /home/xizesse/ros2_ws/src/avoa3d/install/avoa3d/include/avoa3d/avoa3d/msg/detail/element_characteristics_array__struct.h
[37.926s] -- Installing: /home/xizesse/ros2_ws/src/avoa3d/install/avoa3d/include/avoa3d/avoa3d/msg/detail/element_characteristics_array__type_support.h
[37.927s] -- Installing: /home/xizesse/ros2_ws/src/avoa3d/install/avoa3d/include/avoa3d/avoa3d/msg/element_characteristics_array.h
[37.927s] -- Installing: /home/xizesse/ros2_ws/src/avoa3d/install/avoa3d/include/avoa3d/avoa3d/msg/element_characteristics_stamped.h
[37.927s] -- Installing: /home/xizesse/ros2_ws/src/avoa3d/install/avoa3d/share/avoa3d/environment/library_path.sh
[37.927s] -- Installing: /home/xizesse/ros2_ws/src/avoa3d/install/avoa3d/share/avoa3d/environment/library_path.dsv
[37.927s] -- Installing: /home/xizesse/ros2_ws/src/avoa3d/install/avoa3d/lib/libavoa3d__rosidl_generator_c.so
[37.927s] -- Set non-toolchain portion of runtime path of "/home/xizesse/ros2_ws/src/avoa3d/install/avoa3d/lib/libavoa3d__rosidl_generator_c.so" to ""
[37.928s] -- Up-to-date: /home/xizesse/ros2_ws/src/avoa3d/install/avoa3d/include/avoa3d/avoa3d
[37.928s] -- Up-to-date: /home/xizesse/ros2_ws/src/avoa3d/install/avoa3d/include/avoa3d/avoa3d/msg
[37.928s] -- Up-to-date: /home/xizesse/ros2_ws/src/avoa3d/install/avoa3d/include/avoa3d/avoa3d/msg/detail
[37.928s] -- Installing: /home/xizesse/ros2_ws/src/avoa3d/install/avoa3d/include/avoa3d/avoa3d/msg/detail/element_characteristics_array__rosidl_typesupport_fastrtps_c.h
[37.928s] -- Installing: /home/xizesse/ros2_ws/src/avoa3d/install/avoa3d/include/avoa3d/avoa3d/msg/detail/element_characteristics_stamped__rosidl_typesupport_fastrtps_c.h
[37.928s] -- Installing: /home/xizesse/ros2_ws/src/avoa3d/install/avoa3d/include/avoa3d/avoa3d/msg/rosidl_typesupport_fastrtps_c__visibility_control.h
[37.928s] -- Installing: /home/xizesse/ros2_ws/src/avoa3d/install/avoa3d/lib/libavoa3d__rosidl_typesupport_fastrtps_c.so
[37.928s] -- Set non-toolchain portion of runtime path of "/home/xizesse/ros2_ws/src/avoa3d/install/avoa3d/lib/libavoa3d__rosidl_typesupport_fastrtps_c.so" to ""
[37.928s] -- Up-to-date: /home/xizesse/ros2_ws/src/avoa3d/install/avoa3d/include/avoa3d/avoa3d
[37.928s] -- Up-to-date: /home/xizesse/ros2_ws/src/avoa3d/install/avoa3d/include/avoa3d/avoa3d/msg
[37.928s] -- Installing: /home/xizesse/ros2_ws/src/avoa3d/install/avoa3d/include/avoa3d/avoa3d/msg/element_characteristics_array.hpp
[37.928s] -- Up-to-date: /home/xizesse/ros2_ws/src/avoa3d/install/avoa3d/include/avoa3d/avoa3d/msg/detail
[37.929s] -- Installing: /home/xizesse/ros2_ws/src/avoa3d/install/avoa3d/include/avoa3d/avoa3d/msg/detail/element_characteristics_stamped__struct.hpp
[37.929s] -- Installing: /home/xizesse/ros2_ws/src/avoa3d/install/avoa3d/include/avoa3d/avoa3d/msg/detail/element_characteristics_stamped__type_support.hpp
[37.929s] -- Installing: /home/xizesse/ros2_ws/src/avoa3d/install/avoa3d/include/avoa3d/avoa3d/msg/detail/element_characteristics_stamped__traits.hpp
[37.929s] -- Installing: /home/xizesse/ros2_ws/src/avoa3d/install/avoa3d/include/avoa3d/avoa3d/msg/detail/element_characteristics_array__traits.hpp
[37.929s] -- Installing: /home/xizesse/ros2_ws/src/avoa3d/install/avoa3d/include/avoa3d/avoa3d/msg/detail/element_characteristics_array__builder.hpp
[37.929s] -- Installing: /home/xizesse/ros2_ws/src/avoa3d/install/avoa3d/include/avoa3d/avoa3d/msg/detail/element_characteristics_stamped__builder.hpp
[37.929s] -- Installing: /home/xizesse/ros2_ws/src/avoa3d/install/avoa3d/include/avoa3d/avoa3d/msg/detail/element_characteristics_array__struct.hpp
[37.929s] -- Installing: /home/xizesse/ros2_ws/src/avoa3d/install/avoa3d/include/avoa3d/avoa3d/msg/detail/element_characteristics_array__type_support.hpp
[37.929s] -- Installing: /home/xizesse/ros2_ws/src/avoa3d/install/avoa3d/include/avoa3d/avoa3d/msg/rosidl_generator_cpp__visibility_control.hpp
[37.929s] -- Installing: /home/xizesse/ros2_ws/src/avoa3d/install/avoa3d/include/avoa3d/avoa3d/msg/element_characteristics_stamped.hpp
[37.929s] -- Up-to-date: /home/xizesse/ros2_ws/src/avoa3d/install/avoa3d/include/avoa3d/avoa3d
[37.929s] -- Up-to-date: /home/xizesse/ros2_ws/src/avoa3d/install/avoa3d/include/avoa3d/avoa3d/msg
[37.929s] -- Up-to-date: /home/xizesse/ros2_ws/src/avoa3d/install/avoa3d/include/avoa3d/avoa3d/msg/detail
[37.929s] -- Installing: /home/xizesse/ros2_ws/src/avoa3d/install/avoa3d/include/avoa3d/avoa3d/msg/detail/element_characteristics_array__rosidl_typesupport_fastrtps_cpp.hpp
[37.929s] -- Installing: /home/xizesse/ros2_ws/src/avoa3d/install/avoa3d/include/avoa3d/avoa3d/msg/detail/element_characteristics_stamped__rosidl_typesupport_fastrtps_cpp.hpp
[37.929s] -- Installing: /home/xizesse/ros2_ws/src/avoa3d/install/avoa3d/include/avoa3d/avoa3d/msg/detail/dds_fastrtps
[37.929s] -- Installing: /home/xizesse/ros2_ws/src/avoa3d/install/avoa3d/include/avoa3d/avoa3d/msg/rosidl_typesupport_fastrtps_cpp__visibility_control.h
[37.929s] -- Installing: /home/xizesse/ros2_ws/src/avoa3d/install/avoa3d/lib/libavoa3d__rosidl_typesupport_fastrtps_cpp.so
[37.930s] -- Set non-toolchain portion of runtime path of "/home/xizesse/ros2_ws/src/avoa3d/install/avoa3d/lib/libavoa3d__rosidl_typesupport_fastrtps_cpp.so" to ""
[37.930s] -- Up-to-date: /home/xizesse/ros2_ws/src/avoa3d/install/avoa3d/include/avoa3d/avoa3d
[37.930s] -- Up-to-date: /home/xizesse/ros2_ws/src/avoa3d/install/avoa3d/include/avoa3d/avoa3d/msg
[37.930s] -- Installing: /home/xizesse/ros2_ws/src/avoa3d/install/avoa3d/include/avoa3d/avoa3d/msg/rosidl_typesupport_introspection_c__visibility_control.h
[37.930s] -- Up-to-date: /home/xizesse/ros2_ws/src/avoa3d/install/avoa3d/include/avoa3d/avoa3d/msg/detail
[37.931s] -- Installing: /home/xizesse/ros2_ws/src/avoa3d/install/avoa3d/include/avoa3d/avoa3d/msg/detail/element_characteristics_stamped__type_support.c
[37.931s] -- Installing: /home/xizesse/ros2_ws/src/avoa3d/install/avoa3d/include/avoa3d/avoa3d/msg/detail/element_characteristics_array__type_support.c
[37.931s] -- Installing: /home/xizesse/ros2_ws/src/avoa3d/install/avoa3d/include/avoa3d/avoa3d/msg/detail/element_characteristics_stamped__rosidl_typesupport_introspection_c.h
[37.931s] -- Installing: /home/xizesse/ros2_ws/src/avoa3d/install/avoa3d/include/avoa3d/avoa3d/msg/detail/element_characteristics_array__rosidl_typesupport_introspection_c.h
[37.931s] -- Installing: /home/xizesse/ros2_ws/src/avoa3d/install/avoa3d/lib/libavoa3d__rosidl_typesupport_introspection_c.so
[37.931s] -- Set non-toolchain portion of runtime path of "/home/xizesse/ros2_ws/src/avoa3d/install/avoa3d/lib/libavoa3d__rosidl_typesupport_introspection_c.so" to ""
[37.931s] -- Installing: /home/xizesse/ros2_ws/src/avoa3d/install/avoa3d/lib/libavoa3d__rosidl_typesupport_c.so
[37.931s] -- Set non-toolchain portion of runtime path of "/home/xizesse/ros2_ws/src/avoa3d/install/avoa3d/lib/libavoa3d__rosidl_typesupport_c.so" to ""
[37.932s] -- Up-to-date: /home/xizesse/ros2_ws/src/avoa3d/install/avoa3d/include/avoa3d/avoa3d
[37.932s] -- Up-to-date: /home/xizesse/ros2_ws/src/avoa3d/install/avoa3d/include/avoa3d/avoa3d/msg
[37.932s] -- Up-to-date: /home/xizesse/ros2_ws/src/avoa3d/install/avoa3d/include/avoa3d/avoa3d/msg/detail
[37.932s] -- Installing: /home/xizesse/ros2_ws/src/avoa3d/install/avoa3d/include/avoa3d/avoa3d/msg/detail/element_characteristics_array__rosidl_typesupport_introspection_cpp.hpp
[37.932s] -- Installing: /home/xizesse/ros2_ws/src/avoa3d/install/avoa3d/include/avoa3d/avoa3d/msg/detail/element_characteristics_stamped__type_support.cpp
[37.932s] -- Installing: /home/xizesse/ros2_ws/src/avoa3d/install/avoa3d/include/avoa3d/avoa3d/msg/detail/element_characteristics_array__type_support.cpp
[37.932s] -- Installing: /home/xizesse/ros2_ws/src/avoa3d/install/avoa3d/include/avoa3d/avoa3d/msg/detail/element_characteristics_stamped__rosidl_typesupport_introspection_cpp.hpp
[37.932s] -- Installing: /home/xizesse/ros2_ws/src/avoa3d/install/avoa3d/lib/libavoa3d__rosidl_typesupport_introspection_cpp.so
[37.933s] -- Set non-toolchain portion of runtime path of "/home/xizesse/ros2_ws/src/avoa3d/install/avoa3d/lib/libavoa3d__rosidl_typesupport_introspection_cpp.so" to ""
[37.933s] -- Installing: /home/xizesse/ros2_ws/src/avoa3d/install/avoa3d/lib/libavoa3d__rosidl_typesupport_cpp.so
[37.933s] -- Set non-toolchain portion of runtime path of "/home/xizesse/ros2_ws/src/avoa3d/install/avoa3d/lib/libavoa3d__rosidl_typesupport_cpp.so" to ""
[37.933s] -- Installing: /home/xizesse/ros2_ws/src/avoa3d/install/avoa3d/share/avoa3d/environment/pythonpath.sh
[37.933s] -- Installing: /home/xizesse/ros2_ws/src/avoa3d/install/avoa3d/share/avoa3d/environment/pythonpath.dsv
[37.933s] -- Installing: /home/xizesse/ros2_ws/src/avoa3d/install/avoa3d/lib/python3.12/site-packages/avoa3d-0.1.0-py3.12.egg-info
[37.933s] -- Installing: /home/xizesse/ros2_ws/src/avoa3d/install/avoa3d/lib/python3.12/site-packages/avoa3d-0.1.0-py3.12.egg-info/dependency_links.txt
[37.933s] -- Installing: /home/xizesse/ros2_ws/src/avoa3d/install/avoa3d/lib/python3.12/site-packages/avoa3d-0.1.0-py3.12.egg-info/PKG-INFO
[37.933s] -- Installing: /home/xizesse/ros2_ws/src/avoa3d/install/avoa3d/lib/python3.12/site-packages/avoa3d-0.1.0-py3.12.egg-info/top_level.txt
[37.934s] -- Installing: /home/xizesse/ros2_ws/src/avoa3d/install/avoa3d/lib/python3.12/site-packages/avoa3d-0.1.0-py3.12.egg-info/SOURCES.txt
[37.934s] -- Installing: /home/xizesse/ros2_ws/src/avoa3d/install/avoa3d/lib/python3.12/site-packages/avoa3d
[37.934s] -- Installing: /home/xizesse/ros2_ws/src/avoa3d/install/avoa3d/lib/python3.12/site-packages/avoa3d/_avoa3d_s.ep.rosidl_typesupport_introspection_c.c
[37.934s] -- Installing: /home/xizesse/ros2_ws/src/avoa3d/install/avoa3d/lib/python3.12/site-packages/avoa3d/msg
[37.934s] -- Installing: /home/xizesse/ros2_ws/src/avoa3d/install/avoa3d/lib/python3.12/site-packages/avoa3d/msg/_element_characteristics_array_s.c
[37.934s] -- Installing: /home/xizesse/ros2_ws/src/avoa3d/install/avoa3d/lib/python3.12/site-packages/avoa3d/msg/_element_characteristics_array.py
[37.934s] -- Installing: /home/xizesse/ros2_ws/src/avoa3d/install/avoa3d/lib/python3.12/site-packages/avoa3d/msg/__init__.py
[37.934s] -- Installing: /home/xizesse/ros2_ws/src/avoa3d/install/avoa3d/lib/python3.12/site-packages/avoa3d/msg/_element_characteristics_stamped.py
[37.934s] -- Installing: /home/xizesse/ros2_ws/src/avoa3d/install/avoa3d/lib/python3.12/site-packages/avoa3d/msg/_element_characteristics_stamped_s.c
[37.934s] -- Installing: /home/xizesse/ros2_ws/src/avoa3d/install/avoa3d/lib/python3.12/site-packages/avoa3d/avoa3d_s__rosidl_typesupport_fastrtps_c.so
[37.934s] -- Installing: /home/xizesse/ros2_ws/src/avoa3d/install/avoa3d/lib/python3.12/site-packages/avoa3d/avoa3d_s__rosidl_typesupport_introspection_c.so
[37.935s] -- Installing: /home/xizesse/ros2_ws/src/avoa3d/install/avoa3d/lib/python3.12/site-packages/avoa3d/avoa3d_s__rosidl_typesupport_c.so
[37.935s] -- Installing: /home/xizesse/ros2_ws/src/avoa3d/install/avoa3d/lib/python3.12/site-packages/avoa3d/__init__.py
[37.935s] -- Installing: /home/xizesse/ros2_ws/src/avoa3d/install/avoa3d/lib/python3.12/site-packages/avoa3d/_avoa3d_s.ep.rosidl_typesupport_c.c
[37.935s] -- Installing: /home/xizesse/ros2_ws/src/avoa3d/install/avoa3d/lib/python3.12/site-packages/avoa3d/_avoa3d_s.ep.rosidl_typesupport_fastrtps_c.c
[38.002s] Listing '/home/xizesse/ros2_ws/src/avoa3d/install/avoa3d/lib/python3.12/site-packages/avoa3d'...
[38.003s] Compiling '/home/xizesse/ros2_ws/src/avoa3d/install/avoa3d/lib/python3.12/site-packages/avoa3d/__init__.py'...
[38.003s] Listing '/home/xizesse/ros2_ws/src/avoa3d/install/avoa3d/lib/python3.12/site-packages/avoa3d/msg'...
[38.003s] Compiling '/home/xizesse/ros2_ws/src/avoa3d/install/avoa3d/lib/python3.12/site-packages/avoa3d/msg/__init__.py'...
[38.003s] Compiling '/home/xizesse/ros2_ws/src/avoa3d/install/avoa3d/lib/python3.12/site-packages/avoa3d/msg/_element_characteristics_array.py'...
[38.003s] Compiling '/home/xizesse/ros2_ws/src/avoa3d/install/avoa3d/lib/python3.12/site-packages/avoa3d/msg/_element_characteristics_stamped.py'...
[38.017s] -- Installing: /home/xizesse/ros2_ws/src/avoa3d/install/avoa3d/lib/python3.12/site-packages/avoa3d/avoa3d_s__rosidl_typesupport_fastrtps_c.so
[38.017s] -- Set non-toolchain portion of runtime path of "/home/xizesse/ros2_ws/src/avoa3d/install/avoa3d/lib/python3.12/site-packages/avoa3d/avoa3d_s__rosidl_typesupport_fastrtps_c.so" to ""
[38.017s] -- Installing: /home/xizesse/ros2_ws/src/avoa3d/install/avoa3d/lib/python3.12/site-packages/avoa3d/avoa3d_s__rosidl_typesupport_introspection_c.so
[38.017s] -- Set non-toolchain portion of runtime path of "/home/xizesse/ros2_ws/src/avoa3d/install/avoa3d/lib/python3.12/site-packages/avoa3d/avoa3d_s__rosidl_typesupport_introspection_c.so" to ""
[38.017s] -- Installing: /home/xizesse/ros2_ws/src/avoa3d/install/avoa3d/lib/python3.12/site-packages/avoa3d/avoa3d_s__rosidl_typesupport_c.so
[38.018s] -- Set non-toolchain portion of runtime path of "/home/xizesse/ros2_ws/src/avoa3d/install/avoa3d/lib/python3.12/site-packages/avoa3d/avoa3d_s__rosidl_typesupport_c.so" to ""
[38.018s] -- Installing: /home/xizesse/ros2_ws/src/avoa3d/install/avoa3d/lib/libavoa3d__rosidl_generator_py.so
[38.037s] -- Set non-toolchain portion of runtime path of "/home/xizesse/ros2_ws/src/avoa3d/install/avoa3d/lib/libavoa3d__rosidl_generator_py.so" to ""
[38.037s] -- Installing: /home/xizesse/ros2_ws/src/avoa3d/install/avoa3d/share/avoa3d/msg/ElementCharacteristicsStamped.idl
[38.037s] -- Installing: /home/xizesse/ros2_ws/src/avoa3d/install/avoa3d/share/avoa3d/msg/ElementCharacteristicsArray.idl
[38.037s] -- Installing: /home/xizesse/ros2_ws/src/avoa3d/install/avoa3d/share/avoa3d/msg/ElementCharacteristicsStamped.msg
[38.037s] -- Installing: /home/xizesse/ros2_ws/src/avoa3d/install/avoa3d/share/avoa3d/msg/ElementCharacteristicsArray.msg
[38.037s] -- Installing: /home/xizesse/ros2_ws/src/avoa3d/install/avoa3d/lib/avoa3d/rviz_marker
[38.057s] -- Set non-toolchain portion of runtime path of "/home/xizesse/ros2_ws/src/avoa3d/install/avoa3d/lib/avoa3d/rviz_marker" to ""
[38.057s] -- Installing: /home/xizesse/ros2_ws/src/avoa3d/install/avoa3d/lib/avoa3d/test_w_goal
[38.072s] -- Set non-toolchain portion of runtime path of "/home/xizesse/ros2_ws/src/avoa3d/install/avoa3d/lib/avoa3d/test_w_goal" to ""
[38.073s] -- Installing: /home/xizesse/ros2_ws/src/avoa3d/install/avoa3d/lib/avoa3d/obstacle_publisher
[38.084s] -- Set non-toolchain portion of runtime path of "/home/xizesse/ros2_ws/src/avoa3d/install/avoa3d/lib/avoa3d/obstacle_publisher" to ""
[38.084s] -- Installing: /home/xizesse/ros2_ws/src/avoa3d/install/avoa3d/lib/avoa3d/avoa3dnode
[38.103s] -- Set non-toolchain portion of runtime path of "/home/xizesse/ros2_ws/src/avoa3d/install/avoa3d/lib/avoa3d/avoa3dnode" to ""
[38.103s] -- Installing: /home/xizesse/ros2_ws/src/avoa3d/install/avoa3d/lib/avoa3d/tf_publisher
[38.111s] -- Set non-toolchain portion of runtime path of "/home/xizesse/ros2_ws/src/avoa3d/install/avoa3d/lib/avoa3d/tf_publisher" to ""
[38.111s] -- Installing: /home/xizesse/ros2_ws/src/avoa3d/install/avoa3d/lib/avoa3d/obstacle_converter_node
[38.117s] -- Set non-toolchain portion of runtime path of "/home/xizesse/ros2_ws/src/avoa3d/install/avoa3d/lib/avoa3d/obstacle_converter_node" to ""
[38.117s] -- Installing: /home/xizesse/ros2_ws/src/avoa3d/install/avoa3d/share/avoa3d//launch
[38.117s] -- Installing: /home/xizesse/ros2_ws/src/avoa3d/install/avoa3d/share/avoa3d//launch/diff_drive.launch.py
[38.134s] -- Installing: /home/xizesse/ros2_ws/src/avoa3d/install/avoa3d/share/avoa3d//launch/lidar_obstacles.launch.py
[38.134s] -- Installing: /home/xizesse/ros2_ws/src/avoa3d/install/avoa3d/share/avoa3d//launch/bridge_launch.xml
[38.134s] -- Installing: /home/xizesse/ros2_ws/src/avoa3d/install/avoa3d/share/avoa3d//launch/avoa.launch.py
[38.134s] -- Installing: /home/xizesse/ros2_ws/src/avoa3d/install/avoa3d/share/avoa3d//launch/ground_truth_obstacles.launch.py
[38.134s] -- Installing: /home/xizesse/ros2_ws/src/avoa3d/install/avoa3d/share/avoa3d//launch/holonomic.launch.py
[38.134s] -- Installing: /home/xizesse/ros2_ws/src/avoa3d/install/avoa3d/share/avoa3d//launch/rvo.launch.py
[38.134s] -- Installing: /home/xizesse/ros2_ws/src/avoa3d/install/avoa3d/share/avoa3d//config
[38.135s] -- Installing: /home/xizesse/ros2_ws/src/avoa3d/install/avoa3d/share/avoa3d//config/bridge_obstacles_config.yaml
[38.136s] -- Installing: /home/xizesse/ros2_ws/src/avoa3d/install/avoa3d/share/avoa3d//config/holonomic_params.yaml
[38.136s] -- Installing: /home/xizesse/ros2_ws/src/avoa3d/install/avoa3d/share/avoa3d//config/nest_params.yaml
[38.136s] -- Installing: /home/xizesse/ros2_ws/src/avoa3d/install/avoa3d/share/avoa3d//config/rviz_config.rviz
[38.136s] -- Installing: /home/xizesse/ros2_ws/src/avoa3d/install/avoa3d/share/avoa3d//config/bridge_config.yaml
[38.137s] -- Installing: /home/xizesse/ros2_ws/src/avoa3d/install/avoa3d/share/avoa3d//config/diff_drive_params.yaml
[38.137s] -- Installing: /home/xizesse/ros2_ws/src/avoa3d/install/avoa3d/share/avoa3d//config/nest_bridge_config.yaml
[38.137s] -- Installing: /home/xizesse/ros2_ws/src/avoa3d/install/avoa3d/share/avoa3d//config/PlotJugglerLayout.xml
[38.137s] -- Installing: /home/xizesse/ros2_ws/src/avoa3d/install/avoa3d/share/avoa3d//config/holonomic_params2.yaml
[38.137s] -- Installing: /home/xizesse/ros2_ws/src/avoa3d/install/avoa3d/share/avoa3d//config/gz_window_layout.config
[38.138s] -- Installing: /home/xizesse/ros2_ws/src/avoa3d/install/avoa3d/lib/avoa3d/laser_frame_transformer.py
[38.138s] -- Up-to-date: /home/xizesse/ros2_ws/src/avoa3d/install/avoa3d/share/avoa3d/launch
[38.139s] -- Up-to-date: /home/xizesse/ros2_ws/src/avoa3d/install/avoa3d/share/avoa3d/launch/diff_drive.launch.py
[38.139s] -- Up-to-date: /home/xizesse/ros2_ws/src/avoa3d/install/avoa3d/share/avoa3d/launch/lidar_obstacles.launch.py
[38.139s] -- Up-to-date: /home/xizesse/ros2_ws/src/avoa3d/install/avoa3d/share/avoa3d/launch/bridge_launch.xml
[38.139s] -- Up-to-date: /home/xizesse/ros2_ws/src/avoa3d/install/avoa3d/share/avoa3d/launch/avoa.launch.py
[38.139s] -- Up-to-date: /home/xizesse/ros2_ws/src/avoa3d/install/avoa3d/share/avoa3d/launch/ground_truth_obstacles.launch.py
[38.139s] -- Up-to-date: /home/xizesse/ros2_ws/src/avoa3d/install/avoa3d/share/avoa3d/launch/holonomic.launch.py
[38.139s] -- Up-to-date: /home/xizesse/ros2_ws/src/avoa3d/install/avoa3d/share/avoa3d/launch/rvo.launch.py
[38.139s] -- Installing: /home/xizesse/ros2_ws/src/avoa3d/install/avoa3d/share/ament_index/resource_index/package_run_dependencies/avoa3d
[38.140s] -- Installing: /home/xizesse/ros2_ws/src/avoa3d/install/avoa3d/share/ament_index/resource_index/parent_prefix_path/avoa3d
[38.140s] -- Installing: /home/xizesse/ros2_ws/src/avoa3d/install/avoa3d/share/avoa3d/environment/ament_prefix_path.sh
[38.140s] -- Installing: /home/xizesse/ros2_ws/src/avoa3d/install/avoa3d/share/avoa3d/environment/ament_prefix_path.dsv
[38.140s] -- Installing: /home/xizesse/ros2_ws/src/avoa3d/install/avoa3d/share/avoa3d/environment/path.sh
[38.140s] -- Installing: /home/xizesse/ros2_ws/src/avoa3d/install/avoa3d/share/avoa3d/environment/path.dsv
[38.140s] -- Installing: /home/xizesse/ros2_ws/src/avoa3d/install/avoa3d/share/avoa3d/local_setup.bash
[38.141s] -- Installing: /home/xizesse/ros2_ws/src/avoa3d/install/avoa3d/share/avoa3d/local_setup.sh
[38.141s] -- Installing: /home/xizesse/ros2_ws/src/avoa3d/install/avoa3d/share/avoa3d/local_setup.zsh
[38.141s] -- Installing: /home/xizesse/ros2_ws/src/avoa3d/install/avoa3d/share/avoa3d/local_setup.dsv
[38.141s] -- Installing: /home/xizesse/ros2_ws/src/avoa3d/install/avoa3d/share/avoa3d/package.dsv
[38.141s] -- Installing: /home/xizesse/ros2_ws/src/avoa3d/install/avoa3d/share/ament_index/resource_index/packages/avoa3d
[38.141s] -- Installing: /home/xizesse/ros2_ws/src/avoa3d/install/avoa3d/share/avoa3d/cmake/export_avoa3d__rosidl_generator_cExport.cmake
[38.141s] -- Installing: /home/xizesse/ros2_ws/src/avoa3d/install/avoa3d/share/avoa3d/cmake/export_avoa3d__rosidl_generator_cExport-noconfig.cmake
[38.141s] -- Installing: /home/xizesse/ros2_ws/src/avoa3d/install/avoa3d/share/avoa3d/cmake/export_avoa3d__rosidl_typesupport_fastrtps_cExport.cmake
[38.141s] -- Installing: /home/xizesse/ros2_ws/src/avoa3d/install/avoa3d/share/avoa3d/cmake/export_avoa3d__rosidl_typesupport_fastrtps_cExport-noconfig.cmake
[38.142s] -- Installing: /home/xizesse/ros2_ws/src/avoa3d/install/avoa3d/share/avoa3d/cmake/export_avoa3d__rosidl_generator_cppExport.cmake
[38.142s] -- Installing: /home/xizesse/ros2_ws/src/avoa3d/install/avoa3d/share/avoa3d/cmake/export_avoa3d__rosidl_typesupport_fastrtps_cppExport.cmake
[38.142s] -- Installing: /home/xizesse/ros2_ws/src/avoa3d/install/avoa3d/share/avoa3d/cmake/export_avoa3d__rosidl_typesupport_fastrtps_cppExport-noconfig.cmake
[38.142s] -- Installing: /home/xizesse/ros2_ws/src/avoa3d/install/avoa3d/share/avoa3d/cmake/avoa3d__rosidl_typesupport_introspection_cExport.cmake
[38.142s] -- Installing: /home/xizesse/ros2_ws/src/avoa3d/install/avoa3d/share/avoa3d/cmake/avoa3d__rosidl_typesupport_introspection_cExport-noconfig.cmake
[38.142s] -- Installing: /home/xizesse/ros2_ws/src/avoa3d/install/avoa3d/share/avoa3d/cmake/avoa3d__rosidl_typesupport_cExport.cmake
[38.142s] -- Installing: /home/xizesse/ros2_ws/src/avoa3d/install/avoa3d/share/avoa3d/cmake/avoa3d__rosidl_typesupport_cExport-noconfig.cmake
[38.142s] -- Installing: /home/xizesse/ros2_ws/src/avoa3d/install/avoa3d/share/avoa3d/cmake/avoa3d__rosidl_typesupport_introspection_cppExport.cmake
[38.142s] -- Installing: /home/xizesse/ros2_ws/src/avoa3d/install/avoa3d/share/avoa3d/cmake/avoa3d__rosidl_typesupport_introspection_cppExport-noconfig.cmake
[38.142s] -- Installing: /home/xizesse/ros2_ws/src/avoa3d/install/avoa3d/share/avoa3d/cmake/avoa3d__rosidl_typesupport_cppExport.cmake
[38.142s] -- Installing: /home/xizesse/ros2_ws/src/avoa3d/install/avoa3d/share/avoa3d/cmake/avoa3d__rosidl_typesupport_cppExport-noconfig.cmake
[38.142s] -- Installing: /home/xizesse/ros2_ws/src/avoa3d/install/avoa3d/share/avoa3d/cmake/export_avoa3d__rosidl_generator_pyExport.cmake
[38.142s] -- Installing: /home/xizesse/ros2_ws/src/avoa3d/install/avoa3d/share/avoa3d/cmake/export_avoa3d__rosidl_generator_pyExport-noconfig.cmake
[38.142s] -- Installing: /home/xizesse/ros2_ws/src/avoa3d/install/avoa3d/share/avoa3d/cmake/rosidl_cmake-extras.cmake
[38.143s] -- Installing: /home/xizesse/ros2_ws/src/avoa3d/install/avoa3d/share/avoa3d/cmake/ament_cmake_export_dependencies-extras.cmake
[38.143s] -- Installing: /home/xizesse/ros2_ws/src/avoa3d/install/avoa3d/share/avoa3d/cmake/ament_cmake_export_include_directories-extras.cmake
[38.143s] -- Installing: /home/xizesse/ros2_ws/src/avoa3d/install/avoa3d/share/avoa3d/cmake/ament_cmake_export_libraries-extras.cmake
[38.143s] -- Installing: /home/xizesse/ros2_ws/src/avoa3d/install/avoa3d/share/avoa3d/cmake/ament_cmake_export_targets-extras.cmake
[38.143s] -- Installing: /home/xizesse/ros2_ws/src/avoa3d/install/avoa3d/share/avoa3d/cmake/rosidl_cmake_export_typesupport_targets-extras.cmake
[38.143s] -- Installing: /home/xizesse/ros2_ws/src/avoa3d/install/avoa3d/share/avoa3d/cmake/rosidl_cmake_export_typesupport_libraries-extras.cmake
[38.143s] -- Installing: /home/xizesse/ros2_ws/src/avoa3d/install/avoa3d/share/avoa3d/cmake/avoa3dConfig.cmake
[38.143s] -- Installing: /home/xizesse/ros2_ws/src/avoa3d/install/avoa3d/share/avoa3d/cmake/avoa3dConfig-version.cmake
[38.143s] -- Installing: /home/xizesse/ros2_ws/src/avoa3d/install/avoa3d/share/avoa3d/package.xml
[38.148s] Invoked command in '/home/xizesse/ros2_ws/src/avoa3d/build/avoa3d' returned '0': CMAKE_PREFIX_PATH=${CMAKE_PREFIX_PATH}:/opt/ros/jazzy DEBUGINFOD_URLS=https://debuginfod.ubuntu.com /usr/bin/cmake --install /home/xizesse/ros2_ws/src/avoa3d/build/avoa3d
