[0.097s] DEBUG:colcon:Command line arguments: ['/usr/bin/colcon', 'build', '--base-paths', '/home/xizesse/ros2_ws', '--packages-select', 'avoa3d', 'rvo2_ros2']
[0.097s] DEBUG:colcon:Parsed command line arguments: Namespace(log_base=None, log_level=None, verb_name='build', build_base='build', install_base='install', merge_install=False, symlink_install=False, test_result_base=None, continue_on_error=False, executor='parallel', parallel_workers=20, event_handlers=None, ignore_user_meta=False, metas=['./colcon.meta'], base_paths=['/home/xizesse/ros2_ws'], packages_ignore=None, packages_ignore_regex=None, paths=None, packages_up_to=None, packages_up_to_regex=None, packages_above=None, packages_above_and_dependencies=None, packages_above_depth=None, packages_select_by_dep=None, packages_skip_by_dep=None, packages_skip_up_to=None, packages_select_build_failed=False, packages_skip_build_finished=False, packages_select_test_failures=False, packages_skip_test_passed=False, packages_select=['avoa3d', 'rvo2_ros2'], packages_skip=None, packages_select_regex=None, packages_skip_regex=None, packages_start=None, packages_end=None, allow_overriding=[], cmake_args=None, cmake_target=None, cmake_target_skip_unavailable=False, cmake_clean_cache=False, cmake_clean_first=False, cmake_force_configure=False, ament_cmake_args=None, catkin_cmake_args=None, catkin_skip_building_tests=False, verb_parser=<colcon_defaults.argument_parser.defaults.DefaultArgumentsDecorator object at 0x77ca19873680>, verb_extension=<colcon_core.verb.build.BuildVerb object at 0x77ca1981e390>, main=<bound method BuildVerb.main of <colcon_core.verb.build.BuildVerb object at 0x77ca1981e390>>)
[0.118s] Level 1:colcon.colcon_core.package_discovery:discover_packages(colcon_meta) check parameters
[0.119s] Level 1:colcon.colcon_core.package_discovery:discover_packages(recursive) check parameters
[0.119s] Level 1:colcon.colcon_core.package_discovery:discover_packages(ignore) check parameters
[0.119s] Level 1:colcon.colcon_core.package_discovery:discover_packages(path) check parameters
[0.119s] Level 1:colcon.colcon_core.package_discovery:discover_packages(recursive) discover
[0.119s] INFO:colcon.colcon_core.package_discovery:Crawling recursively for packages in '/home/xizesse/ros2_ws'
[0.119s] Level 1:colcon.colcon_core.package_identification:_identify(/home/xizesse/ros2_ws) by extensions ['ignore', 'ignore_ament_install']
[0.119s] Level 1:colcon.colcon_core.package_identification:_identify(/home/xizesse/ros2_ws) by extension 'ignore'
[0.119s] Level 1:colcon.colcon_core.package_identification:_identify(/home/xizesse/ros2_ws) by extension 'ignore_ament_install'
[0.119s] Level 1:colcon.colcon_core.package_identification:_identify(/home/xizesse/ros2_ws) by extensions ['colcon_pkg']
[0.119s] Level 1:colcon.colcon_core.package_identification:_identify(/home/xizesse/ros2_ws) by extension 'colcon_pkg'
[0.119s] Level 1:colcon.colcon_core.package_identification:_identify(/home/xizesse/ros2_ws) by extensions ['colcon_meta']
[0.119s] Level 1:colcon.colcon_core.package_identification:_identify(/home/xizesse/ros2_ws) by extension 'colcon_meta'
[0.119s] Level 1:colcon.colcon_core.package_identification:_identify(/home/xizesse/ros2_ws) by extensions ['ros']
[0.119s] Level 1:colcon.colcon_core.package_identification:_identify(/home/xizesse/ros2_ws) by extension 'ros'
[0.134s] Level 1:colcon.colcon_core.package_identification:_identify(/home/xizesse/ros2_ws) by extensions ['cmake', 'python']
[0.134s] Level 1:colcon.colcon_core.package_identification:_identify(/home/xizesse/ros2_ws) by extension 'cmake'
[0.134s] Level 1:colcon.colcon_core.package_identification:_identify(/home/xizesse/ros2_ws) by extension 'python'
[0.134s] Level 1:colcon.colcon_core.package_identification:_identify(/home/xizesse/ros2_ws) by extensions ['python_setup_py']
[0.134s] Level 1:colcon.colcon_core.package_identification:_identify(/home/xizesse/ros2_ws) by extension 'python_setup_py'
[0.134s] Level 1:colcon.colcon_core.package_identification:_identify(/home/xizesse/ros2_ws/build) by extensions ['ignore', 'ignore_ament_install']
[0.134s] Level 1:colcon.colcon_core.package_identification:_identify(/home/xizesse/ros2_ws/build) by extension 'ignore'
[0.134s] Level 1:colcon.colcon_core.package_identification:_identify(/home/xizesse/ros2_ws/build) ignored
[0.134s] Level 1:colcon.colcon_core.package_identification:_identify(/home/xizesse/ros2_ws/install) by extensions ['ignore', 'ignore_ament_install']
[0.134s] Level 1:colcon.colcon_core.package_identification:_identify(/home/xizesse/ros2_ws/install) by extension 'ignore'
[0.134s] Level 1:colcon.colcon_core.package_identification:_identify(/home/xizesse/ros2_ws/install) ignored
[0.134s] Level 1:colcon.colcon_core.package_identification:_identify(/home/xizesse/ros2_ws/log) by extensions ['ignore', 'ignore_ament_install']
[0.134s] Level 1:colcon.colcon_core.package_identification:_identify(/home/xizesse/ros2_ws/log) by extension 'ignore'
[0.134s] Level 1:colcon.colcon_core.package_identification:_identify(/home/xizesse/ros2_ws/log) ignored
[0.134s] Level 1:colcon.colcon_core.package_identification:_identify(/home/xizesse/ros2_ws/src) by extensions ['ignore', 'ignore_ament_install']
[0.134s] Level 1:colcon.colcon_core.package_identification:_identify(/home/xizesse/ros2_ws/src) by extension 'ignore'
[0.134s] Level 1:colcon.colcon_core.package_identification:_identify(/home/xizesse/ros2_ws/src) by extension 'ignore_ament_install'
[0.134s] Level 1:colcon.colcon_core.package_identification:_identify(/home/xizesse/ros2_ws/src) by extensions ['colcon_pkg']
[0.134s] Level 1:colcon.colcon_core.package_identification:_identify(/home/xizesse/ros2_ws/src) by extension 'colcon_pkg'
[0.135s] Level 1:colcon.colcon_core.package_identification:_identify(/home/xizesse/ros2_ws/src) by extensions ['colcon_meta']
[0.135s] Level 1:colcon.colcon_core.package_identification:_identify(/home/xizesse/ros2_ws/src) by extension 'colcon_meta'
[0.135s] Level 1:colcon.colcon_core.package_identification:_identify(/home/xizesse/ros2_ws/src) by extensions ['ros']
[0.135s] Level 1:colcon.colcon_core.package_identification:_identify(/home/xizesse/ros2_ws/src) by extension 'ros'
[0.135s] Level 1:colcon.colcon_core.package_identification:_identify(/home/xizesse/ros2_ws/src) by extensions ['cmake', 'python']
[0.135s] Level 1:colcon.colcon_core.package_identification:_identify(/home/xizesse/ros2_ws/src) by extension 'cmake'
[0.135s] Level 1:colcon.colcon_core.package_identification:_identify(/home/xizesse/ros2_ws/src) by extension 'python'
[0.135s] Level 1:colcon.colcon_core.package_identification:_identify(/home/xizesse/ros2_ws/src) by extensions ['python_setup_py']
[0.135s] Level 1:colcon.colcon_core.package_identification:_identify(/home/xizesse/ros2_ws/src) by extension 'python_setup_py'
[0.135s] Level 1:colcon.colcon_core.package_identification:_identify(/home/xizesse/ros2_ws/src/avoa3d) by extensions ['ignore', 'ignore_ament_install']
[0.135s] Level 1:colcon.colcon_core.package_identification:_identify(/home/xizesse/ros2_ws/src/avoa3d) by extension 'ignore'
[0.135s] Level 1:colcon.colcon_core.package_identification:_identify(/home/xizesse/ros2_ws/src/avoa3d) by extension 'ignore_ament_install'
[0.135s] Level 1:colcon.colcon_core.package_identification:_identify(/home/xizesse/ros2_ws/src/avoa3d) by extensions ['colcon_pkg']
[0.135s] Level 1:colcon.colcon_core.package_identification:_identify(/home/xizesse/ros2_ws/src/avoa3d) by extension 'colcon_pkg'
[0.135s] Level 1:colcon.colcon_core.package_identification:_identify(/home/xizesse/ros2_ws/src/avoa3d) by extensions ['colcon_meta']
[0.135s] Level 1:colcon.colcon_core.package_identification:_identify(/home/xizesse/ros2_ws/src/avoa3d) by extension 'colcon_meta'
[0.135s] Level 1:colcon.colcon_core.package_identification:_identify(/home/xizesse/ros2_ws/src/avoa3d) by extensions ['ros']
[0.135s] Level 1:colcon.colcon_core.package_identification:_identify(/home/xizesse/ros2_ws/src/avoa3d) by extension 'ros'
[0.136s] DEBUG:colcon.colcon_core.package_identification:Package '/home/xizesse/ros2_ws/src/avoa3d' with type 'ros.ament_cmake' and name 'avoa3d'
[0.136s] Level 1:colcon.colcon_core.package_identification:_identify(/home/xizesse/ros2_ws/src/lily) by extensions ['ignore', 'ignore_ament_install']
[0.136s] Level 1:colcon.colcon_core.package_identification:_identify(/home/xizesse/ros2_ws/src/lily) by extension 'ignore'
[0.137s] Level 1:colcon.colcon_core.package_identification:_identify(/home/xizesse/ros2_ws/src/lily) by extension 'ignore_ament_install'
[0.137s] Level 1:colcon.colcon_core.package_identification:_identify(/home/xizesse/ros2_ws/src/lily) by extensions ['colcon_pkg']
[0.137s] Level 1:colcon.colcon_core.package_identification:_identify(/home/xizesse/ros2_ws/src/lily) by extension 'colcon_pkg'
[0.137s] Level 1:colcon.colcon_core.package_identification:_identify(/home/xizesse/ros2_ws/src/lily) by extensions ['colcon_meta']
[0.137s] Level 1:colcon.colcon_core.package_identification:_identify(/home/xizesse/ros2_ws/src/lily) by extension 'colcon_meta'
[0.137s] Level 1:colcon.colcon_core.package_identification:_identify(/home/xizesse/ros2_ws/src/lily) by extensions ['ros']
[0.137s] Level 1:colcon.colcon_core.package_identification:_identify(/home/xizesse/ros2_ws/src/lily) by extension 'ros'
[0.137s] Level 1:colcon.colcon_core.package_identification:_identify(/home/xizesse/ros2_ws/src/lily) by extensions ['cmake', 'python']
[0.137s] Level 1:colcon.colcon_core.package_identification:_identify(/home/xizesse/ros2_ws/src/lily) by extension 'cmake'
[0.137s] Level 1:colcon.colcon_core.package_identification:_identify(/home/xizesse/ros2_ws/src/lily) by extension 'python'
[0.137s] Level 1:colcon.colcon_core.package_identification:_identify(/home/xizesse/ros2_ws/src/lily) by extensions ['python_setup_py']
[0.137s] Level 1:colcon.colcon_core.package_identification:_identify(/home/xizesse/ros2_ws/src/lily) by extension 'python_setup_py'
[0.137s] Level 1:colcon.colcon_core.package_identification:_identify(/home/xizesse/ros2_ws/src/lily/lily_bringup) by extensions ['ignore', 'ignore_ament_install']
[0.137s] Level 1:colcon.colcon_core.package_identification:_identify(/home/xizesse/ros2_ws/src/lily/lily_bringup) by extension 'ignore'
[0.137s] Level 1:colcon.colcon_core.package_identification:_identify(/home/xizesse/ros2_ws/src/lily/lily_bringup) by extension 'ignore_ament_install'
[0.137s] Level 1:colcon.colcon_core.package_identification:_identify(/home/xizesse/ros2_ws/src/lily/lily_bringup) by extensions ['colcon_pkg']
[0.137s] Level 1:colcon.colcon_core.package_identification:_identify(/home/xizesse/ros2_ws/src/lily/lily_bringup) by extension 'colcon_pkg'
[0.137s] Level 1:colcon.colcon_core.package_identification:_identify(/home/xizesse/ros2_ws/src/lily/lily_bringup) by extensions ['colcon_meta']
[0.137s] Level 1:colcon.colcon_core.package_identification:_identify(/home/xizesse/ros2_ws/src/lily/lily_bringup) by extension 'colcon_meta'
[0.137s] Level 1:colcon.colcon_core.package_identification:_identify(/home/xizesse/ros2_ws/src/lily/lily_bringup) by extensions ['ros']
[0.137s] Level 1:colcon.colcon_core.package_identification:_identify(/home/xizesse/ros2_ws/src/lily/lily_bringup) by extension 'ros'
[0.138s] DEBUG:colcon.colcon_core.package_identification:Package '/home/xizesse/ros2_ws/src/lily/lily_bringup' with type 'ros.ament_cmake' and name 'lily_bringup'
[0.138s] Level 1:colcon.colcon_core.package_identification:_identify(/home/xizesse/ros2_ws/src/lily/lily_control) by extensions ['ignore', 'ignore_ament_install']
[0.138s] Level 1:colcon.colcon_core.package_identification:_identify(/home/xizesse/ros2_ws/src/lily/lily_control) by extension 'ignore'
[0.138s] Level 1:colcon.colcon_core.package_identification:_identify(/home/xizesse/ros2_ws/src/lily/lily_control) by extension 'ignore_ament_install'
[0.138s] Level 1:colcon.colcon_core.package_identification:_identify(/home/xizesse/ros2_ws/src/lily/lily_control) by extensions ['colcon_pkg']
[0.138s] Level 1:colcon.colcon_core.package_identification:_identify(/home/xizesse/ros2_ws/src/lily/lily_control) by extension 'colcon_pkg'
[0.138s] Level 1:colcon.colcon_core.package_identification:_identify(/home/xizesse/ros2_ws/src/lily/lily_control) by extensions ['colcon_meta']
[0.138s] Level 1:colcon.colcon_core.package_identification:_identify(/home/xizesse/ros2_ws/src/lily/lily_control) by extension 'colcon_meta'
[0.138s] Level 1:colcon.colcon_core.package_identification:_identify(/home/xizesse/ros2_ws/src/lily/lily_control) by extensions ['ros']
[0.138s] Level 1:colcon.colcon_core.package_identification:_identify(/home/xizesse/ros2_ws/src/lily/lily_control) by extension 'ros'
[0.139s] DEBUG:colcon.colcon_core.package_identification:Package '/home/xizesse/ros2_ws/src/lily/lily_control' with type 'ros.ament_cmake' and name 'lily_control'
[0.139s] Level 1:colcon.colcon_core.package_identification:_identify(/home/xizesse/ros2_ws/src/lily/lily_deploy) by extensions ['ignore', 'ignore_ament_install']
[0.139s] Level 1:colcon.colcon_core.package_identification:_identify(/home/xizesse/ros2_ws/src/lily/lily_deploy) by extension 'ignore'
[0.139s] Level 1:colcon.colcon_core.package_identification:_identify(/home/xizesse/ros2_ws/src/lily/lily_deploy) by extension 'ignore_ament_install'
[0.139s] Level 1:colcon.colcon_core.package_identification:_identify(/home/xizesse/ros2_ws/src/lily/lily_deploy) by extensions ['colcon_pkg']
[0.139s] Level 1:colcon.colcon_core.package_identification:_identify(/home/xizesse/ros2_ws/src/lily/lily_deploy) by extension 'colcon_pkg'
[0.139s] Level 1:colcon.colcon_core.package_identification:_identify(/home/xizesse/ros2_ws/src/lily/lily_deploy) by extensions ['colcon_meta']
[0.139s] Level 1:colcon.colcon_core.package_identification:_identify(/home/xizesse/ros2_ws/src/lily/lily_deploy) by extension 'colcon_meta'
[0.139s] Level 1:colcon.colcon_core.package_identification:_identify(/home/xizesse/ros2_ws/src/lily/lily_deploy) by extensions ['ros']
[0.139s] Level 1:colcon.colcon_core.package_identification:_identify(/home/xizesse/ros2_ws/src/lily/lily_deploy) by extension 'ros'
[0.140s] DEBUG:colcon.colcon_core.package_identification:Package '/home/xizesse/ros2_ws/src/lily/lily_deploy' with type 'ros.ament_cmake' and name 'lily_deploy'
[0.140s] Level 1:colcon.colcon_core.package_identification:_identify(/home/xizesse/ros2_ws/src/lily/lily_gz) by extensions ['ignore', 'ignore_ament_install']
[0.140s] Level 1:colcon.colcon_core.package_identification:_identify(/home/xizesse/ros2_ws/src/lily/lily_gz) by extension 'ignore'
[0.140s] Level 1:colcon.colcon_core.package_identification:_identify(/home/xizesse/ros2_ws/src/lily/lily_gz) by extension 'ignore_ament_install'
[0.140s] Level 1:colcon.colcon_core.package_identification:_identify(/home/xizesse/ros2_ws/src/lily/lily_gz) by extensions ['colcon_pkg']
[0.140s] Level 1:colcon.colcon_core.package_identification:_identify(/home/xizesse/ros2_ws/src/lily/lily_gz) by extension 'colcon_pkg'
[0.140s] Level 1:colcon.colcon_core.package_identification:_identify(/home/xizesse/ros2_ws/src/lily/lily_gz) by extensions ['colcon_meta']
[0.140s] Level 1:colcon.colcon_core.package_identification:_identify(/home/xizesse/ros2_ws/src/lily/lily_gz) by extension 'colcon_meta'
[0.140s] Level 1:colcon.colcon_core.package_identification:_identify(/home/xizesse/ros2_ws/src/lily/lily_gz) by extensions ['ros']
[0.140s] Level 1:colcon.colcon_core.package_identification:_identify(/home/xizesse/ros2_ws/src/lily/lily_gz) by extension 'ros'
[0.141s] DEBUG:colcon.colcon_core.package_identification:Package '/home/xizesse/ros2_ws/src/lily/lily_gz' with type 'ros.ament_cmake' and name 'lily_gz'
[0.141s] Level 1:colcon.colcon_core.package_identification:_identify(/home/xizesse/ros2_ws/src/lily/lily_localization) by extensions ['ignore', 'ignore_ament_install']
[0.141s] Level 1:colcon.colcon_core.package_identification:_identify(/home/xizesse/ros2_ws/src/lily/lily_localization) by extension 'ignore'
[0.141s] Level 1:colcon.colcon_core.package_identification:_identify(/home/xizesse/ros2_ws/src/lily/lily_localization) by extension 'ignore_ament_install'
[0.141s] Level 1:colcon.colcon_core.package_identification:_identify(/home/xizesse/ros2_ws/src/lily/lily_localization) by extensions ['colcon_pkg']
[0.141s] Level 1:colcon.colcon_core.package_identification:_identify(/home/xizesse/ros2_ws/src/lily/lily_localization) by extension 'colcon_pkg'
[0.141s] Level 1:colcon.colcon_core.package_identification:_identify(/home/xizesse/ros2_ws/src/lily/lily_localization) by extensions ['colcon_meta']
[0.141s] Level 1:colcon.colcon_core.package_identification:_identify(/home/xizesse/ros2_ws/src/lily/lily_localization) by extension 'colcon_meta'
[0.141s] Level 1:colcon.colcon_core.package_identification:_identify(/home/xizesse/ros2_ws/src/lily/lily_localization) by extensions ['ros']
[0.141s] Level 1:colcon.colcon_core.package_identification:_identify(/home/xizesse/ros2_ws/src/lily/lily_localization) by extension 'ros'
[0.142s] DEBUG:colcon.colcon_core.package_identification:Package '/home/xizesse/ros2_ws/src/lily/lily_localization' with type 'ros.ament_cmake' and name 'lily_localization'
[0.142s] Level 1:colcon.colcon_core.package_identification:_identify(/home/xizesse/ros2_ws/src/lily/lily_nav) by extensions ['ignore', 'ignore_ament_install']
[0.142s] Level 1:colcon.colcon_core.package_identification:_identify(/home/xizesse/ros2_ws/src/lily/lily_nav) by extension 'ignore'
[0.142s] Level 1:colcon.colcon_core.package_identification:_identify(/home/xizesse/ros2_ws/src/lily/lily_nav) by extension 'ignore_ament_install'
[0.142s] Level 1:colcon.colcon_core.package_identification:_identify(/home/xizesse/ros2_ws/src/lily/lily_nav) by extensions ['colcon_pkg']
[0.142s] Level 1:colcon.colcon_core.package_identification:_identify(/home/xizesse/ros2_ws/src/lily/lily_nav) by extension 'colcon_pkg'
[0.142s] Level 1:colcon.colcon_core.package_identification:_identify(/home/xizesse/ros2_ws/src/lily/lily_nav) by extensions ['colcon_meta']
[0.142s] Level 1:colcon.colcon_core.package_identification:_identify(/home/xizesse/ros2_ws/src/lily/lily_nav) by extension 'colcon_meta'
[0.142s] Level 1:colcon.colcon_core.package_identification:_identify(/home/xizesse/ros2_ws/src/lily/lily_nav) by extensions ['ros']
[0.142s] Level 1:colcon.colcon_core.package_identification:_identify(/home/xizesse/ros2_ws/src/lily/lily_nav) by extension 'ros'
[0.142s] DEBUG:colcon.colcon_core.package_identification:Package '/home/xizesse/ros2_ws/src/lily/lily_nav' with type 'ros.ament_cmake' and name 'lily_nav'
[0.142s] Level 1:colcon.colcon_core.package_identification:_identify(/home/xizesse/ros2_ws/src/lily/lily_teleop) by extensions ['ignore', 'ignore_ament_install']
[0.142s] Level 1:colcon.colcon_core.package_identification:_identify(/home/xizesse/ros2_ws/src/lily/lily_teleop) by extension 'ignore'
[0.142s] Level 1:colcon.colcon_core.package_identification:_identify(/home/xizesse/ros2_ws/src/lily/lily_teleop) by extension 'ignore_ament_install'
[0.143s] Level 1:colcon.colcon_core.package_identification:_identify(/home/xizesse/ros2_ws/src/lily/lily_teleop) by extensions ['colcon_pkg']
[0.143s] Level 1:colcon.colcon_core.package_identification:_identify(/home/xizesse/ros2_ws/src/lily/lily_teleop) by extension 'colcon_pkg'
[0.143s] Level 1:colcon.colcon_core.package_identification:_identify(/home/xizesse/ros2_ws/src/lily/lily_teleop) by extensions ['colcon_meta']
[0.143s] Level 1:colcon.colcon_core.package_identification:_identify(/home/xizesse/ros2_ws/src/lily/lily_teleop) by extension 'colcon_meta'
[0.143s] Level 1:colcon.colcon_core.package_identification:_identify(/home/xizesse/ros2_ws/src/lily/lily_teleop) by extensions ['ros']
[0.143s] Level 1:colcon.colcon_core.package_identification:_identify(/home/xizesse/ros2_ws/src/lily/lily_teleop) by extension 'ros'
[0.143s] DEBUG:colcon.colcon_core.package_identification:Package '/home/xizesse/ros2_ws/src/lily/lily_teleop' with type 'ros.ament_cmake' and name 'lily_teleop'
[0.143s] Level 1:colcon.colcon_core.package_identification:_identify(/home/xizesse/ros2_ws/src/lily/lily_visualization) by extensions ['ignore', 'ignore_ament_install']
[0.143s] Level 1:colcon.colcon_core.package_identification:_identify(/home/xizesse/ros2_ws/src/lily/lily_visualization) by extension 'ignore'
[0.143s] Level 1:colcon.colcon_core.package_identification:_identify(/home/xizesse/ros2_ws/src/lily/lily_visualization) by extension 'ignore_ament_install'
[0.144s] Level 1:colcon.colcon_core.package_identification:_identify(/home/xizesse/ros2_ws/src/lily/lily_visualization) by extensions ['colcon_pkg']
[0.144s] Level 1:colcon.colcon_core.package_identification:_identify(/home/xizesse/ros2_ws/src/lily/lily_visualization) by extension 'colcon_pkg'
[0.144s] Level 1:colcon.colcon_core.package_identification:_identify(/home/xizesse/ros2_ws/src/lily/lily_visualization) by extensions ['colcon_meta']
[0.144s] Level 1:colcon.colcon_core.package_identification:_identify(/home/xizesse/ros2_ws/src/lily/lily_visualization) by extension 'colcon_meta'
[0.144s] Level 1:colcon.colcon_core.package_identification:_identify(/home/xizesse/ros2_ws/src/lily/lily_visualization) by extensions ['ros']
[0.144s] Level 1:colcon.colcon_core.package_identification:_identify(/home/xizesse/ros2_ws/src/lily/lily_visualization) by extension 'ros'
[0.144s] DEBUG:colcon.colcon_core.package_identification:Package '/home/xizesse/ros2_ws/src/lily/lily_visualization' with type 'ros.ament_cmake' and name 'lily_visualization'
[0.144s] Level 1:colcon.colcon_core.package_identification:_identify(/home/xizesse/ros2_ws/src/lily/log) by extensions ['ignore', 'ignore_ament_install']
[0.144s] Level 1:colcon.colcon_core.package_identification:_identify(/home/xizesse/ros2_ws/src/lily/log) by extension 'ignore'
[0.144s] Level 1:colcon.colcon_core.package_identification:_identify(/home/xizesse/ros2_ws/src/lily/log) by extension 'ignore_ament_install'
[0.144s] Level 1:colcon.colcon_core.package_identification:_identify(/home/xizesse/ros2_ws/src/lily/log) by extensions ['colcon_pkg']
[0.144s] Level 1:colcon.colcon_core.package_identification:_identify(/home/xizesse/ros2_ws/src/lily/log) by extension 'colcon_pkg'
[0.144s] Level 1:colcon.colcon_core.package_identification:_identify(/home/xizesse/ros2_ws/src/lily/log) by extensions ['colcon_meta']
[0.144s] Level 1:colcon.colcon_core.package_identification:_identify(/home/xizesse/ros2_ws/src/lily/log) by extension 'colcon_meta'
[0.144s] Level 1:colcon.colcon_core.package_identification:_identify(/home/xizesse/ros2_ws/src/lily/log) by extensions ['ros']
[0.144s] Level 1:colcon.colcon_core.package_identification:_identify(/home/xizesse/ros2_ws/src/lily/log) by extension 'ros'
[0.144s] Level 1:colcon.colcon_core.package_identification:_identify(/home/xizesse/ros2_ws/src/lily/log) by extensions ['cmake', 'python']
[0.144s] Level 1:colcon.colcon_core.package_identification:_identify(/home/xizesse/ros2_ws/src/lily/log) by extension 'cmake'
[0.144s] Level 1:colcon.colcon_core.package_identification:_identify(/home/xizesse/ros2_ws/src/lily/log) by extension 'python'
[0.144s] Level 1:colcon.colcon_core.package_identification:_identify(/home/xizesse/ros2_ws/src/lily/log) by extensions ['python_setup_py']
[0.144s] Level 1:colcon.colcon_core.package_identification:_identify(/home/xizesse/ros2_ws/src/lily/log) by extension 'python_setup_py'
[0.144s] Level 1:colcon.colcon_core.package_identification:_identify(/home/xizesse/ros2_ws/src/lily/log/build_2026-02-12_15-56-05) by extensions ['ignore', 'ignore_ament_install']
[0.145s] Level 1:colcon.colcon_core.package_identification:_identify(/home/xizesse/ros2_ws/src/lily/log/build_2026-02-12_15-56-05) by extension 'ignore'
[0.145s] Level 1:colcon.colcon_core.package_identification:_identify(/home/xizesse/ros2_ws/src/lily/log/build_2026-02-12_15-56-05) by extension 'ignore_ament_install'
[0.145s] Level 1:colcon.colcon_core.package_identification:_identify(/home/xizesse/ros2_ws/src/lily/log/build_2026-02-12_15-56-05) by extensions ['colcon_pkg']
[0.145s] Level 1:colcon.colcon_core.package_identification:_identify(/home/xizesse/ros2_ws/src/lily/log/build_2026-02-12_15-56-05) by extension 'colcon_pkg'
[0.145s] Level 1:colcon.colcon_core.package_identification:_identify(/home/xizesse/ros2_ws/src/lily/log/build_2026-02-12_15-56-05) by extensions ['colcon_meta']
[0.145s] Level 1:colcon.colcon_core.package_identification:_identify(/home/xizesse/ros2_ws/src/lily/log/build_2026-02-12_15-56-05) by extension 'colcon_meta'
[0.145s] Level 1:colcon.colcon_core.package_identification:_identify(/home/xizesse/ros2_ws/src/lily/log/build_2026-02-12_15-56-05) by extensions ['ros']
[0.145s] Level 1:colcon.colcon_core.package_identification:_identify(/home/xizesse/ros2_ws/src/lily/log/build_2026-02-12_15-56-05) by extension 'ros'
[0.145s] Level 1:colcon.colcon_core.package_identification:_identify(/home/xizesse/ros2_ws/src/lily/log/build_2026-02-12_15-56-05) by extensions ['cmake', 'python']
[0.145s] Level 1:colcon.colcon_core.package_identification:_identify(/home/xizesse/ros2_ws/src/lily/log/build_2026-02-12_15-56-05) by extension 'cmake'
[0.145s] Level 1:colcon.colcon_core.package_identification:_identify(/home/xizesse/ros2_ws/src/lily/log/build_2026-02-12_15-56-05) by extension 'python'
[0.145s] Level 1:colcon.colcon_core.package_identification:_identify(/home/xizesse/ros2_ws/src/lily/log/build_2026-02-12_15-56-05) by extensions ['python_setup_py']
[0.145s] Level 1:colcon.colcon_core.package_identification:_identify(/home/xizesse/ros2_ws/src/lily/log/build_2026-02-12_15-56-05) by extension 'python_setup_py'
[0.145s] Level 1:colcon.colcon_core.package_identification:_identify(/home/xizesse/ros2_ws/src/lily/log/build_2026-02-12_15-56-05/lily_gz) by extensions ['ignore', 'ignore_ament_install']
[0.145s] Level 1:colcon.colcon_core.package_identification:_identify(/home/xizesse/ros2_ws/src/lily/log/build_2026-02-12_15-56-05/lily_gz) by extension 'ignore'
[0.145s] Level 1:colcon.colcon_core.package_identification:_identify(/home/xizesse/ros2_ws/src/lily/log/build_2026-02-12_15-56-05/lily_gz) by extension 'ignore_ament_install'
[0.145s] Level 1:colcon.colcon_core.package_identification:_identify(/home/xizesse/ros2_ws/src/lily/log/build_2026-02-12_15-56-05/lily_gz) by extensions ['colcon_pkg']
[0.145s] Level 1:colcon.colcon_core.package_identification:_identify(/home/xizesse/ros2_ws/src/lily/log/build_2026-02-12_15-56-05/lily_gz) by extension 'colcon_pkg'
[0.145s] Level 1:colcon.colcon_core.package_identification:_identify(/home/xizesse/ros2_ws/src/lily/log/build_2026-02-12_15-56-05/lily_gz) by extensions ['colcon_meta']
[0.145s] Level 1:colcon.colcon_core.package_identification:_identify(/home/xizesse/ros2_ws/src/lily/log/build_2026-02-12_15-56-05/lily_gz) by extension 'colcon_meta'
[0.145s] Level 1:colcon.colcon_core.package_identification:_identify(/home/xizesse/ros2_ws/src/lily/log/build_2026-02-12_15-56-05/lily_gz) by extensions ['ros']
[0.145s] Level 1:colcon.colcon_core.package_identification:_identify(/home/xizesse/ros2_ws/src/lily/log/build_2026-02-12_15-56-05/lily_gz) by extension 'ros'
[0.145s] Level 1:colcon.colcon_core.package_identification:_identify(/home/xizesse/ros2_ws/src/lily/log/build_2026-02-12_15-56-05/lily_gz) by extensions ['cmake', 'python']
[0.145s] Level 1:colcon.colcon_core.package_identification:_identify(/home/xizesse/ros2_ws/src/lily/log/build_2026-02-12_15-56-05/lily_gz) by extension 'cmake'
[0.145s] Level 1:colcon.colcon_core.package_identification:_identify(/home/xizesse/ros2_ws/src/lily/log/build_2026-02-12_15-56-05/lily_gz) by extension 'python'
[0.145s] Level 1:colcon.colcon_core.package_identification:_identify(/home/xizesse/ros2_ws/src/lily/log/build_2026-02-12_15-56-05/lily_gz) by extensions ['python_setup_py']
[0.145s] Level 1:colcon.colcon_core.package_identification:_identify(/home/xizesse/ros2_ws/src/lily/log/build_2026-02-12_15-56-05/lily_gz) by extension 'python_setup_py'
[0.145s] Level 1:colcon.colcon_core.package_identification:_identify(/home/xizesse/ros2_ws/src/lily/log/build_2026-02-12_15-56-19) by extensions ['ignore', 'ignore_ament_install']
[0.145s] Level 1:colcon.colcon_core.package_identification:_identify(/home/xizesse/ros2_ws/src/lily/log/build_2026-02-12_15-56-19) by extension 'ignore'
[0.145s] Level 1:colcon.colcon_core.package_identification:_identify(/home/xizesse/ros2_ws/src/lily/log/build_2026-02-12_15-56-19) by extension 'ignore_ament_install'
[0.145s] Level 1:colcon.colcon_core.package_identification:_identify(/home/xizesse/ros2_ws/src/lily/log/build_2026-02-12_15-56-19) by extensions ['colcon_pkg']
[0.145s] Level 1:colcon.colcon_core.package_identification:_identify(/home/xizesse/ros2_ws/src/lily/log/build_2026-02-12_15-56-19) by extension 'colcon_pkg'
[0.145s] Level 1:colcon.colcon_core.package_identification:_identify(/home/xizesse/ros2_ws/src/lily/log/build_2026-02-12_15-56-19) by extensions ['colcon_meta']
[0.145s] Level 1:colcon.colcon_core.package_identification:_identify(/home/xizesse/ros2_ws/src/lily/log/build_2026-02-12_15-56-19) by extension 'colcon_meta'
[0.145s] Level 1:colcon.colcon_core.package_identification:_identify(/home/xizesse/ros2_ws/src/lily/log/build_2026-02-12_15-56-19) by extensions ['ros']
[0.145s] Level 1:colcon.colcon_core.package_identification:_identify(/home/xizesse/ros2_ws/src/lily/log/build_2026-02-12_15-56-19) by extension 'ros'
[0.145s] Level 1:colcon.colcon_core.package_identification:_identify(/home/xizesse/ros2_ws/src/lily/log/build_2026-02-12_15-56-19) by extensions ['cmake', 'python']
[0.145s] Level 1:colcon.colcon_core.package_identification:_identify(/home/xizesse/ros2_ws/src/lily/log/build_2026-02-12_15-56-19) by extension 'cmake'
[0.145s] Level 1:colcon.colcon_core.package_identification:_identify(/home/xizesse/ros2_ws/src/lily/log/build_2026-02-12_15-56-19) by extension 'python'
[0.145s] Level 1:colcon.colcon_core.package_identification:_identify(/home/xizesse/ros2_ws/src/lily/log/build_2026-02-12_15-56-19) by extensions ['python_setup_py']
[0.145s] Level 1:colcon.colcon_core.package_identification:_identify(/home/xizesse/ros2_ws/src/lily/log/build_2026-02-12_15-56-19) by extension 'python_setup_py'
[0.145s] Level 1:colcon.colcon_core.package_identification:_identify(/home/xizesse/ros2_ws/src/lily/log/build_2026-02-12_15-56-19/lily_gz) by extensions ['ignore', 'ignore_ament_install']
[0.146s] Level 1:colcon.colcon_core.package_identification:_identify(/home/xizesse/ros2_ws/src/lily/log/build_2026-02-12_15-56-19/lily_gz) by extension 'ignore'
[0.146s] Level 1:colcon.colcon_core.package_identification:_identify(/home/xizesse/ros2_ws/src/lily/log/build_2026-02-12_15-56-19/lily_gz) by extension 'ignore_ament_install'
[0.146s] Level 1:colcon.colcon_core.package_identification:_identify(/home/xizesse/ros2_ws/src/lily/log/build_2026-02-12_15-56-19/lily_gz) by extensions ['colcon_pkg']
[0.146s] Level 1:colcon.colcon_core.package_identification:_identify(/home/xizesse/ros2_ws/src/lily/log/build_2026-02-12_15-56-19/lily_gz) by extension 'colcon_pkg'
[0.146s] Level 1:colcon.colcon_core.package_identification:_identify(/home/xizesse/ros2_ws/src/lily/log/build_2026-02-12_15-56-19/lily_gz) by extensions ['colcon_meta']
[0.146s] Level 1:colcon.colcon_core.package_identification:_identify(/home/xizesse/ros2_ws/src/lily/log/build_2026-02-12_15-56-19/lily_gz) by extension 'colcon_meta'
[0.146s] Level 1:colcon.colcon_core.package_identification:_identify(/home/xizesse/ros2_ws/src/lily/log/build_2026-02-12_15-56-19/lily_gz) by extensions ['ros']
[0.146s] Level 1:colcon.colcon_core.package_identification:_identify(/home/xizesse/ros2_ws/src/lily/log/build_2026-02-12_15-56-19/lily_gz) by extension 'ros'
[0.146s] Level 1:colcon.colcon_core.package_identification:_identify(/home/xizesse/ros2_ws/src/lily/log/build_2026-02-12_15-56-19/lily_gz) by extensions ['cmake', 'python']
[0.146s] Level 1:colcon.colcon_core.package_identification:_identify(/home/xizesse/ros2_ws/src/lily/log/build_2026-02-12_15-56-19/lily_gz) by extension 'cmake'
[0.146s] Level 1:colcon.colcon_core.package_identification:_identify(/home/xizesse/ros2_ws/src/lily/log/build_2026-02-12_15-56-19/lily_gz) by extension 'python'
[0.146s] Level 1:colcon.colcon_core.package_identification:_identify(/home/xizesse/ros2_ws/src/lily/log/build_2026-02-12_15-56-19/lily_gz) by extensions ['python_setup_py']
[0.146s] Level 1:colcon.colcon_core.package_identification:_identify(/home/xizesse/ros2_ws/src/lily/log/build_2026-02-12_15-56-19/lily_gz) by extension 'python_setup_py'
[0.146s] Level 1:colcon.colcon_core.package_identification:_identify(/home/xizesse/ros2_ws/src/lily/log/build_2026-02-16_13-39-05) by extensions ['ignore', 'ignore_ament_install']
[0.146s] Level 1:colcon.colcon_core.package_identification:_identify(/home/xizesse/ros2_ws/src/lily/log/build_2026-02-16_13-39-05) by extension 'ignore'
[0.146s] Level 1:colcon.colcon_core.package_identification:_identify(/home/xizesse/ros2_ws/src/lily/log/build_2026-02-16_13-39-05) by extension 'ignore_ament_install'
[0.146s] Level 1:colcon.colcon_core.package_identification:_identify(/home/xizesse/ros2_ws/src/lily/log/build_2026-02-16_13-39-05) by extensions ['colcon_pkg']
[0.146s] Level 1:colcon.colcon_core.package_identification:_identify(/home/xizesse/ros2_ws/src/lily/log/build_2026-02-16_13-39-05) by extension 'colcon_pkg'
[0.146s] Level 1:colcon.colcon_core.package_identification:_identify(/home/xizesse/ros2_ws/src/lily/log/build_2026-02-16_13-39-05) by extensions ['colcon_meta']
[0.146s] Level 1:colcon.colcon_core.package_identification:_identify(/home/xizesse/ros2_ws/src/lily/log/build_2026-02-16_13-39-05) by extension 'colcon_meta'
[0.146s] Level 1:colcon.colcon_core.package_identification:_identify(/home/xizesse/ros2_ws/src/lily/log/build_2026-02-16_13-39-05) by extensions ['ros']
[0.146s] Level 1:colcon.colcon_core.package_identification:_identify(/home/xizesse/ros2_ws/src/lily/log/build_2026-02-16_13-39-05) by extension 'ros'
[0.146s] Level 1:colcon.colcon_core.package_identification:_identify(/home/xizesse/ros2_ws/src/lily/log/build_2026-02-16_13-39-05) by extensions ['cmake', 'python']
[0.146s] Level 1:colcon.colcon_core.package_identification:_identify(/home/xizesse/ros2_ws/src/lily/log/build_2026-02-16_13-39-05) by extension 'cmake'
[0.146s] Level 1:colcon.colcon_core.package_identification:_identify(/home/xizesse/ros2_ws/src/lily/log/build_2026-02-16_13-39-05) by extension 'python'
[0.146s] Level 1:colcon.colcon_core.package_identification:_identify(/home/xizesse/ros2_ws/src/lily/log/build_2026-02-16_13-39-05) by extensions ['python_setup_py']
[0.146s] Level 1:colcon.colcon_core.package_identification:_identify(/home/xizesse/ros2_ws/src/lily/log/build_2026-02-16_13-39-05) by extension 'python_setup_py'
[0.146s] Level 1:colcon.colcon_core.package_identification:_identify(/home/xizesse/ros2_ws/src/lily/log/build_2026-02-16_13-39-05/lily_control) by extensions ['ignore', 'ignore_ament_install']
[0.146s] Level 1:colcon.colcon_core.package_identification:_identify(/home/xizesse/ros2_ws/src/lily/log/build_2026-02-16_13-39-05/lily_control) by extension 'ignore'
[0.146s] Level 1:colcon.colcon_core.package_identification:_identify(/home/xizesse/ros2_ws/src/lily/log/build_2026-02-16_13-39-05/lily_control) by extension 'ignore_ament_install'
[0.146s] Level 1:colcon.colcon_core.package_identification:_identify(/home/xizesse/ros2_ws/src/lily/log/build_2026-02-16_13-39-05/lily_control) by extensions ['colcon_pkg']
[0.146s] Level 1:colcon.colcon_core.package_identification:_identify(/home/xizesse/ros2_ws/src/lily/log/build_2026-02-16_13-39-05/lily_control) by extension 'colcon_pkg'
[0.146s] Level 1:colcon.colcon_core.package_identification:_identify(/home/xizesse/ros2_ws/src/lily/log/build_2026-02-16_13-39-05/lily_control) by extensions ['colcon_meta']
[0.146s] Level 1:colcon.colcon_core.package_identification:_identify(/home/xizesse/ros2_ws/src/lily/log/build_2026-02-16_13-39-05/lily_control) by extension 'colcon_meta'
[0.146s] Level 1:colcon.colcon_core.package_identification:_identify(/home/xizesse/ros2_ws/src/lily/log/build_2026-02-16_13-39-05/lily_control) by extensions ['ros']
[0.146s] Level 1:colcon.colcon_core.package_identification:_identify(/home/xizesse/ros2_ws/src/lily/log/build_2026-02-16_13-39-05/lily_control) by extension 'ros'
[0.146s] Level 1:colcon.colcon_core.package_identification:_identify(/home/xizesse/ros2_ws/src/lily/log/build_2026-02-16_13-39-05/lily_control) by extensions ['cmake', 'python']
[0.146s] Level 1:colcon.colcon_core.package_identification:_identify(/home/xizesse/ros2_ws/src/lily/log/build_2026-02-16_13-39-05/lily_control) by extension 'cmake'
[0.146s] Level 1:colcon.colcon_core.package_identification:_identify(/home/xizesse/ros2_ws/src/lily/log/build_2026-02-16_13-39-05/lily_control) by extension 'python'
[0.146s] Level 1:colcon.colcon_core.package_identification:_identify(/home/xizesse/ros2_ws/src/lily/log/build_2026-02-16_13-39-05/lily_control) by extensions ['python_setup_py']
[0.146s] Level 1:colcon.colcon_core.package_identification:_identify(/home/xizesse/ros2_ws/src/lily/log/build_2026-02-16_13-39-05/lily_control) by extension 'python_setup_py'
[0.147s] Level 1:colcon.colcon_core.package_identification:_identify(/home/xizesse/ros2_ws/src/lily/log/build_2026-02-16_13-41-05) by extensions ['ignore', 'ignore_ament_install']
[0.147s] Level 1:colcon.colcon_core.package_identification:_identify(/home/xizesse/ros2_ws/src/lily/log/build_2026-02-16_13-41-05) by extension 'ignore'
[0.147s] Level 1:colcon.colcon_core.package_identification:_identify(/home/xizesse/ros2_ws/src/lily/log/build_2026-02-16_13-41-05) by extension 'ignore_ament_install'
[0.147s] Level 1:colcon.colcon_core.package_identification:_identify(/home/xizesse/ros2_ws/src/lily/log/build_2026-02-16_13-41-05) by extensions ['colcon_pkg']
[0.147s] Level 1:colcon.colcon_core.package_identification:_identify(/home/xizesse/ros2_ws/src/lily/log/build_2026-02-16_13-41-05) by extension 'colcon_pkg'
[0.147s] Level 1:colcon.colcon_core.package_identification:_identify(/home/xizesse/ros2_ws/src/lily/log/build_2026-02-16_13-41-05) by extensions ['colcon_meta']
[0.147s] Level 1:colcon.colcon_core.package_identification:_identify(/home/xizesse/ros2_ws/src/lily/log/build_2026-02-16_13-41-05) by extension 'colcon_meta'
[0.147s] Level 1:colcon.colcon_core.package_identification:_identify(/home/xizesse/ros2_ws/src/lily/log/build_2026-02-16_13-41-05) by extensions ['ros']
[0.147s] Level 1:colcon.colcon_core.package_identification:_identify(/home/xizesse/ros2_ws/src/lily/log/build_2026-02-16_13-41-05) by extension 'ros'
[0.147s] Level 1:colcon.colcon_core.package_identification:_identify(/home/xizesse/ros2_ws/src/lily/log/build_2026-02-16_13-41-05) by extensions ['cmake', 'python']
[0.147s] Level 1:colcon.colcon_core.package_identification:_identify(/home/xizesse/ros2_ws/src/lily/log/build_2026-02-16_13-41-05) by extension 'cmake'
[0.147s] Level 1:colcon.colcon_core.package_identification:_identify(/home/xizesse/ros2_ws/src/lily/log/build_2026-02-16_13-41-05) by extension 'python'
[0.147s] Level 1:colcon.colcon_core.package_identification:_identify(/home/xizesse/ros2_ws/src/lily/log/build_2026-02-16_13-41-05) by extensions ['python_setup_py']
[0.147s] Level 1:colcon.colcon_core.package_identification:_identify(/home/xizesse/ros2_ws/src/lily/log/build_2026-02-16_13-41-05) by extension 'python_setup_py'
[0.147s] Level 1:colcon.colcon_core.package_identification:_identify(/home/xizesse/ros2_ws/src/lily/log/build_2026-02-16_13-41-05/lily_control) by extensions ['ignore', 'ignore_ament_install']
[0.147s] Level 1:colcon.colcon_core.package_identification:_identify(/home/xizesse/ros2_ws/src/lily/log/build_2026-02-16_13-41-05/lily_control) by extension 'ignore'
[0.147s] Level 1:colcon.colcon_core.package_identification:_identify(/home/xizesse/ros2_ws/src/lily/log/build_2026-02-16_13-41-05/lily_control) by extension 'ignore_ament_install'
[0.147s] Level 1:colcon.colcon_core.package_identification:_identify(/home/xizesse/ros2_ws/src/lily/log/build_2026-02-16_13-41-05/lily_control) by extensions ['colcon_pkg']
[0.147s] Level 1:colcon.colcon_core.package_identification:_identify(/home/xizesse/ros2_ws/src/lily/log/build_2026-02-16_13-41-05/lily_control) by extension 'colcon_pkg'
[0.147s] Level 1:colcon.colcon_core.package_identification:_identify(/home/xizesse/ros2_ws/src/lily/log/build_2026-02-16_13-41-05/lily_control) by extensions ['colcon_meta']
[0.147s] Level 1:colcon.colcon_core.package_identification:_identify(/home/xizesse/ros2_ws/src/lily/log/build_2026-02-16_13-41-05/lily_control) by extension 'colcon_meta'
[0.147s] Level 1:colcon.colcon_core.package_identification:_identify(/home/xizesse/ros2_ws/src/lily/log/build_2026-02-16_13-41-05/lily_control) by extensions ['ros']
[0.147s] Level 1:colcon.colcon_core.package_identification:_identify(/home/xizesse/ros2_ws/src/lily/log/build_2026-02-16_13-41-05/lily_control) by extension 'ros'
[0.147s] Level 1:colcon.colcon_core.package_identification:_identify(/home/xizesse/ros2_ws/src/lily/log/build_2026-02-16_13-41-05/lily_control) by extensions ['cmake', 'python']
[0.147s] Level 1:colcon.colcon_core.package_identification:_identify(/home/xizesse/ros2_ws/src/lily/log/build_2026-02-16_13-41-05/lily_control) by extension 'cmake'
[0.147s] Level 1:colcon.colcon_core.package_identification:_identify(/home/xizesse/ros2_ws/src/lily/log/build_2026-02-16_13-41-05/lily_control) by extension 'python'
[0.147s] Level 1:colcon.colcon_core.package_identification:_identify(/home/xizesse/ros2_ws/src/lily/log/build_2026-02-16_13-41-05/lily_control) by extensions ['python_setup_py']
[0.147s] Level 1:colcon.colcon_core.package_identification:_identify(/home/xizesse/ros2_ws/src/lily/log/build_2026-02-16_13-41-05/lily_control) by extension 'python_setup_py'
[0.147s] Level 1:colcon.colcon_core.package_identification:_identify(/home/xizesse/ros2_ws/src/lily/transport_drivers) by extensions ['ignore', 'ignore_ament_install']
[0.147s] Level 1:colcon.colcon_core.package_identification:_identify(/home/xizesse/ros2_ws/src/lily/transport_drivers) by extension 'ignore'
[0.147s] Level 1:colcon.colcon_core.package_identification:_identify(/home/xizesse/ros2_ws/src/lily/transport_drivers) by extension 'ignore_ament_install'
[0.147s] Level 1:colcon.colcon_core.package_identification:_identify(/home/xizesse/ros2_ws/src/lily/transport_drivers) by extensions ['colcon_pkg']
[0.147s] Level 1:colcon.colcon_core.package_identification:_identify(/home/xizesse/ros2_ws/src/lily/transport_drivers) by extension 'colcon_pkg'
[0.147s] Level 1:colcon.colcon_core.package_identification:_identify(/home/xizesse/ros2_ws/src/lily/transport_drivers) by extensions ['colcon_meta']
[0.147s] Level 1:colcon.colcon_core.package_identification:_identify(/home/xizesse/ros2_ws/src/lily/transport_drivers) by extension 'colcon_meta'
[0.147s] Level 1:colcon.colcon_core.package_identification:_identify(/home/xizesse/ros2_ws/src/lily/transport_drivers) by extensions ['ros']
[0.147s] Level 1:colcon.colcon_core.package_identification:_identify(/home/xizesse/ros2_ws/src/lily/transport_drivers) by extension 'ros'
[0.147s] Level 1:colcon.colcon_core.package_identification:_identify(/home/xizesse/ros2_ws/src/lily/transport_drivers) by extensions ['cmake', 'python']
[0.147s] Level 1:colcon.colcon_core.package_identification:_identify(/home/xizesse/ros2_ws/src/lily/transport_drivers) by extension 'cmake'
[0.147s] Level 1:colcon.colcon_core.package_identification:_identify(/home/xizesse/ros2_ws/src/lily/transport_drivers) by extension 'python'
[0.147s] Level 1:colcon.colcon_core.package_identification:_identify(/home/xizesse/ros2_ws/src/lily/transport_drivers) by extensions ['python_setup_py']
[0.147s] Level 1:colcon.colcon_core.package_identification:_identify(/home/xizesse/ros2_ws/src/lily/transport_drivers) by extension 'python_setup_py'
[0.148s] Level 1:colcon.colcon_core.package_identification:_identify(/home/xizesse/ros2_ws/src/lily/transport_drivers/asio_cmake_module) by extensions ['ignore', 'ignore_ament_install']
[0.148s] Level 1:colcon.colcon_core.package_identification:_identify(/home/xizesse/ros2_ws/src/lily/transport_drivers/asio_cmake_module) by extension 'ignore'
[0.148s] Level 1:colcon.colcon_core.package_identification:_identify(/home/xizesse/ros2_ws/src/lily/transport_drivers/asio_cmake_module) by extension 'ignore_ament_install'
[0.148s] Level 1:colcon.colcon_core.package_identification:_identify(/home/xizesse/ros2_ws/src/lily/transport_drivers/asio_cmake_module) by extensions ['colcon_pkg']
[0.148s] Level 1:colcon.colcon_core.package_identification:_identify(/home/xizesse/ros2_ws/src/lily/transport_drivers/asio_cmake_module) by extension 'colcon_pkg'
[0.148s] Level 1:colcon.colcon_core.package_identification:_identify(/home/xizesse/ros2_ws/src/lily/transport_drivers/asio_cmake_module) by extensions ['colcon_meta']
[0.148s] Level 1:colcon.colcon_core.package_identification:_identify(/home/xizesse/ros2_ws/src/lily/transport_drivers/asio_cmake_module) by extension 'colcon_meta'
[0.148s] Level 1:colcon.colcon_core.package_identification:_identify(/home/xizesse/ros2_ws/src/lily/transport_drivers/asio_cmake_module) by extensions ['ros']
[0.148s] Level 1:colcon.colcon_core.package_identification:_identify(/home/xizesse/ros2_ws/src/lily/transport_drivers/asio_cmake_module) by extension 'ros'
[0.148s] DEBUG:colcon.colcon_core.package_identification:Package '/home/xizesse/ros2_ws/src/lily/transport_drivers/asio_cmake_module' with type 'ros.ament_cmake' and name 'asio_cmake_module'
[0.148s] Level 1:colcon.colcon_core.package_identification:_identify(/home/xizesse/ros2_ws/src/lily/transport_drivers/io_context) by extensions ['ignore', 'ignore_ament_install']
[0.148s] Level 1:colcon.colcon_core.package_identification:_identify(/home/xizesse/ros2_ws/src/lily/transport_drivers/io_context) by extension 'ignore'
[0.148s] Level 1:colcon.colcon_core.package_identification:_identify(/home/xizesse/ros2_ws/src/lily/transport_drivers/io_context) by extension 'ignore_ament_install'
[0.148s] Level 1:colcon.colcon_core.package_identification:_identify(/home/xizesse/ros2_ws/src/lily/transport_drivers/io_context) by extensions ['colcon_pkg']
[0.148s] Level 1:colcon.colcon_core.package_identification:_identify(/home/xizesse/ros2_ws/src/lily/transport_drivers/io_context) by extension 'colcon_pkg'
[0.148s] Level 1:colcon.colcon_core.package_identification:_identify(/home/xizesse/ros2_ws/src/lily/transport_drivers/io_context) by extensions ['colcon_meta']
[0.148s] Level 1:colcon.colcon_core.package_identification:_identify(/home/xizesse/ros2_ws/src/lily/transport_drivers/io_context) by extension 'colcon_meta'
[0.148s] Level 1:colcon.colcon_core.package_identification:_identify(/home/xizesse/ros2_ws/src/lily/transport_drivers/io_context) by extensions ['ros']
[0.148s] Level 1:colcon.colcon_core.package_identification:_identify(/home/xizesse/ros2_ws/src/lily/transport_drivers/io_context) by extension 'ros'
[0.149s] DEBUG:colcon.colcon_core.package_identification:Package '/home/xizesse/ros2_ws/src/lily/transport_drivers/io_context' with type 'ros.ament_cmake' and name 'io_context'
[0.149s] Level 1:colcon.colcon_core.package_identification:_identify(/home/xizesse/ros2_ws/src/lily/transport_drivers/serial_driver) by extensions ['ignore', 'ignore_ament_install']
[0.149s] Level 1:colcon.colcon_core.package_identification:_identify(/home/xizesse/ros2_ws/src/lily/transport_drivers/serial_driver) by extension 'ignore'
[0.149s] Level 1:colcon.colcon_core.package_identification:_identify(/home/xizesse/ros2_ws/src/lily/transport_drivers/serial_driver) by extension 'ignore_ament_install'
[0.149s] Level 1:colcon.colcon_core.package_identification:_identify(/home/xizesse/ros2_ws/src/lily/transport_drivers/serial_driver) by extensions ['colcon_pkg']
[0.149s] Level 1:colcon.colcon_core.package_identification:_identify(/home/xizesse/ros2_ws/src/lily/transport_drivers/serial_driver) by extension 'colcon_pkg'
[0.149s] Level 1:colcon.colcon_core.package_identification:_identify(/home/xizesse/ros2_ws/src/lily/transport_drivers/serial_driver) by extensions ['colcon_meta']
[0.149s] Level 1:colcon.colcon_core.package_identification:_identify(/home/xizesse/ros2_ws/src/lily/transport_drivers/serial_driver) by extension 'colcon_meta'
[0.149s] Level 1:colcon.colcon_core.package_identification:_identify(/home/xizesse/ros2_ws/src/lily/transport_drivers/serial_driver) by extensions ['ros']
[0.149s] Level 1:colcon.colcon_core.package_identification:_identify(/home/xizesse/ros2_ws/src/lily/transport_drivers/serial_driver) by extension 'ros'
[0.150s] DEBUG:colcon.colcon_core.package_identification:Package '/home/xizesse/ros2_ws/src/lily/transport_drivers/serial_driver' with type 'ros.ament_cmake' and name 'serial_driver'
[0.150s] Level 1:colcon.colcon_core.package_identification:_identify(/home/xizesse/ros2_ws/src/lily/transport_drivers/udp_driver) by extensions ['ignore', 'ignore_ament_install']
[0.150s] Level 1:colcon.colcon_core.package_identification:_identify(/home/xizesse/ros2_ws/src/lily/transport_drivers/udp_driver) by extension 'ignore'
[0.150s] Level 1:colcon.colcon_core.package_identification:_identify(/home/xizesse/ros2_ws/src/lily/transport_drivers/udp_driver) by extension 'ignore_ament_install'
[0.150s] Level 1:colcon.colcon_core.package_identification:_identify(/home/xizesse/ros2_ws/src/lily/transport_drivers/udp_driver) by extensions ['colcon_pkg']
[0.150s] Level 1:colcon.colcon_core.package_identification:_identify(/home/xizesse/ros2_ws/src/lily/transport_drivers/udp_driver) by extension 'colcon_pkg'
[0.150s] Level 1:colcon.colcon_core.package_identification:_identify(/home/xizesse/ros2_ws/src/lily/transport_drivers/udp_driver) by extensions ['colcon_meta']
[0.150s] Level 1:colcon.colcon_core.package_identification:_identify(/home/xizesse/ros2_ws/src/lily/transport_drivers/udp_driver) by extension 'colcon_meta'
[0.150s] Level 1:colcon.colcon_core.package_identification:_identify(/home/xizesse/ros2_ws/src/lily/transport_drivers/udp_driver) by extensions ['ros']
[0.150s] Level 1:colcon.colcon_core.package_identification:_identify(/home/xizesse/ros2_ws/src/lily/transport_drivers/udp_driver) by extension 'ros'
[0.151s] DEBUG:colcon.colcon_core.package_identification:Package '/home/xizesse/ros2_ws/src/lily/transport_drivers/udp_driver' with type 'ros.ament_cmake' and name 'udp_driver'
[0.151s] Level 1:colcon.colcon_core.package_identification:_identify(/home/xizesse/ros2_ws/src/lily/vesc) by extensions ['ignore', 'ignore_ament_install']
[0.151s] Level 1:colcon.colcon_core.package_identification:_identify(/home/xizesse/ros2_ws/src/lily/vesc) by extension 'ignore'
[0.151s] Level 1:colcon.colcon_core.package_identification:_identify(/home/xizesse/ros2_ws/src/lily/vesc) by extension 'ignore_ament_install'
[0.151s] Level 1:colcon.colcon_core.package_identification:_identify(/home/xizesse/ros2_ws/src/lily/vesc) by extensions ['colcon_pkg']
[0.151s] Level 1:colcon.colcon_core.package_identification:_identify(/home/xizesse/ros2_ws/src/lily/vesc) by extension 'colcon_pkg'
[0.151s] Level 1:colcon.colcon_core.package_identification:_identify(/home/xizesse/ros2_ws/src/lily/vesc) by extensions ['colcon_meta']
[0.151s] Level 1:colcon.colcon_core.package_identification:_identify(/home/xizesse/ros2_ws/src/lily/vesc) by extension 'colcon_meta'
[0.151s] Level 1:colcon.colcon_core.package_identification:_identify(/home/xizesse/ros2_ws/src/lily/vesc) by extensions ['ros']
[0.151s] Level 1:colcon.colcon_core.package_identification:_identify(/home/xizesse/ros2_ws/src/lily/vesc) by extension 'ros'
[0.151s] Level 1:colcon.colcon_core.package_identification:_identify(/home/xizesse/ros2_ws/src/lily/vesc) by extensions ['cmake', 'python']
[0.151s] Level 1:colcon.colcon_core.package_identification:_identify(/home/xizesse/ros2_ws/src/lily/vesc) by extension 'cmake'
[0.151s] Level 1:colcon.colcon_core.package_identification:_identify(/home/xizesse/ros2_ws/src/lily/vesc) by extension 'python'
[0.151s] Level 1:colcon.colcon_core.package_identification:_identify(/home/xizesse/ros2_ws/src/lily/vesc) by extensions ['python_setup_py']
[0.151s] Level 1:colcon.colcon_core.package_identification:_identify(/home/xizesse/ros2_ws/src/lily/vesc) by extension 'python_setup_py'
[0.151s] Level 1:colcon.colcon_core.package_identification:_identify(/home/xizesse/ros2_ws/src/lily/vesc/vesc) by extensions ['ignore', 'ignore_ament_install']
[0.151s] Level 1:colcon.colcon_core.package_identification:_identify(/home/xizesse/ros2_ws/src/lily/vesc/vesc) by extension 'ignore'
[0.151s] Level 1:colcon.colcon_core.package_identification:_identify(/home/xizesse/ros2_ws/src/lily/vesc/vesc) by extension 'ignore_ament_install'
[0.151s] Level 1:colcon.colcon_core.package_identification:_identify(/home/xizesse/ros2_ws/src/lily/vesc/vesc) by extensions ['colcon_pkg']
[0.151s] Level 1:colcon.colcon_core.package_identification:_identify(/home/xizesse/ros2_ws/src/lily/vesc/vesc) by extension 'colcon_pkg'
[0.151s] Level 1:colcon.colcon_core.package_identification:_identify(/home/xizesse/ros2_ws/src/lily/vesc/vesc) by extensions ['colcon_meta']
[0.151s] Level 1:colcon.colcon_core.package_identification:_identify(/home/xizesse/ros2_ws/src/lily/vesc/vesc) by extension 'colcon_meta'
[0.151s] Level 1:colcon.colcon_core.package_identification:_identify(/home/xizesse/ros2_ws/src/lily/vesc/vesc) by extensions ['ros']
[0.151s] Level 1:colcon.colcon_core.package_identification:_identify(/home/xizesse/ros2_ws/src/lily/vesc/vesc) by extension 'ros'
[0.152s] DEBUG:colcon.colcon_core.package_identification:Package '/home/xizesse/ros2_ws/src/lily/vesc/vesc' with type 'ros.ament_cmake' and name 'vesc'
[0.152s] Level 1:colcon.colcon_core.package_identification:_identify(/home/xizesse/ros2_ws/src/lily/vesc/vesc_ackermann) by extensions ['ignore', 'ignore_ament_install']
[0.152s] Level 1:colcon.colcon_core.package_identification:_identify(/home/xizesse/ros2_ws/src/lily/vesc/vesc_ackermann) by extension 'ignore'
[0.152s] Level 1:colcon.colcon_core.package_identification:_identify(/home/xizesse/ros2_ws/src/lily/vesc/vesc_ackermann) by extension 'ignore_ament_install'
[0.152s] Level 1:colcon.colcon_core.package_identification:_identify(/home/xizesse/ros2_ws/src/lily/vesc/vesc_ackermann) by extensions ['colcon_pkg']
[0.152s] Level 1:colcon.colcon_core.package_identification:_identify(/home/xizesse/ros2_ws/src/lily/vesc/vesc_ackermann) by extension 'colcon_pkg'
[0.152s] Level 1:colcon.colcon_core.package_identification:_identify(/home/xizesse/ros2_ws/src/lily/vesc/vesc_ackermann) by extensions ['colcon_meta']
[0.152s] Level 1:colcon.colcon_core.package_identification:_identify(/home/xizesse/ros2_ws/src/lily/vesc/vesc_ackermann) by extension 'colcon_meta'
[0.152s] Level 1:colcon.colcon_core.package_identification:_identify(/home/xizesse/ros2_ws/src/lily/vesc/vesc_ackermann) by extensions ['ros']
[0.152s] Level 1:colcon.colcon_core.package_identification:_identify(/home/xizesse/ros2_ws/src/lily/vesc/vesc_ackermann) by extension 'ros'
[0.152s] DEBUG:colcon.colcon_core.package_identification:Package '/home/xizesse/ros2_ws/src/lily/vesc/vesc_ackermann' with type 'ros.ament_cmake' and name 'vesc_ackermann'
[0.152s] Level 1:colcon.colcon_core.package_identification:_identify(/home/xizesse/ros2_ws/src/lily/vesc/vesc_driver) by extensions ['ignore', 'ignore_ament_install']
[0.153s] Level 1:colcon.colcon_core.package_identification:_identify(/home/xizesse/ros2_ws/src/lily/vesc/vesc_driver) by extension 'ignore'
[0.153s] Level 1:colcon.colcon_core.package_identification:_identify(/home/xizesse/ros2_ws/src/lily/vesc/vesc_driver) by extension 'ignore_ament_install'
[0.153s] Level 1:colcon.colcon_core.package_identification:_identify(/home/xizesse/ros2_ws/src/lily/vesc/vesc_driver) by extensions ['colcon_pkg']
[0.153s] Level 1:colcon.colcon_core.package_identification:_identify(/home/xizesse/ros2_ws/src/lily/vesc/vesc_driver) by extension 'colcon_pkg'
[0.153s] Level 1:colcon.colcon_core.package_identification:_identify(/home/xizesse/ros2_ws/src/lily/vesc/vesc_driver) by extensions ['colcon_meta']
[0.153s] Level 1:colcon.colcon_core.package_identification:_identify(/home/xizesse/ros2_ws/src/lily/vesc/vesc_driver) by extension 'colcon_meta'
[0.153s] Level 1:colcon.colcon_core.package_identification:_identify(/home/xizesse/ros2_ws/src/lily/vesc/vesc_driver) by extensions ['ros']
[0.153s] Level 1:colcon.colcon_core.package_identification:_identify(/home/xizesse/ros2_ws/src/lily/vesc/vesc_driver) by extension 'ros'
[0.153s] DEBUG:colcon.colcon_core.package_identification:Package '/home/xizesse/ros2_ws/src/lily/vesc/vesc_driver' with type 'ros.ament_cmake' and name 'vesc_driver'
[0.153s] Level 1:colcon.colcon_core.package_identification:_identify(/home/xizesse/ros2_ws/src/lily/vesc/vesc_msgs) by extensions ['ignore', 'ignore_ament_install']
[0.153s] Level 1:colcon.colcon_core.package_identification:_identify(/home/xizesse/ros2_ws/src/lily/vesc/vesc_msgs) by extension 'ignore'
[0.153s] Level 1:colcon.colcon_core.package_identification:_identify(/home/xizesse/ros2_ws/src/lily/vesc/vesc_msgs) by extension 'ignore_ament_install'
[0.153s] Level 1:colcon.colcon_core.package_identification:_identify(/home/xizesse/ros2_ws/src/lily/vesc/vesc_msgs) by extensions ['colcon_pkg']
[0.153s] Level 1:colcon.colcon_core.package_identification:_identify(/home/xizesse/ros2_ws/src/lily/vesc/vesc_msgs) by extension 'colcon_pkg'
[0.153s] Level 1:colcon.colcon_core.package_identification:_identify(/home/xizesse/ros2_ws/src/lily/vesc/vesc_msgs) by extensions ['colcon_meta']
[0.153s] Level 1:colcon.colcon_core.package_identification:_identify(/home/xizesse/ros2_ws/src/lily/vesc/vesc_msgs) by extension 'colcon_meta'
[0.153s] Level 1:colcon.colcon_core.package_identification:_identify(/home/xizesse/ros2_ws/src/lily/vesc/vesc_msgs) by extensions ['ros']
[0.153s] Level 1:colcon.colcon_core.package_identification:_identify(/home/xizesse/ros2_ws/src/lily/vesc/vesc_msgs) by extension 'ros'
[0.154s] DEBUG:colcon.colcon_core.package_identification:Package '/home/xizesse/ros2_ws/src/lily/vesc/vesc_msgs' with type 'ros.ament_cmake' and name 'vesc_msgs'
[0.154s] Level 1:colcon.colcon_core.package_identification:_identify(/home/xizesse/ros2_ws/src/obstacle_detector_2) by extensions ['ignore', 'ignore_ament_install']
[0.154s] Level 1:colcon.colcon_core.package_identification:_identify(/home/xizesse/ros2_ws/src/obstacle_detector_2) by extension 'ignore'
[0.154s] Level 1:colcon.colcon_core.package_identification:_identify(/home/xizesse/ros2_ws/src/obstacle_detector_2) by extension 'ignore_ament_install'
[0.154s] Level 1:colcon.colcon_core.package_identification:_identify(/home/xizesse/ros2_ws/src/obstacle_detector_2) by extensions ['colcon_pkg']
[0.154s] Level 1:colcon.colcon_core.package_identification:_identify(/home/xizesse/ros2_ws/src/obstacle_detector_2) by extension 'colcon_pkg'
[0.154s] Level 1:colcon.colcon_core.package_identification:_identify(/home/xizesse/ros2_ws/src/obstacle_detector_2) by extensions ['colcon_meta']
[0.154s] Level 1:colcon.colcon_core.package_identification:_identify(/home/xizesse/ros2_ws/src/obstacle_detector_2) by extension 'colcon_meta'
[0.154s] Level 1:colcon.colcon_core.package_identification:_identify(/home/xizesse/ros2_ws/src/obstacle_detector_2) by extensions ['ros']
[0.154s] Level 1:colcon.colcon_core.package_identification:_identify(/home/xizesse/ros2_ws/src/obstacle_detector_2) by extension 'ros'
[0.155s] DEBUG:colcon.colcon_core.package_identification:Package '/home/xizesse/ros2_ws/src/obstacle_detector_2' with type 'ros.ament_cmake' and name 'obstacle_detector'
[0.155s] Level 1:colcon.colcon_core.package_identification:_identify(/home/xizesse/ros2_ws/src/rvo2_ros2) by extensions ['ignore', 'ignore_ament_install']
[0.155s] Level 1:colcon.colcon_core.package_identification:_identify(/home/xizesse/ros2_ws/src/rvo2_ros2) by extension 'ignore'
[0.155s] Level 1:colcon.colcon_core.package_identification:_identify(/home/xizesse/ros2_ws/src/rvo2_ros2) by extension 'ignore_ament_install'
[0.155s] Level 1:colcon.colcon_core.package_identification:_identify(/home/xizesse/ros2_ws/src/rvo2_ros2) by extensions ['colcon_pkg']
[0.155s] Level 1:colcon.colcon_core.package_identification:_identify(/home/xizesse/ros2_ws/src/rvo2_ros2) by extension 'colcon_pkg'
[0.155s] Level 1:colcon.colcon_core.package_identification:_identify(/home/xizesse/ros2_ws/src/rvo2_ros2) by extensions ['colcon_meta']
[0.155s] Level 1:colcon.colcon_core.package_identification:_identify(/home/xizesse/ros2_ws/src/rvo2_ros2) by extension 'colcon_meta'
[0.155s] Level 1:colcon.colcon_core.package_identification:_identify(/home/xizesse/ros2_ws/src/rvo2_ros2) by extensions ['ros']
[0.155s] Level 1:colcon.colcon_core.package_identification:_identify(/home/xizesse/ros2_ws/src/rvo2_ros2) by extension 'ros'
[0.156s] DEBUG:colcon.colcon_core.package_identification:Package '/home/xizesse/ros2_ws/src/rvo2_ros2' with type 'ros.ament_cmake' and name 'rvo2_ros2'
[0.156s] Level 1:colcon.colcon_core.package_discovery:discover_packages(recursive) using defaults
[0.168s] INFO:colcon.colcon_core.package_selection:Skipping not selected package 'asio_cmake_module' in '/home/xizesse/ros2_ws/src/lily/transport_drivers/asio_cmake_module'
[0.168s] INFO:colcon.colcon_core.package_selection:Skipping not selected package 'lily_bringup' in '/home/xizesse/ros2_ws/src/lily/lily_bringup'
[0.168s] INFO:colcon.colcon_core.package_selection:Skipping not selected package 'lily_control' in '/home/xizesse/ros2_ws/src/lily/lily_control'
[0.168s] INFO:colcon.colcon_core.package_selection:Skipping not selected package 'lily_gz' in '/home/xizesse/ros2_ws/src/lily/lily_gz'
[0.168s] INFO:colcon.colcon_core.package_selection:Skipping not selected package 'lily_localization' in '/home/xizesse/ros2_ws/src/lily/lily_localization'
[0.168s] INFO:colcon.colcon_core.package_selection:Skipping not selected package 'lily_nav' in '/home/xizesse/ros2_ws/src/lily/lily_nav'
[0.168s] INFO:colcon.colcon_core.package_selection:Skipping not selected package 'lily_teleop' in '/home/xizesse/ros2_ws/src/lily/lily_teleop'
[0.168s] INFO:colcon.colcon_core.package_selection:Skipping not selected package 'lily_visualization' in '/home/xizesse/ros2_ws/src/lily/lily_visualization'
[0.168s] INFO:colcon.colcon_core.package_selection:Skipping not selected package 'obstacle_detector' in '/home/xizesse/ros2_ws/src/obstacle_detector_2'
[0.168s] INFO:colcon.colcon_core.package_selection:Skipping not selected package 'vesc_msgs' in '/home/xizesse/ros2_ws/src/lily/vesc/vesc_msgs'
[0.168s] INFO:colcon.colcon_core.package_selection:Skipping not selected package 'io_context' in '/home/xizesse/ros2_ws/src/lily/transport_drivers/io_context'
[0.168s] INFO:colcon.colcon_core.package_selection:Skipping not selected package 'lily_deploy' in '/home/xizesse/ros2_ws/src/lily/lily_deploy'
[0.168s] INFO:colcon.colcon_core.package_selection:Skipping not selected package 'vesc_ackermann' in '/home/xizesse/ros2_ws/src/lily/vesc/vesc_ackermann'
[0.168s] INFO:colcon.colcon_core.package_selection:Skipping not selected package 'serial_driver' in '/home/xizesse/ros2_ws/src/lily/transport_drivers/serial_driver'
[0.168s] INFO:colcon.colcon_core.package_selection:Skipping not selected package 'udp_driver' in '/home/xizesse/ros2_ws/src/lily/transport_drivers/udp_driver'
[0.168s] INFO:colcon.colcon_core.package_selection:Skipping not selected package 'vesc_driver' in '/home/xizesse/ros2_ws/src/lily/vesc/vesc_driver'
[0.168s] INFO:colcon.colcon_core.package_selection:Skipping not selected package 'vesc' in '/home/xizesse/ros2_ws/src/lily/vesc/vesc'
[0.168s] Level 1:colcon.colcon_core.package_discovery:discover_packages(prefix_path) check parameters
[0.168s] Level 1:colcon.colcon_core.package_discovery:discover_packages(prefix_path) discover
[0.171s] DEBUG:colcon.colcon_installed_package_information.package_discovery:Found 5 installed packages in /home/xizesse/vrx_ws/install
[0.171s] DEBUG:colcon.colcon_installed_package_information.package_discovery:Found 11 installed packages in /home/xizesse/ros2_ws/install
[0.172s] DEBUG:colcon.colcon_installed_package_information.package_discovery:Found 442 installed packages in /opt/ros/jazzy
[0.173s] Level 1:colcon.colcon_core.package_discovery:discover_packages(prefix_path) using defaults
[0.215s] Level 5:colcon.colcon_core.verb:set package 'rvo2_ros2' build argument 'cmake_args' from command line to 'None'
[0.215s] Level 5:colcon.colcon_core.verb:set package 'rvo2_ros2' build argument 'cmake_target' from command line to 'None'
[0.215s] Level 5:colcon.colcon_core.verb:set package 'rvo2_ros2' build argument 'cmake_target_skip_unavailable' from command line to 'False'
[0.215s] Level 5:colcon.colcon_core.verb:set package 'rvo2_ros2' build argument 'cmake_clean_cache' from command line to 'False'
[0.215s] Level 5:colcon.colcon_core.verb:set package 'rvo2_ros2' build argument 'cmake_clean_first' from command line to 'False'
[0.215s] Level 5:colcon.colcon_core.verb:set package 'rvo2_ros2' build argument 'cmake_force_configure' from command line to 'False'
[0.215s] Level 5:colcon.colcon_core.verb:set package 'rvo2_ros2' build argument 'ament_cmake_args' from command line to 'None'
[0.215s] Level 5:colcon.colcon_core.verb:set package 'rvo2_ros2' build argument 'catkin_cmake_args' from command line to 'None'
[0.215s] Level 5:colcon.colcon_core.verb:set package 'rvo2_ros2' build argument 'catkin_skip_building_tests' from command line to 'False'
[0.215s] DEBUG:colcon.colcon_core.verb:Building package 'rvo2_ros2' with the following arguments: {'ament_cmake_args': None, 'build_base': '/home/xizesse/ros2_ws/src/avoa3d/build/rvo2_ros2', 'catkin_cmake_args': None, 'catkin_skip_building_tests': False, 'cmake_args': None, 'cmake_clean_cache': False, 'cmake_clean_first': False, 'cmake_force_configure': False, 'cmake_target': None, 'cmake_target_skip_unavailable': False, 'install_base': '/home/xizesse/ros2_ws/src/avoa3d/install/rvo2_ros2', 'merge_install': False, 'path': '/home/xizesse/ros2_ws/src/rvo2_ros2', 'symlink_install': False, 'test_result_base': None}
[0.215s] Level 5:colcon.colcon_core.verb:set package 'avoa3d' build argument 'cmake_args' from command line to 'None'
[0.215s] Level 5:colcon.colcon_core.verb:set package 'avoa3d' build argument 'cmake_target' from command line to 'None'
[0.215s] Level 5:colcon.colcon_core.verb:set package 'avoa3d' build argument 'cmake_target_skip_unavailable' from command line to 'False'
[0.215s] Level 5:colcon.colcon_core.verb:set package 'avoa3d' build argument 'cmake_clean_cache' from command line to 'False'
[0.215s] Level 5:colcon.colcon_core.verb:set package 'avoa3d' build argument 'cmake_clean_first' from command line to 'False'
[0.215s] Level 5:colcon.colcon_core.verb:set package 'avoa3d' build argument 'cmake_force_configure' from command line to 'False'
[0.215s] Level 5:colcon.colcon_core.verb:set package 'avoa3d' build argument 'ament_cmake_args' from command line to 'None'
[0.215s] Level 5:colcon.colcon_core.verb:set package 'avoa3d' build argument 'catkin_cmake_args' from command line to 'None'
[0.215s] Level 5:colcon.colcon_core.verb:set package 'avoa3d' build argument 'catkin_skip_building_tests' from command line to 'False'
[0.215s] DEBUG:colcon.colcon_core.verb:Building package 'avoa3d' with the following arguments: {'ament_cmake_args': None, 'build_base': '/home/xizesse/ros2_ws/src/avoa3d/build/avoa3d', 'catkin_cmake_args': None, 'catkin_skip_building_tests': False, 'cmake_args': None, 'cmake_clean_cache': False, 'cmake_clean_first': False, 'cmake_force_configure': False, 'cmake_target': None, 'cmake_target_skip_unavailable': False, 'install_base': '/home/xizesse/ros2_ws/src/avoa3d/install/avoa3d', 'merge_install': False, 'path': '/home/xizesse/ros2_ws/src/avoa3d', 'symlink_install': False, 'test_result_base': None}
[0.215s] INFO:colcon.colcon_core.executor:Executing jobs using 'parallel' executor
[0.216s] DEBUG:colcon.colcon_parallel_executor.executor.parallel:run_until_complete
[0.216s] INFO:colcon.colcon_ros.task.ament_cmake.build:Building ROS package in '/home/xizesse/ros2_ws/src/rvo2_ros2' with build type 'ament_cmake'
[0.216s] INFO:colcon.colcon_cmake.task.cmake.build:Building CMake package in '/home/xizesse/ros2_ws/src/rvo2_ros2'
[0.217s] INFO:colcon.colcon_core.plugin_system:Skipping extension 'colcon_core.shell.bat': Not used on non-Windows systems
[0.217s] INFO:colcon.colcon_core.shell:Skip shell extension 'powershell' for command environment: Not usable outside of PowerShell
[0.217s] DEBUG:colcon.colcon_core.shell:Skip shell extension 'dsv' for command environment
[0.220s] INFO:colcon.colcon_ros.task.ament_cmake.build:Building ROS package in '/home/xizesse/ros2_ws/src/avoa3d' with build type 'ament_cmake'
[0.220s] INFO:colcon.colcon_cmake.task.cmake.build:Building CMake package in '/home/xizesse/ros2_ws/src/avoa3d'
[0.220s] INFO:colcon.colcon_core.shell:Skip shell extension 'powershell' for command environment: Not usable outside of PowerShell
[0.220s] DEBUG:colcon.colcon_core.shell:Skip shell extension 'dsv' for command environment
[0.222s] WARNING:colcon.colcon_core.shell:The following packages are in the workspace but haven't been built:
- obstacle_detector
They are being used from the following locations instead:
- /home/xizesse/ros2_ws/install/obstacle_detector
To suppress this warning ignore these packages in the workspace:
--packages-ignore obstacle_detector
[0.225s] DEBUG:colcon.colcon_core.event_handler.log_command:Invoking command in '/home/xizesse/ros2_ws/src/avoa3d/build/rvo2_ros2': CMAKE_PREFIX_PATH=${CMAKE_PREFIX_PATH}:/opt/ros/jazzy DEBUGINFOD_URLS=https://debuginfod.ubuntu.com /usr/bin/cmake /home/xizesse/ros2_ws/src/rvo2_ros2 -DCMAKE_INSTALL_PREFIX=/home/xizesse/ros2_ws/src/avoa3d/install/rvo2_ros2
[0.227s] DEBUG:colcon.colcon_core.event_handler.log_command:Invoking command in '/home/xizesse/ros2_ws/src/avoa3d/build/avoa3d': CMAKE_PREFIX_PATH=${CMAKE_PREFIX_PATH}:/opt/ros/jazzy DEBUGINFOD_URLS=https://debuginfod.ubuntu.com /usr/bin/cmake /home/xizesse/ros2_ws/src/avoa3d -DCMAKE_INSTALL_PREFIX=/home/xizesse/ros2_ws/src/avoa3d/install/avoa3d
[3.295s] DEBUG:colcon.colcon_core.event_handler.log_command:Invoked command in '/home/xizesse/ros2_ws/src/avoa3d/build/rvo2_ros2' returned '0': CMAKE_PREFIX_PATH=${CMAKE_PREFIX_PATH}:/opt/ros/jazzy DEBUGINFOD_URLS=https://debuginfod.ubuntu.com /usr/bin/cmake /home/xizesse/ros2_ws/src/rvo2_ros2 -DCMAKE_INSTALL_PREFIX=/home/xizesse/ros2_ws/src/avoa3d/install/rvo2_ros2
[3.296s] DEBUG:colcon.colcon_core.event_handler.log_command:Invoking command in '/home/xizesse/ros2_ws/src/avoa3d/build/rvo2_ros2': CMAKE_PREFIX_PATH=${CMAKE_PREFIX_PATH}:/opt/ros/jazzy DEBUGINFOD_URLS=https://debuginfod.ubuntu.com /usr/bin/cmake --build /home/xizesse/ros2_ws/src/avoa3d/build/rvo2_ros2 -- -j20 -l20
[4.361s] DEBUG:colcon.colcon_core.event_handler.log_command:Invoked command in '/home/xizesse/ros2_ws/src/avoa3d/build/avoa3d' returned '0': CMAKE_PREFIX_PATH=${CMAKE_PREFIX_PATH}:/opt/ros/jazzy DEBUGINFOD_URLS=https://debuginfod.ubuntu.com /usr/bin/cmake /home/xizesse/ros2_ws/src/avoa3d -DCMAKE_INSTALL_PREFIX=/home/xizesse/ros2_ws/src/avoa3d/install/avoa3d
[4.363s] DEBUG:colcon.colcon_core.event_handler.log_command:Invoking command in '/home/xizesse/ros2_ws/src/avoa3d/build/avoa3d': CMAKE_PREFIX_PATH=${CMAKE_PREFIX_PATH}:/opt/ros/jazzy DEBUGINFOD_URLS=https://debuginfod.ubuntu.com /usr/bin/cmake --build /home/xizesse/ros2_ws/src/avoa3d/build/avoa3d -- -j20 -l20
[32.032s] DEBUG:colcon.colcon_core.event_handler.log_command:Invoked command in '/home/xizesse/ros2_ws/src/avoa3d/build/rvo2_ros2' returned '0': CMAKE_PREFIX_PATH=${CMAKE_PREFIX_PATH}:/opt/ros/jazzy DEBUGINFOD_URLS=https://debuginfod.ubuntu.com /usr/bin/cmake --build /home/xizesse/ros2_ws/src/avoa3d/build/rvo2_ros2 -- -j20 -l20
[32.066s] DEBUG:colcon.colcon_core.event_handler.log_command:Invoking command in '/home/xizesse/ros2_ws/src/avoa3d/build/rvo2_ros2': CMAKE_PREFIX_PATH=${CMAKE_PREFIX_PATH}:/opt/ros/jazzy DEBUGINFOD_URLS=https://debuginfod.ubuntu.com /usr/bin/cmake --install /home/xizesse/ros2_ws/src/avoa3d/build/rvo2_ros2
[32.361s] Level 1:colcon.colcon_core.environment:create_environment_scripts_only(rvo2_ros2)
[32.363s] DEBUG:colcon.colcon_core.event_handler.log_command:Invoked command in '/home/xizesse/ros2_ws/src/avoa3d/build/rvo2_ros2' returned '0': CMAKE_PREFIX_PATH=${CMAKE_PREFIX_PATH}:/opt/ros/jazzy DEBUGINFOD_URLS=https://debuginfod.ubuntu.com /usr/bin/cmake --install /home/xizesse/ros2_ws/src/avoa3d/build/rvo2_ros2
[32.374s] Level 1:colcon.colcon_core.environment:checking '/home/xizesse/ros2_ws/src/avoa3d/install/rvo2_ros2' for CMake module files
[32.376s] Level 1:colcon.colcon_core.environment:checking '/home/xizesse/ros2_ws/src/avoa3d/install/rvo2_ros2' for CMake config files
[32.377s] Level 1:colcon.colcon_core.shell:create_environment_hook('rvo2_ros2', 'cmake_prefix_path')
[32.377s] INFO:colcon.colcon_core.shell:Creating environment hook '/home/xizesse/ros2_ws/src/avoa3d/install/rvo2_ros2/share/rvo2_ros2/hook/cmake_prefix_path.ps1'
[32.380s] INFO:colcon.colcon_core.shell:Creating environment descriptor '/home/xizesse/ros2_ws/src/avoa3d/install/rvo2_ros2/share/rvo2_ros2/hook/cmake_prefix_path.dsv'
[32.382s] INFO:colcon.colcon_core.shell:Creating environment hook '/home/xizesse/ros2_ws/src/avoa3d/install/rvo2_ros2/share/rvo2_ros2/hook/cmake_prefix_path.sh'
[32.385s] Level 1:colcon.colcon_core.environment:checking '/home/xizesse/ros2_ws/src/avoa3d/install/rvo2_ros2/lib'
[32.386s] Level 1:colcon.colcon_core.shell:create_environment_hook('rvo2_ros2', 'ld_library_path_lib')
[32.386s] INFO:colcon.colcon_core.shell:Creating environment hook '/home/xizesse/ros2_ws/src/avoa3d/install/rvo2_ros2/share/rvo2_ros2/hook/ld_library_path_lib.ps1'
[32.387s] INFO:colcon.colcon_core.shell:Creating environment descriptor '/home/xizesse/ros2_ws/src/avoa3d/install/rvo2_ros2/share/rvo2_ros2/hook/ld_library_path_lib.dsv'
[32.388s] INFO:colcon.colcon_core.shell:Creating environment hook '/home/xizesse/ros2_ws/src/avoa3d/install/rvo2_ros2/share/rvo2_ros2/hook/ld_library_path_lib.sh'
[32.388s] Level 1:colcon.colcon_core.environment:checking '/home/xizesse/ros2_ws/src/avoa3d/install/rvo2_ros2/bin'
[32.388s] Level 1:colcon.colcon_core.environment:checking '/home/xizesse/ros2_ws/src/avoa3d/install/rvo2_ros2/lib/pkgconfig/rvo2_ros2.pc'
[32.389s] Level 1:colcon.colcon_core.environment:checking '/home/xizesse/ros2_ws/src/avoa3d/install/rvo2_ros2/lib/python3.12/site-packages'
[32.389s] Level 1:colcon.colcon_core.shell:create_environment_hook('rvo2_ros2', 'pythonpath')
[32.390s] INFO:colcon.colcon_core.shell:Creating environment hook '/home/xizesse/ros2_ws/src/avoa3d/install/rvo2_ros2/share/rvo2_ros2/hook/pythonpath.ps1'
[32.391s] INFO:colcon.colcon_core.shell:Creating environment descriptor '/home/xizesse/ros2_ws/src/avoa3d/install/rvo2_ros2/share/rvo2_ros2/hook/pythonpath.dsv'
[32.391s] INFO:colcon.colcon_core.shell:Creating environment hook '/home/xizesse/ros2_ws/src/avoa3d/install/rvo2_ros2/share/rvo2_ros2/hook/pythonpath.sh'
[32.391s] Level 1:colcon.colcon_core.environment:checking '/home/xizesse/ros2_ws/src/avoa3d/install/rvo2_ros2/bin'
[32.392s] INFO:colcon.colcon_core.shell:Creating package script '/home/xizesse/ros2_ws/src/avoa3d/install/rvo2_ros2/share/rvo2_ros2/package.ps1'
[32.394s] INFO:colcon.colcon_core.shell:Creating package descriptor '/home/xizesse/ros2_ws/src/avoa3d/install/rvo2_ros2/share/rvo2_ros2/package.dsv'
[32.395s] INFO:colcon.colcon_core.shell:Creating package script '/home/xizesse/ros2_ws/src/avoa3d/install/rvo2_ros2/share/rvo2_ros2/package.sh'
[32.397s] INFO:colcon.colcon_core.shell:Creating package script '/home/xizesse/ros2_ws/src/avoa3d/install/rvo2_ros2/share/rvo2_ros2/package.bash'
[32.399s] INFO:colcon.colcon_core.shell:Creating package script '/home/xizesse/ros2_ws/src/avoa3d/install/rvo2_ros2/share/rvo2_ros2/package.zsh'
[32.401s] Level 1:colcon.colcon_core.environment:create_file_with_runtime_dependencies(/home/xizesse/ros2_ws/src/avoa3d/install/rvo2_ros2/share/colcon-core/packages/rvo2_ros2)
[32.403s] Level 1:colcon.colcon_core.environment:create_environment_scripts_only(rvo2_ros2)
[32.403s] Level 1:colcon.colcon_core.environment:checking '/home/xizesse/ros2_ws/src/avoa3d/install/rvo2_ros2' for CMake module files
[32.404s] Level 1:colcon.colcon_core.environment:checking '/home/xizesse/ros2_ws/src/avoa3d/install/rvo2_ros2' for CMake config files
[32.405s] Level 1:colcon.colcon_core.shell:create_environment_hook('rvo2_ros2', 'cmake_prefix_path')
[32.405s] INFO:colcon.colcon_core.shell:Creating environment hook '/home/xizesse/ros2_ws/src/avoa3d/install/rvo2_ros2/share/rvo2_ros2/hook/cmake_prefix_path.ps1'
[32.406s] INFO:colcon.colcon_core.shell:Creating environment descriptor '/home/xizesse/ros2_ws/src/avoa3d/install/rvo2_ros2/share/rvo2_ros2/hook/cmake_prefix_path.dsv'
[32.407s] INFO:colcon.colcon_core.shell:Creating environment hook '/home/xizesse/ros2_ws/src/avoa3d/install/rvo2_ros2/share/rvo2_ros2/hook/cmake_prefix_path.sh'
[32.407s] Level 1:colcon.colcon_core.environment:checking '/home/xizesse/ros2_ws/src/avoa3d/install/rvo2_ros2/lib'
[32.408s] Level 1:colcon.colcon_core.shell:create_environment_hook('rvo2_ros2', 'ld_library_path_lib')
[32.408s] INFO:colcon.colcon_core.shell:Creating environment hook '/home/xizesse/ros2_ws/src/avoa3d/install/rvo2_ros2/share/rvo2_ros2/hook/ld_library_path_lib.ps1'
[32.408s] INFO:colcon.colcon_core.shell:Creating environment descriptor '/home/xizesse/ros2_ws/src/avoa3d/install/rvo2_ros2/share/rvo2_ros2/hook/ld_library_path_lib.dsv'
[32.408s] INFO:colcon.colcon_core.shell:Creating environment hook '/home/xizesse/ros2_ws/src/avoa3d/install/rvo2_ros2/share/rvo2_ros2/hook/ld_library_path_lib.sh'
[32.409s] Level 1:colcon.colcon_core.environment:checking '/home/xizesse/ros2_ws/src/avoa3d/install/rvo2_ros2/bin'
[32.409s] Level 1:colcon.colcon_core.environment:checking '/home/xizesse/ros2_ws/src/avoa3d/install/rvo2_ros2/lib/pkgconfig/rvo2_ros2.pc'
[32.409s] Level 1:colcon.colcon_core.environment:checking '/home/xizesse/ros2_ws/src/avoa3d/install/rvo2_ros2/lib/python3.12/site-packages'
[32.409s] Level 1:colcon.colcon_core.shell:create_environment_hook('rvo2_ros2', 'pythonpath')
[32.409s] INFO:colcon.colcon_core.shell:Creating environment hook '/home/xizesse/ros2_ws/src/avoa3d/install/rvo2_ros2/share/rvo2_ros2/hook/pythonpath.ps1'
[32.410s] INFO:colcon.colcon_core.shell:Creating environment descriptor '/home/xizesse/ros2_ws/src/avoa3d/install/rvo2_ros2/share/rvo2_ros2/hook/pythonpath.dsv'
[32.410s] INFO:colcon.colcon_core.shell:Creating environment hook '/home/xizesse/ros2_ws/src/avoa3d/install/rvo2_ros2/share/rvo2_ros2/hook/pythonpath.sh'
[32.411s] Level 1:colcon.colcon_core.environment:checking '/home/xizesse/ros2_ws/src/avoa3d/install/rvo2_ros2/bin'
[32.412s] INFO:colcon.colcon_core.shell:Creating package script '/home/xizesse/ros2_ws/src/avoa3d/install/rvo2_ros2/share/rvo2_ros2/package.ps1'
[32.413s] INFO:colcon.colcon_core.shell:Creating package descriptor '/home/xizesse/ros2_ws/src/avoa3d/install/rvo2_ros2/share/rvo2_ros2/package.dsv'
[32.414s] INFO:colcon.colcon_core.shell:Creating package script '/home/xizesse/ros2_ws/src/avoa3d/install/rvo2_ros2/share/rvo2_ros2/package.sh'
[32.415s] INFO:colcon.colcon_core.shell:Creating package script '/home/xizesse/ros2_ws/src/avoa3d/install/rvo2_ros2/share/rvo2_ros2/package.bash'
[32.416s] INFO:colcon.colcon_core.shell:Creating package script '/home/xizesse/ros2_ws/src/avoa3d/install/rvo2_ros2/share/rvo2_ros2/package.zsh'
[32.417s] Level 1:colcon.colcon_core.environment:create_file_with_runtime_dependencies(/home/xizesse/ros2_ws/src/avoa3d/install/rvo2_ros2/share/colcon-core/packages/rvo2_ros2)
[38.124s] DEBUG:colcon.colcon_core.event_handler.log_command:Invoked command in '/home/xizesse/ros2_ws/src/avoa3d/build/avoa3d' returned '0': CMAKE_PREFIX_PATH=${CMAKE_PREFIX_PATH}:/opt/ros/jazzy DEBUGINFOD_URLS=https://debuginfod.ubuntu.com /usr/bin/cmake --build /home/xizesse/ros2_ws/src/avoa3d/build/avoa3d -- -j20 -l20
[38.127s] DEBUG:colcon.colcon_core.event_handler.log_command:Invoking command in '/home/xizesse/ros2_ws/src/avoa3d/build/avoa3d': CMAKE_PREFIX_PATH=${CMAKE_PREFIX_PATH}:/opt/ros/jazzy DEBUGINFOD_URLS=https://debuginfod.ubuntu.com /usr/bin/cmake --install /home/xizesse/ros2_ws/src/avoa3d/build/avoa3d
[38.367s] Level 1:colcon.colcon_core.environment:create_environment_scripts_only(avoa3d)
[38.367s] Level 1:colcon.colcon_core.environment:checking '/home/xizesse/ros2_ws/src/avoa3d/install/avoa3d' for CMake module files
[38.368s] DEBUG:colcon.colcon_core.event_handler.log_command:Invoked command in '/home/xizesse/ros2_ws/src/avoa3d/build/avoa3d' returned '0': CMAKE_PREFIX_PATH=${CMAKE_PREFIX_PATH}:/opt/ros/jazzy DEBUGINFOD_URLS=https://debuginfod.ubuntu.com /usr/bin/cmake --install /home/xizesse/ros2_ws/src/avoa3d/build/avoa3d
[38.369s] Level 1:colcon.colcon_core.environment:checking '/home/xizesse/ros2_ws/src/avoa3d/install/avoa3d' for CMake config files
[38.369s] Level 1:colcon.colcon_core.shell:create_environment_hook('avoa3d', 'cmake_prefix_path')
[38.370s] INFO:colcon.colcon_core.shell:Creating environment hook '/home/xizesse/ros2_ws/src/avoa3d/install/avoa3d/share/avoa3d/hook/cmake_prefix_path.ps1'
[38.370s] INFO:colcon.colcon_core.shell:Creating environment descriptor '/home/xizesse/ros2_ws/src/avoa3d/install/avoa3d/share/avoa3d/hook/cmake_prefix_path.dsv'
[38.370s] INFO:colcon.colcon_core.shell:Creating environment hook '/home/xizesse/ros2_ws/src/avoa3d/install/avoa3d/share/avoa3d/hook/cmake_prefix_path.sh'
[38.371s] Level 1:colcon.colcon_core.environment:checking '/home/xizesse/ros2_ws/src/avoa3d/install/avoa3d/lib'
[38.372s] Level 1:colcon.colcon_core.shell:create_environment_hook('avoa3d', 'ld_library_path_lib')
[38.372s] INFO:colcon.colcon_core.shell:Creating environment hook '/home/xizesse/ros2_ws/src/avoa3d/install/avoa3d/share/avoa3d/hook/ld_library_path_lib.ps1'
[38.372s] INFO:colcon.colcon_core.shell:Creating environment descriptor '/home/xizesse/ros2_ws/src/avoa3d/install/avoa3d/share/avoa3d/hook/ld_library_path_lib.dsv'
[38.373s] INFO:colcon.colcon_core.shell:Creating environment hook '/home/xizesse/ros2_ws/src/avoa3d/install/avoa3d/share/avoa3d/hook/ld_library_path_lib.sh'
[38.373s] Level 1:colcon.colcon_core.environment:checking '/home/xizesse/ros2_ws/src/avoa3d/install/avoa3d/bin'
[38.373s] Level 1:colcon.colcon_core.environment:checking '/home/xizesse/ros2_ws/src/avoa3d/install/avoa3d/lib/pkgconfig/avoa3d.pc'
[38.374s] Level 1:colcon.colcon_core.environment:checking '/home/xizesse/ros2_ws/src/avoa3d/install/avoa3d/lib/python3.12/site-packages'
[38.374s] Level 1:colcon.colcon_core.shell:create_environment_hook('avoa3d', 'pythonpath')
[38.374s] INFO:colcon.colcon_core.shell:Creating environment hook '/home/xizesse/ros2_ws/src/avoa3d/install/avoa3d/share/avoa3d/hook/pythonpath.ps1'
[38.375s] INFO:colcon.colcon_core.shell:Creating environment descriptor '/home/xizesse/ros2_ws/src/avoa3d/install/avoa3d/share/avoa3d/hook/pythonpath.dsv'
[38.375s] INFO:colcon.colcon_core.shell:Creating environment hook '/home/xizesse/ros2_ws/src/avoa3d/install/avoa3d/share/avoa3d/hook/pythonpath.sh'
[38.376s] Level 1:colcon.colcon_core.environment:checking '/home/xizesse/ros2_ws/src/avoa3d/install/avoa3d/bin'
[38.376s] INFO:colcon.colcon_core.shell:Creating package script '/home/xizesse/ros2_ws/src/avoa3d/install/avoa3d/share/avoa3d/package.ps1'
[38.376s] INFO:colcon.colcon_core.shell:Creating package descriptor '/home/xizesse/ros2_ws/src/avoa3d/install/avoa3d/share/avoa3d/package.dsv'
[38.377s] INFO:colcon.colcon_core.shell:Creating package script '/home/xizesse/ros2_ws/src/avoa3d/install/avoa3d/share/avoa3d/package.sh'
[38.377s] INFO:colcon.colcon_core.shell:Creating package script '/home/xizesse/ros2_ws/src/avoa3d/install/avoa3d/share/avoa3d/package.bash'
[38.378s] INFO:colcon.colcon_core.shell:Creating package script '/home/xizesse/ros2_ws/src/avoa3d/install/avoa3d/share/avoa3d/package.zsh'
[38.378s] Level 1:colcon.colcon_core.environment:create_file_with_runtime_dependencies(/home/xizesse/ros2_ws/src/avoa3d/install/avoa3d/share/colcon-core/packages/avoa3d)
[38.379s] Level 1:colcon.colcon_core.environment:create_environment_scripts_only(avoa3d)
[38.379s] Level 1:colcon.colcon_core.environment:checking '/home/xizesse/ros2_ws/src/avoa3d/install/avoa3d' for CMake module files
[38.380s] Level 1:colcon.colcon_core.environment:checking '/home/xizesse/ros2_ws/src/avoa3d/install/avoa3d' for CMake config files
[38.380s] Level 1:colcon.colcon_core.shell:create_environment_hook('avoa3d', 'cmake_prefix_path')
[38.381s] INFO:colcon.colcon_core.shell:Creating environment hook '/home/xizesse/ros2_ws/src/avoa3d/install/avoa3d/share/avoa3d/hook/cmake_prefix_path.ps1'
[38.381s] INFO:colcon.colcon_core.shell:Creating environment descriptor '/home/xizesse/ros2_ws/src/avoa3d/install/avoa3d/share/avoa3d/hook/cmake_prefix_path.dsv'
[38.381s] INFO:colcon.colcon_core.shell:Creating environment hook '/home/xizesse/ros2_ws/src/avoa3d/install/avoa3d/share/avoa3d/hook/cmake_prefix_path.sh'
[38.382s] Level 1:colcon.colcon_core.environment:checking '/home/xizesse/ros2_ws/src/avoa3d/install/avoa3d/lib'
[38.382s] Level 1:colcon.colcon_core.shell:create_environment_hook('avoa3d', 'ld_library_path_lib')
[38.382s] INFO:colcon.colcon_core.shell:Creating environment hook '/home/xizesse/ros2_ws/src/avoa3d/install/avoa3d/share/avoa3d/hook/ld_library_path_lib.ps1'
[38.382s] INFO:colcon.colcon_core.shell:Creating environment descriptor '/home/xizesse/ros2_ws/src/avoa3d/install/avoa3d/share/avoa3d/hook/ld_library_path_lib.dsv'
[38.382s] INFO:colcon.colcon_core.shell:Creating environment hook '/home/xizesse/ros2_ws/src/avoa3d/install/avoa3d/share/avoa3d/hook/ld_library_path_lib.sh'
[38.382s] Level 1:colcon.colcon_core.environment:checking '/home/xizesse/ros2_ws/src/avoa3d/install/avoa3d/bin'
[38.382s] Level 1:colcon.colcon_core.environment:checking '/home/xizesse/ros2_ws/src/avoa3d/install/avoa3d/lib/pkgconfig/avoa3d.pc'
[38.383s] Level 1:colcon.colcon_core.environment:checking '/home/xizesse/ros2_ws/src/avoa3d/install/avoa3d/lib/python3.12/site-packages'
[38.383s] Level 1:colcon.colcon_core.shell:create_environment_hook('avoa3d', 'pythonpath')
[38.383s] INFO:colcon.colcon_core.shell:Creating environment hook '/home/xizesse/ros2_ws/src/avoa3d/install/avoa3d/share/avoa3d/hook/pythonpath.ps1'
[38.383s] INFO:colcon.colcon_core.shell:Creating environment descriptor '/home/xizesse/ros2_ws/src/avoa3d/install/avoa3d/share/avoa3d/hook/pythonpath.dsv'
[38.383s] INFO:colcon.colcon_core.shell:Creating environment hook '/home/xizesse/ros2_ws/src/avoa3d/install/avoa3d/share/avoa3d/hook/pythonpath.sh'
[38.383s] Level 1:colcon.colcon_core.environment:checking '/home/xizesse/ros2_ws/src/avoa3d/install/avoa3d/bin'
[38.384s] INFO:colcon.colcon_core.shell:Creating package script '/home/xizesse/ros2_ws/src/avoa3d/install/avoa3d/share/avoa3d/package.ps1'
[38.384s] INFO:colcon.colcon_core.shell:Creating package descriptor '/home/xizesse/ros2_ws/src/avoa3d/install/avoa3d/share/avoa3d/package.dsv'
[38.385s] INFO:colcon.colcon_core.shell:Creating package script '/home/xizesse/ros2_ws/src/avoa3d/install/avoa3d/share/avoa3d/package.sh'
[38.385s] INFO:colcon.colcon_core.shell:Creating package script '/home/xizesse/ros2_ws/src/avoa3d/install/avoa3d/share/avoa3d/package.bash'
[38.385s] INFO:colcon.colcon_core.shell:Creating package script '/home/xizesse/ros2_ws/src/avoa3d/install/avoa3d/share/avoa3d/package.zsh'
[38.385s] Level 1:colcon.colcon_core.environment:create_file_with_runtime_dependencies(/home/xizesse/ros2_ws/src/avoa3d/install/avoa3d/share/colcon-core/packages/avoa3d)
[38.386s] DEBUG:colcon.colcon_parallel_executor.executor.parallel:closing loop
[38.387s] DEBUG:colcon.colcon_parallel_executor.executor.parallel:loop closed
[38.387s] DEBUG:colcon.colcon_parallel_executor.executor.parallel:run_until_complete finished with '0'
[38.387s] DEBUG:colcon.colcon_core.event_reactor:joining thread
[38.400s] INFO:colcon.colcon_core.plugin_system:Skipping extension 'colcon_notification.desktop_notification.terminal_notifier': Not used on non-Darwin systems
[38.401s] INFO:colcon.colcon_core.plugin_system:Skipping extension 'colcon_notification.desktop_notification.win32': Not used on non-Windows systems
[38.401s] INFO:colcon.colcon_notification.desktop_notification:Sending desktop notification using 'notify2'
[38.434s] DEBUG:colcon.colcon_core.event_reactor:joined thread
[38.435s] INFO:colcon.colcon_core.shell:Creating prefix script '/home/xizesse/ros2_ws/src/avoa3d/install/local_setup.ps1'
[38.437s] INFO:colcon.colcon_core.shell:Creating prefix util module '/home/xizesse/ros2_ws/src/avoa3d/install/_local_setup_util_ps1.py'
[38.440s] INFO:colcon.colcon_core.shell:Creating prefix chain script '/home/xizesse/ros2_ws/src/avoa3d/install/setup.ps1'
[38.444s] INFO:colcon.colcon_core.shell:Creating prefix script '/home/xizesse/ros2_ws/src/avoa3d/install/local_setup.sh'
[38.445s] INFO:colcon.colcon_core.shell:Creating prefix util module '/home/xizesse/ros2_ws/src/avoa3d/install/_local_setup_util_sh.py'
[38.445s] INFO:colcon.colcon_core.shell:Creating prefix chain script '/home/xizesse/ros2_ws/src/avoa3d/install/setup.sh'
[38.447s] INFO:colcon.colcon_core.shell:Creating prefix script '/home/xizesse/ros2_ws/src/avoa3d/install/local_setup.bash'
[38.449s] INFO:colcon.colcon_core.shell:Creating prefix chain script '/home/xizesse/ros2_ws/src/avoa3d/install/setup.bash'
[38.451s] INFO:colcon.colcon_core.shell:Creating prefix script '/home/xizesse/ros2_ws/src/avoa3d/install/local_setup.zsh'
[38.452s] INFO:colcon.colcon_core.shell:Creating prefix chain script '/home/xizesse/ros2_ws/src/avoa3d/install/setup.zsh'
