-- The C compiler identification is GNU 11.4.0
-- The CXX compiler identification is GNU 11.4.0
-- Detecting C compiler ABI info
-- Detecting C compiler ABI info - done
-- Check for working C compiler: /usr/bin/cc - skipped
-- Detecting C compile features
-- Detecting C compile features - done
-- Detecting CXX compiler ABI info
-- Detecting CXX compiler ABI info - done
-- Check for working CXX compiler: /usr/bin/c++ - skipped
-- Detecting CXX compile features
-- Detecting CXX compile features - done
-- Found ament_cmake: 1.3.9 (/opt/ros/humble/share/ament_cmake/cmake)
-- Found Python3: /usr/bin/python3 (found version "3.10.12") found components: Interpreter 
-- Found rclcpp: 16.0.9 (/opt/ros/humble/share/rclcpp/cmake)
-- Found rosidl_generator_c: 3.1.5 (/opt/ros/humble/share/rosidl_generator_c/cmake)
-- Found rosidl_adapter: 3.1.5 (/opt/ros/humble/share/rosidl_adapter/cmake)
-- Found rosidl_generator_cpp: 3.1.5 (/opt/ros/humble/share/rosidl_generator_cpp/cmake)
-- Using all available rosidl_typesupport_c: rosidl_typesupport_fastrtps_c;rosidl_typesupport_introspection_c
-- Using all available rosidl_typesupport_cpp: rosidl_typesupport_fastrtps_cpp;rosidl_typesupport_introspection_cpp
-- Found rmw_implementation_cmake: 6.1.2 (/opt/ros/humble/share/rmw_implementation_cmake/cmake)
-- Found rmw_fastrtps_cpp: 6.2.6 (/opt/ros/humble/share/rmw_fastrtps_cpp/cmake)
-- Found OpenSSL: /usr/lib/x86_64-linux-gnu/libcrypto.so (found version "3.0.2")  
-- Found FastRTPS: /opt/ros/humble/include  
-- Using RMW implementation 'rmw_fastrtps_cpp' as default
-- Looking for pthread.h
-- Looking for pthread.h - found
-- Performing Test CMAKE_HAVE_LIBC_PTHREAD
-- Performing Test CMAKE_HAVE_LIBC_PTHREAD - Success
-- Found Threads: TRUE  
-- Found visualization_msgs: 4.2.4 (/opt/ros/humble/share/visualization_msgs/cmake)
-- Found rosidl_default_generators: 1.2.0 (/opt/ros/humble/share/rosidl_default_generators/cmake)
-- Found nav_msgs: 4.2.4 (/opt/ros/humble/share/nav_msgs/cmake)
-- Found tf2_ros: 0.25.7 (/opt/ros/humble/share/tf2_ros/cmake)
-- Found ament_cmake_ros: 0.10.0 (/opt/ros/humble/share/ament_cmake_ros/cmake)
-- Using all available rosidl_typesupport_c: rosidl_typesupport_fastrtps_c;rosidl_typesupport_introspection_c
-- Using all available rosidl_typesupport_cpp: rosidl_typesupport_fastrtps_cpp;rosidl_typesupport_introspection_cpp
-- Found PythonInterp: /usr/bin/python3 (found suitable version "3.10.12", minimum required is "3.6") 
-- Found python_cmake_module: 0.10.0 (/opt/ros/humble/share/python_cmake_module/cmake)
-- Found PythonLibs: /usr/lib/x86_64-linux-gnu/libpython3.10.so (found suitable version "3.10.12", minimum required is "3.5") 
-- Using PYTHON_EXECUTABLE: /usr/bin/python3
-- Using PYTHON_INCLUDE_DIRS: /usr/include/python3.10
-- Using PYTHON_LIBRARIES: /usr/lib/x86_64-linux-gnu/libpython3.10.so
-- Found PythonExtra: .so  
-- Found ament_lint_auto: 0.12.11 (/opt/ros/humble/share/ament_lint_auto/cmake)
-- Configuring done
-- Generating done
-- Build files have been written to: /home/xizesse/ros2_ws/src/avoa/build/avoa
[  2%] [34m[1mGenerating C code for ROS interfaces[0m
[  5%] [34m[1mGenerating C++ code for ROS interfaces[0m
[  5%] Built target ament_cmake_python_copy_avoa
running egg_info
creating avoa.egg-info
writing avoa.egg-info/PKG-INFO
writing dependency_links to avoa.egg-info/dependency_links.txt
writing top-level names to avoa.egg-info/top_level.txt
writing manifest file 'avoa.egg-info/SOURCES.txt'
reading manifest file 'avoa.egg-info/SOURCES.txt'
writing manifest file 'avoa.egg-info/SOURCES.txt'
[  5%] Built target ament_cmake_python_build_avoa_egg
[  5%] Built target avoa__cpp
[  7%] [32mBuilding C object CMakeFiles/avoa__rosidl_generator_c.dir/rosidl_generator_c/avoa/msg/detail/element_characteristics_stamped__functions.c.o[0m
[ 15%] [34m[1mGenerating C++ type support for eProsima Fast-RTPS[0m
[ 15%] [34m[1mGenerating C++ type support dispatch for ROS interfaces[0m
[ 15%] [34m[1mGenerating C++ introspection for ROS interfaces[0m
[ 17%] [32m[1mLinking C shared library libavoa__rosidl_generator_c.so[0m
[ 17%] Built target avoa__rosidl_generator_c
[ 23%] [34m[1mGenerating C introspection for ROS interfaces[0m
[ 23%] [34m[1mGenerating C type support for eProsima Fast-RTPS[0m
[ 25%] [34m[1mGenerating C type support dispatch for ROS interfaces[0m
[ 28%] [32mBuilding CXX object CMakeFiles/avoa__rosidl_typesupport_cpp.dir/rosidl_typesupport_cpp/avoa/msg/element_characteristics_stamped__type_support.cpp.o[0m
[ 30%] [32mBuilding CXX object CMakeFiles/avoa__rosidl_typesupport_fastrtps_cpp.dir/rosidl_typesupport_fastrtps_cpp/avoa/msg/detail/dds_fastrtps/element_characteristics_stamped__type_support.cpp.o[0m
[ 33%] [32mBuilding CXX object CMakeFiles/avoa__rosidl_typesupport_introspection_cpp.dir/rosidl_typesupport_introspection_cpp/avoa/msg/detail/element_characteristics_stamped__type_support.cpp.o[0m
[ 35%] [32mBuilding CXX object CMakeFiles/avoa__rosidl_typesupport_c.dir/rosidl_typesupport_c/avoa/msg/element_characteristics_stamped__type_support.cpp.o[0m
[ 38%] [32mBuilding CXX object CMakeFiles/avoa__rosidl_typesupport_fastrtps_c.dir/rosidl_typesupport_fastrtps_c/avoa/msg/detail/element_characteristics_stamped__type_support_c.cpp.o[0m
[ 41%] [32m[1mLinking CXX shared library libavoa__rosidl_typesupport_c.so[0m
[ 43%] [32mBuilding C object CMakeFiles/avoa__rosidl_typesupport_introspection_c.dir/rosidl_typesupport_introspection_c/avoa/msg/detail/element_characteristics_stamped__type_support.c.o[0m
[ 43%] Built target avoa__rosidl_typesupport_c
[ 46%] [32m[1mLinking C shared library libavoa__rosidl_typesupport_introspection_c.so[0m
[ 46%] Built target avoa__rosidl_typesupport_introspection_c
[ 48%] [32m[1mLinking CXX shared library libavoa__rosidl_typesupport_cpp.so[0m
[ 48%] Built target avoa__rosidl_typesupport_cpp
[ 56%] [32mBuilding CXX object CMakeFiles/rviz_marker.dir/src/rviz_marker.cpp.o[0m
[ 56%] [32mBuilding CXX object CMakeFiles/velocity_publisher.dir/src/velocity_publisher.cpp.o[0m
[ 56%] [32mBuilding CXX object CMakeFiles/point_cloud_publisher.dir/src/point_cloud_publisher.cpp.o[0m
[ 58%] [32mBuilding CXX object CMakeFiles/obstacle_publisher.dir/src/obstacle_publisher.cpp.o[0m
[ 61%] [32m[1mLinking CXX shared library libavoa__rosidl_typesupport_fastrtps_cpp.so[0m
[ 64%] [32m[1mLinking CXX shared library libavoa__rosidl_typesupport_introspection_cpp.so[0m
[ 66%] [32m[1mLinking CXX shared library libavoa__rosidl_typesupport_fastrtps_c.so[0m
[ 66%] Built target avoa__rosidl_typesupport_fastrtps_cpp
[ 66%] Built target avoa__rosidl_typesupport_introspection_cpp
[ 66%] Built target avoa__rosidl_typesupport_fastrtps_c
[ 66%] Built target avoa
[ 69%] [34m[1mGenerating Python code for ROS interfaces[0m
[01m[K/home/xizesse/ros2_ws/src/avoa/src/velocity_publisher.cpp:14:10:[m[K [01;31m[Kfatal error: [m[Ktf2_geometry_msgs/tf2_geometry_msgs.hpp: No such file or directory
   14 | #include [01;31m[K"tf2_geometry_msgs/tf2_geometry_msgs.hpp"[m[K
      |          [01;31m[K^~~~~~~~~~~~~~~~~~~~~~~~~~~~~~~~~~~~~~~~~[m[K
compilation terminated.
gmake[2]: *** [CMakeFiles/velocity_publisher.dir/build.make:76: CMakeFiles/velocity_publisher.dir/src/velocity_publisher.cpp.o] Error 1
gmake[1]: *** [CMakeFiles/Makefile2:653: CMakeFiles/velocity_publisher.dir/all] Error 2
gmake[1]: *** Waiting for unfinished jobs....
[ 69%] Built target avoa__py
[ 71%] [32m[1mLinking CXX executable obstacle_publisher[0m
[ 74%] [32m[1mLinking CXX executable point_cloud_publisher[0m
[ 74%] Built target obstacle_publisher
[ 74%] Built target point_cloud_publisher
[ 76%] [32m[1mLinking CXX executable rviz_marker[0m
[ 76%] Built target rviz_marker
gmake: *** [Makefile:146: all] Error 2
