[0.009s] Invoking command in '/home/xizesse/ros2_ws/src/avoa/build/avoa': CMAKE_PREFIX_PATH=${CMAKE_PREFIX_PATH}:/opt/ros/humble /usr/bin/cmake /home/xizesse/ros2_ws/src/avoa -DCMAKE_INSTALL_PREFIX=/home/xizesse/ros2_ws/src/avoa/install/avoa
[0.090s] -- The C compiler identification is GNU 11.4.0
[0.163s] -- The CXX compiler identification is GNU 11.4.0
[0.169s] -- Detecting C compiler ABI info
[0.212s] -- Detecting C compiler ABI info - done
[0.216s] -- Check for working C compiler: /usr/bin/cc - skipped
[0.217s] -- Detecting C compile features
[0.217s] -- Detecting C compile features - done
[0.220s] -- Detecting CXX compiler ABI info
[0.269s] -- Detecting CXX compiler ABI info - done
[0.274s] -- Check for working CXX compiler: /usr/bin/c++ - skipped
[0.274s] -- Detecting CXX compile features
[0.274s] -- Detecting CXX compile features - done
[0.277s] -- Found ament_cmake: 1.3.9 (/opt/ros/humble/share/ament_cmake/cmake)
[0.369s] -- Found Python3: /usr/bin/python3 (found version "3.10.12") found components: Interpreter 
[0.441s] -- Found rclcpp: 16.0.9 (/opt/ros/humble/share/rclcpp/cmake)
[0.479s] -- Found rosidl_generator_c: 3.1.5 (/opt/ros/humble/share/rosidl_generator_c/cmake)
[0.482s] -- Found rosidl_adapter: 3.1.5 (/opt/ros/humble/share/rosidl_adapter/cmake)
[0.489s] -- Found rosidl_generator_cpp: 3.1.5 (/opt/ros/humble/share/rosidl_generator_cpp/cmake)
[0.501s] -- Using all available rosidl_typesupport_c: rosidl_typesupport_fastrtps_c;rosidl_typesupport_introspection_c
[0.514s] -- Using all available rosidl_typesupport_cpp: rosidl_typesupport_fastrtps_cpp;rosidl_typesupport_introspection_cpp
[0.563s] -- Found rmw_implementation_cmake: 6.1.2 (/opt/ros/humble/share/rmw_implementation_cmake/cmake)
[0.566s] -- Found rmw_fastrtps_cpp: 6.2.6 (/opt/ros/humble/share/rmw_fastrtps_cpp/cmake)
[0.638s] -- Found OpenSSL: /usr/lib/x86_64-linux-gnu/libcrypto.so (found version "3.0.2")  
[0.656s] -- Found FastRTPS: /opt/ros/humble/include  
[0.684s] -- Using RMW implementation 'rmw_fastrtps_cpp' as default
[0.692s] -- Looking for pthread.h
[0.741s] -- Looking for pthread.h - found
[0.741s] -- Performing Test CMAKE_HAVE_LIBC_PTHREAD
[0.787s] -- Performing Test CMAKE_HAVE_LIBC_PTHREAD - Success
[0.788s] -- Found Threads: TRUE  
[0.884s] -- Found visualization_msgs: 4.2.4 (/opt/ros/humble/share/visualization_msgs/cmake)
[1.050s] -- Found rosidl_default_generators: 1.2.0 (/opt/ros/humble/share/rosidl_default_generators/cmake)
[1.057s] -- Found nav_msgs: 4.2.4 (/opt/ros/humble/share/nav_msgs/cmake)
[1.108s] -- Found tf2_ros: 0.25.7 (/opt/ros/humble/share/tf2_ros/cmake)
[1.517s] -- Found ament_cmake_ros: 0.10.0 (/opt/ros/humble/share/ament_cmake_ros/cmake)
[1.777s] -- Using all available rosidl_typesupport_c: rosidl_typesupport_fastrtps_c;rosidl_typesupport_introspection_c
[1.876s] -- Using all available rosidl_typesupport_cpp: rosidl_typesupport_fastrtps_cpp;rosidl_typesupport_introspection_cpp
[1.897s] -- Found PythonInterp: /usr/bin/python3 (found suitable version "3.10.12", minimum required is "3.6") 
[1.899s] -- Found python_cmake_module: 0.10.0 (/opt/ros/humble/share/python_cmake_module/cmake)
[1.920s] -- Found PythonLibs: /usr/lib/x86_64-linux-gnu/libpython3.10.so (found suitable version "3.10.12", minimum required is "3.5") 
[1.920s] -- Using PYTHON_EXECUTABLE: /usr/bin/python3
[1.920s] -- Using PYTHON_INCLUDE_DIRS: /usr/include/python3.10
[1.920s] -- Using PYTHON_LIBRARIES: /usr/lib/x86_64-linux-gnu/libpython3.10.so
[1.933s] -- Found PythonExtra: .so  
[1.972s] -- Found ament_lint_auto: 0.12.11 (/opt/ros/humble/share/ament_lint_auto/cmake)
[1.980s] -- Configuring done
[2.008s] -- Generating done
[2.010s] -- Build files have been written to: /home/xizesse/ros2_ws/src/avoa/build/avoa
[2.018s] Invoked command in '/home/xizesse/ros2_ws/src/avoa/build/avoa' returned '0': CMAKE_PREFIX_PATH=${CMAKE_PREFIX_PATH}:/opt/ros/humble /usr/bin/cmake /home/xizesse/ros2_ws/src/avoa -DCMAKE_INSTALL_PREFIX=/home/xizesse/ros2_ws/src/avoa/install/avoa
[2.019s] Invoking command in '/home/xizesse/ros2_ws/src/avoa/build/avoa': CMAKE_PREFIX_PATH=${CMAKE_PREFIX_PATH}:/opt/ros/humble /usr/bin/cmake --build /home/xizesse/ros2_ws/src/avoa/build/avoa -- -j20 -l20
[2.045s] [  2%] [34m[1mGenerating C code for ROS interfaces[0m
[2.050s] [  5%] [34m[1mGenerating C++ code for ROS interfaces[0m
[2.054s] [  5%] Built target ament_cmake_python_copy_avoa
[2.198s] running egg_info
[2.199s] creating avoa.egg-info
[2.199s] writing avoa.egg-info/PKG-INFO
[2.199s] writing dependency_links to avoa.egg-info/dependency_links.txt
[2.199s] writing top-level names to avoa.egg-info/top_level.txt
[2.199s] writing manifest file 'avoa.egg-info/SOURCES.txt'
[2.202s] reading manifest file 'avoa.egg-info/SOURCES.txt'
[2.202s] writing manifest file 'avoa.egg-info/SOURCES.txt'
[2.224s] [  5%] Built target ament_cmake_python_build_avoa_egg
[2.253s] [  5%] Built target avoa__cpp
[2.254s] [  7%] [32mBuilding C object CMakeFiles/avoa__rosidl_generator_c.dir/rosidl_generator_c/avoa/msg/detail/element_characteristics_stamped__functions.c.o[0m
[2.260s] [ 15%] [34m[1mGenerating C++ type support for eProsima Fast-RTPS[0m
[2.260s] [ 15%] [34m[1mGenerating C++ type support dispatch for ROS interfaces[0m
[2.260s] [ 15%] [34m[1mGenerating C++ introspection for ROS interfaces[0m
[2.304s] [ 17%] [32m[1mLinking C shared library libavoa__rosidl_generator_c.so[0m
[2.332s] [ 17%] Built target avoa__rosidl_generator_c
[2.339s] [ 23%] [34m[1mGenerating C introspection for ROS interfaces[0m
[2.339s] [ 23%] [34m[1mGenerating C type support for eProsima Fast-RTPS[0m
[2.341s] [ 25%] [34m[1mGenerating C type support dispatch for ROS interfaces[0m
[2.454s] [ 28%] [32mBuilding CXX object CMakeFiles/avoa__rosidl_typesupport_cpp.dir/rosidl_typesupport_cpp/avoa/msg/element_characteristics_stamped__type_support.cpp.o[0m
[2.475s] [ 30%] [32mBuilding CXX object CMakeFiles/avoa__rosidl_typesupport_fastrtps_cpp.dir/rosidl_typesupport_fastrtps_cpp/avoa/msg/detail/dds_fastrtps/element_characteristics_stamped__type_support.cpp.o[0m
[2.476s] [ 33%] [32mBuilding CXX object CMakeFiles/avoa__rosidl_typesupport_introspection_cpp.dir/rosidl_typesupport_introspection_cpp/avoa/msg/detail/element_characteristics_stamped__type_support.cpp.o[0m
[2.532s] [ 35%] [32mBuilding CXX object CMakeFiles/avoa__rosidl_typesupport_c.dir/rosidl_typesupport_c/avoa/msg/element_characteristics_stamped__type_support.cpp.o[0m
[2.548s] [ 38%] [32mBuilding CXX object CMakeFiles/avoa__rosidl_typesupport_fastrtps_c.dir/rosidl_typesupport_fastrtps_c/avoa/msg/detail/element_characteristics_stamped__type_support_c.cpp.o[0m
[2.557s] [ 41%] [32m[1mLinking CXX shared library libavoa__rosidl_typesupport_c.so[0m
[2.570s] [ 43%] [32mBuilding C object CMakeFiles/avoa__rosidl_typesupport_introspection_c.dir/rosidl_typesupport_introspection_c/avoa/msg/detail/element_characteristics_stamped__type_support.c.o[0m
[2.587s] [ 43%] Built target avoa__rosidl_typesupport_c
[2.601s] [ 46%] [32m[1mLinking C shared library libavoa__rosidl_typesupport_introspection_c.so[0m
[2.623s] [ 46%] Built target avoa__rosidl_typesupport_introspection_c
[2.647s] [ 48%] [32m[1mLinking CXX shared library libavoa__rosidl_typesupport_cpp.so[0m
[2.673s] [ 48%] Built target avoa__rosidl_typesupport_cpp
[2.688s] [ 56%] [32mBuilding CXX object CMakeFiles/rviz_marker.dir/src/rviz_marker.cpp.o[0m
[2.688s] [ 56%] [32mBuilding CXX object CMakeFiles/velocity_publisher.dir/src/velocity_publisher.cpp.o[0m
[2.688s] [ 56%] [32mBuilding CXX object CMakeFiles/point_cloud_publisher.dir/src/point_cloud_publisher.cpp.o[0m
[2.691s] [ 58%] [32mBuilding CXX object CMakeFiles/obstacle_publisher.dir/src/obstacle_publisher.cpp.o[0m
[2.723s] [ 61%] [32m[1mLinking CXX shared library libavoa__rosidl_typesupport_fastrtps_cpp.so[0m
[2.732s] [ 64%] [32m[1mLinking CXX shared library libavoa__rosidl_typesupport_introspection_cpp.so[0m
[2.745s] [ 66%] [32m[1mLinking CXX shared library libavoa__rosidl_typesupport_fastrtps_c.so[0m
[2.788s] [ 66%] Built target avoa__rosidl_typesupport_fastrtps_cpp
[2.788s] [ 66%] Built target avoa__rosidl_typesupport_introspection_cpp
[2.810s] [ 66%] Built target avoa__rosidl_typesupport_fastrtps_c
[2.824s] [ 66%] Built target avoa
[2.837s] [ 69%] [34m[1mGenerating Python code for ROS interfaces[0m
[2.891s] [01m[K/home/xizesse/ros2_ws/src/avoa/src/velocity_publisher.cpp:14:10:[m[K [01;31m[Kfatal error: [m[Ktf2_geometry_msgs/tf2_geometry_msgs.hpp: No such file or directory
[2.891s]    14 | #include [01;31m[K"tf2_geometry_msgs/tf2_geometry_msgs.hpp"[m[K
[2.891s]       |          [01;31m[K^~~~~~~~~~~~~~~~~~~~~~~~~~~~~~~~~~~~~~~~~[m[K
[2.891s] compilation terminated.
[2.892s] gmake[2]: *** [CMakeFiles/velocity_publisher.dir/build.make:76: CMakeFiles/velocity_publisher.dir/src/velocity_publisher.cpp.o] Error 1
[2.893s] gmake[1]: *** [CMakeFiles/Makefile2:653: CMakeFiles/velocity_publisher.dir/all] Error 2
[2.893s] gmake[1]: *** Waiting for unfinished jobs....
[3.122s] [ 69%] Built target avoa__py
[5.420s] [ 71%] [32m[1mLinking CXX executable obstacle_publisher[0m
[5.494s] [ 74%] [32m[1mLinking CXX executable point_cloud_publisher[0m
[5.588s] [ 74%] Built target obstacle_publisher
[5.637s] [ 74%] Built target point_cloud_publisher
[10.469s] [ 76%] [32m[1mLinking CXX executable rviz_marker[0m
[11.159s] [ 76%] Built target rviz_marker
[11.160s] gmake: *** [Makefile:146: all] Error 2
[11.162s] Invoked command in '/home/xizesse/ros2_ws/src/avoa/build/avoa' returned '2': CMAKE_PREFIX_PATH=${CMAKE_PREFIX_PATH}:/opt/ros/humble /usr/bin/cmake --build /home/xizesse/ros2_ws/src/avoa/build/avoa -- -j20 -l20
